error[E0353]: method `of` of `compiler::resolver::module_path::ModulePath` is private
 --> src/compiler/module_graph.cryo:370:54
error[E0353]: method `of` of `compiler::resolver::module_path::ModulePath` is private
 --> src/compiler/module_graph.cryo:487:65
error[E0353]: method `of` of `compiler::resolver::module_path::ModulePath` is private
 --> src/compiler/module_graph.cryo:515:52
error[E0353]: method `of` of `compiler::resolver::module_path::ModulePath` is private
 --> src/compiler/module_graph.cryo:564:58
error[E0353]: method `of` of `compiler::resolver::module_path::ModulePath` is private
 --> src/compiler/resolver/Resolver.cryo:252:38
error[E0353]: method `of` of `compiler::resolver::module_path::ModulePath` is private
 --> src/compiler/resolver/Resolver.cryo:618:49
error[E0353]: method `of` of `compiler::resolver::module_path::ModulePath` is private
 --> src/compiler/mono/monomorphizer.cryo:607:68
error[E0353]: method `of` of `compiler::resolver::module_path::ModulePath` is private
 --> src/compiler/compilation_context.cryo:542:50
error[E0353]: method `of` of `compiler::resolver::module_path::ModulePath` is private
 --> src/compiler/compilation_context.cryo:543:47
error[E0353]: method `of` of `compiler::resolver::module_path::ModulePath` is private
 --> src/compiler/compilation_context.cryo:543:71
error[E0353]: method `of` of `compiler::resolver::module_path::ModulePath` is private
 --> src/compiler/compilation_context.cryo:655:45
error[E0353]: method `of` of `compiler::resolver::module_path::ModulePath` is private
 --> src/compiler/resolver/name_resolution.cryo:420:25
error[E0353]: method `of` of `compiler::resolver::module_path::ModulePath` is private
 --> src/compiler/resolver/name_resolution.cryo:580:61
error[E0353]: method `of` of `compiler::resolver::module_path::ModulePath` is private
 --> src/compiler/resolver/name_resolution.cryo:1258:62
error[E0353]: method `of` of `compiler::resolver::module_path::ModulePath` is private
 --> src/compiler/resolver/name_resolution.cryo:1335:62
error[E0353]: method `of` of `compiler::resolver::module_path::ModulePath` is private
 --> src/compiler/resolver/name_resolution.cryo:1343:25
error[E0353]: method `of` of `compiler::resolver::module_path::ModulePath` is private
 --> src/compiler/resolver/name_resolution.cryo:1410:61
error[E0353]: method `of` of `compiler::resolver::module_path::ModulePath` is private
 --> src/compiler/resolver/name_resolution.cryo:1515:51
error[E0353]: method `of` of `compiler::resolver::module_path::ModulePath` is private
 --> src/compiler/resolver/name_resolution.cryo:1930:62
error[E0353]: method `of` of `compiler::resolver::module_path::ModulePath` is private
 --> src/compiler/resolver/name_resolution.cryo:2297:72
error[E0353]: method `of` of `compiler::resolver::module_path::ModulePath` is private
 --> src/compiler/resolver/name_resolution.cryo:2319:63
error[E0353]: method `of` of `compiler::resolver::module_path::ModulePath` is private
 --> src/compiler/resolver/name_resolution.cryo:2962:73
error[E0353]: method `of` of `compiler::resolver::module_path::ModulePath` is private
 --> src/compiler/resolver/name_resolution.cryo:3010:73
error[E0353]: method `of` of `compiler::resolver::module_path::ModulePath` is private
 --> src/compiler/resolver/name_resolution.cryo:3080:52
error[E0353]: method `of` of `compiler::resolver::module_path::ModulePath` is private
 --> src/compiler/resolver/name_resolution.cryo:3193:60
error[E0353]: method `of` of `compiler::resolver::module_path::ModulePath` is private
 --> src/compiler/resolver/name_resolution.cryo:3239:56
error[E0353]: method `of` of `compiler::resolver::module_path::ModulePath` is private
 --> src/compiler/resolver/name_resolution.cryo:3343:65
error[E0353]: method `of` of `compiler::resolver::module_path::ModulePath` is private
 --> src/compiler/sema/member_resolver.cryo:649:38
error[E0353]: method `of` of `compiler::resolver::module_path::ModulePath` is private
 --> src/compiler/sema/member_resolver.cryo:658:50
error[E0353]: method `of` of `compiler::resolver::module_path::ModulePath` is private
 --> src/compiler/sema/member_resolver.cryo:659:49
error[E0353]: method `of` of `compiler::resolver::module_path::ModulePath` is private
 --> src/compiler/sema/member_resolver.cryo:734:34
error[E0353]: method `of` of `compiler::resolver::module_path::ModulePath` is private
 --> src/compiler/sema/call_resolver.cryo:2528:68
error[E0353]: method `of` of `compiler::resolver::module_path::ModulePath` is private
 --> src/compiler/sema/sema.cryo:532:72
error[E0353]: method `of` of `compiler::resolver::module_path::ModulePath` is private
 --> src/compiler/module_loader.cryo:646:66
error[E0353]: method `of` of `compiler::resolver::module_path::ModulePath` is private
 --> src/compiler/module_loader.cryo:777:59
error[E0353]: method `of` of `compiler::resolver::module_path::ModulePath` is private
 --> src/compiler/module_loader.cryo:836:59
error[E0353]: method `of` of `compiler::resolver::module_path::ModulePath` is private
 --> src/compiler/module_loader.cryo:893:60
error[E0353]: method `of` of `compiler::resolver::module_path::ModulePath` is private
 --> src/compiler/passes/pass_registry.cryo:1263:62
error[E0353]: method `of` of `compiler::resolver::module_path::ModulePath` is private
 --> src/compiler/Instance.cryo:896:13
error[E0353]: method `of` of `compiler::resolver::module_path::ModulePath` is private
 --> src/compiler/Instance.cryo:3037:60
