error[E0353]: method `new` of `compiler::resolver::symbol_id::SymbolID` is private
 --> src/compiler/resolver/Resolver.cryo:204:30
error[E0353]: field `id` of `compiler::resolver::symbol_id::SymbolID` is private
 --> src/compiler/resolver/Resolver.cryo:291:77
error[E0353]: field `id` of `compiler::resolver::symbol_id::SymbolID` is private
 --> src/compiler/resolver/Resolver.cryo:331:61
error[E0353]: field `id` of `compiler::resolver::symbol_id::SymbolID` is private
 --> src/compiler/resolver/Resolver.cryo:635:32
error[E0353]: field `id` of `compiler::resolver::symbol_id::SymbolID` is private
 --> src/compiler/resolver/Resolver.cryo:969:24
error[E0353]: field `id` of `compiler::resolver::symbol_id::SymbolID` is private
 --> src/compiler/types/arena.cryo:645:30
error[E0353]: field `id` of `compiler::resolver::symbol_id::SymbolID` is private
 --> src/compiler/sema/sema.cryo:1637:35
error[E0353]: field `id` of `compiler::resolver::symbol_id::SymbolID` is private
 --> src/compiler/sema/sema.cryo:1637:65
error[E0353]: field `id` of `compiler::resolver::symbol_id::SymbolID` is private
 --> src/compiler/passes/dead_code.cryo:147:48
error[E0353]: field `id` of `compiler::resolver::symbol_id::SymbolID` is private
 --> src/compiler/passes/dead_code.cryo:148:73
error[E0353]: field `id` of `compiler::resolver::symbol_id::SymbolID` is private
 --> src/compiler/passes/drop_insertion.cryo:558:34
error[E0353]: field `id` of `compiler::resolver::symbol_id::SymbolID` is private
 --> src/compiler/passes/drop_insertion.cryo:560:36
error[E0353]: field `id` of `compiler::resolver::symbol_id::SymbolID` is private
 --> src/compiler/passes/drop_insertion.cryo:580:34
error[E0353]: field `id` of `compiler::resolver::symbol_id::SymbolID` is private
 --> src/compiler/passes/drop_insertion.cryo:603:37
error[E0353]: field `id` of `compiler::resolver::symbol_id::SymbolID` is private
 --> src/compiler/passes/drop_insertion.cryo:622:62
error[E0353]: field `id` of `compiler::resolver::symbol_id::SymbolID` is private
 --> src/compiler/passes/drop_insertion.cryo:629:34
error[E0353]: field `id` of `compiler::resolver::symbol_id::SymbolID` is private
 --> src/compiler/passes/drop_insertion.cryo:637:45
error[E0353]: method `new` of `compiler::resolver::symbol_id::SymbolID` is private
 --> src/compiler/passes/drop_insertion.cryo:638:33
error[E0353]: field `id` of `compiler::resolver::symbol_id::SymbolID` is private
 --> src/compiler/passes/drop_insertion.cryo:648:45
error[E0353]: field `id` of `compiler::resolver::symbol_id::SymbolID` is private
 --> src/compiler/passes/drop_insertion.cryo:662:43
error[E0353]: field `id` of `compiler::resolver::symbol_id::SymbolID` is private
 --> src/compiler/passes/drop_insertion.cryo:740:43
error[E0353]: field `id` of `compiler::resolver::symbol_id::SymbolID` is private
 --> src/compiler/passes/drop_insertion.cryo:880:49
error[E0353]: field `id` of `compiler::resolver::symbol_id::SymbolID` is private
 --> src/compiler/passes/drop_insertion.cryo:1469:56
error[E0353]: field `id` of `compiler::resolver::symbol_id::SymbolID` is private
 --> src/compiler/passes/drop_insertion.cryo:1493:50
error[E0353]: field `id` of `compiler::resolver::symbol_id::SymbolID` is private
 --> src/compiler/passes/drop_insertion.cryo:1630:87
error[E0353]: field `id` of `compiler::resolver::symbol_id::SymbolID` is private
 --> src/compiler/passes/drop_insertion.cryo:1642:68
error[E0353]: field `id` of `compiler::resolver::symbol_id::SymbolID` is private
 --> src/compiler/passes/drop_insertion.cryo:1667:53
error[E0353]: field `id` of `compiler::resolver::symbol_id::SymbolID` is private
 --> src/compiler/passes/drop_insertion.cryo:1668:88
error[E0353]: field `id` of `compiler::resolver::symbol_id::SymbolID` is private
 --> src/compiler/passes/drop_insertion.cryo:1760:45
error[E0353]: field `id` of `compiler::resolver::symbol_id::SymbolID` is private
 --> src/compiler/passes/drop_insertion.cryo:1771:70
error[E0353]: method `new` of `compiler::resolver::symbol_id::SymbolID` is private
 --> src/compiler/passes/drop_insertion.cryo:2202:53
error[E0353]: field `id` of `compiler::resolver::symbol_id::SymbolID` is private
 --> src/compiler/passes/drop_insertion.cryo:2234:39
error[E0353]: field `id` of `compiler::resolver::symbol_id::SymbolID` is private
 --> src/compiler/passes/drop_insertion.cryo:2384:78
error[E0353]: field `id` of `compiler::resolver::symbol_id::SymbolID` is private
 --> src/compiler/passes/drop_insertion.cryo:2583:60
error[E0353]: field `id` of `compiler::resolver::symbol_id::SymbolID` is private
 --> src/compiler/passes/drop_insertion.cryo:2608:34
error[E0353]: field `id` of `compiler::resolver::symbol_id::SymbolID` is private
 --> src/compiler/passes/drop_insertion.cryo:2691:39
error[E0353]: field `id` of `compiler::resolver::symbol_id::SymbolID` is private
 --> src/compiler/passes/drop_insertion.cryo:2844:37
error[E0353]: field `id` of `compiler::resolver::symbol_id::SymbolID` is private
 --> src/compiler/passes/drop_insertion.cryo:3018:64
error[E0353]: field `id` of `compiler::resolver::symbol_id::SymbolID` is private
 --> src/compiler/passes/drop_insertion.cryo:3054:75
error[E0353]: field `id` of `compiler::resolver::symbol_id::SymbolID` is private
 --> src/compiler/passes/drop_insertion.cryo:3063:39
error[E0353]: field `id` of `compiler::resolver::symbol_id::SymbolID` is private
 --> src/compiler/passes/drop_insertion.cryo:3241:42
error[E0353]: field `id` of `compiler::resolver::symbol_id::SymbolID` is private
 --> src/compiler/passes/drop_insertion.cryo:3253:42
error[E0353]: field `id` of `compiler::resolver::symbol_id::SymbolID` is private
 --> src/compiler/passes/drop_insertion.cryo:3255:33
error[E0353]: field `id` of `compiler::resolver::symbol_id::SymbolID` is private
 --> src/compiler/passes/drop_insertion.cryo:3653:41
error[E0353]: field `id` of `compiler::resolver::symbol_id::SymbolID` is private
 --> src/compiler/passes/drop_insertion.cryo:3655:32
error[E0353]: field `id` of `compiler::resolver::symbol_id::SymbolID` is private
 --> src/compiler/passes/drop_insertion.cryo:3663:39
error[E0353]: field `id` of `compiler::resolver::symbol_id::SymbolID` is private
 --> src/compiler/passes/drop_insertion.cryo:3671:41
error[E0353]: field `id` of `compiler::resolver::symbol_id::SymbolID` is private
 --> src/compiler/passes/drop_insertion.cryo:3690:31
error[E0353]: field `id` of `compiler::resolver::symbol_id::SymbolID` is private
 --> src/compiler/passes/drop_insertion.cryo:3747:41
error[E0353]: field `id` of `compiler::resolver::symbol_id::SymbolID` is private
 --> src/compiler/passes/move_check.cryo:300:31
error[E0353]: field `id` of `compiler::resolver::symbol_id::SymbolID` is private
 --> src/compiler/passes/move_check.cryo:306:46
error[E0353]: field `id` of `compiler::resolver::symbol_id::SymbolID` is private
 --> src/compiler/passes/move_check.cryo:343:64
error[E0353]: field `id` of `compiler::resolver::symbol_id::SymbolID` is private
 --> src/compiler/passes/move_check.cryo:360:58
error[E0353]: field `id` of `compiler::resolver::symbol_id::SymbolID` is private
 --> src/compiler/passes/move_check.cryo:405:45
error[E0353]: field `id` of `compiler::resolver::symbol_id::SymbolID` is private
 --> src/compiler/passes/move_check.cryo:413:43
error[E0353]: field `id` of `compiler::resolver::symbol_id::SymbolID` is private
 --> src/compiler/passes/move_check.cryo:420:43
error[E0353]: field `id` of `compiler::resolver::symbol_id::SymbolID` is private
 --> src/compiler/passes/move_check.cryo:426:36
error[E0353]: field `id` of `compiler::resolver::symbol_id::SymbolID` is private
 --> src/compiler/passes/move_check.cryo:454:44
error[E0353]: field `id` of `compiler::resolver::symbol_id::SymbolID` is private
 --> src/compiler/passes/move_check.cryo:461:44
error[E0353]: field `id` of `compiler::resolver::symbol_id::SymbolID` is private
 --> src/compiler/passes/move_check.cryo:468:35
error[E0353]: field `id` of `compiler::resolver::symbol_id::SymbolID` is private
 --> src/compiler/passes/move_check.cryo:546:51
error[E0353]: field `id` of `compiler::resolver::symbol_id::SymbolID` is private
 --> src/compiler/passes/move_check.cryo:551:34
error[E0353]: field `id` of `compiler::resolver::symbol_id::SymbolID` is private
 --> src/compiler/passes/move_check.cryo:567:43
error[E0353]: method `new` of `compiler::resolver::symbol_id::SymbolID` is private
 --> src/compiler/passes/move_check.cryo:794:29
error[E0353]: field `id` of `compiler::resolver::symbol_id::SymbolID` is private
 --> src/compiler/passes/move_check.cryo:1631:52
error[E0353]: field `id` of `compiler::resolver::symbol_id::SymbolID` is private
 --> src/compiler/passes/move_check.cryo:1733:82
error[E0353]: field `id` of `compiler::resolver::symbol_id::SymbolID` is private
 --> src/compiler/passes/move_check.cryo:1945:64
