Cleaning existing runtime build directory...
make[1]: Entering directory '/workspaces/CryoLang'
Compiling runtime module: ./stdlib/runtime/runtime.cryo
[RUNTIME] Generating IR and dumping to console for ./stdlib/runtime/runtime.cryo
Cryo Compiler v0.1.0
Compiling: ./stdlib/runtime/runtime.cryo -> /workspaces/CryoLang/bin/stdlib/runtime/runtime.bc (compile only)
[DEBUG] Logging flags detected: debug=1, verbose=0, trace=0
[0;36m[2025-10-18 17:58:33.294] [DEBUG] [CLI] Debug logging enabled successfully![0m
[0;32m[2025-10-18 17:58:33.294] [INFO] [GENERAL] Standard library initialized from libcryo[0m
[0;36m[2025-10-18 17:58:33.294] [DEBUG] [AST] Loading builtin symbols into TypeChecker...[0m
[0;36m[2025-10-18 17:58:33.294] [DEBUG] [AST] Main symbol table has 0 symbols[0m
[0;36m[2025-10-18 17:58:33.294] [DEBUG] [AST] Copied 0 builtin functions to TypeChecker symbol table[0m
[INFO] Standard library compilation mode enabled
[0;36m[2025-10-18 17:58:33.295] [DEBUG] [AST] TypeContext::get_integer_type() called with kind=u64 is_signed=0[0m
[0;36m[2025-10-18 17:58:33.295] [DEBUG] [AST] TypeContext::get_integer_type() - creating new IntegerType[0m
[0;36m[2025-10-18 17:58:33.295] [DEBUG] [AST] TypeContext::get_integer_type() called with kind=u64 is_signed=0[0m
[0;36m[2025-10-18 17:58:33.295] [DEBUG] [AST] TypeContext::get_integer_type() called with kind=u64 is_signed=0[0m
[0;36m[2025-10-18 17:58:33.295] [DEBUG] [AST] TypeContext::get_integer_type() called with kind=u64 is_signed=0[0m
[0;36m[2025-10-18 17:58:33.295] [DEBUG] [AST] TypeContext::get_integer_type() called with kind=u64 is_signed=0[0m
[0;36m[2025-10-18 17:58:33.295] [DEBUG] [AST] TypeContext::get_integer_type() called with kind=u64 is_signed=0[0m
[0;36m[2025-10-18 17:58:33.295] [DEBUG] [AST] TypeContext::get_integer_type() called with kind=u64 is_signed=0[0m
[0;36m[2025-10-18 17:58:33.295] [DEBUG] [AST] TypeContext::get_enum_type called with name=RuntimeState is_simple=1[0m
[0;36m[2025-10-18 17:58:33.295] [DEBUG] [AST] Call stack trace (simplified): TypeContext::get_enum_type[0m
[0;36m[2025-10-18 17:58:33.295] [DEBUG] [AST] Creating new EnumType with is_simple=1[0m
[0;36m[2025-10-18 17:58:33.295] [DEBUG] [AST] Created EnumType, result is_simple_enum()=1[0m
[0;36m[2025-10-18 17:58:33.295] [DEBUG] [PARSER] Registered enum type: RuntimeState (simple=1, variants=5)[0m
[0;36m[2025-10-18 17:58:33.295] [DEBUG] [AST] TypeContext::get_enum_type called with name=RuntimeError is_simple=1[0m
[0;36m[2025-10-18 17:58:33.295] [DEBUG] [AST] Call stack trace (simplified): TypeContext::get_enum_type[0m
[0;36m[2025-10-18 17:58:33.295] [DEBUG] [AST] Creating new EnumType with is_simple=1[0m
[0;36m[2025-10-18 17:58:33.295] [DEBUG] [AST] Created EnumType, result is_simple_enum()=1[0m
[0;36m[2025-10-18 17:58:33.296] [DEBUG] [PARSER] Registered enum type: RuntimeError (simple=1, variants=10)[0m
[0;36m[2025-10-18 17:58:33.296] [DEBUG] [AST] TypeContext::get_integer_type() called with kind=u64 is_signed=0[0m
[0;36m[2025-10-18 17:58:33.296] [DEBUG] [AST] TypeContext::get_integer_type() called with kind=u64 is_signed=0[0m
[0;36m[2025-10-18 17:58:33.296] [DEBUG] [AST] TypeContext::lookup_enum_type called with name=HeapBlock[0m
[0;36m[2025-10-18 17:58:33.296] [DEBUG] [AST] No existing enum type found for HeapBlock[0m
[0;36m[2025-10-18 17:58:33.296] [DEBUG] [AST] TypeContext::create_pointer_type() - created new pointer type: HeapBlock*[0m
[0;36m[2025-10-18 17:58:33.296] [DEBUG] [AST] TypeContext::get_integer_type() called with kind=u64 is_signed=0[0m
[0;36m[2025-10-18 17:58:33.296] [DEBUG] [AST] TypeContext::get_integer_type() called with kind=u64 is_signed=0[0m
[0;36m[2025-10-18 17:58:33.296] [DEBUG] [AST] TypeContext::get_integer_type() called with kind=u64 is_signed=0[0m
[0;36m[2025-10-18 17:58:33.296] [DEBUG] [AST] TypeContext::get_integer_type() called with kind=u64 is_signed=0[0m
[0;36m[2025-10-18 17:58:33.296] [DEBUG] [AST] TypeContext::create_pointer_type() - created new pointer type: void*[0m
[0;36m[2025-10-18 17:58:33.296] [DEBUG] [AST] TypeContext::get_integer_type() called with kind=u64 is_signed=0[0m
[0;36m[2025-10-18 17:58:33.296] [DEBUG] [AST] TypeContext::get_integer_type() called with kind=u64 is_signed=0[0m
[0;36m[2025-10-18 17:58:33.296] [DEBUG] [AST] TypeContext::get_integer_type() called with kind=u64 is_signed=0[0m
[0;36m[2025-10-18 17:58:33.296] [DEBUG] [AST] TypeContext::get_integer_type() called with kind=u64 is_signed=0[0m
[0;36m[2025-10-18 17:58:33.296] [DEBUG] [AST] TypeContext::get_integer_type() called with kind=u64 is_signed=0[0m
[0;36m[2025-10-18 17:58:33.296] [DEBUG] [AST] TypeContext::get_integer_type() called with kind=u64 is_signed=0[0m
[0;36m[2025-10-18 17:58:33.296] [DEBUG] [AST] TypeContext::lookup_enum_type called with name=FreeListManager[0m
[0;36m[2025-10-18 17:58:33.296] [DEBUG] [AST] No existing enum type found for FreeListManager[0m
[0;36m[2025-10-18 17:58:33.296] [DEBUG] [AST] TypeContext::get_integer_type() called with kind=u64 is_signed=0[0m
[0;36m[2025-10-18 17:58:33.296] [DEBUG] [AST] TypeContext::lookup_enum_type called with name=RuntimeError[0m
[0;36m[2025-10-18 17:58:33.296] [DEBUG] [AST] Found existing enum type for RuntimeError is_simple=1[0m
[0;36m[2025-10-18 17:58:33.296] [DEBUG] [AST] Attempted to create struct type for 'RuntimeError' but enum type already exists - returning enum type instead[0m
[0;36m[2025-10-18 17:58:33.296] [DEBUG] [AST] TypeContext::get_integer_type() called with kind=u64 is_signed=0[0m
[0;36m[2025-10-18 17:58:33.296] [DEBUG] [AST] TypeContext::get_integer_type() called with kind=u64 is_signed=0[0m
[0;36m[2025-10-18 17:58:33.296] [DEBUG] [AST] TypeContext::get_integer_type() called with kind=u64 is_signed=0[0m
[0;36m[2025-10-18 17:58:33.296] [DEBUG] [AST] TypeContext::get_integer_type() called with kind=u64 is_signed=0[0m
[0;36m[2025-10-18 17:58:33.297] [DEBUG] [AST] TypeContext::get_integer_type() called with kind=u64 is_signed=0[0m
[0;36m[2025-10-18 17:58:33.297] [DEBUG] [AST] TypeContext::get_integer_type() called with kind=u64 is_signed=0[0m
[0;36m[2025-10-18 17:58:33.297] [DEBUG] [AST] TypeContext::get_integer_type() called with kind=u64 is_signed=0[0m
[0;36m[2025-10-18 17:58:33.297] [DEBUG] [AST] TypeContext::get_integer_type() called with kind=u64 is_signed=0[0m
[0;36m[2025-10-18 17:58:33.297] [DEBUG] [AST] TypeContext::get_integer_type() called with kind=u64 is_signed=0[0m
[0;36m[2025-10-18 17:58:33.297] [DEBUG] [AST] TypeContext::get_integer_type() called with kind=u64 is_signed=0[0m
[0;36m[2025-10-18 17:58:33.297] [DEBUG] [AST] TypeContext::get_integer_type() called with kind=u64 is_signed=0[0m
[0;36m[2025-10-18 17:58:33.297] [DEBUG] [AST] TypeContext::get_integer_type() called with kind=u64 is_signed=0[0m
[0;36m[2025-10-18 17:58:33.297] [DEBUG] [AST] TypeContext::get_integer_type() called with kind=u64 is_signed=0[0m
[0;36m[2025-10-18 17:58:33.297] [DEBUG] [AST] TypeContext::get_integer_type() called with kind=u64 is_signed=0[0m
[0;36m[2025-10-18 17:58:33.297] [DEBUG] [AST] TypeContext::get_integer_type() called with kind=u64 is_signed=0[0m
[0;36m[2025-10-18 17:58:33.297] [DEBUG] [AST] TypeContext::get_integer_type() called with kind=u64 is_signed=0[0m
[0;36m[2025-10-18 17:58:33.297] [DEBUG] [AST] TypeContext::get_integer_type() called with kind=u64 is_signed=0[0m
[0;36m[2025-10-18 17:58:33.297] [DEBUG] [AST] TypeContext::get_integer_type() called with kind=u64 is_signed=0[0m
[0;36m[2025-10-18 17:58:33.297] [DEBUG] [AST] TypeContext::get_integer_type() called with kind=u64 is_signed=0[0m
[0;36m[2025-10-18 17:58:33.297] [DEBUG] [AST] TypeContext::get_integer_type() called with kind=u64 is_signed=0[0m
[0;36m[2025-10-18 17:58:33.297] [DEBUG] [AST] TypeContext::get_integer_type() called with kind=u64 is_signed=0[0m
[0;36m[2025-10-18 17:58:33.297] [DEBUG] [AST] TypeContext::get_integer_type() called with kind=u64 is_signed=0[0m
[0;36m[2025-10-18 17:58:33.297] [DEBUG] [AST] TypeContext::get_integer_type() called with kind=u64 is_signed=0[0m
[0;36m[2025-10-18 17:58:33.297] [DEBUG] [AST] TypeContext::get_integer_type() called with kind=u64 is_signed=0[0m
[0;36m[2025-10-18 17:58:33.297] [DEBUG] [AST] TypeContext::get_integer_type() called with kind=u64 is_signed=0[0m
[0;36m[2025-10-18 17:58:33.297] [DEBUG] [AST] TypeContext::get_integer_type() called with kind=u64 is_signed=0[0m
[0;36m[2025-10-18 17:58:33.297] [DEBUG] [AST] TypeContext::get_integer_type() called with kind=u64 is_signed=0[0m
[0;36m[2025-10-18 17:58:33.297] [DEBUG] [AST] TypeContext::lookup_enum_type called with name=RuntimeError[0m
[0;36m[2025-10-18 17:58:33.297] [DEBUG] [AST] Found existing enum type for RuntimeError is_simple=1[0m
[0;36m[2025-10-18 17:58:33.297] [DEBUG] [AST] Attempted to create struct type for 'RuntimeError' but enum type already exists - returning enum type instead[0m
[0;36m[2025-10-18 17:58:33.297] [DEBUG] [AST] TypeContext::lookup_enum_type called with name=RuntimeError[0m
[0;36m[2025-10-18 17:58:33.297] [DEBUG] [AST] Found existing enum type for RuntimeError is_simple=1[0m
[0;36m[2025-10-18 17:58:33.297] [DEBUG] [AST] Attempted to create struct type for 'RuntimeError' but enum type already exists - returning enum type instead[0m
[0;36m[2025-10-18 17:58:33.297] [DEBUG] [AST] TypeContext::lookup_enum_type called with name=RuntimeError[0m
[0;36m[2025-10-18 17:58:33.297] [DEBUG] [AST] Found existing enum type for RuntimeError is_simple=1[0m
[0;36m[2025-10-18 17:58:33.297] [DEBUG] [AST] Attempted to create struct type for 'RuntimeError' but enum type already exists - returning enum type instead[0m
[0;36m[2025-10-18 17:58:33.297] [DEBUG] [AST] TypeContext::get_integer_type() called with kind=i32 is_signed=1[0m
[0;36m[2025-10-18 17:58:33.297] [DEBUG] [AST] TypeContext::get_integer_type() - creating new IntegerType[0m
[0;36m[2025-10-18 17:58:33.298] [DEBUG] [AST] TypeContext::lookup_enum_type called with name=RuntimeState[0m
[0;36m[2025-10-18 17:58:33.298] [DEBUG] [AST] Found existing enum type for RuntimeState is_simple=1[0m
[0;36m[2025-10-18 17:58:33.298] [DEBUG] [AST] Attempted to create struct type for 'RuntimeState' but enum type already exists - returning enum type instead[0m
[0;36m[2025-10-18 17:58:33.298] [DEBUG] [AST] TypeContext::lookup_enum_type called with name=HeapManager[0m
[0;36m[2025-10-18 17:58:33.298] [DEBUG] [AST] No existing enum type found for HeapManager[0m
[0;36m[2025-10-18 17:58:33.298] [DEBUG] [AST] TypeContext::lookup_enum_type called with name=StatisticsManager[0m
[0;36m[2025-10-18 17:58:33.298] [DEBUG] [AST] No existing enum type found for StatisticsManager[0m
[0;36m[2025-10-18 17:58:33.298] [DEBUG] [AST] TypeContext::lookup_enum_type called with name=ErrorManager[0m
[0;36m[2025-10-18 17:58:33.298] [DEBUG] [AST] No existing enum type found for ErrorManager[0m
[0;36m[2025-10-18 17:58:33.298] [DEBUG] [AST] TypeContext::lookup_enum_type called with name=RuntimeError[0m
[0;36m[2025-10-18 17:58:33.298] [DEBUG] [AST] Found existing enum type for RuntimeError is_simple=1[0m
[0;36m[2025-10-18 17:58:33.298] [DEBUG] [AST] Attempted to create struct type for 'RuntimeError' but enum type already exists - returning enum type instead[0m
[0;36m[2025-10-18 17:58:33.298] [DEBUG] [AST] TypeContext::lookup_enum_type called with name=RuntimeError[0m
[0;36m[2025-10-18 17:58:33.298] [DEBUG] [AST] Found existing enum type for RuntimeError is_simple=1[0m
[0;36m[2025-10-18 17:58:33.298] [DEBUG] [AST] Attempted to create struct type for 'RuntimeError' but enum type already exists - returning enum type instead[0m
[0;36m[2025-10-18 17:58:33.298] [DEBUG] [AST] TypeContext::get_integer_type() called with kind=u64 is_signed=0[0m
[0;36m[2025-10-18 17:58:33.298] [DEBUG] [AST] TypeContext::get_integer_type() called with kind=u64 is_signed=0[0m
[0;36m[2025-10-18 17:58:33.298] [DEBUG] [AST] TypeContext::lookup_enum_type called with name=RuntimeError[0m
[0;36m[2025-10-18 17:58:33.298] [DEBUG] [AST] Found existing enum type for RuntimeError is_simple=1[0m
[0;36m[2025-10-18 17:58:33.298] [DEBUG] [AST] Attempted to create struct type for 'RuntimeError' but enum type already exists - returning enum type instead[0m
[0;36m[2025-10-18 17:58:33.298] [DEBUG] [AST] TypeContext::lookup_enum_type called with name=RuntimeError[0m
[0;36m[2025-10-18 17:58:33.298] [DEBUG] [AST] Found existing enum type for RuntimeError is_simple=1[0m
[0;36m[2025-10-18 17:58:33.298] [DEBUG] [AST] Attempted to create struct type for 'RuntimeError' but enum type already exists - returning enum type instead[0m
[0;36m[2025-10-18 17:58:33.298] [DEBUG] [AST] TypeContext::get_integer_type() called with kind=i32 is_signed=1[0m
[0;36m[2025-10-18 17:58:33.298] [DEBUG] [AST] TypeContext::lookup_enum_type called with name=RuntimeManager[0m
[0;36m[2025-10-18 17:58:33.298] [DEBUG] [AST] No existing enum type found for RuntimeManager[0m
[0;36m[2025-10-18 17:58:33.298] [DEBUG] [AST] TypeContext::get_integer_type() called with kind=u64 is_signed=0[0m
[0;36m[2025-10-18 17:58:33.298] [DEBUG] [AST] TypeContext::get_integer_type() called with kind=u64 is_signed=0[0m
[0;36m[2025-10-18 17:58:33.298] [DEBUG] [AST] TypeContext::get_integer_type() called with kind=u64 is_signed=0[0m
[0;36m[2025-10-18 17:58:33.298] [DEBUG] [AST] TypeContext::get_integer_type() called with kind=i32 is_signed=1[0m
[0;36m[2025-10-18 17:58:33.298] [DEBUG] [AST] TypeContext::get_integer_type() called with kind=int is_signed=1[0m
[0;36m[2025-10-18 17:58:33.298] [DEBUG] [AST] TypeContext::get_integer_type() - creating new IntegerType[0m
[0;36m[2025-10-18 17:58:33.298] [DEBUG] [AST] TypeContext::get_integer_type() called with kind=int is_signed=1[0m
[0;36m[2025-10-18 17:58:33.298] [DEBUG] [AST] TypeContext::lookup_enum_type called with name=RuntimeError[0m
[0;36m[2025-10-18 17:58:33.298] [DEBUG] [AST] Found existing enum type for RuntimeError is_simple=1[0m
[0;36m[2025-10-18 17:58:33.298] [DEBUG] [AST] Attempted to create struct type for 'RuntimeError' but enum type already exists - returning enum type instead[0m
[0;36m[2025-10-18 17:58:33.298] [DEBUG] [AST] TypeContext::get_integer_type() called with kind=int is_signed=1[0m
[0;36m[2025-10-18 17:58:33.298] [DEBUG] [GENERAL] Parsed namespace: std::Runtime[0m
[0;36m[2025-10-18 17:58:33.298] [DEBUG] [GENERAL] Enabled stdlib compilation mode in CodeGenerator[0m
[0;36m[2025-10-18 17:58:33.298] [DEBUG] [GENERAL] Created CodeGenerator with module name: 'std::Runtime'[0m
[0;36m[2025-10-18 17:58:33.299] [DEBUG] [CODEGEN] Set module 'std::Runtime' as main module[0m
[0;36m[2025-10-18 17:58:33.299] [DEBUG] [CODEGEN] Created and activated module: std::Runtime[0m
[0;36m[2025-10-18 17:58:33.299] [DEBUG] [GENERAL] Registering struct/class AST nodes with TypeMapper...[0m
[0;36m[2025-10-18 17:58:33.299] [DEBUG] [GENERAL] Registering class AST node: HeapBlock[0m
[0;36m[2025-10-18 17:58:33.299] [DEBUG] [CODEGEN] Registered AST node for class: HeapBlock[0m
[0;36m[2025-10-18 17:58:33.299] [DEBUG] [GENERAL] Registering class AST node: FreeListManager[0m
[0;36m[2025-10-18 17:58:33.299] [DEBUG] [CODEGEN] Registered AST node for class: FreeListManager[0m
[0;36m[2025-10-18 17:58:33.299] [DEBUG] [GENERAL] Registering class AST node: HeapManager[0m
[0;36m[2025-10-18 17:58:33.299] [DEBUG] [CODEGEN] Registered AST node for class: HeapManager[0m
[0;36m[2025-10-18 17:58:33.299] [DEBUG] [GENERAL] Registering class AST node: StatisticsManager[0m
[0;36m[2025-10-18 17:58:33.299] [DEBUG] [CODEGEN] Registered AST node for class: StatisticsManager[0m
[0;36m[2025-10-18 17:58:33.299] [DEBUG] [GENERAL] Registering class AST node: ErrorManager[0m
[0;36m[2025-10-18 17:58:33.299] [DEBUG] [CODEGEN] Registered AST node for class: ErrorManager[0m
[0;36m[2025-10-18 17:58:33.299] [DEBUG] [GENERAL] Registering class AST node: RuntimeManager[0m
[0;36m[2025-10-18 17:58:33.299] [DEBUG] [CODEGEN] Registered AST node for class: RuntimeManager[0m
[0;36m[2025-10-18 17:58:33.299] [DEBUG] [GENERAL] Completed AST node registration with TypeMapper[0m
[0;36m[2025-10-18 17:58:33.299] [DEBUG] [GENERAL] Starting analysis phase...[0m
[0;36m[2025-10-18 17:58:33.300] [DEBUG] [GENERAL] Phase 0: Symbol table population...[0m
[0;36m[2025-10-18 17:58:33.300] [DEBUG] [GENERAL] Skipping auto-imports in stdlib compilation mode[0m
[0;36m[2025-10-18 17:58:33.300] [DEBUG] [GENERAL] Pass 1: Collecting declarations...[0m
[0;36m[2025-10-18 17:58:33.300] [DEBUG] [GENERAL] Processing import: core/intrinsics[0m
[0;36m[2025-10-18 17:58:33.300] [DEBUG] [GENERAL] ModuleLoader: Loading import 'core/intrinsics' -> '/workspaces/CryoLang/stdlib/core/intrinsics.cryo'[0m
[0;36m[2025-10-18 17:58:33.300] [DEBUG] [GENERAL] ModuleLoader: Processing specific import with symbols: Intrinsics[0m
[0;36m[2025-10-18 17:58:33.300] [DEBUG] [GENERAL] ModuleLoader: Reading file /workspaces/CryoLang/stdlib/core/intrinsics.cryo[0m
[0;36m[2025-10-18 17:58:33.300] [DEBUG] [GENERAL] ModuleLoader: Created File object for /workspaces/CryoLang/stdlib/core/intrinsics.cryo[0m
[0;36m[2025-10-18 17:58:33.300] [DEBUG] [GENERAL] ModuleLoader: Created Lexer[0m
[0;36m[2025-10-18 17:58:33.300] [DEBUG] [GENERAL] ModuleLoader: Using main ASTContext for type consistency[0m
[0;36m[2025-10-18 17:58:33.300] [DEBUG] [GENERAL] ModuleLoader: Created Parser[0m
[0;36m[2025-10-18 17:58:33.300] [DEBUG] [AST] TypeContext::get_integer_type() called with kind=u64 is_signed=0[0m
[0;36m[2025-10-18 17:58:33.300] [DEBUG] [AST] TypeContext::get_integer_type() called with kind=u64 is_signed=0[0m
[0;36m[2025-10-18 17:58:33.300] [DEBUG] [AST] TypeContext::get_integer_type() called with kind=u64 is_signed=0[0m
[0;36m[2025-10-18 17:58:33.300] [DEBUG] [AST] TypeContext::get_integer_type() called with kind=u64 is_signed=0[0m
[0;36m[2025-10-18 17:58:33.300] [DEBUG] [AST] TypeContext::get_integer_type() called with kind=u64 is_signed=0[0m
[0;36m[2025-10-18 17:58:33.300] [DEBUG] [AST] TypeContext::get_integer_type() called with kind=u64 is_signed=0[0m
[0;36m[2025-10-18 17:58:33.300] [DEBUG] [AST] TypeContext::get_integer_type() called with kind=i32 is_signed=1[0m
[0;36m[2025-10-18 17:58:33.300] [DEBUG] [AST] TypeContext::get_integer_type() called with kind=u64 is_signed=0[0m
[0;36m[2025-10-18 17:58:33.300] [DEBUG] [AST] TypeContext::get_integer_type() called with kind=u64 is_signed=0[0m
[0;36m[2025-10-18 17:58:33.300] [DEBUG] [AST] TypeContext::get_integer_type() called with kind=i32 is_signed=1[0m
[0;36m[2025-10-18 17:58:33.300] [DEBUG] [AST] TypeContext::get_integer_type() called with kind=u64 is_signed=0[0m
[0;36m[2025-10-18 17:58:33.300] [DEBUG] [AST] TypeContext::get_integer_type() called with kind=u64 is_signed=0[0m
[0;36m[2025-10-18 17:58:33.300] [DEBUG] [AST] TypeContext::get_integer_type() called with kind=u64 is_signed=0[0m
[0;36m[2025-10-18 17:58:33.300] [DEBUG] [AST] TypeContext::get_integer_type() called with kind=i32 is_signed=1[0m
[0;36m[2025-10-18 17:58:33.300] [DEBUG] [AST] TypeContext::get_integer_type() called with kind=i32 is_signed=1[0m
[0;36m[2025-10-18 17:58:33.300] [DEBUG] [AST] TypeContext::get_integer_type() called with kind=i32 is_signed=1[0m
[0;36m[2025-10-18 17:58:33.300] [DEBUG] [AST] TypeContext::get_integer_type() called with kind=u64 is_signed=0[0m
[0;36m[2025-10-18 17:58:33.300] [DEBUG] [AST] TypeContext::get_integer_type() called with kind=u64 is_signed=0[0m
[0;36m[2025-10-18 17:58:33.300] [DEBUG] [AST] TypeContext::get_integer_type() called with kind=u64 is_signed=0[0m
[0;36m[2025-10-18 17:58:33.300] [DEBUG] [AST] TypeContext::get_integer_type() called with kind=i64 is_signed=1[0m
[0;36m[2025-10-18 17:58:33.300] [DEBUG] [AST] TypeContext::get_integer_type() - creating new IntegerType[0m
[0;36m[2025-10-18 17:58:33.300] [DEBUG] [AST] TypeContext::get_integer_type() called with kind=i32 is_signed=1[0m
[0;36m[2025-10-18 17:58:33.300] [DEBUG] [AST] TypeContext::get_integer_type() called with kind=u64 is_signed=0[0m
[0;36m[2025-10-18 17:58:33.300] [DEBUG] [AST] TypeContext::get_integer_type() called with kind=i64 is_signed=1[0m
[0;36m[2025-10-18 17:58:33.300] [DEBUG] [AST] TypeContext::get_integer_type() called with kind=i32 is_signed=1[0m
[0;36m[2025-10-18 17:58:33.300] [DEBUG] [AST] TypeContext::get_integer_type() called with kind=u64 is_signed=0[0m
[0;36m[2025-10-18 17:58:33.300] [DEBUG] [AST] TypeContext::get_integer_type() called with kind=i64 is_signed=1[0m
[0;36m[2025-10-18 17:58:33.300] [DEBUG] [AST] TypeContext::get_integer_type() called with kind=i32 is_signed=1[0m
[0;36m[2025-10-18 17:58:33.300] [DEBUG] [AST] TypeContext::get_integer_type() called with kind=i32 is_signed=1[0m
[0;36m[2025-10-18 17:58:33.300] [DEBUG] [AST] TypeContext::get_integer_type() called with kind=i32 is_signed=1[0m
[0;36m[2025-10-18 17:58:33.300] [DEBUG] [AST] TypeContext::get_integer_type() called with kind=i32 is_signed=1[0m
[0;36m[2025-10-18 17:58:33.300] [DEBUG] [AST] TypeContext::get_integer_type() called with kind=i32 is_signed=1[0m
[0;36m[2025-10-18 17:58:33.300] [DEBUG] [AST] TypeContext::get_integer_type() called with kind=i32 is_signed=1[0m
[0;36m[2025-10-18 17:58:33.300] [DEBUG] [AST] TypeContext::get_integer_type() called with kind=i64 is_signed=1[0m
[0;36m[2025-10-18 17:58:33.300] [DEBUG] [AST] TypeContext::get_integer_type() called with kind=i32 is_signed=1[0m
[0;36m[2025-10-18 17:58:33.300] [DEBUG] [AST] TypeContext::get_integer_type() called with kind=i64 is_signed=1[0m
[0;36m[2025-10-18 17:58:33.300] [DEBUG] [AST] TypeContext::get_integer_type() called with kind=i32 is_signed=1[0m
[0;36m[2025-10-18 17:58:33.301] [DEBUG] [AST] TypeContext::get_integer_type() called with kind=i32 is_signed=1[0m
[0;36m[2025-10-18 17:58:33.301] [DEBUG] [AST] TypeContext::get_integer_type() called with kind=i32 is_signed=1[0m
[0;36m[2025-10-18 17:58:33.301] [DEBUG] [AST] TypeContext::get_integer_type() called with kind=i32 is_signed=1[0m
[0;36m[2025-10-18 17:58:33.301] [DEBUG] [AST] TypeContext::get_integer_type() called with kind=i32 is_signed=1[0m
[0;36m[2025-10-18 17:58:33.301] [DEBUG] [AST] TypeContext::get_integer_type() called with kind=i32 is_signed=1[0m
[0;36m[2025-10-18 17:58:33.301] [DEBUG] [AST] TypeContext::get_integer_type() called with kind=i32 is_signed=1[0m
[0;36m[2025-10-18 17:58:33.301] [DEBUG] [AST] TypeContext::get_integer_type() called with kind=i32 is_signed=1[0m
[0;36m[2025-10-18 17:58:33.301] [DEBUG] [AST] TypeContext::get_integer_type() called with kind=i32 is_signed=1[0m
[0;36m[2025-10-18 17:58:33.301] [DEBUG] [AST] TypeContext::get_integer_type() called with kind=i32 is_signed=1[0m
[0;36m[2025-10-18 17:58:33.301] [DEBUG] [AST] TypeContext::get_integer_type() called with kind=i32 is_signed=1[0m
[0;36m[2025-10-18 17:58:33.301] [DEBUG] [AST] TypeContext::get_integer_type() called with kind=i32 is_signed=1[0m
[0;36m[2025-10-18 17:58:33.301] [DEBUG] [AST] TypeContext::get_integer_type() called with kind=i32 is_signed=1[0m
[0;36m[2025-10-18 17:58:33.301] [DEBUG] [AST] TypeContext::get_integer_type() called with kind=i32 is_signed=1[0m
[0;36m[2025-10-18 17:58:33.301] [DEBUG] [AST] TypeContext::create_array_type() - created new array type: string[][0m
[0;36m[2025-10-18 17:58:33.301] [DEBUG] [AST] TypeContext::get_integer_type() called with kind=i32 is_signed=1[0m
[0;36m[2025-10-18 17:58:33.301] [DEBUG] [AST] TypeContext::get_integer_type() called with kind=i32 is_signed=1[0m
[0;36m[2025-10-18 17:58:33.301] [DEBUG] [AST] TypeContext::create_pointer_type() - created new pointer type: i32*[0m
[0;36m[2025-10-18 17:58:33.301] [DEBUG] [AST] TypeContext::get_integer_type() called with kind=i32 is_signed=1[0m
[0;36m[2025-10-18 17:58:33.301] [DEBUG] [AST] TypeContext::get_integer_type() called with kind=i32 is_signed=1[0m
[0;36m[2025-10-18 17:58:33.301] [DEBUG] [AST] TypeContext::get_integer_type() called with kind=i32 is_signed=1[0m
[0;36m[2025-10-18 17:58:33.301] [DEBUG] [AST] TypeContext::get_integer_type() called with kind=i32 is_signed=1[0m
[0;36m[2025-10-18 17:58:33.301] [DEBUG] [AST] TypeContext::get_integer_type() called with kind=i32 is_signed=1[0m
[0;36m[2025-10-18 17:58:33.301] [DEBUG] [AST] TypeContext::get_integer_type() called with kind=i64 is_signed=1[0m
[0;36m[2025-10-18 17:58:33.301] [DEBUG] [AST] TypeContext::create_pointer_type() - created new pointer type: i64*[0m
[0;36m[2025-10-18 17:58:33.301] [DEBUG] [AST] TypeContext::get_integer_type() called with kind=i64 is_signed=1[0m
[0;36m[2025-10-18 17:58:33.301] [DEBUG] [AST] TypeContext::get_integer_type() called with kind=i32 is_signed=1[0m
[0;36m[2025-10-18 17:58:33.301] [DEBUG] [AST] TypeContext::get_integer_type() called with kind=i32 is_signed=1[0m
[0;36m[2025-10-18 17:58:33.301] [DEBUG] [AST] TypeContext::get_integer_type() called with kind=i32 is_signed=1[0m
[0;36m[2025-10-18 17:58:33.301] [DEBUG] [AST] TypeContext::get_integer_type() called with kind=i32 is_signed=1[0m
[0;36m[2025-10-18 17:58:33.301] [DEBUG] [AST] TypeContext::get_integer_type() called with kind=i32 is_signed=1[0m
[0;36m[2025-10-18 17:58:33.301] [DEBUG] [AST] TypeContext::get_integer_type() called with kind=i32 is_signed=1[0m
[0;36m[2025-10-18 17:58:33.301] [DEBUG] [AST] TypeContext::get_integer_type() called with kind=i32 is_signed=1[0m
[0;36m[2025-10-18 17:58:33.301] [DEBUG] [AST] TypeContext::get_integer_type() called with kind=i32 is_signed=1[0m
[0;36m[2025-10-18 17:58:33.301] [DEBUG] [AST] TypeContext::get_integer_type() called with kind=i32 is_signed=1[0m
[0;36m[2025-10-18 17:58:33.301] [DEBUG] [AST] TypeContext::get_integer_type() called with kind=u32 is_signed=0[0m
[0;36m[2025-10-18 17:58:33.301] [DEBUG] [AST] TypeContext::get_integer_type() - creating new IntegerType[0m
[0;36m[2025-10-18 17:58:33.301] [DEBUG] [AST] TypeContext::get_integer_type() called with kind=i32 is_signed=1[0m
[0;36m[2025-10-18 17:58:33.301] [DEBUG] [AST] TypeContext::get_integer_type() called with kind=i32 is_signed=1[0m
[0;36m[2025-10-18 17:58:33.301] [DEBUG] [AST] TypeContext::get_integer_type() called with kind=i32 is_signed=1[0m
[0;36m[2025-10-18 17:58:33.301] [DEBUG] [AST] TypeContext::get_integer_type() called with kind=i32 is_signed=1[0m
[0;36m[2025-10-18 17:58:33.301] [DEBUG] [AST] TypeContext::get_integer_type() called with kind=i32 is_signed=1[0m
[0;36m[2025-10-18 17:58:33.301] [DEBUG] [AST] TypeContext::get_integer_type() called with kind=u32 is_signed=0[0m
[0;36m[2025-10-18 17:58:33.301] [DEBUG] [AST] TypeContext::get_integer_type() called with kind=i32 is_signed=1[0m
[0;36m[2025-10-18 17:58:33.301] [DEBUG] [AST] TypeContext::get_integer_type() called with kind=i32 is_signed=1[0m
[0;36m[2025-10-18 17:58:33.301] [DEBUG] [AST] TypeContext::get_integer_type() called with kind=u32 is_signed=0[0m
[0;36m[2025-10-18 17:58:33.301] [DEBUG] [AST] TypeContext::get_integer_type() called with kind=i32 is_signed=1[0m
[0;36m[2025-10-18 17:58:33.301] [DEBUG] [AST] TypeContext::get_integer_type() called with kind=i32 is_signed=1[0m
[0;36m[2025-10-18 17:58:33.301] [DEBUG] [AST] TypeContext::get_integer_type() called with kind=u64 is_signed=0[0m
[0;36m[2025-10-18 17:58:33.301] [DEBUG] [AST] TypeContext::get_integer_type() called with kind=i32 is_signed=1[0m
[0;36m[2025-10-18 17:58:33.301] [DEBUG] [AST] TypeContext::get_integer_type() called with kind=i64 is_signed=1[0m
[0;36m[2025-10-18 17:58:33.301] [DEBUG] [AST] TypeContext::get_integer_type() called with kind=i32 is_signed=1[0m
[0;36m[2025-10-18 17:58:33.301] [DEBUG] [AST] TypeContext::get_integer_type() called with kind=u64 is_signed=0[0m
[0;36m[2025-10-18 17:58:33.301] [DEBUG] [AST] TypeContext::get_integer_type() called with kind=i32 is_signed=1[0m
[0;36m[2025-10-18 17:58:33.301] [DEBUG] [AST] TypeContext::get_integer_type() called with kind=i64 is_signed=1[0m
[0;36m[2025-10-18 17:58:33.301] [DEBUG] [AST] TypeContext::get_integer_type() called with kind=i32 is_signed=1[0m
[0;36m[2025-10-18 17:58:33.302] [DEBUG] [AST] TypeContext::get_integer_type() called with kind=i32 is_signed=1[0m
[0;36m[2025-10-18 17:58:33.302] [DEBUG] [AST] TypeContext::get_integer_type() called with kind=i32 is_signed=1[0m
[0;36m[2025-10-18 17:58:33.302] [DEBUG] [AST] TypeContext::get_integer_type() called with kind=i32 is_signed=1[0m
[0;36m[2025-10-18 17:58:33.302] [DEBUG] [AST] TypeContext::get_integer_type() called with kind=u32 is_signed=0[0m
[0;36m[2025-10-18 17:58:33.302] [DEBUG] [AST] TypeContext::get_integer_type() called with kind=u32 is_signed=0[0m
[0;36m[2025-10-18 17:58:33.302] [DEBUG] [AST] TypeContext::get_integer_type() called with kind=i32 is_signed=1[0m
[0;36m[2025-10-18 17:58:33.302] [DEBUG] [AST] TypeContext::get_integer_type() called with kind=u64 is_signed=0[0m
[0;36m[2025-10-18 17:58:33.302] [DEBUG] [AST] TypeContext::create_pointer_type() - created new pointer type: void**[0m
[0;36m[2025-10-18 17:58:33.302] [DEBUG] [AST] TypeContext::get_integer_type() called with kind=i32 is_signed=1[0m
[0;36m[2025-10-18 17:58:33.302] [DEBUG] [AST] TypeContext::get_integer_type() called with kind=u64 is_signed=0[0m
[0;36m[2025-10-18 17:58:33.302] [DEBUG] [AST] TypeContext::get_integer_type() called with kind=i32 is_signed=1[0m
[0;36m[2025-10-18 17:58:33.302] [DEBUG] [AST] TypeContext::get_integer_type() called with kind=i32 is_signed=1[0m
[0;36m[2025-10-18 17:58:33.302] [DEBUG] [AST] TypeContext::get_integer_type() called with kind=i32 is_signed=1[0m
[0;36m[2025-10-18 17:58:33.302] [DEBUG] [AST] TypeContext::get_integer_type() called with kind=i32 is_signed=1[0m
[0;36m[2025-10-18 17:58:33.302] [DEBUG] [AST] TypeContext::get_integer_type() called with kind=u64 is_signed=0[0m
[0;36m[2025-10-18 17:58:33.302] [DEBUG] [AST] TypeContext::get_integer_type() called with kind=i32 is_signed=1[0m
[0;36m[2025-10-18 17:58:33.302] [DEBUG] [AST] TypeContext::get_integer_type() called with kind=u64 is_signed=0[0m
[0;36m[2025-10-18 17:58:33.302] [DEBUG] [AST] TypeContext::get_integer_type() called with kind=i32 is_signed=1[0m
[0;36m[2025-10-18 17:58:33.302] [DEBUG] [AST] TypeContext::get_integer_type() called with kind=u64 is_signed=0[0m
[0;36m[2025-10-18 17:58:33.302] [DEBUG] [AST] TypeContext::get_integer_type() called with kind=i32 is_signed=1[0m
[0;36m[2025-10-18 17:58:33.302] [DEBUG] [AST] TypeContext::get_integer_type() called with kind=i32 is_signed=1[0m
[0;36m[2025-10-18 17:58:33.302] [DEBUG] [AST] TypeContext::get_integer_type() called with kind=i32 is_signed=1[0m
[0;36m[2025-10-18 17:58:33.302] [DEBUG] [AST] TypeContext::get_integer_type() called with kind=i32 is_signed=1[0m
[0;36m[2025-10-18 17:58:33.302] [DEBUG] [AST] TypeContext::get_integer_type() called with kind=i32 is_signed=1[0m
[0;36m[2025-10-18 17:58:33.302] [DEBUG] [AST] TypeContext::get_integer_type() called with kind=i32 is_signed=1[0m
[0;36m[2025-10-18 17:58:33.302] [DEBUG] [AST] TypeContext::get_integer_type() called with kind=i32 is_signed=1[0m
[0;36m[2025-10-18 17:58:33.302] [DEBUG] [AST] TypeContext::get_integer_type() called with kind=i32 is_signed=1[0m
[0;36m[2025-10-18 17:58:33.302] [DEBUG] [AST] TypeContext::get_integer_type() called with kind=i32 is_signed=1[0m
[0;36m[2025-10-18 17:58:33.302] [DEBUG] [AST] TypeContext::get_integer_type() called with kind=i32 is_signed=1[0m
[0;36m[2025-10-18 17:58:33.302] [DEBUG] [AST] TypeContext::get_integer_type() called with kind=i8 is_signed=1[0m
[0;36m[2025-10-18 17:58:33.302] [DEBUG] [AST] TypeContext::get_integer_type() - creating new IntegerType[0m
[0;36m[2025-10-18 17:58:33.302] [DEBUG] [AST] TypeContext::get_integer_type() called with kind=i16 is_signed=1[0m
[0;36m[2025-10-18 17:58:33.302] [DEBUG] [AST] TypeContext::get_integer_type() - creating new IntegerType[0m
[0;36m[2025-10-18 17:58:33.302] [DEBUG] [AST] TypeContext::get_integer_type() called with kind=i8 is_signed=1[0m
[0;36m[2025-10-18 17:58:33.302] [DEBUG] [AST] TypeContext::get_integer_type() called with kind=i32 is_signed=1[0m
[0;36m[2025-10-18 17:58:33.302] [DEBUG] [AST] TypeContext::get_integer_type() called with kind=i8 is_signed=1[0m
[0;36m[2025-10-18 17:58:33.302] [DEBUG] [AST] TypeContext::get_integer_type() called with kind=i64 is_signed=1[0m
[0;36m[2025-10-18 17:58:33.302] [DEBUG] [AST] TypeContext::get_integer_type() called with kind=i16 is_signed=1[0m
[0;36m[2025-10-18 17:58:33.302] [DEBUG] [AST] TypeContext::get_integer_type() called with kind=i32 is_signed=1[0m
[0;36m[2025-10-18 17:58:33.302] [DEBUG] [AST] TypeContext::get_integer_type() called with kind=i16 is_signed=1[0m
[0;36m[2025-10-18 17:58:33.302] [DEBUG] [AST] TypeContext::get_integer_type() called with kind=i64 is_signed=1[0m
[0;36m[2025-10-18 17:58:33.302] [DEBUG] [AST] TypeContext::get_integer_type() called with kind=i32 is_signed=1[0m
[0;36m[2025-10-18 17:58:33.302] [DEBUG] [AST] TypeContext::get_integer_type() called with kind=i64 is_signed=1[0m
[0;36m[2025-10-18 17:58:33.302] [DEBUG] [AST] TypeContext::get_integer_type() called with kind=u8 is_signed=0[0m
[0;36m[2025-10-18 17:58:33.302] [DEBUG] [AST] TypeContext::get_integer_type() - creating new IntegerType[0m
[0;36m[2025-10-18 17:58:33.302] [DEBUG] [AST] TypeContext::get_integer_type() called with kind=u16 is_signed=0[0m
[0;36m[2025-10-18 17:58:33.302] [DEBUG] [AST] TypeContext::get_integer_type() - creating new IntegerType[0m
[0;36m[2025-10-18 17:58:33.302] [DEBUG] [AST] TypeContext::get_integer_type() called with kind=u8 is_signed=0[0m
[0;36m[2025-10-18 17:58:33.302] [DEBUG] [AST] TypeContext::get_integer_type() called with kind=u32 is_signed=0[0m
[0;36m[2025-10-18 17:58:33.303] [DEBUG] [AST] TypeContext::get_integer_type() called with kind=u8 is_signed=0[0m
[0;36m[2025-10-18 17:58:33.303] [DEBUG] [AST] TypeContext::get_integer_type() called with kind=u64 is_signed=0[0m
[0;36m[2025-10-18 17:58:33.303] [DEBUG] [AST] TypeContext::get_integer_type() called with kind=u16 is_signed=0[0m
[0;36m[2025-10-18 17:58:33.303] [DEBUG] [AST] TypeContext::get_integer_type() called with kind=u32 is_signed=0[0m
[0;36m[2025-10-18 17:58:33.303] [DEBUG] [AST] TypeContext::get_integer_type() called with kind=u16 is_signed=0[0m
[0;36m[2025-10-18 17:58:33.303] [DEBUG] [AST] TypeContext::get_integer_type() called with kind=u64 is_signed=0[0m
[0;36m[2025-10-18 17:58:33.303] [DEBUG] [AST] TypeContext::get_integer_type() called with kind=u32 is_signed=0[0m
[0;36m[2025-10-18 17:58:33.303] [DEBUG] [AST] TypeContext::get_integer_type() called with kind=u64 is_signed=0[0m
[0;36m[2025-10-18 17:58:33.303] [DEBUG] [AST] TypeContext::get_integer_type() called with kind=i64 is_signed=1[0m
[0;36m[2025-10-18 17:58:33.303] [DEBUG] [AST] TypeContext::get_integer_type() called with kind=i32 is_signed=1[0m
[0;36m[2025-10-18 17:58:33.303] [DEBUG] [AST] TypeContext::get_integer_type() called with kind=i64 is_signed=1[0m
[0;36m[2025-10-18 17:58:33.303] [DEBUG] [AST] TypeContext::get_integer_type() called with kind=i16 is_signed=1[0m
[0;36m[2025-10-18 17:58:33.303] [DEBUG] [AST] TypeContext::get_integer_type() called with kind=i64 is_signed=1[0m
[0;36m[2025-10-18 17:58:33.303] [DEBUG] [AST] TypeContext::get_integer_type() called with kind=i8 is_signed=1[0m
[0;36m[2025-10-18 17:58:33.303] [DEBUG] [AST] TypeContext::get_integer_type() called with kind=i32 is_signed=1[0m
[0;36m[2025-10-18 17:58:33.303] [DEBUG] [AST] TypeContext::get_integer_type() called with kind=i16 is_signed=1[0m
[0;36m[2025-10-18 17:58:33.303] [DEBUG] [AST] TypeContext::get_integer_type() called with kind=i32 is_signed=1[0m
[0;36m[2025-10-18 17:58:33.303] [DEBUG] [AST] TypeContext::get_integer_type() called with kind=i8 is_signed=1[0m
[0;36m[2025-10-18 17:58:33.303] [DEBUG] [AST] TypeContext::get_integer_type() called with kind=i16 is_signed=1[0m
[0;36m[2025-10-18 17:58:33.303] [DEBUG] [AST] TypeContext::get_integer_type() called with kind=i8 is_signed=1[0m
[0;36m[2025-10-18 17:58:33.303] [DEBUG] [AST] TypeContext::get_integer_type() called with kind=u64 is_signed=0[0m
[0;36m[2025-10-18 17:58:33.303] [DEBUG] [AST] TypeContext::get_integer_type() called with kind=u32 is_signed=0[0m
[0;36m[2025-10-18 17:58:33.303] [DEBUG] [AST] TypeContext::get_integer_type() called with kind=u64 is_signed=0[0m
[0;36m[2025-10-18 17:58:33.303] [DEBUG] [AST] TypeContext::get_integer_type() called with kind=u16 is_signed=0[0m
[0;36m[2025-10-18 17:58:33.303] [DEBUG] [AST] TypeContext::get_integer_type() called with kind=u64 is_signed=0[0m
[0;36m[2025-10-18 17:58:33.303] [DEBUG] [AST] TypeContext::get_integer_type() called with kind=u8 is_signed=0[0m
[0;36m[2025-10-18 17:58:33.303] [DEBUG] [AST] TypeContext::get_integer_type() called with kind=u32 is_signed=0[0m
[0;36m[2025-10-18 17:58:33.303] [DEBUG] [AST] TypeContext::get_integer_type() called with kind=u16 is_signed=0[0m
[0;36m[2025-10-18 17:58:33.303] [DEBUG] [AST] TypeContext::get_integer_type() called with kind=u32 is_signed=0[0m
[0;36m[2025-10-18 17:58:33.303] [DEBUG] [AST] TypeContext::get_integer_type() called with kind=u8 is_signed=0[0m
[0;36m[2025-10-18 17:58:33.303] [DEBUG] [AST] TypeContext::get_integer_type() called with kind=u16 is_signed=0[0m
[0;36m[2025-10-18 17:58:33.303] [DEBUG] [AST] TypeContext::get_integer_type() called with kind=u8 is_signed=0[0m
[0;36m[2025-10-18 17:58:33.303] [DEBUG] [AST] TypeContext::get_integer_type() called with kind=i32 is_signed=1[0m
[0;36m[2025-10-18 17:58:33.303] [DEBUG] [AST] TypeContext::get_integer_type() called with kind=u32 is_signed=0[0m
[0;36m[2025-10-18 17:58:33.303] [DEBUG] [AST] TypeContext::get_integer_type() called with kind=u32 is_signed=0[0m
[0;36m[2025-10-18 17:58:33.303] [DEBUG] [AST] TypeContext::get_integer_type() called with kind=i32 is_signed=1[0m
[0;36m[2025-10-18 17:58:33.303] [DEBUG] [AST] TypeContext::get_integer_type() called with kind=i64 is_signed=1[0m
[0;36m[2025-10-18 17:58:33.303] [DEBUG] [AST] TypeContext::get_integer_type() called with kind=u64 is_signed=0[0m
[0;36m[2025-10-18 17:58:33.303] [DEBUG] [AST] TypeContext::get_integer_type() called with kind=u64 is_signed=0[0m
[0;36m[2025-10-18 17:58:33.303] [DEBUG] [AST] TypeContext::get_integer_type() called with kind=i64 is_signed=1[0m
[0;36m[2025-10-18 17:58:33.303] [DEBUG] [AST] TypeContext::get_integer_type() called with kind=i64 is_signed=1[0m
[0;36m[2025-10-18 17:58:33.303] [DEBUG] [AST] TypeContext::get_integer_type() called with kind=i32 is_signed=1[0m
[0;36m[2025-10-18 17:58:33.303] [DEBUG] [AST] TypeContext::get_integer_type() called with kind=i64 is_signed=1[0m
[0;36m[2025-10-18 17:58:33.303] [DEBUG] [AST] TypeContext::get_integer_type() called with kind=u32 is_signed=0[0m
[0;36m[2025-10-18 17:58:33.303] [DEBUG] [AST] TypeContext::get_integer_type() called with kind=u64 is_signed=0[0m
[0;36m[2025-10-18 17:58:33.303] [DEBUG] [AST] TypeContext::get_integer_type() called with kind=i32 is_signed=1[0m
[0;36m[2025-10-18 17:58:33.303] [DEBUG] [AST] TypeContext::get_integer_type() called with kind=u32 is_signed=0[0m
[0;36m[2025-10-18 17:58:33.303] [DEBUG] [AST] TypeContext::get_integer_type() called with kind=i32 is_signed=1[0m
[0;36m[2025-10-18 17:58:33.303] [DEBUG] [AST] TypeContext::get_integer_type() called with kind=u32 is_signed=0[0m
[0;36m[2025-10-18 17:58:33.303] [DEBUG] [AST] TypeContext::get_integer_type() called with kind=u64 is_signed=0[0m
[0;36m[2025-10-18 17:58:33.303] [DEBUG] [AST] TypeContext::get_integer_type() called with kind=u64 is_signed=0[0m
[0;36m[2025-10-18 17:58:33.303] [DEBUG] [AST] TypeContext::get_integer_type() called with kind=u32 is_signed=0[0m
[0;36m[2025-10-18 17:58:33.303] [DEBUG] [AST] TypeContext::get_integer_type() called with kind=u64 is_signed=0[0m
[0;36m[2025-10-18 17:58:33.303] [DEBUG] [AST] TypeContext::get_integer_type() called with kind=u32 is_signed=0[0m
[0;36m[2025-10-18 17:58:33.303] [DEBUG] [AST] TypeContext::get_integer_type() called with kind=u64 is_signed=0[0m
[0;36m[2025-10-18 17:58:33.303] [DEBUG] [AST] TypeContext::get_integer_type() called with kind=u64 is_signed=0[0m
[0;36m[2025-10-18 17:58:33.303] [DEBUG] [AST] TypeContext::get_integer_type() called with kind=u32 is_signed=0[0m
[0;36m[2025-10-18 17:58:33.304] [DEBUG] [AST] TypeContext::get_integer_type() called with kind=u64 is_signed=0[0m
[0;36m[2025-10-18 17:58:33.304] [DEBUG] [AST] TypeContext::get_integer_type() called with kind=u32 is_signed=0[0m
[0;36m[2025-10-18 17:58:33.304] [DEBUG] [AST] TypeContext::get_integer_type() called with kind=u64 is_signed=0[0m
[0;36m[2025-10-18 17:58:33.304] [DEBUG] [AST] TypeContext::get_integer_type() called with kind=u64 is_signed=0[0m
[0;36m[2025-10-18 17:58:33.304] [DEBUG] [AST] TypeContext::get_integer_type() called with kind=u32 is_signed=0[0m
[0;36m[2025-10-18 17:58:33.304] [DEBUG] [AST] TypeContext::get_integer_type() called with kind=u64 is_signed=0[0m
[0;36m[2025-10-18 17:58:33.304] [DEBUG] [AST] TypeContext::get_integer_type() called with kind=u32 is_signed=0[0m
[0;36m[2025-10-18 17:58:33.304] [DEBUG] [AST] TypeContext::get_integer_type() called with kind=u32 is_signed=0[0m
[0;36m[2025-10-18 17:58:33.304] [DEBUG] [AST] TypeContext::get_integer_type() called with kind=u32 is_signed=0[0m
[0;36m[2025-10-18 17:58:33.304] [DEBUG] [AST] TypeContext::get_integer_type() called with kind=u64 is_signed=0[0m
[0;36m[2025-10-18 17:58:33.304] [DEBUG] [AST] TypeContext::get_integer_type() called with kind=u64 is_signed=0[0m
[0;36m[2025-10-18 17:58:33.304] [DEBUG] [AST] TypeContext::get_integer_type() called with kind=u32 is_signed=0[0m
[0;36m[2025-10-18 17:58:33.304] [DEBUG] [AST] TypeContext::get_integer_type() called with kind=u32 is_signed=0[0m
[0;36m[2025-10-18 17:58:33.304] [DEBUG] [GENERAL] ModuleLoader: Successfully parsed core/intrinsics[0m
[0;36m[2025-10-18 17:58:33.304] [DEBUG] [GENERAL] ModuleLoader: Detected module namespace: std::Intrinsics[0m
[0;36m[2025-10-18 17:58:33.304] [DEBUG] [GENERAL] ModuleLoader: Registering templates from module: std::Intrinsics[0m
[0;36m[2025-10-18 17:58:33.304] [DEBUG] [GENERAL] ModuleLoader: Finished registering templates from module: std::Intrinsics[0m
[0;36m[2025-10-18 17:58:33.304] [DEBUG] [GENERAL] ModuleLoader: Found 130 exported symbols[0m
[0;36m[2025-10-18 17:58:33.304] [DEBUG] [GENERAL] ModuleLoader: Created symbol map with 130 symbols[0m
[0;36m[2025-10-18 17:58:33.304] [DEBUG] [GENERAL] ModuleLoader: Storing AST to keep template nodes alive[0m
[0;36m[2025-10-18 17:58:33.304] [DEBUG] [GENERAL] ModuleLoader: Stored AST successfully. Map now has 1 entries[0m
[0;36m[2025-10-18 17:58:33.304] [DEBUG] [GENERAL] ModuleLoader: Treating single specific import as namespace alias: Intrinsics[0m
[0;36m[2025-10-18 17:58:33.304] [DEBUG] [GENERAL] Processing namespace alias 'Intrinsics' for module 'std::Intrinsics' with 130 symbols[0m
[0;36m[2025-10-18 17:58:33.304] [DEBUG] [AST] Registered namespace 'Intrinsics' with 130 symbols[0m
[0;36m[2025-10-18 17:58:33.304] [DEBUG] [GENERAL] Processing import: core/types[0m
[0;36m[2025-10-18 17:58:33.304] [DEBUG] [GENERAL] ModuleLoader: Loading import 'core/types' -> '/workspaces/CryoLang/stdlib/core/types.cryo'[0m
[0;36m[2025-10-18 17:58:33.304] [DEBUG] [GENERAL] ModuleLoader: Processing wildcard import[0m
[0;36m[2025-10-18 17:58:33.304] [DEBUG] [GENERAL] ModuleLoader: Reading file /workspaces/CryoLang/stdlib/core/types.cryo[0m
[0;36m[2025-10-18 17:58:33.304] [DEBUG] [GENERAL] ModuleLoader: Created File object for /workspaces/CryoLang/stdlib/core/types.cryo[0m
[0;36m[2025-10-18 17:58:33.304] [DEBUG] [GENERAL] ModuleLoader: Created Lexer[0m
[0;36m[2025-10-18 17:58:33.304] [DEBUG] [GENERAL] ModuleLoader: Using main ASTContext for type consistency[0m
[0;36m[2025-10-18 17:58:33.304] [DEBUG] [GENERAL] ModuleLoader: Created Parser[0m
[0;36m[2025-10-18 17:58:33.304] [DEBUG] [AST] TypeContext::get_integer_type() called with kind=i64 is_signed=1[0m
[0;36m[2025-10-18 17:58:33.304] [DEBUG] [AST] TypeContext::lookup_enum_type called with name=uint8[0m
[0;36m[2025-10-18 17:58:33.304] [DEBUG] [AST] No existing enum type found for uint8[0m
[0;36m[2025-10-18 17:58:33.304] [DEBUG] [AST] TypeContext::lookup_enum_type called with name=uint16[0m
[0;36m[2025-10-18 17:58:33.304] [DEBUG] [AST] No existing enum type found for uint16[0m
[0;36m[2025-10-18 17:58:33.304] [DEBUG] [AST] TypeContext::lookup_enum_type called with name=uint32[0m
[0;36m[2025-10-18 17:58:33.305] [DEBUG] [AST] No existing enum type found for uint32[0m
[0;36m[2025-10-18 17:58:33.305] [DEBUG] [AST] TypeContext::lookup_enum_type called with name=uint64[0m
[0;36m[2025-10-18 17:58:33.305] [DEBUG] [AST] No existing enum type found for uint64[0m
[0;36m[2025-10-18 17:58:33.305] [DEBUG] [AST] TypeContext::lookup_enum_type called with name=T[0m
[0;36m[2025-10-18 17:58:33.305] [DEBUG] [AST] No existing enum type found for T[0m
[0;36m[2025-10-18 17:58:33.305] [DEBUG] [AST] TypeContext::create_pointer_type() - created new pointer type: T*[0m
[0;36m[2025-10-18 17:58:33.305] [DEBUG] [AST] TypeContext::lookup_enum_type called with name=const T[0m
[0;36m[2025-10-18 17:58:33.305] [DEBUG] [AST] No existing enum type found for const T[0m
[0;36m[2025-10-18 17:58:33.305] [DEBUG] [AST] TypeContext::create_pointer_type() - created new pointer type: const T*[0m
[0;36m[2025-10-18 17:58:33.305] [DEBUG] [AST] TypeContext::get_integer_type() called with kind=u64 is_signed=0[0m
[0;36m[2025-10-18 17:58:33.305] [DEBUG] [AST] TypeContext::get_integer_type() called with kind=u64 is_signed=0[0m
[0;36m[2025-10-18 17:58:33.305] [DEBUG] [AST] TypeContext::get_integer_type() called with kind=u64 is_signed=0[0m
[0;36m[2025-10-18 17:58:33.305] [DEBUG] [AST] TypeContext::get_integer_type() called with kind=u64 is_signed=0[0m
[0;36m[2025-10-18 17:58:33.305] [DEBUG] [AST] TypeContext::get_integer_type() called with kind=u64 is_signed=0[0m
[0;36m[2025-10-18 17:58:33.305] [DEBUG] [AST] TypeContext::get_integer_type() called with kind=int is_signed=1[0m
[0;36m[2025-10-18 17:58:33.305] [DEBUG] [AST] TypeContext::get_integer_type() called with kind=int is_signed=1[0m
[0;36m[2025-10-18 17:58:33.305] [DEBUG] [AST] TypeContext::get_enum_type called with name=INTERNAL_ERROR is_simple=1[0m
[0;36m[2025-10-18 17:58:33.305] [DEBUG] [AST] Call stack trace (simplified): TypeContext::get_enum_type[0m
[0;36m[2025-10-18 17:58:33.305] [DEBUG] [AST] Creating new EnumType with is_simple=1[0m
[0;36m[2025-10-18 17:58:33.305] [DEBUG] [AST] Created EnumType, result is_simple_enum()=1[0m
[0;36m[2025-10-18 17:58:33.305] [DEBUG] [PARSER] Registered enum type: INTERNAL_ERROR (simple=1, variants=7)[0m
[0;36m[2025-10-18 17:58:33.305] [DEBUG] [AST] TypeContext::get_integer_type() called with kind=u64 is_signed=0[0m
[0;36m[2025-10-18 17:58:33.305] [DEBUG] [AST] TypeContext::lookup_enum_type called with name=Iterator[0m
[0;36m[2025-10-18 17:58:33.305] [DEBUG] [AST] No existing enum type found for Iterator[0m
[0;36m[2025-10-18 17:58:33.305] [DEBUG] [PARSER] Token-based parsing failed for 'Option < T > ' (collected 4 tokens), falling back to string parsing[0m
[0;36m[2025-10-18 17:58:33.305] [DEBUG] [PARSER] First token: 6 (Option)[0m
[0;36m[2025-10-18 17:58:33.305] [DEBUG] [AST] TypeContext::lookup_enum_type called with name=Option < T >[0m
[0;36m[2025-10-18 17:58:33.305] [DEBUG] [AST] No existing enum type found for Option < T >[0m
[0;36m[2025-10-18 17:58:33.305] [DEBUG] [AST] TypeContext::get_class_type() called with name='Option < T >'[0m
[0;36m[2025-10-18 17:58:33.305] [DEBUG] [AST] TypeContext::get_class_type() - creating new class type for 'Option < T >'[0m
[0;36m[2025-10-18 17:58:33.305] [DEBUG] [AST] TypeContext::get_class_type() - successfully created class type for 'Option < T >'[0m
[0;36m[2025-10-18 17:58:33.305] [DEBUG] [AST] TypeContext::get_integer_type() called with kind=u64 is_signed=0[0m
[0;36m[2025-10-18 17:58:33.305] [DEBUG] [PARSER] Token-based parsing failed for 'Iterator < T > ' (collected 4 tokens), falling back to string parsing[0m
[0;36m[2025-10-18 17:58:33.305] [DEBUG] [PARSER] First token: 6 (Iterator)[0m
[0;36m[2025-10-18 17:58:33.305] [DEBUG] [AST] TypeContext::lookup_enum_type called with name=Iterator < T >[0m
[0;36m[2025-10-18 17:58:33.305] [DEBUG] [AST] No existing enum type found for Iterator < T >[0m
[0;36m[2025-10-18 17:58:33.305] [DEBUG] [AST] TypeContext::get_class_type() called with name='Iterator < T >'[0m
[0;36m[2025-10-18 17:58:33.305] [DEBUG] [AST] TypeContext::get_class_type() - creating new class type for 'Iterator < T >'[0m
[0;36m[2025-10-18 17:58:33.305] [DEBUG] [AST] TypeContext::get_class_type() - successfully created class type for 'Iterator < T >'[0m
[0;36m[2025-10-18 17:58:33.305] [DEBUG] [AST] TypeContext::lookup_enum_type called with name=C[0m
[0;36m[2025-10-18 17:58:33.305] [DEBUG] [AST] No existing enum type found for C[0m
[0;36m[2025-10-18 17:58:33.305] [DEBUG] [AST] TypeContext::lookup_enum_type called with name=I[0m
[0;36m[2025-10-18 17:58:33.305] [DEBUG] [AST] No existing enum type found for I[0m
[0;36m[2025-10-18 17:58:33.305] [DEBUG] [AST] TypeContext::lookup_enum_type called with name=F[0m
[0;36m[2025-10-18 17:58:33.305] [DEBUG] [AST] No existing enum type found for F[0m
[0;36m[2025-10-18 17:58:33.306] [DEBUG] [AST] TypeContext::lookup_enum_type called with name=R[0m
[0;36m[2025-10-18 17:58:33.306] [DEBUG] [AST] No existing enum type found for R[0m
[0;36m[2025-10-18 17:58:33.306] [DEBUG] [AST] TypeContext::get_integer_type() called with kind=u32 is_signed=0[0m
[0;36m[2025-10-18 17:58:33.306] [DEBUG] [AST] TypeContext::get_integer_type() called with kind=u32 is_signed=0[0m
[0;36m[2025-10-18 17:58:33.306] [DEBUG] [GENERAL] ModuleLoader: Successfully parsed core/types[0m
[0;36m[2025-10-18 17:58:33.306] [DEBUG] [GENERAL] ModuleLoader: Detected module namespace: std::core::Types[0m
[0;36m[2025-10-18 17:58:33.306] [DEBUG] [GENERAL] ModuleLoader: Registering templates from module: std::core::Types[0m
[0;36m[2025-10-18 17:58:33.306] [DEBUG] [AST] Registering class template: Array from module: std::core::Types[0m
[0;36m[2025-10-18 17:58:33.306] [DEBUG] [GENERAL] ModuleLoader: Registered generic class template: Array from module: std::core::Types[0m
[0;36m[2025-10-18 17:58:33.306] [DEBUG] [GENERAL] ModuleLoader: Before registration - enum Option has 1 generic parameters[0m
[0;36m[2025-10-18 17:58:33.306] [DEBUG] [GENERAL] ModuleLoader: First parameter pointer: 0x5bbf0ef0a4f0[0m
[0;36m[2025-10-18 17:58:33.306] [DEBUG] [GENERAL] ModuleLoader: First parameter name: T[0m
[0;36m[2025-10-18 17:58:33.306] [DEBUG] [AST] Registering enum template: Option from module: std::core::Types[0m
[0;36m[2025-10-18 17:58:33.306] [DEBUG] [GENERAL] ModuleLoader: Registered generic enum template: Option from module: std::core::Types[0m
[0;36m[2025-10-18 17:58:33.306] [DEBUG] [GENERAL] ModuleLoader: Before registration - enum Result has 2 generic parameters[0m
[0;36m[2025-10-18 17:58:33.306] [DEBUG] [GENERAL] ModuleLoader: First parameter pointer: 0x5bbf0ef0cb90[0m
[0;36m[2025-10-18 17:58:33.306] [DEBUG] [GENERAL] ModuleLoader: First parameter name: T[0m
[0;36m[2025-10-18 17:58:33.306] [DEBUG] [AST] Registering enum template: Result from module: std::core::Types[0m
[0;36m[2025-10-18 17:58:33.306] [DEBUG] [GENERAL] ModuleLoader: Registered generic enum template: Result from module: std::core::Types[0m
[0;36m[2025-10-18 17:58:33.306] [DEBUG] [AST] Registering trait template: Clone from module: std::core::Types[0m
[0;36m[2025-10-18 17:58:33.306] [DEBUG] [GENERAL] ModuleLoader: Registered generic trait template: Clone from module: std::core::Types[0m
[0;36m[2025-10-18 17:58:33.306] [DEBUG] [AST] Registering trait template: Copy from module: std::core::Types[0m
[0;36m[2025-10-18 17:58:33.306] [DEBUG] [GENERAL] ModuleLoader: Registered generic trait template: Copy from module: std::core::Types[0m
[0;36m[2025-10-18 17:58:33.306] [DEBUG] [AST] Registering trait template: Default from module: std::core::Types[0m
[0;36m[2025-10-18 17:58:33.306] [DEBUG] [GENERAL] ModuleLoader: Registered generic trait template: Default from module: std::core::Types[0m
[0;36m[2025-10-18 17:58:33.306] [DEBUG] [AST] Registering trait template: Display from module: std::core::Types[0m
[0;36m[2025-10-18 17:58:33.306] [DEBUG] [GENERAL] ModuleLoader: Registered generic trait template: Display from module: std::core::Types[0m
[0;36m[2025-10-18 17:58:33.306] [DEBUG] [AST] Registering trait template: Debug from module: std::core::Types[0m
[0;36m[2025-10-18 17:58:33.306] [DEBUG] [GENERAL] ModuleLoader: Registered generic trait template: Debug from module: std::core::Types[0m
[0;36m[2025-10-18 17:58:33.306] [DEBUG] [AST] Registering trait template: Eq from module: std::core::Types[0m
[0;36m[2025-10-18 17:58:33.306] [DEBUG] [GENERAL] ModuleLoader: Registered generic trait template: Eq from module: std::core::Types[0m
[0;36m[2025-10-18 17:58:33.306] [DEBUG] [AST] Registering trait template: Hash from module: std::core::Types[0m
[0;36m[2025-10-18 17:58:33.306] [DEBUG] [GENERAL] ModuleLoader: Registered generic trait template: Hash from module: std::core::Types[0m
[0;36m[2025-10-18 17:58:33.306] [DEBUG] [AST] Registering trait template: Iterator from module: std::core::Types[0m
[0;36m[2025-10-18 17:58:33.306] [DEBUG] [GENERAL] ModuleLoader: Registered generic trait template: Iterator from module: std::core::Types[0m
[0;36m[2025-10-18 17:58:33.306] [DEBUG] [AST] Registering trait template: Collect from module: std::core::Types[0m
[0;36m[2025-10-18 17:58:33.306] [DEBUG] [GENERAL] ModuleLoader: Registered generic trait template: Collect from module: std::core::Types[0m
[0;36m[2025-10-18 17:58:33.306] [DEBUG] [AST] Registering trait template: Index from module: std::core::Types[0m
[0;36m[2025-10-18 17:58:33.306] [DEBUG] [GENERAL] ModuleLoader: Registered generic trait template: Index from module: std::core::Types[0m
[0;36m[2025-10-18 17:58:33.306] [DEBUG] [AST] Registering trait template: IndexMut from module: std::core::Types[0m
[0;36m[2025-10-18 17:58:33.306] [DEBUG] [GENERAL] ModuleLoader: Registered generic trait template: IndexMut from module: std::core::Types[0m
[0;36m[2025-10-18 17:58:33.306] [DEBUG] [AST] Registering trait template: From from module: std::core::Types[0m
[0;36m[2025-10-18 17:58:33.306] [DEBUG] [GENERAL] ModuleLoader: Registered generic trait template: From from module: std::core::Types[0m
[0;36m[2025-10-18 17:58:33.306] [DEBUG] [AST] Registering trait template: TryFrom from module: std::core::Types[0m
[0;36m[2025-10-18 17:58:33.306] [DEBUG] [GENERAL] ModuleLoader: Registered generic trait template: TryFrom from module: std::core::Types[0m
[0;36m[2025-10-18 17:58:33.306] [DEBUG] [AST] Registering trait template: Into from module: std::core::Types[0m
[0;36m[2025-10-18 17:58:33.306] [DEBUG] [GENERAL] ModuleLoader: Registered generic trait template: Into from module: std::core::Types[0m
[0;36m[2025-10-18 17:58:33.306] [DEBUG] [AST] Registering trait template: TryInto from module: std::core::Types[0m
[0;36m[2025-10-18 17:58:33.306] [DEBUG] [GENERAL] ModuleLoader: Registered generic trait template: TryInto from module: std::core::Types[0m
[0;36m[2025-10-18 17:58:33.306] [DEBUG] [AST] Registering trait template: AsRef from module: std::core::Types[0m
[0;36m[2025-10-18 17:58:33.306] [DEBUG] [GENERAL] ModuleLoader: Registered generic trait template: AsRef from module: std::core::Types[0m
[0;36m[2025-10-18 17:58:33.306] [DEBUG] [AST] Registering trait template: AsMut from module: std::core::Types[0m
[0;36m[2025-10-18 17:58:33.307] [DEBUG] [GENERAL] ModuleLoader: Registered generic trait template: AsMut from module: std::core::Types[0m
[0;36m[2025-10-18 17:58:33.307] [DEBUG] [AST] Registering trait template: Add from module: std::core::Types[0m
[0;36m[2025-10-18 17:58:33.307] [DEBUG] [GENERAL] ModuleLoader: Registered generic trait template: Add from module: std::core::Types[0m
[0;36m[2025-10-18 17:58:33.307] [DEBUG] [AST] Registering trait template: Sub from module: std::core::Types[0m
[0;36m[2025-10-18 17:58:33.307] [DEBUG] [GENERAL] ModuleLoader: Registered generic trait template: Sub from module: std::core::Types[0m
[0;36m[2025-10-18 17:58:33.307] [DEBUG] [AST] Registering trait template: Mul from module: std::core::Types[0m
[0;36m[2025-10-18 17:58:33.307] [DEBUG] [GENERAL] ModuleLoader: Registered generic trait template: Mul from module: std::core::Types[0m
[0;36m[2025-10-18 17:58:33.307] [DEBUG] [AST] Registering trait template: Div from module: std::core::Types[0m
[0;36m[2025-10-18 17:58:33.307] [DEBUG] [GENERAL] ModuleLoader: Registered generic trait template: Div from module: std::core::Types[0m
[0;36m[2025-10-18 17:58:33.307] [DEBUG] [AST] Registering trait template: Rem from module: std::core::Types[0m
[0;36m[2025-10-18 17:58:33.307] [DEBUG] [GENERAL] ModuleLoader: Registered generic trait template: Rem from module: std::core::Types[0m
[0;36m[2025-10-18 17:58:33.307] [DEBUG] [AST] Registering trait template: BitAnd from module: std::core::Types[0m
[0;36m[2025-10-18 17:58:33.307] [DEBUG] [GENERAL] ModuleLoader: Registered generic trait template: BitAnd from module: std::core::Types[0m
[0;36m[2025-10-18 17:58:33.307] [DEBUG] [AST] Registering trait template: BitOr from module: std::core::Types[0m
[0;36m[2025-10-18 17:58:33.307] [DEBUG] [GENERAL] ModuleLoader: Registered generic trait template: BitOr from module: std::core::Types[0m
[0;36m[2025-10-18 17:58:33.307] [DEBUG] [AST] Registering trait template: BitXor from module: std::core::Types[0m
[0;36m[2025-10-18 17:58:33.307] [DEBUG] [GENERAL] ModuleLoader: Registered generic trait template: BitXor from module: std::core::Types[0m
[0;36m[2025-10-18 17:58:33.307] [DEBUG] [AST] Registering trait template: Not from module: std::core::Types[0m
[0;36m[2025-10-18 17:58:33.307] [DEBUG] [GENERAL] ModuleLoader: Registered generic trait template: Not from module: std::core::Types[0m
[0;36m[2025-10-18 17:58:33.307] [DEBUG] [AST] Registering trait template: Shl from module: std::core::Types[0m
[0;36m[2025-10-18 17:58:33.307] [DEBUG] [GENERAL] ModuleLoader: Registered generic trait template: Shl from module: std::core::Types[0m
[0;36m[2025-10-18 17:58:33.307] [DEBUG] [AST] Registering trait template: Shr from module: std::core::Types[0m
[0;36m[2025-10-18 17:58:33.307] [DEBUG] [GENERAL] ModuleLoader: Registered generic trait template: Shr from module: std::core::Types[0m
[0;36m[2025-10-18 17:58:33.307] [DEBUG] [GENERAL] ModuleLoader: Finished registering templates from module: std::core::Types[0m
[0;36m[2025-10-18 17:58:33.307] [DEBUG] [GENERAL] ModuleLoader: Found 6 exported symbols[0m
[0;36m[2025-10-18 17:58:33.307] [DEBUG] [AST] TypeContext::get_enum_type called with name=INTERNAL_ERROR is_simple=1[0m
[0;36m[2025-10-18 17:58:33.307] [DEBUG] [AST] Call stack trace (simplified): TypeContext::get_enum_type[0m
[0;36m[2025-10-18 17:58:33.307] [DEBUG] [AST] Found existing enum type for INTERNAL_ERROR existing is_simple=1[0m
[0;36m[2025-10-18 17:58:33.307] [DEBUG] [GENERAL] ModuleLoader: Found parameterized enum template for Option[0m
[0;36m[2025-10-18 17:58:33.307] [DEBUG] [GENERAL] ModuleLoader: Found parameterized enum template for Result[0m
[0;36m[2025-10-18 17:58:33.307] [DEBUG] [GENERAL] ModuleLoader: Created symbol map with 6 symbols[0m
[0;36m[2025-10-18 17:58:33.307] [DEBUG] [GENERAL] ModuleLoader: Storing AST to keep template nodes alive[0m
[0;36m[2025-10-18 17:58:33.307] [DEBUG] [GENERAL] ModuleLoader: Stored AST successfully. Map now has 2 entries[0m
[0;36m[2025-10-18 17:58:33.307] [DEBUG] [AST] Registered namespace 'std::core::Types' with 6 symbols[0m
[0;36m[2025-10-18 17:58:33.307] [DEBUG] [GENERAL] Registered namespace 'std::core::Types' with 6 symbols[0m
[0;36m[2025-10-18 17:58:33.307] [DEBUG] [AST] TypeContext::get_enum_type called with name=RuntimeState is_simple=1[0m
[0;36m[2025-10-18 17:58:33.307] [DEBUG] [AST] Call stack trace (simplified): TypeContext::get_enum_type[0m
[0;36m[2025-10-18 17:58:33.307] [DEBUG] [AST] Found existing enum type for RuntimeState existing is_simple=1[0m
[0;36m[2025-10-18 17:58:33.307] [DEBUG] [AST] TypeContext::get_enum_type called with name=RuntimeError is_simple=1[0m
[0;36m[2025-10-18 17:58:33.307] [DEBUG] [AST] Call stack trace (simplified): TypeContext::get_enum_type[0m
[0;36m[2025-10-18 17:58:33.307] [DEBUG] [AST] Found existing enum type for RuntimeError existing is_simple=1[0m
[0;36m[2025-10-18 17:58:33.307] [DEBUG] [AST] TypeContext::get_class_type() called with name='HeapBlock'[0m
[0;36m[2025-10-18 17:58:33.307] [DEBUG] [AST] TypeContext::get_class_type() - creating new class type for 'HeapBlock'[0m
[0;36m[2025-10-18 17:58:33.307] [DEBUG] [AST] TypeContext::get_class_type() - successfully created class type for 'HeapBlock'[0m
[0;33m[2025-10-18 17:58:33.307] [WARN] [AST] FunctionType: Avoiding virtual function calls on parameter type at index 0 due to potential Type corruption, using 'void'[0m
[0;33m[2025-10-18 17:58:33.307] [WARN] [AST] FunctionType: Avoiding virtual function calls on parameter type at index 1 due to potential Type corruption, using 'void'[0m
[0;33m[2025-10-18 17:58:33.307] [WARN] [AST] FunctionType: Avoiding virtual function calls due to potential Type corruption, using 'void'[0m
[0;33m[2025-10-18 17:58:33.307] [WARN] [AST] FunctionType: Avoiding virtual function calls due to potential Type corruption, using 'void'[0m
[0;33m[2025-10-18 17:58:33.307] [WARN] [AST] FunctionType: Avoiding virtual function calls due to potential Type corruption, using 'void'[0m
[0;33m[2025-10-18 17:58:33.307] [WARN] [AST] FunctionType: Avoiding virtual function calls due to potential Type corruption, using 'void'[0m
[0;33m[2025-10-18 17:58:33.307] [WARN] [AST] FunctionType: Avoiding virtual function calls due to potential Type corruption, using 'void'[0m
[0;33m[2025-10-18 17:58:33.307] [WARN] [AST] FunctionType: Avoiding virtual function calls due to potential Type corruption, using 'void'[0m
[0;33m[2025-10-18 17:58:33.307] [WARN] [AST] FunctionType: Avoiding virtual function calls due to potential Type corruption, using 'void'[0m
[0;33m[2025-10-18 17:58:33.308] [WARN] [AST] FunctionType: Avoiding virtual function calls on parameter type at index 0 due to potential Type corruption, using 'void'[0m
[0;33m[2025-10-18 17:58:33.308] [WARN] [AST] FunctionType: Avoiding virtual function calls due to potential Type corruption, using 'void'[0m
[0;36m[2025-10-18 17:58:33.308] [DEBUG] [AST] TypeContext::get_class_type() called with name='FreeListManager'[0m
[0;36m[2025-10-18 17:58:33.308] [DEBUG] [AST] TypeContext::get_class_type() - creating new class type for 'FreeListManager'[0m
[0;36m[2025-10-18 17:58:33.308] [DEBUG] [AST] TypeContext::get_class_type() - successfully created class type for 'FreeListManager'[0m
[0;33m[2025-10-18 17:58:33.308] [WARN] [AST] FunctionType: Avoiding virtual function calls due to potential Type corruption, using 'void'[0m
[0;33m[2025-10-18 17:58:33.308] [WARN] [AST] FunctionType: Avoiding virtual function calls on parameter type at index 0 due to potential Type corruption, using 'void'[0m
[0;33m[2025-10-18 17:58:33.308] [WARN] [AST] FunctionType: Avoiding virtual function calls due to potential Type corruption, using 'void'[0m
[0;33m[2025-10-18 17:58:33.308] [WARN] [AST] FunctionType: Avoiding virtual function calls on parameter type at index 0 due to potential Type corruption, using 'void'[0m
[0;33m[2025-10-18 17:58:33.308] [WARN] [AST] FunctionType: Avoiding virtual function calls due to potential Type corruption, using 'void'[0m
[0;33m[2025-10-18 17:58:33.308] [WARN] [AST] FunctionType: Avoiding virtual function calls on parameter type at index 0 due to potential Type corruption, using 'void'[0m
[0;33m[2025-10-18 17:58:33.308] [WARN] [AST] FunctionType: Avoiding virtual function calls due to potential Type corruption, using 'void'[0m
[0;36m[2025-10-18 17:58:33.308] [DEBUG] [AST] TypeContext::get_class_type() called with name='HeapManager'[0m
[0;36m[2025-10-18 17:58:33.308] [DEBUG] [AST] TypeContext::get_class_type() - creating new class type for 'HeapManager'[0m
[0;36m[2025-10-18 17:58:33.308] [DEBUG] [AST] TypeContext::get_class_type() - successfully created class type for 'HeapManager'[0m
[0;33m[2025-10-18 17:58:33.308] [WARN] [AST] FunctionType: Avoiding virtual function calls due to potential Type corruption, using 'void'[0m
[0;33m[2025-10-18 17:58:33.308] [WARN] [AST] FunctionType: Avoiding virtual function calls on parameter type at index 0 due to potential Type corruption, using 'void'[0m
[0;33m[2025-10-18 17:58:33.308] [WARN] [AST] FunctionType: Avoiding virtual function calls due to potential Type corruption, using 'void'[0m
[0;33m[2025-10-18 17:58:33.308] [WARN] [AST] FunctionType: Avoiding virtual function calls on parameter type at index 0 due to potential Type corruption, using 'void'[0m
[0;33m[2025-10-18 17:58:33.308] [WARN] [AST] FunctionType: Avoiding virtual function calls due to potential Type corruption, using 'void'[0m
[0;33m[2025-10-18 17:58:33.308] [WARN] [AST] FunctionType: Avoiding virtual function calls on parameter type at index 0 due to potential Type corruption, using 'void'[0m
[0;33m[2025-10-18 17:58:33.308] [WARN] [AST] FunctionType: Avoiding virtual function calls on parameter type at index 1 due to potential Type corruption, using 'void'[0m
[0;33m[2025-10-18 17:58:33.308] [WARN] [AST] FunctionType: Avoiding virtual function calls due to potential Type corruption, using 'void'[0m
[0;33m[2025-10-18 17:58:33.308] [WARN] [AST] FunctionType: Avoiding virtual function calls on parameter type at index 0 due to potential Type corruption, using 'void'[0m
[0;33m[2025-10-18 17:58:33.308] [WARN] [AST] FunctionType: Avoiding virtual function calls due to potential Type corruption, using 'void'[0m
[0;33m[2025-10-18 17:58:33.308] [WARN] [AST] FunctionType: Avoiding virtual function calls due to potential Type corruption, using 'void'[0m
[0;33m[2025-10-18 17:58:33.308] [WARN] [AST] FunctionType: Avoiding virtual function calls on parameter type at index 0 due to potential Type corruption, using 'void'[0m
[0;33m[2025-10-18 17:58:33.308] [WARN] [AST] FunctionType: Avoiding virtual function calls on parameter type at index 1 due to potential Type corruption, using 'void'[0m
[0;33m[2025-10-18 17:58:33.308] [WARN] [AST] FunctionType: Avoiding virtual function calls due to potential Type corruption, using 'void'[0m
[0;33m[2025-10-18 17:58:33.308] [WARN] [AST] FunctionType: Avoiding virtual function calls on parameter type at index 0 due to potential Type corruption, using 'void'[0m
[0;33m[2025-10-18 17:58:33.308] [WARN] [AST] FunctionType: Avoiding virtual function calls due to potential Type corruption, using 'void'[0m
[0;33m[2025-10-18 17:58:33.308] [WARN] [AST] FunctionType: Avoiding virtual function calls on parameter type at index 0 due to potential Type corruption, using 'void'[0m
[0;33m[2025-10-18 17:58:33.308] [WARN] [AST] FunctionType: Avoiding virtual function calls due to potential Type corruption, using 'void'[0m
[0;36m[2025-10-18 17:58:33.308] [DEBUG] [AST] TypeContext::get_class_type() called with name='StatisticsManager'[0m
[0;36m[2025-10-18 17:58:33.308] [DEBUG] [AST] TypeContext::get_class_type() - creating new class type for 'StatisticsManager'[0m
[0;36m[2025-10-18 17:58:33.308] [DEBUG] [AST] TypeContext::get_class_type() - successfully created class type for 'StatisticsManager'[0m
[0;33m[2025-10-18 17:58:33.308] [WARN] [AST] FunctionType: Avoiding virtual function calls due to potential Type corruption, using 'void'[0m
[0;33m[2025-10-18 17:58:33.308] [WARN] [AST] FunctionType: Avoiding virtual function calls on parameter type at index 0 due to potential Type corruption, using 'void'[0m
[0;33m[2025-10-18 17:58:33.308] [WARN] [AST] FunctionType: Avoiding virtual function calls due to potential Type corruption, using 'void'[0m
[0;33m[2025-10-18 17:58:33.308] [WARN] [AST] FunctionType: Avoiding virtual function calls on parameter type at index 0 due to potential Type corruption, using 'void'[0m
[0;33m[2025-10-18 17:58:33.308] [WARN] [AST] FunctionType: Avoiding virtual function calls due to potential Type corruption, using 'void'[0m
[0;33m[2025-10-18 17:58:33.308] [WARN] [AST] FunctionType: Avoiding virtual function calls due to potential Type corruption, using 'void'[0m
[0;36m[2025-10-18 17:58:33.308] [DEBUG] [AST] TypeContext::get_class_type() called with name='ErrorManager'[0m
[0;36m[2025-10-18 17:58:33.308] [DEBUG] [AST] TypeContext::get_class_type() - creating new class type for 'ErrorManager'[0m
[0;36m[2025-10-18 17:58:33.308] [DEBUG] [AST] TypeContext::get_class_type() - successfully created class type for 'ErrorManager'[0m
[0;33m[2025-10-18 17:58:33.308] [WARN] [AST] FunctionType: Avoiding virtual function calls due to potential Type corruption, using 'void'[0m
[0;33m[2025-10-18 17:58:33.308] [WARN] [AST] FunctionType: Avoiding virtual function calls on parameter type at index 0 due to potential Type corruption, using 'void'[0m
[0;33m[2025-10-18 17:58:33.308] [WARN] [AST] FunctionType: Avoiding virtual function calls due to potential Type corruption, using 'void'[0m
[0;33m[2025-10-18 17:58:33.308] [WARN] [AST] FunctionType: Avoiding virtual function calls due to potential Type corruption, using 'void'[0m
[0;33m[2025-10-18 17:58:33.308] [WARN] [AST] FunctionType: Avoiding virtual function calls on parameter type at index 0 due to potential Type corruption, using 'void'[0m
[0;33m[2025-10-18 17:58:33.308] [WARN] [AST] FunctionType: Avoiding virtual function calls on parameter type at index 1 due to potential Type corruption, using 'void'[0m
[0;33m[2025-10-18 17:58:33.308] [WARN] [AST] FunctionType: Avoiding virtual function calls on parameter type at index 2 due to potential Type corruption, using 'void'[0m
[0;33m[2025-10-18 17:58:33.308] [WARN] [AST] FunctionType: Avoiding virtual function calls due to potential Type corruption, using 'void'[0m
[0;36m[2025-10-18 17:58:33.308] [DEBUG] [AST] TypeContext::get_class_type() called with name='RuntimeManager'[0m
[0;36m[2025-10-18 17:58:33.308] [DEBUG] [AST] TypeContext::get_class_type() - creating new class type for 'RuntimeManager'[0m
[0;36m[2025-10-18 17:58:33.308] [DEBUG] [AST] TypeContext::get_class_type() - successfully created class type for 'RuntimeManager'[0m
[0;33m[2025-10-18 17:58:33.308] [WARN] [AST] FunctionType: Avoiding virtual function calls due to potential Type corruption, using 'void'[0m
[0;33m[2025-10-18 17:58:33.308] [WARN] [AST] FunctionType: Avoiding virtual function calls due to potential Type corruption, using 'void'[0m
[0;33m[2025-10-18 17:58:33.308] [WARN] [AST] FunctionType: Avoiding virtual function calls on parameter type at index 0 due to potential Type corruption, using 'void'[0m
[0;33m[2025-10-18 17:58:33.308] [WARN] [AST] FunctionType: Avoiding virtual function calls due to potential Type corruption, using 'void'[0m
[0;33m[2025-10-18 17:58:33.309] [WARN] [AST] FunctionType: Avoiding virtual function calls on parameter type at index 0 due to potential Type corruption, using 'void'[0m
[0;33m[2025-10-18 17:58:33.309] [WARN] [AST] FunctionType: Avoiding virtual function calls due to potential Type corruption, using 'void'[0m
[0;33m[2025-10-18 17:58:33.309] [WARN] [AST] FunctionType: Avoiding virtual function calls due to potential Type corruption, using 'void'[0m
[0;33m[2025-10-18 17:58:33.309] [WARN] [AST] FunctionType: Avoiding virtual function calls due to potential Type corruption, using 'void'[0m
[0;33m[2025-10-18 17:58:33.309] [WARN] [AST] FunctionType: Avoiding virtual function calls on parameter type at index 0 due to potential Type corruption, using 'void'[0m
[0;33m[2025-10-18 17:58:33.309] [WARN] [AST] FunctionType: Avoiding virtual function calls due to potential Type corruption, using 'void'[0m
[0;33m[2025-10-18 17:58:33.309] [WARN] [AST] FunctionType: Avoiding virtual function calls on parameter type at index 0 due to potential Type corruption, using 'void'[0m
[0;33m[2025-10-18 17:58:33.309] [WARN] [AST] FunctionType: Avoiding virtual function calls on parameter type at index 1 due to potential Type corruption, using 'void'[0m
[0;33m[2025-10-18 17:58:33.309] [WARN] [AST] FunctionType: Avoiding virtual function calls on parameter type at index 2 due to potential Type corruption, using 'void'[0m
[0;33m[2025-10-18 17:58:33.309] [WARN] [AST] FunctionType: Avoiding virtual function calls due to potential Type corruption, using 'void'[0m
[0;33m[2025-10-18 17:58:33.309] [WARN] [AST] FunctionType: Avoiding virtual function calls on parameter type at index 0 due to potential Type corruption, using 'void'[0m
[0;33m[2025-10-18 17:58:33.309] [WARN] [AST] FunctionType: Avoiding virtual function calls on parameter type at index 1 due to potential Type corruption, using 'void'[0m
[0;33m[2025-10-18 17:58:33.309] [WARN] [AST] FunctionType: Avoiding virtual function calls due to potential Type corruption, using 'void'[0m
[0;33m[2025-10-18 17:58:33.309] [WARN] [AST] FunctionType: Avoiding virtual function calls on parameter type at index 0 due to potential Type corruption, using 'void'[0m
[0;33m[2025-10-18 17:58:33.309] [WARN] [AST] FunctionType: Avoiding virtual function calls due to potential Type corruption, using 'void'[0m
[0;33m[2025-10-18 17:58:33.309] [WARN] [AST] FunctionType: Avoiding virtual function calls on parameter type at index 0 due to potential Type corruption, using 'void'[0m
[0;33m[2025-10-18 17:58:33.309] [WARN] [AST] FunctionType: Avoiding virtual function calls on parameter type at index 1 due to potential Type corruption, using 'void'[0m
[0;33m[2025-10-18 17:58:33.309] [WARN] [AST] FunctionType: Avoiding virtual function calls due to potential Type corruption, using 'void'[0m
[0;33m[2025-10-18 17:58:33.309] [WARN] [AST] FunctionType: Avoiding virtual function calls on parameter type at index 0 due to potential Type corruption, using 'void'[0m
[0;33m[2025-10-18 17:58:33.309] [WARN] [AST] FunctionType: Avoiding virtual function calls on parameter type at index 1 due to potential Type corruption, using 'void'[0m
[0;33m[2025-10-18 17:58:33.309] [WARN] [AST] FunctionType: Avoiding virtual function calls on parameter type at index 2 due to potential Type corruption, using 'void'[0m
[0;33m[2025-10-18 17:58:33.309] [WARN] [AST] FunctionType: Avoiding virtual function calls due to potential Type corruption, using 'void'[0m
[0;33m[2025-10-18 17:58:33.309] [WARN] [AST] FunctionType: Avoiding virtual function calls on parameter type at index 0 due to potential Type corruption, using 'void'[0m
[0;33m[2025-10-18 17:58:33.309] [WARN] [AST] FunctionType: Avoiding virtual function calls due to potential Type corruption, using 'void'[0m
[0;33m[2025-10-18 17:58:33.309] [WARN] [AST] FunctionType: Avoiding virtual function calls on parameter type at index 0 due to potential Type corruption, using 'void'[0m
[0;33m[2025-10-18 17:58:33.309] [WARN] [AST] FunctionType: Avoiding virtual function calls on parameter type at index 1 due to potential Type corruption, using 'void'[0m
[0;33m[2025-10-18 17:58:33.309] [WARN] [AST] FunctionType: Avoiding virtual function calls on parameter type at index 2 due to potential Type corruption, using 'void'[0m
[0;33m[2025-10-18 17:58:33.309] [WARN] [AST] FunctionType: Avoiding virtual function calls due to potential Type corruption, using 'void'[0m
[0;33m[2025-10-18 17:58:33.309] [WARN] [AST] FunctionType: Avoiding virtual function calls due to potential Type corruption, using 'void'[0m
[0;33m[2025-10-18 17:58:33.309] [WARN] [AST] FunctionType: Avoiding virtual function calls due to potential Type corruption, using 'void'[0m
[0;36m[2025-10-18 17:58:33.309] [DEBUG] [GENERAL] Ensuring visitor is initialized for function pre-registration...[0m
[0;36m[2025-10-18 17:58:33.309] [DEBUG] [GENERAL] Processing struct declarations before function pre-registration...[0m
[0;36m[2025-10-18 17:58:33.309] [DEBUG] [GENERAL] Processing struct declarations for pre-registration...[0m
[0;36m[2025-10-18 17:58:33.309] [DEBUG] [GENERAL] Pre-registering functions in LLVM module...[0m
[0;36m[2025-10-18 17:58:33.309] [DEBUG] [CODEGEN] Pre-registering functions from symbol table to prevent forward declaration conflicts...[0m
[0;36m[2025-10-18 17:58:33.309] [DEBUG] [CODEGEN] Pre-registering function: main[0m
[0;36m[2025-10-18 17:58:33.309] [DEBUG] [CODEGEN] TypeMapper::map_type() - successfully got kind: Integer (2)[0m
[0;36m[2025-10-18 17:58:33.309] [DEBUG] [CODEGEN] TypeMapper::map_type() - successfully got kind: Integer (2)[0m
[0;36m[2025-10-18 17:58:33.309] [DEBUG] [CODEGEN] TypeMapper::map_integer_type() - detected problematic Int type, using fallback[0m
[0;36m[2025-10-18 17:58:33.309] [DEBUG] [CODEGEN] TypeMapper::map_integer_type() - using fallback values: size=4, signed=true[0m
[0;36m[2025-10-18 17:58:33.309] [DEBUG] [CODEGEN] TypeMapper::map_integer_type() - calculated bit_width: 32[0m
[0;36m[2025-10-18 17:58:33.309] [DEBUG] [CODEGEN] Successfully pre-registered function: main[0m
[0;36m[2025-10-18 17:58:33.309] [DEBUG] [CODEGEN] Pre-registering function: Global::HeapManager::initialize[0m
[0;36m[2025-10-18 17:58:33.309] [DEBUG] [CODEGEN] TypeMapper::map_type() - successfully got kind: Integer (2)[0m
[0;36m[2025-10-18 17:58:33.309] [DEBUG] [CODEGEN] TypeMapper::map_type() - successfully got kind: Integer (2)[0m
[0;36m[2025-10-18 17:58:33.309] [DEBUG] [CODEGEN] TypeMapper::map_integer_type() - calculated bit_width: 64[0m
[0;36m[2025-10-18 17:58:33.309] [DEBUG] [CODEGEN] TypeMapper::map_type() - successfully got kind: Enum (14)[0m
[0;36m[2025-10-18 17:58:33.309] [DEBUG] [CODEGEN] TypeMapper::map_type() - successfully got kind: Enum (14)[0m
[0;36m[2025-10-18 17:58:33.309] [DEBUG] [CODEGEN] Successfully pre-registered function: Global::HeapManager::initialize[0m
[0;36m[2025-10-18 17:58:33.309] [DEBUG] [CODEGEN] Pre-registering function: Global::StatisticsManager::record_deallocation[0m
[0;36m[2025-10-18 17:58:33.309] [DEBUG] [CODEGEN] TypeMapper::map_type() - successfully got kind: Integer (2)[0m
[0;36m[2025-10-18 17:58:33.309] [DEBUG] [CODEGEN] TypeMapper::map_type() - successfully got kind: Void (0)[0m
[0;36m[2025-10-18 17:58:33.310] [DEBUG] [CODEGEN] TypeMapper::map_type() - successfully got kind: Void (0)[0m
[0;36m[2025-10-18 17:58:33.310] [DEBUG] [CODEGEN] Successfully pre-registered function: Global::StatisticsManager::record_deallocation[0m
[0;36m[2025-10-18 17:58:33.310] [DEBUG] [CODEGEN] Pre-registering function: cryo_panic[0m
[0;36m[2025-10-18 17:58:33.310] [DEBUG] [CODEGEN] TypeMapper::map_type() - successfully got kind: String (5)[0m
[0;36m[2025-10-18 17:58:33.310] [DEBUG] [CODEGEN] TypeMapper::map_type() - successfully got kind: String (5)[0m
[0;36m[2025-10-18 17:58:33.310] [DEBUG] [CODEGEN] TypeMapper::map_type() - successfully got kind: String (5)[0m
[0;36m[2025-10-18 17:58:33.310] [DEBUG] [CODEGEN] TypeMapper::map_type() - successfully got kind: Integer (2)[0m
[0;36m[2025-10-18 17:58:33.310] [DEBUG] [CODEGEN] TypeMapper::map_type() - successfully got kind: Integer (2)[0m
[0;36m[2025-10-18 17:58:33.310] [DEBUG] [CODEGEN] TypeMapper::map_integer_type() - calculated bit_width: 32[0m
[0;36m[2025-10-18 17:58:33.310] [DEBUG] [CODEGEN] TypeMapper::map_type() - successfully got kind: Void (0)[0m
[0;36m[2025-10-18 17:58:33.310] [DEBUG] [CODEGEN] Successfully pre-registered function: cryo_panic[0m
[0;36m[2025-10-18 17:58:33.310] [DEBUG] [CODEGEN] Pre-registering function: Global::FreeListManager::remove_block[0m
[0;36m[2025-10-18 17:58:33.310] [DEBUG] [CODEGEN] TypeMapper::map_type() - successfully got kind: Pointer (7)[0m
[0;36m[2025-10-18 17:58:33.310] [DEBUG] [CODEGEN] TypeMapper::map_type() - successfully got kind: Pointer (7)[0m
[0;36m[2025-10-18 17:58:33.310] [DEBUG] [CODEGEN] TypeMapper::map_type() - successfully got kind: Struct (10)[0m
[0;36m[2025-10-18 17:58:33.310] [DEBUG] [CODEGEN] TypeMapper::map_type() - successfully got kind: Struct (10)[0m
[0;36m[2025-10-18 17:58:33.310] [DEBUG] [CODEGEN] map_struct_type called for: HeapBlock[0m
[0;36m[2025-10-18 17:58:33.310] [DEBUG] [CODEGEN] Found class AST node for struct: HeapBlock, generating field types[0m
[0;36m[2025-10-18 17:58:33.310] [DEBUG] [CODEGEN] Class has 4 fields[0m
[0;36m[2025-10-18 17:58:33.310] [DEBUG] [CODEGEN] TypeMapper::map_type() - successfully got kind: Integer (2)[0m
[0;36m[2025-10-18 17:58:33.310] [DEBUG] [CODEGEN] TypeMapper::map_type() - successfully got kind: Integer (2)[0m
[0;36m[2025-10-18 17:58:33.310] [DEBUG] [CODEGEN] TypeMapper::map_type() - successfully got kind: Pointer (7)[0m
[0;36m[2025-10-18 17:58:33.310] [DEBUG] [CODEGEN] TypeMapper::map_type() - successfully got kind: Pointer (7)[0m
[0;36m[2025-10-18 17:58:33.310] [DEBUG] [CODEGEN] TypeMapper::map_type() - successfully got kind: Struct (10)[0m
[0;36m[2025-10-18 17:58:33.310] [DEBUG] [CODEGEN] TypeMapper::map_type() - successfully got kind: Struct (10)[0m
[0;36m[2025-10-18 17:58:33.310] [DEBUG] [CODEGEN] map_struct_type called for: HeapBlock[0m
[0;36m[2025-10-18 17:58:33.310] [DEBUG] [CODEGEN] TypeMapper::map_type() - successfully got kind: Pointer (7)[0m
[0;36m[2025-10-18 17:58:33.310] [DEBUG] [CODEGEN] Created struct type 'HeapBlock' with 4 fields[0m
[0;36m[2025-10-18 17:58:33.310] [DEBUG] [CODEGEN] TypeMapper::map_type() - successfully got kind: Void (0)[0m
[0;36m[2025-10-18 17:58:33.310] [DEBUG] [CODEGEN] Successfully pre-registered function: Global::FreeListManager::remove_block[0m
[0;36m[2025-10-18 17:58:33.310] [DEBUG] [CODEGEN] Pre-registering function: _user_main_[0m
[0;36m[2025-10-18 17:58:33.310] [DEBUG] [CODEGEN] TypeMapper::map_type() - successfully got kind: Integer (2)[0m
[0;36m[2025-10-18 17:58:33.310] [DEBUG] [CODEGEN] Successfully pre-registered function: _user_main_[0m
[0;36m[2025-10-18 17:58:33.310] [DEBUG] [CODEGEN] Pre-registering function: Global::HeapBlock::split[0m
[0;36m[2025-10-18 17:58:33.310] [DEBUG] [CODEGEN] TypeMapper::map_type() - successfully got kind: Integer (2)[0m
[0;36m[2025-10-18 17:58:33.310] [DEBUG] [CODEGEN] TypeMapper::map_type() - successfully got kind: Pointer (7)[0m
[0;36m[2025-10-18 17:58:33.310] [DEBUG] [CODEGEN] Successfully pre-registered function: Global::HeapBlock::split[0m
[0;36m[2025-10-18 17:58:33.310] [DEBUG] [CODEGEN] Pre-registering function: Global::HeapBlock::get_user_data_ptr[0m
[0;36m[2025-10-18 17:58:33.310] [DEBUG] [CODEGEN] TypeMapper::map_type() - successfully got kind: Pointer (7)[0m
[0;36m[2025-10-18 17:58:33.310] [DEBUG] [CODEGEN] TypeMapper::map_type() - successfully got kind: Pointer (7)[0m
[0;36m[2025-10-18 17:58:33.310] [DEBUG] [CODEGEN] TypeMapper::map_type() - successfully got kind: Void (0)[0m
[0;36m[2025-10-18 17:58:33.310] [DEBUG] [CODEGEN] Successfully pre-registered function: Global::HeapBlock::get_user_data_ptr[0m
[0;36m[2025-10-18 17:58:33.310] [DEBUG] [CODEGEN] Pre-registering function: Global::RuntimeManager::RuntimeManager[0m
[0;36m[2025-10-18 17:58:33.310] [DEBUG] [CODEGEN] TypeMapper::map_type() - successfully got kind: Void (0)[0m
[0;36m[2025-10-18 17:58:33.310] [DEBUG] [CODEGEN] Successfully pre-registered function: Global::RuntimeManager::RuntimeManager[0m
[0;36m[2025-10-18 17:58:33.310] [DEBUG] [CODEGEN] Pre-registering function: Global::HeapManager::reallocate[0m
[0;36m[2025-10-18 17:58:33.310] [DEBUG] [CODEGEN] TypeMapper::map_type() - successfully got kind: Pointer (7)[0m
[0;36m[2025-10-18 17:58:33.310] [DEBUG] [CODEGEN] TypeMapper::map_type() - successfully got kind: Integer (2)[0m
[0;36m[2025-10-18 17:58:33.310] [DEBUG] [CODEGEN] TypeMapper::map_type() - successfully got kind: Pointer (7)[0m
[0;36m[2025-10-18 17:58:33.310] [DEBUG] [CODEGEN] Successfully pre-registered function: Global::HeapManager::reallocate[0m
[0;36m[2025-10-18 17:58:33.310] [DEBUG] [CODEGEN] Pre-registering function: Global::FreeListManager::find_free_block[0m
[0;36m[2025-10-18 17:58:33.310] [DEBUG] [CODEGEN] TypeMapper::map_type() - successfully got kind: Integer (2)[0m
[0;36m[2025-10-18 17:58:33.310] [DEBUG] [CODEGEN] TypeMapper::map_type() - successfully got kind: Pointer (7)[0m
[0;36m[2025-10-18 17:58:33.310] [DEBUG] [CODEGEN] Successfully pre-registered function: Global::FreeListManager::find_free_block[0m
[0;36m[2025-10-18 17:58:33.310] [DEBUG] [CODEGEN] Pre-registering function: Global::HeapBlock::mark_allocated[0m
[0;36m[2025-10-18 17:58:33.310] [DEBUG] [CODEGEN] TypeMapper::map_type() - successfully got kind: Void (0)[0m
[0;36m[2025-10-18 17:58:33.310] [DEBUG] [CODEGEN] Successfully pre-registered function: Global::HeapBlock::mark_allocated[0m
[0;36m[2025-10-18 17:58:33.311] [DEBUG] [CODEGEN] Pre-registering function: Global::HeapManager::allocate[0m
[0;36m[2025-10-18 17:58:33.311] [DEBUG] [CODEGEN] TypeMapper::map_type() - successfully got kind: Integer (2)[0m
[0;36m[2025-10-18 17:58:33.311] [DEBUG] [CODEGEN] TypeMapper::map_type() - successfully got kind: Pointer (7)[0m
[0;36m[2025-10-18 17:58:33.311] [DEBUG] [CODEGEN] Successfully pre-registered function: Global::HeapManager::allocate[0m
[0;36m[2025-10-18 17:58:33.311] [DEBUG] [CODEGEN] Pre-registering function: Global::HeapBlock::is_free[0m
[0;36m[2025-10-18 17:58:33.311] [DEBUG] [CODEGEN] TypeMapper::map_type() - successfully got kind: Boolean (1)[0m
[0;36m[2025-10-18 17:58:33.311] [DEBUG] [CODEGEN] TypeMapper::map_type() - successfully got kind: Boolean (1)[0m
[0;36m[2025-10-18 17:58:33.311] [DEBUG] [CODEGEN] Successfully pre-registered function: Global::HeapBlock::is_free[0m
[0;36m[2025-10-18 17:58:33.311] [DEBUG] [CODEGEN] Pre-registering function: Global::FreeListManager::add_block[0m
[0;36m[2025-10-18 17:58:33.311] [DEBUG] [CODEGEN] TypeMapper::map_type() - successfully got kind: Pointer (7)[0m
[0;36m[2025-10-18 17:58:33.311] [DEBUG] [CODEGEN] TypeMapper::map_type() - successfully got kind: Void (0)[0m
[0;36m[2025-10-18 17:58:33.311] [DEBUG] [CODEGEN] Successfully pre-registered function: Global::FreeListManager::add_block[0m
[0;36m[2025-10-18 17:58:33.311] [DEBUG] [CODEGEN] Pre-registering function: Global::HeapBlock::HeapBlock[0m
[0;36m[2025-10-18 17:58:33.311] [DEBUG] [CODEGEN] TypeMapper::map_type() - successfully got kind: Integer (2)[0m
[0;36m[2025-10-18 17:58:33.311] [DEBUG] [CODEGEN] TypeMapper::map_type() - successfully got kind: Integer (2)[0m
[0;36m[2025-10-18 17:58:33.311] [DEBUG] [CODEGEN] TypeMapper::map_type() - successfully got kind: Void (0)[0m
[0;36m[2025-10-18 17:58:33.311] [DEBUG] [CODEGEN] Successfully pre-registered function: Global::HeapBlock::HeapBlock[0m
[0;36m[2025-10-18 17:58:33.311] [DEBUG] [CODEGEN] Pre-registering function: Global::HeapBlock::is_valid[0m
[0;36m[2025-10-18 17:58:33.311] [DEBUG] [CODEGEN] TypeMapper::map_type() - successfully got kind: Boolean (1)[0m
[0;36m[2025-10-18 17:58:33.311] [DEBUG] [CODEGEN] Successfully pre-registered function: Global::HeapBlock::is_valid[0m
[0;36m[2025-10-18 17:58:33.311] [DEBUG] [CODEGEN] Pre-registering function: Global::HeapBlock::is_allocated[0m
[0;36m[2025-10-18 17:58:33.311] [DEBUG] [CODEGEN] TypeMapper::map_type() - successfully got kind: Boolean (1)[0m
[0;36m[2025-10-18 17:58:33.311] [DEBUG] [CODEGEN] Successfully pre-registered function: Global::HeapBlock::is_allocated[0m
[0;36m[2025-10-18 17:58:33.311] [DEBUG] [CODEGEN] Pre-registering function: Global::HeapBlock::mark_free[0m
[0;36m[2025-10-18 17:58:33.311] [DEBUG] [CODEGEN] TypeMapper::map_type() - successfully got kind: Void (0)[0m
[0;36m[2025-10-18 17:58:33.311] [DEBUG] [CODEGEN] Successfully pre-registered function: Global::HeapBlock::mark_free[0m
[0;36m[2025-10-18 17:58:33.311] [DEBUG] [CODEGEN] Pre-registering function: Global::HeapManager::deallocate[0m
[0;36m[2025-10-18 17:58:33.311] [DEBUG] [CODEGEN] TypeMapper::map_type() - successfully got kind: Pointer (7)[0m
[0;36m[2025-10-18 17:58:33.311] [DEBUG] [CODEGEN] TypeMapper::map_type() - successfully got kind: Integer (2)[0m
[0;36m[2025-10-18 17:58:33.311] [DEBUG] [CODEGEN] Successfully pre-registered function: Global::HeapManager::deallocate[0m
[0;36m[2025-10-18 17:58:33.311] [DEBUG] [CODEGEN] Pre-registering function: cryo_assert[0m
[0;36m[2025-10-18 17:58:33.311] [DEBUG] [CODEGEN] TypeMapper::map_type() - successfully got kind: Boolean (1)[0m
[0;36m[2025-10-18 17:58:33.311] [DEBUG] [CODEGEN] TypeMapper::map_type() - successfully got kind: String (5)[0m
[0;36m[2025-10-18 17:58:33.311] [DEBUG] [CODEGEN] TypeMapper::map_type() - successfully got kind: Void (0)[0m
[0;36m[2025-10-18 17:58:33.311] [DEBUG] [CODEGEN] Successfully pre-registered function: cryo_assert[0m
[0;36m[2025-10-18 17:58:33.311] [DEBUG] [CODEGEN] Pre-registering function: Global::HeapManager::HeapManager[0m
[0;36m[2025-10-18 17:58:33.311] [DEBUG] [CODEGEN] TypeMapper::map_type() - successfully got kind: Void (0)[0m
[0;36m[2025-10-18 17:58:33.311] [DEBUG] [CODEGEN] Successfully pre-registered function: Global::HeapManager::HeapManager[0m
[0;36m[2025-10-18 17:58:33.311] [DEBUG] [CODEGEN] Pre-registering function: Global::RuntimeManager::get_last_error[0m
[0;36m[2025-10-18 17:58:33.311] [DEBUG] [CODEGEN] TypeMapper::map_type() - successfully got kind: Enum (14)[0m
[0;36m[2025-10-18 17:58:33.311] [DEBUG] [CODEGEN] Successfully pre-registered function: Global::RuntimeManager::get_last_error[0m
[0;36m[2025-10-18 17:58:33.311] [DEBUG] [CODEGEN] Pre-registering function: Global::FreeListManager::FreeListManager[0m
[0;36m[2025-10-18 17:58:33.311] [DEBUG] [CODEGEN] TypeMapper::map_type() - successfully got kind: Void (0)[0m
[0;36m[2025-10-18 17:58:33.311] [DEBUG] [CODEGEN] Successfully pre-registered function: Global::FreeListManager::FreeListManager[0m
[0;36m[2025-10-18 17:58:33.311] [DEBUG] [CODEGEN] Pre-registering function: Global::HeapManager::shutdown[0m
[0;36m[2025-10-18 17:58:33.311] [DEBUG] [CODEGEN] TypeMapper::map_type() - successfully got kind: Void (0)[0m
[0;36m[2025-10-18 17:58:33.311] [DEBUG] [CODEGEN] Successfully pre-registered function: Global::HeapManager::shutdown[0m
[0;36m[2025-10-18 17:58:33.311] [DEBUG] [CODEGEN] Pre-registering function: Global::HeapManager::align_size[0m
[0;36m[2025-10-18 17:58:33.311] [DEBUG] [CODEGEN] TypeMapper::map_type() - successfully got kind: Integer (2)[0m
[0;36m[2025-10-18 17:58:33.311] [DEBUG] [CODEGEN] TypeMapper::map_type() - successfully got kind: Integer (2)[0m
[0;36m[2025-10-18 17:58:33.311] [DEBUG] [CODEGEN] TypeMapper::map_type() - successfully got kind: Integer (2)[0m
[0;36m[2025-10-18 17:58:33.311] [DEBUG] [CODEGEN] Successfully pre-registered function: Global::HeapManager::align_size[0m
[0;36m[2025-10-18 17:58:33.311] [DEBUG] [CODEGEN] Pre-registering function: Global::HeapManager::get_block_from_ptr[0m
[0;36m[2025-10-18 17:58:33.311] [DEBUG] [CODEGEN] TypeMapper::map_type() - successfully got kind: Pointer (7)[0m
[0;36m[2025-10-18 17:58:33.311] [DEBUG] [CODEGEN] TypeMapper::map_type() - successfully got kind: Pointer (7)[0m
[0;36m[2025-10-18 17:58:33.311] [DEBUG] [CODEGEN] Successfully pre-registered function: Global::HeapManager::get_block_from_ptr[0m
[0;36m[2025-10-18 17:58:33.311] [DEBUG] [CODEGEN] Pre-registering function: Global::RuntimeManager::initialize[0m
[0;36m[2025-10-18 17:58:33.311] [DEBUG] [CODEGEN] TypeMapper::map_type() - successfully got kind: Enum (14)[0m
[0;36m[2025-10-18 17:58:33.311] [DEBUG] [CODEGEN] Successfully pre-registered function: Global::RuntimeManager::initialize[0m
[0;36m[2025-10-18 17:58:33.311] [DEBUG] [CODEGEN] Pre-registering function: Global::StatisticsManager::StatisticsManager[0m
[0;36m[2025-10-18 17:58:33.311] [DEBUG] [CODEGEN] TypeMapper::map_type() - successfully got kind: Void (0)[0m
[0;36m[2025-10-18 17:58:33.311] [DEBUG] [CODEGEN] Successfully pre-registered function: Global::StatisticsManager::StatisticsManager[0m
[0;36m[2025-10-18 17:58:33.311] [DEBUG] [CODEGEN] Pre-registering function: Global::RuntimeManager::deallocate[0m
[0;36m[2025-10-18 17:58:33.311] [DEBUG] [CODEGEN] TypeMapper::map_type() - successfully got kind: Pointer (7)[0m
[0;36m[2025-10-18 17:58:33.311] [DEBUG] [CODEGEN] TypeMapper::map_type() - successfully got kind: Void (0)[0m
[0;36m[2025-10-18 17:58:33.311] [DEBUG] [CODEGEN] Successfully pre-registered function: Global::RuntimeManager::deallocate[0m
[0;36m[2025-10-18 17:58:33.311] [DEBUG] [CODEGEN] Pre-registering function: Global::HeapManager::coalesce_block[0m
[0;36m[2025-10-18 17:58:33.312] [DEBUG] [CODEGEN] TypeMapper::map_type() - successfully got kind: Pointer (7)[0m
[0;36m[2025-10-18 17:58:33.312] [DEBUG] [CODEGEN] TypeMapper::map_type() - successfully got kind: Void (0)[0m
[0;36m[2025-10-18 17:58:33.312] [DEBUG] [CODEGEN] Successfully pre-registered function: Global::HeapManager::coalesce_block[0m
[0;36m[2025-10-18 17:58:33.312] [DEBUG] [CODEGEN] Pre-registering function: Global::StatisticsManager::print_stats[0m
[0;36m[2025-10-18 17:58:33.312] [DEBUG] [CODEGEN] TypeMapper::map_type() - successfully got kind: Void (0)[0m
[0;36m[2025-10-18 17:58:33.312] [DEBUG] [CODEGEN] Successfully pre-registered function: Global::StatisticsManager::print_stats[0m
[0;36m[2025-10-18 17:58:33.312] [DEBUG] [CODEGEN] Pre-registering function: Global::ErrorManager::set_error[0m
[0;36m[2025-10-18 17:58:33.312] [DEBUG] [CODEGEN] TypeMapper::map_type() - successfully got kind: Enum (14)[0m
[0;36m[2025-10-18 17:58:33.312] [DEBUG] [CODEGEN] TypeMapper::map_type() - successfully got kind: Void (0)[0m
[0;36m[2025-10-18 17:58:33.312] [DEBUG] [CODEGEN] Successfully pre-registered function: Global::ErrorManager::set_error[0m
[0;36m[2025-10-18 17:58:33.312] [DEBUG] [CODEGEN] Pre-registering function: Global::RuntimeManager::set_error[0m
[0;36m[2025-10-18 17:58:33.312] [DEBUG] [CODEGEN] TypeMapper::map_type() - successfully got kind: Enum (14)[0m
[0;36m[2025-10-18 17:58:33.312] [DEBUG] [CODEGEN] TypeMapper::map_type() - successfully got kind: Void (0)[0m
[0;36m[2025-10-18 17:58:33.312] [DEBUG] [CODEGEN] Successfully pre-registered function: Global::RuntimeManager::set_error[0m
[0;36m[2025-10-18 17:58:33.312] [DEBUG] [CODEGEN] Pre-registering function: Global::StatisticsManager::record_allocation[0m
[0;36m[2025-10-18 17:58:33.312] [DEBUG] [CODEGEN] TypeMapper::map_type() - successfully got kind: Integer (2)[0m
[0;36m[2025-10-18 17:58:33.312] [DEBUG] [CODEGEN] TypeMapper::map_type() - successfully got kind: Void (0)[0m
[0;36m[2025-10-18 17:58:33.312] [DEBUG] [CODEGEN] Successfully pre-registered function: Global::StatisticsManager::record_allocation[0m
[0;36m[2025-10-18 17:58:33.312] [DEBUG] [CODEGEN] Pre-registering function: Global::ErrorManager::get_error[0m
[0;36m[2025-10-18 17:58:33.312] [DEBUG] [CODEGEN] TypeMapper::map_type() - successfully got kind: Enum (14)[0m
[0;36m[2025-10-18 17:58:33.312] [DEBUG] [CODEGEN] Successfully pre-registered function: Global::ErrorManager::get_error[0m
[0;36m[2025-10-18 17:58:33.312] [DEBUG] [CODEGEN] Pre-registering function: cryo_free[0m
[0;36m[2025-10-18 17:58:33.312] [DEBUG] [CODEGEN] TypeMapper::map_type() - successfully got kind: Pointer (7)[0m
[0;36m[2025-10-18 17:58:33.312] [DEBUG] [CODEGEN] TypeMapper::map_type() - successfully got kind: Void (0)[0m
[0;36m[2025-10-18 17:58:33.312] [DEBUG] [CODEGEN] Successfully pre-registered function: cryo_free[0m
[0;36m[2025-10-18 17:58:33.312] [DEBUG] [CODEGEN] Pre-registering function: Global::ErrorManager::panic[0m
[0;36m[2025-10-18 17:58:33.312] [DEBUG] [CODEGEN] TypeMapper::map_type() - successfully got kind: String (5)[0m
[0;36m[2025-10-18 17:58:33.312] [DEBUG] [CODEGEN] TypeMapper::map_type() - successfully got kind: String (5)[0m
[0;36m[2025-10-18 17:58:33.312] [DEBUG] [CODEGEN] TypeMapper::map_type() - successfully got kind: Integer (2)[0m
[0;36m[2025-10-18 17:58:33.312] [DEBUG] [CODEGEN] TypeMapper::map_type() - successfully got kind: Void (0)[0m
[0;36m[2025-10-18 17:58:33.312] [DEBUG] [CODEGEN] Successfully pre-registered function: Global::ErrorManager::panic[0m
[0;36m[2025-10-18 17:58:33.312] [DEBUG] [CODEGEN] Pre-registering function: Global::RuntimeManager::allocate[0m
[0;36m[2025-10-18 17:58:33.312] [DEBUG] [CODEGEN] TypeMapper::map_type() - successfully got kind: Integer (2)[0m
[0;36m[2025-10-18 17:58:33.312] [DEBUG] [CODEGEN] TypeMapper::map_type() - successfully got kind: Pointer (7)[0m
[0;36m[2025-10-18 17:58:33.312] [DEBUG] [CODEGEN] Successfully pre-registered function: Global::RuntimeManager::allocate[0m
[0;36m[2025-10-18 17:58:33.312] [DEBUG] [CODEGEN] Pre-registering function: Global::RuntimeManager::shutdown[0m
[0;36m[2025-10-18 17:58:33.312] [DEBUG] [CODEGEN] TypeMapper::map_type() - successfully got kind: Void (0)[0m
[0;36m[2025-10-18 17:58:33.312] [DEBUG] [CODEGEN] Successfully pre-registered function: Global::RuntimeManager::shutdown[0m
[0;36m[2025-10-18 17:58:33.312] [DEBUG] [CODEGEN] Pre-registering function: Global::RuntimeManager::panic[0m
[0;36m[2025-10-18 17:58:33.312] [DEBUG] [CODEGEN] TypeMapper::map_type() - successfully got kind: String (5)[0m
[0;36m[2025-10-18 17:58:33.312] [DEBUG] [CODEGEN] TypeMapper::map_type() - successfully got kind: String (5)[0m
[0;36m[2025-10-18 17:58:33.312] [DEBUG] [CODEGEN] TypeMapper::map_type() - successfully got kind: Integer (2)[0m
[0;36m[2025-10-18 17:58:33.312] [DEBUG] [CODEGEN] TypeMapper::map_type() - successfully got kind: Void (0)[0m
[0;36m[2025-10-18 17:58:33.312] [DEBUG] [CODEGEN] Successfully pre-registered function: Global::RuntimeManager::panic[0m
[0;36m[2025-10-18 17:58:33.312] [DEBUG] [CODEGEN] Pre-registering function: cryo_alloc[0m
[0;36m[2025-10-18 17:58:33.312] [DEBUG] [CODEGEN] TypeMapper::map_type() - successfully got kind: Integer (2)[0m
[0;36m[2025-10-18 17:58:33.312] [DEBUG] [CODEGEN] TypeMapper::map_type() - successfully got kind: Pointer (7)[0m
[0;36m[2025-10-18 17:58:33.312] [DEBUG] [CODEGEN] Successfully pre-registered function: cryo_alloc[0m
[0;36m[2025-10-18 17:58:33.312] [DEBUG] [CODEGEN] Pre-registering function: cryo_realloc[0m
[0;36m[2025-10-18 17:58:33.312] [DEBUG] [CODEGEN] TypeMapper::map_type() - successfully got kind: Pointer (7)[0m
[0;36m[2025-10-18 17:58:33.312] [DEBUG] [CODEGEN] TypeMapper::map_type() - successfully got kind: Integer (2)[0m
[0;36m[2025-10-18 17:58:33.312] [DEBUG] [CODEGEN] TypeMapper::map_type() - successfully got kind: Pointer (7)[0m
[0;36m[2025-10-18 17:58:33.312] [DEBUG] [CODEGEN] Successfully pre-registered function: cryo_realloc[0m
[0;36m[2025-10-18 17:58:33.312] [DEBUG] [CODEGEN] Pre-registering function: Global::ErrorManager::ErrorManager[0m
[0;36m[2025-10-18 17:58:33.312] [DEBUG] [CODEGEN] TypeMapper::map_type() - successfully got kind: Void (0)[0m
[0;36m[2025-10-18 17:58:33.312] [DEBUG] [CODEGEN] Successfully pre-registered function: Global::ErrorManager::ErrorManager[0m
[0;36m[2025-10-18 17:58:33.312] [DEBUG] [CODEGEN] Pre-registering function: cryo_memcpy[0m
[0;36m[2025-10-18 17:58:33.312] [DEBUG] [CODEGEN] TypeMapper::map_type() - successfully got kind: Pointer (7)[0m
[0;36m[2025-10-18 17:58:33.312] [DEBUG] [CODEGEN] TypeMapper::map_type() - successfully got kind: Pointer (7)[0m
[0;36m[2025-10-18 17:58:33.312] [DEBUG] [CODEGEN] TypeMapper::map_type() - successfully got kind: Integer (2)[0m
[0;36m[2025-10-18 17:58:33.312] [DEBUG] [CODEGEN] TypeMapper::map_type() - successfully got kind: Pointer (7)[0m
[0;36m[2025-10-18 17:58:33.312] [DEBUG] [CODEGEN] Successfully pre-registered function: cryo_memcpy[0m
[0;36m[2025-10-18 17:58:33.312] [DEBUG] [CODEGEN] Pre-registration complete. Total functions registered: 45[0m
[0;36m[2025-10-18 17:58:33.312] [DEBUG] [GENERAL] Pass 2: Processing function bodies and references...[0m
[0;33m[2025-10-18 17:58:33.312] [WARN] [GENERAL] Variable 'DEFAULT_HEAP_SIZE' already declared in scope 'Global'[0m
[0;33m[2025-10-18 17:58:33.312] [WARN] [GENERAL] Variable 'MIN_BLOCK_SIZE' already declared in scope 'Global'[0m
[0;33m[2025-10-18 17:58:33.312] [WARN] [GENERAL] Variable 'BLOCK_ALIGNMENT' already declared in scope 'Global'[0m
[0;33m[2025-10-18 17:58:33.312] [WARN] [GENERAL] Variable 'HEAP_GUARD_SIZE' already declared in scope 'Global'[0m
[0;33m[2025-10-18 17:58:33.312] [WARN] [GENERAL] Variable 'BLOCK_FREE' already declared in scope 'Global'[0m
[0;33m[2025-10-18 17:58:33.312] [WARN] [GENERAL] Variable 'BLOCK_ALLOCATED' already declared in scope 'Global'[0m
[0;33m[2025-10-18 17:58:33.313] [WARN] [GENERAL] Variable 'BLOCK_MAGIC' already declared in scope 'Global'[0m
[0;33m[2025-10-18 17:58:33.313] [WARN] [GENERAL] Variable 'g_runtime_manager' already declared in scope 'Global'[0m
[0;36m[2025-10-18 17:58:33.313] [DEBUG] [GENERAL] Added variable 'ptr' to scope 'cryo_alloc' with type 'void*'[0m
[0;36m[2025-10-18 17:58:33.313] [DEBUG] [GENERAL] Added variable 'init_result' to scope 'main' with type 'RuntimeError'[0m
[0;36m[2025-10-18 17:58:33.313] [DEBUG] [GENERAL] Added variable 'user_result' to scope 'main' with type 'int'[0m
[0;36m[2025-10-18 17:58:33.313] [DEBUG] [GENERAL] Loading intrinsic symbols into type checker...[0m
[0;36m[2025-10-18 17:58:33.313] [DEBUG] [AST] Loading intrinsic symbols into TypeChecker...[0m
[0;36m[2025-10-18 17:58:33.313] [DEBUG] [AST] Copied 0 intrinsic symbols to TypeChecker symbol table[0m
[0;36m[2025-10-18 17:58:33.313] [DEBUG] [GENERAL] Loading runtime symbols into type checker...[0m
[0;36m[2025-10-18 17:58:33.313] [DEBUG] [AST] Loading runtime symbols into TypeChecker...[0m
[0;36m[2025-10-18 17:58:33.313] [DEBUG] [AST] Main symbol table contains 64 symbols:[0m
[0;36m[2025-10-18 17:58:33.313] [DEBUG] [AST]   - init_result (kind: 0)[0m
[0;36m[2025-10-18 17:58:33.313] [DEBUG] [AST]   - ptr (kind: 0)[0m
[0;36m[2025-10-18 17:58:33.313] [DEBUG] [AST]   - main (kind: 1)[0m
[0;36m[2025-10-18 17:58:33.313] [DEBUG] [AST]   - Global::HeapManager::initialize (kind: 1)[0m
[0;36m[2025-10-18 17:58:33.313] [DEBUG] [AST]   - Global::StatisticsManager::record_deallocation (kind: 1)[0m
[0;36m[2025-10-18 17:58:33.313] [DEBUG] [AST]   - cryo_panic (kind: 1)[0m
[0;36m[2025-10-18 17:58:33.313] [DEBUG] [AST]   - user_result (kind: 0)[0m
[0;36m[2025-10-18 17:58:33.313] [DEBUG] [AST]   - HeapManager (kind: 3)[0m
[0;36m[2025-10-18 17:58:33.313] [DEBUG] [AST]   - Global::FreeListManager::remove_block (kind: 1)[0m
[0;36m[2025-10-18 17:58:33.313] [DEBUG] [AST]   - FreeListManager (kind: 3)[0m
[0;36m[2025-10-18 17:58:33.313] [DEBUG] [AST]   - BLOCK_FREE (kind: 0)[0m
[0;36m[2025-10-18 17:58:33.313] [DEBUG] [AST]   - _user_main_ (kind: 1)[0m
[0;36m[2025-10-18 17:58:33.313] [DEBUG] [AST]   - Global::HeapBlock::split (kind: 1)[0m
[0;36m[2025-10-18 17:58:33.313] [DEBUG] [AST]   - Global::HeapBlock::get_user_data_ptr (kind: 1)[0m
[0;36m[2025-10-18 17:58:33.313] [DEBUG] [AST]   - Global::RuntimeManager::RuntimeManager (kind: 1)[0m
[0;36m[2025-10-18 17:58:33.313] [DEBUG] [AST]   - Global::HeapManager::reallocate (kind: 1)[0m
[0;36m[2025-10-18 17:58:33.313] [DEBUG] [AST]   - Global::FreeListManager::find_free_block (kind: 1)[0m
[0;36m[2025-10-18 17:58:33.313] [DEBUG] [AST]   - Global::HeapBlock::mark_allocated (kind: 1)[0m
[0;36m[2025-10-18 17:58:33.313] [DEBUG] [AST]   - Global::HeapManager::allocate (kind: 1)[0m
[0;36m[2025-10-18 17:58:33.313] [DEBUG] [AST]   - Global::HeapBlock::is_free (kind: 1)[0m
[0;36m[2025-10-18 17:58:33.313] [DEBUG] [AST]   - Global::FreeListManager::add_block (kind: 1)[0m
[0;36m[2025-10-18 17:58:33.313] [DEBUG] [AST]   - MIN_BLOCK_SIZE (kind: 0)[0m
[0;36m[2025-10-18 17:58:33.313] [DEBUG] [AST]   - Global::HeapBlock::HeapBlock (kind: 1)[0m
[0;36m[2025-10-18 17:58:33.313] [DEBUG] [AST]   - Global::HeapBlock::is_valid (kind: 1)[0m
[0;36m[2025-10-18 17:58:33.313] [DEBUG] [AST]   - DEFAULT_HEAP_SIZE (kind: 0)[0m
[0;36m[2025-10-18 17:58:33.313] [DEBUG] [AST]   - Global::HeapBlock::is_allocated (kind: 1)[0m
[0;36m[2025-10-18 17:58:33.313] [DEBUG] [AST]   - Global::HeapBlock::mark_free (kind: 1)[0m
[0;36m[2025-10-18 17:58:33.313] [DEBUG] [AST]   - Global::HeapManager::deallocate (kind: 1)[0m
[0;36m[2025-10-18 17:58:33.313] [DEBUG] [AST]   - cryo_assert (kind: 1)[0m
[0;36m[2025-10-18 17:58:33.313] [DEBUG] [AST]   - HeapBlock (kind: 3)[0m
[0;36m[2025-10-18 17:58:33.313] [DEBUG] [AST]   - BLOCK_ALIGNMENT (kind: 0)[0m
[0;36m[2025-10-18 17:58:33.313] [DEBUG] [AST]   - HEAP_GUARD_SIZE (kind: 0)[0m
[0;36m[2025-10-18 17:58:33.313] [DEBUG] [AST]   - g_runtime_manager (kind: 0)[0m
[0;36m[2025-10-18 17:58:33.313] [DEBUG] [AST]   - Global::HeapManager::HeapManager (kind: 1)[0m
[0;36m[2025-10-18 17:58:33.313] [DEBUG] [AST]   - BLOCK_MAGIC (kind: 0)[0m
[0;36m[2025-10-18 17:58:33.313] [DEBUG] [AST]   - BLOCK_ALLOCATED (kind: 0)[0m
[0;36m[2025-10-18 17:58:33.313] [DEBUG] [AST]   - Global::RuntimeManager::get_last_error (kind: 1)[0m
[0;36m[2025-10-18 17:58:33.313] [DEBUG] [AST]   - RuntimeState (kind: 3)[0m
[0;36m[2025-10-18 17:58:33.313] [DEBUG] [AST]   - Global::FreeListManager::FreeListManager (kind: 1)[0m
[0;36m[2025-10-18 17:58:33.313] [DEBUG] [AST]   - Global::HeapManager::shutdown (kind: 1)[0m
[0;36m[2025-10-18 17:58:33.313] [DEBUG] [AST]   - RuntimeError (kind: 3)[0m
[0;36m[2025-10-18 17:58:33.313] [DEBUG] [AST]   - Global::HeapManager::align_size (kind: 1)[0m
[0;36m[2025-10-18 17:58:33.313] [DEBUG] [AST]   - Global::HeapManager::get_block_from_ptr (kind: 1)[0m
[0;36m[2025-10-18 17:58:33.313] [DEBUG] [AST]   - StatisticsManager (kind: 3)[0m
[0;36m[2025-10-18 17:58:33.314] [DEBUG] [AST]   - Global::RuntimeManager::initialize (kind: 1)[0m
[0;36m[2025-10-18 17:58:33.314] [DEBUG] [AST]   - Global::StatisticsManager::StatisticsManager (kind: 1)[0m
[0;36m[2025-10-18 17:58:33.314] [DEBUG] [AST]   - Global::RuntimeManager::deallocate (kind: 1)[0m
[0;36m[2025-10-18 17:58:33.314] [DEBUG] [AST]   - Global::HeapManager::coalesce_block (kind: 1)[0m
[0;36m[2025-10-18 17:58:33.314] [DEBUG] [AST]   - Global::StatisticsManager::print_stats (kind: 1)[0m
[0;36m[2025-10-18 17:58:33.314] [DEBUG] [AST]   - ErrorManager (kind: 3)[0m
[0;36m[2025-10-18 17:58:33.314] [DEBUG] [AST]   - Global::ErrorManager::set_error (kind: 1)[0m
[0;36m[2025-10-18 17:58:33.314] [DEBUG] [AST]   - Global::RuntimeManager::set_error (kind: 1)[0m
[0;36m[2025-10-18 17:58:33.314] [DEBUG] [AST]   - Global::StatisticsManager::record_allocation (kind: 1)[0m
[0;36m[2025-10-18 17:58:33.314] [DEBUG] [AST]   - Global::ErrorManager::get_error (kind: 1)[0m
[0;36m[2025-10-18 17:58:33.314] [DEBUG] [AST]   - cryo_free (kind: 1)[0m
[0;36m[2025-10-18 17:58:33.314] [DEBUG] [AST]   - Global::ErrorManager::panic (kind: 1)[0m
[0;36m[2025-10-18 17:58:33.314] [DEBUG] [AST]   - RuntimeManager (kind: 3)[0m
[0;36m[2025-10-18 17:58:33.314] [DEBUG] [AST]   - Global::RuntimeManager::allocate (kind: 1)[0m
[0;36m[2025-10-18 17:58:33.314] [DEBUG] [AST]   - Global::RuntimeManager::shutdown (kind: 1)[0m
[0;36m[2025-10-18 17:58:33.314] [DEBUG] [AST]   - Global::RuntimeManager::panic (kind: 1)[0m
[0;36m[2025-10-18 17:58:33.314] [DEBUG] [AST]   - cryo_alloc (kind: 1)[0m
[0;36m[2025-10-18 17:58:33.314] [DEBUG] [AST]   - cryo_realloc (kind: 1)[0m
[0;36m[2025-10-18 17:58:33.314] [DEBUG] [AST]   - Global::ErrorManager::ErrorManager (kind: 1)[0m
[0;36m[2025-10-18 17:58:33.314] [DEBUG] [AST]   - cryo_memcpy (kind: 1)[0m
[0;36m[2025-10-18 17:58:33.314] [DEBUG] [AST] std::Runtime namespace not found[0m
[0;36m[2025-10-18 17:58:33.314] [DEBUG] [AST] Available namespaces:[0m
[0;36m[2025-10-18 17:58:33.314] [DEBUG] [AST]   - std::core::Types (6 symbols)[0m
[0;36m[2025-10-18 17:58:33.314] [DEBUG] [AST]   - Intrinsics (130 symbols)[0m
[0;36m[2025-10-18 17:58:33.314] [DEBUG] [AST] Copied 0 runtime symbols to TypeChecker symbol table[0m
[0;36m[2025-10-18 17:58:33.314] [DEBUG] [AST] NOTE: Runtime functions will be resolved via std::Runtime namespace during function calls[0m
[0;36m[2025-10-18 17:58:33.314] [DEBUG] [GENERAL] Loading user-defined symbols into type checker...[0m
[0;36m[2025-10-18 17:58:33.314] [DEBUG] [AST] Loading user-defined symbols into TypeChecker...[0m
[0;36m[2025-10-18 17:58:33.314] [DEBUG] [AST] Loaded user function: main[0m
[0;36m[2025-10-18 17:58:33.314] [DEBUG] [AST] Loaded user function: Global::HeapManager::initialize[0m
[0;36m[2025-10-18 17:58:33.314] [DEBUG] [AST] Loaded user function: Global::StatisticsManager::record_deallocation[0m
[0;36m[2025-10-18 17:58:33.314] [DEBUG] [AST] Loaded user function: cryo_panic[0m
[0;36m[2025-10-18 17:58:33.314] [DEBUG] [AST] Loaded user function: Global::FreeListManager::remove_block[0m
[0;36m[2025-10-18 17:58:33.314] [DEBUG] [AST] Loaded user function: _user_main_[0m
[0;36m[2025-10-18 17:58:33.314] [DEBUG] [AST] Loaded user function: Global::HeapBlock::split[0m
[0;36m[2025-10-18 17:58:33.314] [DEBUG] [AST] Loaded user function: Global::HeapBlock::get_user_data_ptr[0m
[0;36m[2025-10-18 17:58:33.314] [DEBUG] [AST] Loaded user function: Global::RuntimeManager::RuntimeManager[0m
[0;36m[2025-10-18 17:58:33.314] [DEBUG] [AST] Loaded user function: Global::HeapManager::reallocate[0m
[0;36m[2025-10-18 17:58:33.314] [DEBUG] [AST] Loaded user function: Global::FreeListManager::find_free_block[0m
[0;36m[2025-10-18 17:58:33.314] [DEBUG] [AST] Loaded user function: Global::HeapBlock::mark_allocated[0m
[0;36m[2025-10-18 17:58:33.314] [DEBUG] [AST] Loaded user function: Global::HeapManager::allocate[0m
[0;36m[2025-10-18 17:58:33.314] [DEBUG] [AST] Loaded user function: Global::HeapBlock::is_free[0m
[0;36m[2025-10-18 17:58:33.314] [DEBUG] [AST] Loaded user function: Global::FreeListManager::add_block[0m
[0;36m[2025-10-18 17:58:33.314] [DEBUG] [AST] Loaded user function: Global::HeapBlock::HeapBlock[0m
[0;36m[2025-10-18 17:58:33.314] [DEBUG] [AST] Loaded user function: Global::HeapBlock::is_valid[0m
[0;36m[2025-10-18 17:58:33.314] [DEBUG] [AST] Loaded user function: Global::HeapBlock::is_allocated[0m
[0;36m[2025-10-18 17:58:33.314] [DEBUG] [AST] Loaded user function: Global::HeapBlock::mark_free[0m
[0;36m[2025-10-18 17:58:33.314] [DEBUG] [AST] Loaded user function: Global::HeapManager::deallocate[0m
[0;36m[2025-10-18 17:58:33.314] [DEBUG] [AST] Loaded user function: cryo_assert[0m
[0;36m[2025-10-18 17:58:33.314] [DEBUG] [AST] Loaded user function: Global::HeapManager::HeapManager[0m
[0;36m[2025-10-18 17:58:33.314] [DEBUG] [AST] Loaded user function: Global::RuntimeManager::get_last_error[0m
[0;36m[2025-10-18 17:58:33.314] [DEBUG] [AST] Loaded user function: Global::FreeListManager::FreeListManager[0m
[0;36m[2025-10-18 17:58:33.314] [DEBUG] [AST] Loaded user function: Global::HeapManager::shutdown[0m
[0;36m[2025-10-18 17:58:33.314] [DEBUG] [AST] Loaded user function: Global::HeapManager::align_size[0m
[0;36m[2025-10-18 17:58:33.314] [DEBUG] [AST] Loaded user function: Global::HeapManager::get_block_from_ptr[0m
[0;36m[2025-10-18 17:58:33.314] [DEBUG] [AST] Loaded user function: Global::RuntimeManager::initialize[0m
[0;36m[2025-10-18 17:58:33.314] [DEBUG] [AST] Loaded user function: Global::StatisticsManager::StatisticsManager[0m
[0;36m[2025-10-18 17:58:33.314] [DEBUG] [AST] Loaded user function: Global::RuntimeManager::deallocate[0m
[0;36m[2025-10-18 17:58:33.314] [DEBUG] [AST] Loaded user function: Global::HeapManager::coalesce_block[0m
[0;36m[2025-10-18 17:58:33.314] [DEBUG] [AST] Loaded user function: Global::StatisticsManager::print_stats[0m
[0;36m[2025-10-18 17:58:33.314] [DEBUG] [AST] Loaded user function: Global::ErrorManager::set_error[0m
[0;36m[2025-10-18 17:58:33.314] [DEBUG] [AST] Loaded user function: Global::RuntimeManager::set_error[0m
[0;36m[2025-10-18 17:58:33.314] [DEBUG] [AST] Loaded user function: Global::StatisticsManager::record_allocation[0m
[0;36m[2025-10-18 17:58:33.314] [DEBUG] [AST] Loaded user function: Global::ErrorManager::get_error[0m
[0;36m[2025-10-18 17:58:33.314] [DEBUG] [AST] Loaded user function: cryo_free[0m
[0;36m[2025-10-18 17:58:33.314] [DEBUG] [AST] Loaded user function: Global::ErrorManager::panic[0m
[0;36m[2025-10-18 17:58:33.314] [DEBUG] [AST] Loaded user function: Global::RuntimeManager::allocate[0m
[0;36m[2025-10-18 17:58:33.314] [DEBUG] [AST] Loaded user function: Global::RuntimeManager::shutdown[0m
[0;36m[2025-10-18 17:58:33.314] [DEBUG] [AST] Loaded user function: Global::RuntimeManager::panic[0m
[0;36m[2025-10-18 17:58:33.315] [DEBUG] [AST] Loaded user function: cryo_alloc[0m
[0;36m[2025-10-18 17:58:33.315] [DEBUG] [AST] Loaded user function: cryo_realloc[0m
[0;36m[2025-10-18 17:58:33.315] [DEBUG] [AST] Loaded user function: Global::ErrorManager::ErrorManager[0m
[0;36m[2025-10-18 17:58:33.315] [DEBUG] [AST] Loaded user function: cryo_memcpy[0m
[0;36m[2025-10-18 17:58:33.315] [DEBUG] [AST] Copied 45 user symbols to TypeChecker symbol table[0m
[0;36m[2025-10-18 17:58:33.315] [DEBUG] [GENERAL] Processing imported modules for AST node updates...[0m
[0;36m[2025-10-18 17:58:33.315] [DEBUG] [AST] Processing 2 imported modules for AST node updates[0m
[0;36m[2025-10-18 17:58:33.315] [DEBUG] [AST] Processing imported module: std::core::Types[0m
[0;36m[2025-10-18 17:58:33.315] [DEBUG] [AST] Module has 55 statements[0m
[0;36m[2025-10-18 17:58:33.315] [DEBUG] [AST] Set source context to: std::core::Types.cryo[0m
[0;36m[2025-10-18 17:58:33.315] [DEBUG] [AST] Processing statement 1 in module std::core::Types[0m
[0;36m[2025-10-18 17:58:33.315] [DEBUG] [AST] Processing statement 2 in module std::core::Types[0m
[0;36m[2025-10-18 17:58:33.315] [DEBUG] [AST] Processing statement 3 in module std::core::Types[0m
[0;36m[2025-10-18 17:58:33.315] [DEBUG] [AST] Processing statement 4 in module std::core::Types[0m
[0;36m[2025-10-18 17:58:33.315] [DEBUG] [AST] Processing statement 5 in module std::core::Types[0m
[0;36m[2025-10-18 17:58:33.315] [DEBUG] [AST] Processing statement 6 in module std::core::Types[0m
[0;36m[2025-10-18 17:58:33.315] [DEBUG] [AST] Processing statement 7 in module std::core::Types[0m
[0;36m[2025-10-18 17:58:33.315] [DEBUG] [AST] Processing statement 8 in module std::core::Types[0m
[0;36m[2025-10-18 17:58:33.315] [DEBUG] [AST] Processing statement 9 in module std::core::Types[0m
[0;36m[2025-10-18 17:58:33.315] [DEBUG] [AST] Processing statement 10 in module std::core::Types[0m
[0;36m[2025-10-18 17:58:33.315] [DEBUG] [AST] Processing statement 11 in module std::core::Types[0m
[0;36m[2025-10-18 17:58:33.315] [DEBUG] [AST] Processing statement 12 in module std::core::Types[0m
[0;36m[2025-10-18 17:58:33.315] [DEBUG] [AST] Processing statement 13 in module std::core::Types[0m
[0;36m[2025-10-18 17:58:33.315] [DEBUG] [AST] Processing statement 14 in module std::core::Types[0m
[0;36m[2025-10-18 17:58:33.315] [DEBUG] [AST] Processing statement 15 in module std::core::Types[0m
[0;36m[2025-10-18 17:58:33.315] [DEBUG] [AST] Processing statement 16 in module std::core::Types[0m
[0;36m[2025-10-18 17:58:33.315] [DEBUG] [AST] Generic type alias: ptr<T> = T*[0m
[0;36m[2025-10-18 17:58:33.315] [DEBUG] [AST] Processing statement 17 in module std::core::Types[0m
[0;36m[2025-10-18 17:58:33.315] [DEBUG] [AST] Generic type alias: const_ptr<T> = const T*[0m
[0;36m[2025-10-18 17:58:33.315] [DEBUG] [AST] Processing statement 18 in module std::core::Types[0m
[0;36m[2025-10-18 17:58:33.315] [DEBUG] [AST] resolve_type_with_generic_context: 'u64'[0m
[0;36m[2025-10-18 17:58:33.315] [DEBUG] [AST] Attempting direct type lookup for 'u64'[0m
[0;36m[2025-10-18 17:58:33.315] [DEBUG] [AST] Trying TypeContext token-based parsing first...[0m
[0;36m[2025-10-18 17:58:33.315] [DEBUG] [AST] TypeContext::get_integer_type() called with kind=u64 is_signed=0[0m
[0;36m[2025-10-18 17:58:33.315] [DEBUG] [AST] Token parsing result for 'u64': u64 (kind=2)[0m
[0;36m[2025-10-18 17:58:33.315] [DEBUG] [AST] Successfully parsed 'u64' via TypeContext (token-based parsing)[0m
[0;33m[2025-10-18 17:58:33.315] [WARN] [AST] FunctionType: Avoiding virtual function calls due to potential Type corruption, using 'void'[0m
[0;36m[2025-10-18 17:58:33.315] [DEBUG] [AST] Created function type for 'length' - is_variadic: 0[0m
[0;36m[2025-10-18 17:58:33.315] [DEBUG] [AST] Not found in main symbols, checking namespaces...[0m
[0;36m[2025-10-18 17:58:33.315] [DEBUG] [AST] Class Intrinsics not found in namespace std[0m
[0;36m[2025-10-18 17:58:33.315] [DEBUG] [AST] Looking up scope symbol 'std::Intrinsics'[0m
[0;36m[2025-10-18 17:58:33.315] [DEBUG] [AST] Scope symbol 'std::Intrinsics' not found[0m
[0;36m[2025-10-18 17:58:33.315] [DEBUG] [AST] TypeContext::create_pointer_type() - created new pointer type: string*[0m
[0;36m[2025-10-18 17:58:33.315] [DEBUG] [AST] Set 'this' type to: string*[0m
[0;36m[2025-10-18 17:58:33.315] [DEBUG] [AST] Assignment compatibility check: u64 = unknown (TypeKinds: 2 vs 28)[0m
[0;33m[2025-10-18 17:58:33.315] [WARN] [AST] FunctionType: Avoiding virtual function calls due to potential Type corruption, using 'void'[0m
[0;36m[2025-10-18 17:58:33.315] [DEBUG] [AST] Processing statement 19 in module std::core::Types[0m
[0;36m[2025-10-18 17:58:33.315] [DEBUG] [AST] Entering generic context for 'Array' with parameters: T[0m
[0;36m[2025-10-18 17:58:33.315] [DEBUG] [AST] TypeContext::get_class_type() called with name='Array'[0m
[0;36m[2025-10-18 17:58:33.315] [DEBUG] [AST] TypeContext::get_class_type() - creating new class type for 'Array'[0m
[0;36m[2025-10-18 17:58:33.315] [DEBUG] [AST] TypeContext::get_class_type() - successfully created class type for 'Array'[0m
[0;36m[2025-10-18 17:58:33.315] [DEBUG] [AST] Processing struct field 'elements' with resolved type: T, is_in_generic_context: 1, generic_context_stack_size: 1[0m
[0;36m[2025-10-18 17:58:33.315] [DEBUG] [AST] StructField registration check for 'elements': current_struct='Array', field_type=T, kind=10[0m
[0;36m[2025-10-18 17:58:33.315] [DEBUG] [AST] Registered struct field 'elements' of type 'T' in struct/class 'Array'[0m
[0;36m[2025-10-18 17:58:33.315] [DEBUG] [AST] Processing struct field 'length' with resolved type: u64, is_in_generic_context: 1, generic_context_stack_size: 1[0m
[0;36m[2025-10-18 17:58:33.315] [DEBUG] [AST] StructField registration check for 'length': current_struct='Array', field_type=u64, kind=2[0m
[0;36m[2025-10-18 17:58:33.315] [DEBUG] [AST] Registered struct field 'length' of type 'u64' in struct/class 'Array'[0m
[0;36m[2025-10-18 17:58:33.315] [DEBUG] [AST] Processing struct field 'capacity' with resolved type: u64, is_in_generic_context: 1, generic_context_stack_size: 1[0m
[0;36m[2025-10-18 17:58:33.315] [DEBUG] [AST] StructField registration check for 'capacity': current_struct='Array', field_type=u64, kind=2[0m
[0;36m[2025-10-18 17:58:33.315] [DEBUG] [AST] Registered struct field 'capacity' of type 'u64' in struct/class 'Array'[0m
[0;33m[2025-10-18 17:58:33.315] [WARN] [AST] FunctionType: Avoiding virtual function calls on parameter type at index 0 due to potential Type corruption, using 'void'[0m
[0;33m[2025-10-18 17:58:33.315] [WARN] [AST] FunctionType: Avoiding virtual function calls due to potential Type corruption, using 'void'[0m
[0;36m[2025-10-18 17:58:33.315] [DEBUG] [AST] VariableDeclarationNode 'literal_elements' has type annotation: 'T' (current_struct: 'Array')[0m
[0;36m[2025-10-18 17:58:33.316] [DEBUG] [AST] resolve_type_with_generic_context: 'T'[0m
[0;36m[2025-10-18 17:58:33.316] [DEBUG] [AST] 'T' is a generic parameter, creating generic type[0m
[0;36m[2025-10-18 17:58:33.316] [DEBUG] [AST] SKIPPED field registration for 'literal_elements': function parameter in struct 'Array' (in_function=1)[0m
[0;36m[2025-10-18 17:58:33.316] [DEBUG] [AST] Visiting MemberAccessNode: member='length'[0m
[0;36m[2025-10-18 17:58:33.316] [DEBUG] [AST] TypeContext::create_pointer_type() - created new pointer type: Array*[0m
[0;36m[2025-10-18 17:58:33.316] [DEBUG] [AST] Set 'this' type to: Array*[0m
[0;36m[2025-10-18 17:58:33.316] [DEBUG] [AST] Member 'length' - using resolved type: Array*[0m
[0;36m[2025-10-18 17:58:33.316] [DEBUG] [AST] Object type name: 'Array*', kind: 7, checking if pointer[0m
[0;36m[2025-10-18 17:58:33.316] [DEBUG] [AST] Dereferencing pointer type to access member 'length' on type 'Array'[0m
[0;36m[2025-10-18 17:58:33.316] [DEBUG] [AST] Looking up field 'length' in struct 'Array'[0m
[0;36m[2025-10-18 17:58:33.316] [DEBUG] [AST] Found struct 'Array' in _struct_fields with 3 fields[0m
[0;36m[2025-10-18 17:58:33.316] [DEBUG] [AST] TypeContext::get_integer_type() called with kind=int is_signed=1[0m
[0;36m[2025-10-18 17:58:33.316] [DEBUG] [AST] TypeContext::get_integer_type() called with kind=u64 is_signed=0[0m
[0;36m[2025-10-18 17:58:33.316] [DEBUG] [AST] Assignment compatibility check: u64 = u64 (TypeKinds: 2 vs 2)[0m
[0;36m[2025-10-18 17:58:33.316] [DEBUG] [AST] Visiting MemberAccessNode: member='capacity'[0m
[0;36m[2025-10-18 17:58:33.316] [DEBUG] [AST] Set 'this' type to: Array*[0m
[0;36m[2025-10-18 17:58:33.316] [DEBUG] [AST] Member 'capacity' - using resolved type: Array*[0m
[0;36m[2025-10-18 17:58:33.316] [DEBUG] [AST] Object type name: 'Array*', kind: 7, checking if pointer[0m
[0;36m[2025-10-18 17:58:33.316] [DEBUG] [AST] Dereferencing pointer type to access member 'capacity' on type 'Array'[0m
[0;36m[2025-10-18 17:58:33.316] [DEBUG] [AST] Looking up field 'capacity' in struct 'Array'[0m
[0;36m[2025-10-18 17:58:33.316] [DEBUG] [AST] Found struct 'Array' in _struct_fields with 3 fields[0m
[0;36m[2025-10-18 17:58:33.316] [DEBUG] [AST] Visiting MemberAccessNode: member='length'[0m
[0;36m[2025-10-18 17:58:33.316] [DEBUG] [AST] Set 'this' type to: Array*[0m
[0;36m[2025-10-18 17:58:33.316] [DEBUG] [AST] Member 'length' - using resolved type: Array*[0m
[0;36m[2025-10-18 17:58:33.316] [DEBUG] [AST] Object type name: 'Array*', kind: 7, checking if pointer[0m
[0;36m[2025-10-18 17:58:33.316] [DEBUG] [AST] Dereferencing pointer type to access member 'length' on type 'Array'[0m
[0;36m[2025-10-18 17:58:33.316] [DEBUG] [AST] Looking up field 'length' in struct 'Array'[0m
[0;36m[2025-10-18 17:58:33.316] [DEBUG] [AST] Found struct 'Array' in _struct_fields with 3 fields[0m
[0;36m[2025-10-18 17:58:33.316] [DEBUG] [AST] Assignment compatibility check: u64 = u64 (TypeKinds: 2 vs 2)[0m
[0;36m[2025-10-18 17:58:33.316] [DEBUG] [AST] Visiting MemberAccessNode: member='elements'[0m
[0;36m[2025-10-18 17:58:33.316] [DEBUG] [AST] Set 'this' type to: Array*[0m
[0;36m[2025-10-18 17:58:33.316] [DEBUG] [AST] Member 'elements' - using resolved type: Array*[0m
[0;36m[2025-10-18 17:58:33.316] [DEBUG] [AST] Object type name: 'Array*', kind: 7, checking if pointer[0m
[0;36m[2025-10-18 17:58:33.316] [DEBUG] [AST] Dereferencing pointer type to access member 'elements' on type 'Array'[0m
[0;36m[2025-10-18 17:58:33.316] [DEBUG] [AST] Looking up field 'elements' in struct 'Array'[0m
[0;36m[2025-10-18 17:58:33.316] [DEBUG] [AST] Found struct 'Array' in _struct_fields with 3 fields[0m
[0;36m[2025-10-18 17:58:33.316] [DEBUG] [AST] Assignment compatibility check: T = T (TypeKinds: 10 vs 16)[0m
[0;33m[2025-10-18 17:58:33.316] [WARN] [AST] FunctionType: Avoiding virtual function calls on parameter type at index 0 due to potential Type corruption, using 'void'[0m
[0;33m[2025-10-18 17:58:33.316] [WARN] [AST] FunctionType: Avoiding virtual function calls due to potential Type corruption, using 'void'[0m
[0;36m[2025-10-18 17:58:33.316] [DEBUG] [AST] resolve_type_with_generic_context: 'u64'[0m
[0;36m[2025-10-18 17:58:33.316] [DEBUG] [AST] Attempting direct type lookup for 'u64'[0m
[0;36m[2025-10-18 17:58:33.316] [DEBUG] [AST] Trying TypeContext token-based parsing first...[0m
[0;36m[2025-10-18 17:58:33.316] [DEBUG] [AST] TypeContext::get_integer_type() called with kind=u64 is_signed=0[0m
[0;36m[2025-10-18 17:58:33.316] [DEBUG] [AST] Token parsing result for 'u64': u64 (kind=2)[0m
[0;36m[2025-10-18 17:58:33.316] [DEBUG] [AST] Successfully parsed 'u64' via TypeContext (token-based parsing)[0m
[0;33m[2025-10-18 17:58:33.316] [WARN] [AST] FunctionType: Avoiding virtual function calls due to potential Type corruption, using 'void'[0m
[0;36m[2025-10-18 17:58:33.316] [DEBUG] [AST] Created function type for 'size' - is_variadic: 0[0m
[0;36m[2025-10-18 17:58:33.316] [DEBUG] [AST] Not found in main symbols, checking namespaces...[0m
[0;36m[2025-10-18 17:58:33.316] [DEBUG] [AST] Visiting MemberAccessNode: member='length'[0m
[0;36m[2025-10-18 17:58:33.316] [DEBUG] [AST] Set 'this' type to: Array*[0m
[0;36m[2025-10-18 17:58:33.316] [DEBUG] [AST] Member 'length' - using resolved type: Array*[0m
[0;36m[2025-10-18 17:58:33.316] [DEBUG] [AST] Object type name: 'Array*', kind: 7, checking if pointer[0m
[0;36m[2025-10-18 17:58:33.316] [DEBUG] [AST] Dereferencing pointer type to access member 'length' on type 'Array'[0m
[0;36m[2025-10-18 17:58:33.316] [DEBUG] [AST] Looking up field 'length' in struct 'Array'[0m
[0;36m[2025-10-18 17:58:33.316] [DEBUG] [AST] Found struct 'Array' in _struct_fields with 3 fields[0m
[0;36m[2025-10-18 17:58:33.316] [DEBUG] [AST] Assignment compatibility check: u64 = u64 (TypeKinds: 2 vs 2)[0m
[0;33m[2025-10-18 17:58:33.316] [WARN] [AST] FunctionType: Avoiding virtual function calls due to potential Type corruption, using 'void'[0m
[0;36m[2025-10-18 17:58:33.316] [DEBUG] [AST] resolve_type_with_generic_context: 'void'[0m
[0;36m[2025-10-18 17:58:33.316] [DEBUG] [AST] Attempting direct type lookup for 'void'[0m
[0;36m[2025-10-18 17:58:33.316] [DEBUG] [AST] Trying TypeContext token-based parsing first...[0m
[0;36m[2025-10-18 17:58:33.316] [DEBUG] [AST] Token parsing result for 'void': void (kind=0)[0m
[0;36m[2025-10-18 17:58:33.316] [DEBUG] [AST] Successfully parsed 'void' via TypeContext (token-based parsing)[0m
[0;36m[2025-10-18 17:58:33.316] [DEBUG] [AST] resolve_type_with_generic_context: 'T'[0m
[0;36m[2025-10-18 17:58:33.316] [DEBUG] [AST] 'T' is a generic parameter, creating generic type[0m
[0;33m[2025-10-18 17:58:33.316] [WARN] [AST] FunctionType: Avoiding virtual function calls on parameter type at index 0 due to potential Type corruption, using 'void'[0m
[0;33m[2025-10-18 17:58:33.316] [WARN] [AST] FunctionType: Avoiding virtual function calls due to potential Type corruption, using 'void'[0m
[0;36m[2025-10-18 17:58:33.316] [DEBUG] [AST] Created function type for 'push' - is_variadic: 0[0m
[0;36m[2025-10-18 17:58:33.317] [DEBUG] [AST] Not found in main symbols, checking namespaces...[0m
[0;36m[2025-10-18 17:58:33.317] [DEBUG] [AST] VariableDeclarationNode 'value' has type annotation: 'T' (current_struct: 'Array')[0m
[0;36m[2025-10-18 17:58:33.317] [DEBUG] [AST] resolve_type_with_generic_context: 'T'[0m
[0;36m[2025-10-18 17:58:33.317] [DEBUG] [AST] 'T' is a generic parameter, creating generic type[0m
[0;36m[2025-10-18 17:58:33.317] [DEBUG] [AST] SKIPPED field registration for 'value': function parameter in struct 'Array' (in_function=1)[0m
[0;36m[2025-10-18 17:58:33.317] [DEBUG] [AST] Visiting MemberAccessNode: member='length'[0m
[0;36m[2025-10-18 17:58:33.317] [DEBUG] [AST] Set 'this' type to: Array*[0m
[0;36m[2025-10-18 17:58:33.317] [DEBUG] [AST] Member 'length' - using resolved type: Array*[0m
[0;36m[2025-10-18 17:58:33.317] [DEBUG] [AST] Object type name: 'Array*', kind: 7, checking if pointer[0m
[0;36m[2025-10-18 17:58:33.317] [DEBUG] [AST] Dereferencing pointer type to access member 'length' on type 'Array'[0m
[0;36m[2025-10-18 17:58:33.317] [DEBUG] [AST] Looking up field 'length' in struct 'Array'[0m
[0;36m[2025-10-18 17:58:33.317] [DEBUG] [AST] Found struct 'Array' in _struct_fields with 3 fields[0m
[0;36m[2025-10-18 17:58:33.317] [DEBUG] [AST] Visiting MemberAccessNode: member='capacity'[0m
[0;36m[2025-10-18 17:58:33.317] [DEBUG] [AST] Set 'this' type to: Array*[0m
[0;36m[2025-10-18 17:58:33.317] [DEBUG] [AST] Member 'capacity' - using resolved type: Array*[0m
[0;36m[2025-10-18 17:58:33.317] [DEBUG] [AST] Object type name: 'Array*', kind: 7, checking if pointer[0m
[0;36m[2025-10-18 17:58:33.317] [DEBUG] [AST] Dereferencing pointer type to access member 'capacity' on type 'Array'[0m
[0;36m[2025-10-18 17:58:33.317] [DEBUG] [AST] Looking up field 'capacity' in struct 'Array'[0m
[0;36m[2025-10-18 17:58:33.317] [DEBUG] [AST] Found struct 'Array' in _struct_fields with 3 fields[0m
[0;36m[2025-10-18 17:58:33.317] [DEBUG] [AST] Visiting MemberAccessNode: member='_resize'[0m
[0;36m[2025-10-18 17:58:33.317] [DEBUG] [AST] Set 'this' type to: Array*[0m
[0;36m[2025-10-18 17:58:33.317] [DEBUG] [AST] Member '_resize' - using resolved type: Array*[0m
[0;36m[2025-10-18 17:58:33.317] [DEBUG] [AST] Object type name: 'Array*', kind: 7, checking if pointer[0m
[0;36m[2025-10-18 17:58:33.317] [DEBUG] [AST] Dereferencing pointer type to access member '_resize' on type 'Array'[0m
[0;36m[2025-10-18 17:58:33.317] [DEBUG] [AST] Looking up field '_resize' in struct 'Array'[0m
[0;36m[2025-10-18 17:58:33.317] [DEBUG] [AST] Found struct 'Array' in _struct_fields with 3 fields[0m
[0;36m[2025-10-18 17:58:33.317] [DEBUG] [AST] Field '_resize' NOT found in struct 'Array'[0m
[0;33m[2025-10-18 17:58:33.317] [WARN] [AST] FunctionType: Avoiding virtual function calls due to potential Type corruption, using 'void'[0m
[0;36m[2025-10-18 17:58:33.317] [DEBUG] [AST] Visiting MemberAccessNode: member='length'[0m
[0;36m[2025-10-18 17:58:33.317] [DEBUG] [AST] Set 'this' type to: Array*[0m
[0;36m[2025-10-18 17:58:33.317] [DEBUG] [AST] Member 'length' - using resolved type: Array*[0m
[0;36m[2025-10-18 17:58:33.317] [DEBUG] [AST] Object type name: 'Array*', kind: 7, checking if pointer[0m
[0;36m[2025-10-18 17:58:33.317] [DEBUG] [AST] Dereferencing pointer type to access member 'length' on type 'Array'[0m
[0;36m[2025-10-18 17:58:33.317] [DEBUG] [AST] Looking up field 'length' in struct 'Array'[0m
[0;36m[2025-10-18 17:58:33.317] [DEBUG] [AST] Found struct 'Array' in _struct_fields with 3 fields[0m
[0;36m[2025-10-18 17:58:33.317] [DEBUG] [AST] Visiting MemberAccessNode: member='length'[0m
[0;36m[2025-10-18 17:58:33.317] [DEBUG] [AST] Set 'this' type to: Array*[0m
[0;36m[2025-10-18 17:58:33.317] [DEBUG] [AST] Member 'length' - using resolved type: Array*[0m
[0;36m[2025-10-18 17:58:33.317] [DEBUG] [AST] Object type name: 'Array*', kind: 7, checking if pointer[0m
[0;36m[2025-10-18 17:58:33.317] [DEBUG] [AST] Dereferencing pointer type to access member 'length' on type 'Array'[0m
[0;36m[2025-10-18 17:58:33.317] [DEBUG] [AST] Looking up field 'length' in struct 'Array'[0m
[0;36m[2025-10-18 17:58:33.317] [DEBUG] [AST] Found struct 'Array' in _struct_fields with 3 fields[0m
[0;36m[2025-10-18 17:58:33.317] [DEBUG] [AST] TypeContext::get_integer_type() called with kind=int is_signed=1[0m
[0;36m[2025-10-18 17:58:33.317] [DEBUG] [AST] TypeContext::get_integer_type() called with kind=u64 is_signed=0[0m
[0;36m[2025-10-18 17:58:33.317] [DEBUG] [AST] Assignment compatibility check: u64 = u64 (TypeKinds: 2 vs 2)[0m
[0;33m[2025-10-18 17:58:33.317] [WARN] [AST] FunctionType: Avoiding virtual function calls on parameter type at index 0 due to potential Type corruption, using 'void'[0m
[0;33m[2025-10-18 17:58:33.317] [WARN] [AST] FunctionType: Avoiding virtual function calls due to potential Type corruption, using 'void'[0m
[0;36m[2025-10-18 17:58:33.317] [DEBUG] [AST] resolve_type_with_generic_context: 'void'[0m
[0;36m[2025-10-18 17:58:33.317] [DEBUG] [AST] Attempting direct type lookup for 'void'[0m
[0;36m[2025-10-18 17:58:33.317] [DEBUG] [AST] Trying TypeContext token-based parsing first...[0m
[0;36m[2025-10-18 17:58:33.317] [DEBUG] [AST] Token parsing result for 'void': void (kind=0)[0m
[0;36m[2025-10-18 17:58:33.317] [DEBUG] [AST] Successfully parsed 'void' via TypeContext (token-based parsing)[0m
[0;33m[2025-10-18 17:58:33.317] [WARN] [AST] FunctionType: Avoiding virtual function calls due to potential Type corruption, using 'void'[0m
[0;36m[2025-10-18 17:58:33.317] [DEBUG] [AST] Created function type for '_resize' - is_variadic: 0[0m
[0;36m[2025-10-18 17:58:33.317] [DEBUG] [AST] Not found in main symbols, checking namespaces...[0m
[0;36m[2025-10-18 17:58:33.317] [DEBUG] [AST] VariableDeclarationNode 'new_capacity' has type annotation: 'u64' (current_struct: 'Array')[0m
[0;36m[2025-10-18 17:58:33.317] [DEBUG] [AST] resolve_type_with_generic_context: 'u64'[0m
[0;36m[2025-10-18 17:58:33.317] [DEBUG] [AST] Attempting direct type lookup for 'u64'[0m
[0;36m[2025-10-18 17:58:33.317] [DEBUG] [AST] Trying TypeContext token-based parsing first...[0m
[0;36m[2025-10-18 17:58:33.317] [DEBUG] [AST] TypeContext::get_integer_type() called with kind=u64 is_signed=0[0m
[0;36m[2025-10-18 17:58:33.317] [DEBUG] [AST] Token parsing result for 'u64': u64 (kind=2)[0m
[0;36m[2025-10-18 17:58:33.317] [DEBUG] [AST] Successfully parsed 'u64' via TypeContext (token-based parsing)[0m
[0;36m[2025-10-18 17:58:33.317] [DEBUG] [AST] Visiting MemberAccessNode: member='capacity'[0m
[0;36m[2025-10-18 17:58:33.317] [DEBUG] [AST] Set 'this' type to: Array*[0m
[0;36m[2025-10-18 17:58:33.317] [DEBUG] [AST] Member 'capacity' - using resolved type: Array*[0m
[0;36m[2025-10-18 17:58:33.317] [DEBUG] [AST] Object type name: 'Array*', kind: 7, checking if pointer[0m
[0;36m[2025-10-18 17:58:33.317] [DEBUG] [AST] Dereferencing pointer type to access member 'capacity' on type 'Array'[0m
[0;36m[2025-10-18 17:58:33.317] [DEBUG] [AST] Looking up field 'capacity' in struct 'Array'[0m
[0;36m[2025-10-18 17:58:33.317] [DEBUG] [AST] Found struct 'Array' in _struct_fields with 3 fields[0m
[0;36m[2025-10-18 17:58:33.317] [DEBUG] [AST] TypeContext::get_integer_type() called with kind=int is_signed=1[0m
[0;36m[2025-10-18 17:58:33.317] [DEBUG] [AST] TypeContext::get_integer_type() called with kind=u64 is_signed=0[0m
[0;36m[2025-10-18 17:58:33.318] [DEBUG] [AST] Assignment compatibility check: u64 = u64 (TypeKinds: 2 vs 2)[0m
[0;36m[2025-10-18 17:58:33.318] [DEBUG] [AST] SKIPPED field registration for 'new_capacity': function parameter in struct 'Array' (in_function=1)[0m
[0;36m[2025-10-18 17:58:33.318] [DEBUG] [AST] Visiting MemberAccessNode: member='capacity'[0m
[0;36m[2025-10-18 17:58:33.318] [DEBUG] [AST] Set 'this' type to: Array*[0m
[0;36m[2025-10-18 17:58:33.318] [DEBUG] [AST] Member 'capacity' - using resolved type: Array*[0m
[0;36m[2025-10-18 17:58:33.318] [DEBUG] [AST] Object type name: 'Array*', kind: 7, checking if pointer[0m
[0;36m[2025-10-18 17:58:33.318] [DEBUG] [AST] Dereferencing pointer type to access member 'capacity' on type 'Array'[0m
[0;36m[2025-10-18 17:58:33.318] [DEBUG] [AST] Looking up field 'capacity' in struct 'Array'[0m
[0;36m[2025-10-18 17:58:33.318] [DEBUG] [AST] Found struct 'Array' in _struct_fields with 3 fields[0m
[0;33m[2025-10-18 17:58:33.318] [WARN] [AST] FunctionType: Avoiding virtual function calls due to potential Type corruption, using 'void'[0m
[0;36m[2025-10-18 17:58:33.318] [DEBUG] [AST] Registering private method '_resize' for struct 'Array'[0m
[0;36m[2025-10-18 17:58:33.318] [DEBUG] [AST] Exiting generic context for 'Array'[0m
[0;36m[2025-10-18 17:58:33.318] [DEBUG] [AST] Processing statement 20 in module std::core::Types[0m
[0;36m[2025-10-18 17:58:33.318] [DEBUG] [AST] TypeContext::lookup_enum_type called with name=Error[0m
[0;36m[2025-10-18 17:58:33.318] [DEBUG] [AST] No existing enum type found for Error[0m
[0;36m[2025-10-18 17:58:33.318] [DEBUG] [AST] Processing struct field 'code' with resolved type: int, is_in_generic_context: 0, generic_context_stack_size: 0[0m
[0;36m[2025-10-18 17:58:33.318] [DEBUG] [AST] StructField registration check for 'code': current_struct='Error', field_type=int, kind=2[0m
[0;36m[2025-10-18 17:58:33.318] [DEBUG] [AST] Registered struct field 'code' of type 'int' in struct/class 'Error'[0m
[0;36m[2025-10-18 17:58:33.318] [DEBUG] [AST] Processing struct field 'message' with resolved type: string, is_in_generic_context: 0, generic_context_stack_size: 0[0m
[0;36m[2025-10-18 17:58:33.318] [DEBUG] [AST] StructField registration check for 'message': current_struct='Error', field_type=string, kind=5[0m
[0;36m[2025-10-18 17:58:33.318] [DEBUG] [AST] Registered struct field 'message' of type 'string' in struct/class 'Error'[0m
[0;33m[2025-10-18 17:58:33.318] [WARN] [AST] FunctionType: Avoiding virtual function calls on parameter type at index 0 due to potential Type corruption, using 'void'[0m
[0;33m[2025-10-18 17:58:33.318] [WARN] [AST] FunctionType: Avoiding virtual function calls on parameter type at index 1 due to potential Type corruption, using 'void'[0m
[0;33m[2025-10-18 17:58:33.318] [WARN] [AST] FunctionType: Avoiding virtual function calls due to potential Type corruption, using 'void'[0m
[0;36m[2025-10-18 17:58:33.318] [DEBUG] [AST] VariableDeclarationNode 'code' has type annotation: 'int' (current_struct: 'Error')[0m
[0;36m[2025-10-18 17:58:33.318] [DEBUG] [AST] resolve_type_with_generic_context: 'int'[0m
[0;36m[2025-10-18 17:58:33.318] [DEBUG] [AST] Attempting direct type lookup for 'int'[0m
[0;36m[2025-10-18 17:58:33.318] [DEBUG] [AST] Trying TypeContext token-based parsing first...[0m
[0;36m[2025-10-18 17:58:33.318] [DEBUG] [AST] TypeContext::get_integer_type() called with kind=int is_signed=1[0m
[0;36m[2025-10-18 17:58:33.318] [DEBUG] [AST] Token parsing result for 'int': int (kind=2)[0m
[0;36m[2025-10-18 17:58:33.318] [DEBUG] [AST] Successfully parsed 'int' via TypeContext (token-based parsing)[0m
[0;36m[2025-10-18 17:58:33.318] [DEBUG] [AST] SKIPPED field registration for 'code': function parameter in struct 'Error' (in_function=1)[0m
[0;36m[2025-10-18 17:58:33.318] [DEBUG] [AST] VariableDeclarationNode 'message' has type annotation: 'string' (current_struct: 'Error')[0m
[0;36m[2025-10-18 17:58:33.318] [DEBUG] [AST] resolve_type_with_generic_context: 'string'[0m
[0;36m[2025-10-18 17:58:33.318] [DEBUG] [AST] Attempting direct type lookup for 'string'[0m
[0;36m[2025-10-18 17:58:33.318] [DEBUG] [AST] Trying TypeContext token-based parsing first...[0m
[0;36m[2025-10-18 17:58:33.318] [DEBUG] [AST] Token parsing result for 'string': string (kind=5)[0m
[0;36m[2025-10-18 17:58:33.318] [DEBUG] [AST] Successfully parsed 'string' via TypeContext (token-based parsing)[0m
[0;36m[2025-10-18 17:58:33.318] [DEBUG] [AST] SKIPPED field registration for 'message': function parameter in struct 'Error' (in_function=1)[0m
[0;36m[2025-10-18 17:58:33.318] [DEBUG] [AST] Visiting MemberAccessNode: member='code'[0m
[0;36m[2025-10-18 17:58:33.318] [DEBUG] [AST] TypeContext::create_pointer_type() - created new pointer type: Error*[0m
[0;36m[2025-10-18 17:58:33.318] [DEBUG] [AST] Set 'this' type to: Error*[0m
[0;36m[2025-10-18 17:58:33.318] [DEBUG] [AST] Member 'code' - using resolved type: Error*[0m
[0;36m[2025-10-18 17:58:33.318] [DEBUG] [AST] Object type name: 'Error*', kind: 7, checking if pointer[0m
[0;36m[2025-10-18 17:58:33.318] [DEBUG] [AST] Dereferencing pointer type to access member 'code' on type 'Error'[0m
[0;36m[2025-10-18 17:58:33.318] [DEBUG] [AST] Looking up field 'code' in struct 'Error'[0m
[0;36m[2025-10-18 17:58:33.318] [DEBUG] [AST] Found struct 'Error' in _struct_fields with 2 fields[0m
[0;36m[2025-10-18 17:58:33.318] [DEBUG] [AST] Assignment compatibility check: int = int (TypeKinds: 2 vs 2)[0m
[0;36m[2025-10-18 17:58:33.318] [DEBUG] [AST] Visiting MemberAccessNode: member='message'[0m
[0;36m[2025-10-18 17:58:33.318] [DEBUG] [AST] Set 'this' type to: Error*[0m
[0;36m[2025-10-18 17:58:33.318] [DEBUG] [AST] Member 'message' - using resolved type: Error*[0m
[0;36m[2025-10-18 17:58:33.318] [DEBUG] [AST] Object type name: 'Error*', kind: 7, checking if pointer[0m
[0;36m[2025-10-18 17:58:33.318] [DEBUG] [AST] Dereferencing pointer type to access member 'message' on type 'Error'[0m
[0;36m[2025-10-18 17:58:33.318] [DEBUG] [AST] Looking up field 'message' in struct 'Error'[0m
[0;36m[2025-10-18 17:58:33.318] [DEBUG] [AST] Found struct 'Error' in _struct_fields with 2 fields[0m
[0;36m[2025-10-18 17:58:33.318] [DEBUG] [AST] Assignment compatibility check: string = string (TypeKinds: 5 vs 5)[0m
[0;33m[2025-10-18 17:58:33.318] [WARN] [AST] FunctionType: Avoiding virtual function calls on parameter type at index 0 due to potential Type corruption, using 'void'[0m
[0;33m[2025-10-18 17:58:33.318] [WARN] [AST] FunctionType: Avoiding virtual function calls on parameter type at index 1 due to potential Type corruption, using 'void'[0m
[0;33m[2025-10-18 17:58:33.318] [WARN] [AST] FunctionType: Avoiding virtual function calls due to potential Type corruption, using 'void'[0m
[0;36m[2025-10-18 17:58:33.318] [DEBUG] [AST] Processing statement 21 in module std::core::Types[0m
[0;36m[2025-10-18 17:58:33.318] [DEBUG] [AST] TypeContext::lookup_enum_type called with name=ConversionError[0m
[0;36m[2025-10-18 17:58:33.318] [DEBUG] [AST] No existing enum type found for ConversionError[0m
[0;36m[2025-10-18 17:58:33.318] [DEBUG] [AST] Processing struct field 'message' with resolved type: string, is_in_generic_context: 0, generic_context_stack_size: 0[0m
[0;36m[2025-10-18 17:58:33.318] [DEBUG] [AST] StructField registration check for 'message': current_struct='ConversionError', field_type=string, kind=5[0m
[0;36m[2025-10-18 17:58:33.318] [DEBUG] [AST] Registered struct field 'message' of type 'string' in struct/class 'ConversionError'[0m
[0;33m[2025-10-18 17:58:33.318] [WARN] [AST] FunctionType: Avoiding virtual function calls on parameter type at index 0 due to potential Type corruption, using 'void'[0m
[0;33m[2025-10-18 17:58:33.319] [WARN] [AST] FunctionType: Avoiding virtual function calls due to potential Type corruption, using 'void'[0m
[0;36m[2025-10-18 17:58:33.319] [DEBUG] [AST] VariableDeclarationNode 'message' has type annotation: 'string' (current_struct: 'ConversionError')[0m
[0;36m[2025-10-18 17:58:33.319] [DEBUG] [AST] resolve_type_with_generic_context: 'string'[0m
[0;36m[2025-10-18 17:58:33.319] [DEBUG] [AST] Attempting direct type lookup for 'string'[0m
[0;36m[2025-10-18 17:58:33.319] [DEBUG] [AST] Trying TypeContext token-based parsing first...[0m
[0;36m[2025-10-18 17:58:33.319] [DEBUG] [AST] Token parsing result for 'string': string (kind=5)[0m
[0;36m[2025-10-18 17:58:33.319] [DEBUG] [AST] Successfully parsed 'string' via TypeContext (token-based parsing)[0m
[0;36m[2025-10-18 17:58:33.319] [DEBUG] [AST] SKIPPED field registration for 'message': function parameter in struct 'ConversionError' (in_function=1)[0m
[0;36m[2025-10-18 17:58:33.319] [DEBUG] [AST] Visiting MemberAccessNode: member='message'[0m
[0;36m[2025-10-18 17:58:33.319] [DEBUG] [AST] TypeContext::create_pointer_type() - created new pointer type: ConversionError*[0m
[0;36m[2025-10-18 17:58:33.319] [DEBUG] [AST] Set 'this' type to: ConversionError*[0m
[0;36m[2025-10-18 17:58:33.319] [DEBUG] [AST] Member 'message' - using resolved type: ConversionError*[0m
[0;36m[2025-10-18 17:58:33.319] [DEBUG] [AST] Object type name: 'ConversionError*', kind: 7, checking if pointer[0m
[0;36m[2025-10-18 17:58:33.319] [DEBUG] [AST] Dereferencing pointer type to access member 'message' on type 'ConversionError'[0m
[0;36m[2025-10-18 17:58:33.319] [DEBUG] [AST] Looking up field 'message' in struct 'ConversionError'[0m
[0;36m[2025-10-18 17:58:33.319] [DEBUG] [AST] Found struct 'ConversionError' in _struct_fields with 1 fields[0m
[0;36m[2025-10-18 17:58:33.319] [DEBUG] [AST] Assignment compatibility check: string = string (TypeKinds: 5 vs 5)[0m
[0;33m[2025-10-18 17:58:33.319] [WARN] [AST] FunctionType: Avoiding virtual function calls on parameter type at index 0 due to potential Type corruption, using 'void'[0m
[0;33m[2025-10-18 17:58:33.319] [WARN] [AST] FunctionType: Avoiding virtual function calls due to potential Type corruption, using 'void'[0m
[0;36m[2025-10-18 17:58:33.319] [DEBUG] [AST] Processing statement 22 in module std::core::Types[0m
[0;36m[2025-10-18 17:58:33.319] [DEBUG] [AST] TypeContext::get_enum_type called with name=INTERNAL_ERROR is_simple=1[0m
[0;36m[2025-10-18 17:58:33.319] [DEBUG] [AST] Call stack trace (simplified): TypeContext::get_enum_type[0m
[0;36m[2025-10-18 17:58:33.319] [DEBUG] [AST] Found existing enum type for INTERNAL_ERROR existing is_simple=1[0m
[0;36m[2025-10-18 17:58:33.319] [DEBUG] [AST] TypeContext::get_integer_type() called with kind=int is_signed=1[0m
[0;36m[2025-10-18 17:58:33.319] [DEBUG] [AST] TypeContext::get_integer_type() called with kind=int is_signed=1[0m
[0;36m[2025-10-18 17:58:33.319] [DEBUG] [AST] TypeContext::get_integer_type() called with kind=int is_signed=1[0m
[0;36m[2025-10-18 17:58:33.319] [DEBUG] [AST] TypeContext::get_integer_type() called with kind=int is_signed=1[0m
[0;36m[2025-10-18 17:58:33.319] [DEBUG] [AST] TypeContext::get_integer_type() called with kind=int is_signed=1[0m
[0;36m[2025-10-18 17:58:33.319] [DEBUG] [AST] TypeContext::get_integer_type() called with kind=int is_signed=1[0m
[0;36m[2025-10-18 17:58:33.319] [DEBUG] [AST] TypeContext::get_integer_type() called with kind=int is_signed=1[0m
[0;36m[2025-10-18 17:58:33.319] [DEBUG] [AST] Processing statement 23 in module std::core::Types[0m
[0;36m[2025-10-18 17:58:33.319] [DEBUG] [AST] Entering generic context for 'Option' with parameters: T[0m
[0;36m[2025-10-18 17:58:33.319] [DEBUG] [AST] TypeContext::get_enum_type called with name=Option is_simple=0[0m
[0;36m[2025-10-18 17:58:33.319] [DEBUG] [AST] Call stack trace (simplified): TypeContext::get_enum_type[0m
[0;36m[2025-10-18 17:58:33.319] [DEBUG] [AST] Creating new EnumType with is_simple=0[0m
[0;36m[2025-10-18 17:58:33.319] [DEBUG] [AST] Created EnumType, result is_simple_enum()=0[0m
[0;33m[2025-10-18 17:58:33.319] [WARN] [AST] FunctionType: Avoiding virtual function calls on parameter type at index 0 due to potential Type corruption, using 'void'[0m
[0;33m[2025-10-18 17:58:33.319] [WARN] [AST] FunctionType: Avoiding virtual function calls due to potential Type corruption, using 'void'[0m
[0;36m[2025-10-18 17:58:33.319] [DEBUG] [AST] Exiting generic context for 'Option'[0m
[0;36m[2025-10-18 17:58:33.319] [DEBUG] [AST] Processing statement 24 in module std::core::Types[0m
[0;36m[2025-10-18 17:58:33.319] [DEBUG] [AST] resolve_type_with_generic_context: 'boolean'[0m
[0;36m[2025-10-18 17:58:33.319] [DEBUG] [AST] Attempting direct type lookup for 'boolean'[0m
[0;36m[2025-10-18 17:58:33.319] [DEBUG] [AST] Trying TypeContext token-based parsing first...[0m
[0;36m[2025-10-18 17:58:33.319] [DEBUG] [AST] Token parsing result for 'boolean': boolean (kind=1)[0m
[0;36m[2025-10-18 17:58:33.319] [DEBUG] [AST] Successfully parsed 'boolean' via TypeContext (token-based parsing)[0m
[0;33m[2025-10-18 17:58:33.319] [WARN] [AST] FunctionType: Avoiding virtual function calls due to potential Type corruption, using 'void'[0m
[0;36m[2025-10-18 17:58:33.319] [DEBUG] [AST] Created function type for 'is_some' - is_variadic: 0[0m
[0;36m[2025-10-18 17:58:33.319] [DEBUG] [AST] Not found in main symbols, checking namespaces...[0m
[0;36m[2025-10-18 17:58:33.319] [DEBUG] [AST] TypeContext::create_pointer_type() - created new pointer type: Option*[0m
[0;36m[2025-10-18 17:58:33.319] [DEBUG] [AST] Set 'this' type to: Option*[0m
[0;36m[2025-10-18 17:58:33.319] [DEBUG] [AST] Assignment compatibility check: boolean = boolean (TypeKinds: 1 vs 1)[0m
[0;36m[2025-10-18 17:58:33.319] [DEBUG] [AST] Assignment compatibility check: boolean = boolean (TypeKinds: 1 vs 1)[0m
[0;33m[2025-10-18 17:58:33.319] [WARN] [AST] FunctionType: Avoiding virtual function calls due to potential Type corruption, using 'void'[0m
[0;36m[2025-10-18 17:58:33.319] [DEBUG] [AST] resolve_type_with_generic_context: 'boolean'[0m
[0;36m[2025-10-18 17:58:33.319] [DEBUG] [AST] Attempting direct type lookup for 'boolean'[0m
[0;36m[2025-10-18 17:58:33.319] [DEBUG] [AST] Trying TypeContext token-based parsing first...[0m
[0;36m[2025-10-18 17:58:33.319] [DEBUG] [AST] Token parsing result for 'boolean': boolean (kind=1)[0m
[0;36m[2025-10-18 17:58:33.319] [DEBUG] [AST] Successfully parsed 'boolean' via TypeContext (token-based parsing)[0m
[0;33m[2025-10-18 17:58:33.319] [WARN] [AST] FunctionType: Avoiding virtual function calls due to potential Type corruption, using 'void'[0m
[0;36m[2025-10-18 17:58:33.319] [DEBUG] [AST] Created function type for 'is_none' - is_variadic: 0[0m
[0;36m[2025-10-18 17:58:33.319] [DEBUG] [AST] Not found in main symbols, checking namespaces...[0m
[0;36m[2025-10-18 17:58:33.319] [DEBUG] [AST] Set 'this' type to: Option*[0m
[0;36m[2025-10-18 17:58:33.319] [DEBUG] [AST] Assignment compatibility check: boolean = boolean (TypeKinds: 1 vs 1)[0m
[0;36m[2025-10-18 17:58:33.320] [DEBUG] [AST] Assignment compatibility check: boolean = boolean (TypeKinds: 1 vs 1)[0m
[0;33m[2025-10-18 17:58:33.320] [WARN] [AST] FunctionType: Avoiding virtual function calls due to potential Type corruption, using 'void'[0m
[0;36m[2025-10-18 17:58:33.320] [DEBUG] [AST] resolve_type_with_generic_context: 'T'[0m
[0;36m[2025-10-18 17:58:33.320] [DEBUG] [AST] Attempting direct type lookup for 'T'[0m
[0;36m[2025-10-18 17:58:33.320] [DEBUG] [AST] Trying TypeContext token-based parsing first...[0m
[0;36m[2025-10-18 17:58:33.320] [DEBUG] [AST] Token parsing result for 'T': T (kind=10)[0m
[0;36m[2025-10-18 17:58:33.320] [DEBUG] [AST] Successfully parsed 'T' via TypeContext (token-based parsing)[0m
[0;33m[2025-10-18 17:58:33.320] [WARN] [AST] FunctionType: Avoiding virtual function calls due to potential Type corruption, using 'void'[0m
[0;36m[2025-10-18 17:58:33.320] [DEBUG] [AST] Created function type for 'unwrap' - is_variadic: 0[0m
[0;36m[2025-10-18 17:58:33.320] [DEBUG] [AST] Not found in main symbols, checking namespaces...[0m
[0;36m[2025-10-18 17:58:33.320] [DEBUG] [AST] Set 'this' type to: Option*[0m
[0;36m[2025-10-18 17:58:33.320] [DEBUG] [AST] Class Intrinsics not found in namespace std[0m
[0;36m[2025-10-18 17:58:33.320] [DEBUG] [AST] Looking up scope symbol 'std::Intrinsics'[0m
[0;36m[2025-10-18 17:58:33.320] [DEBUG] [AST] Scope symbol 'std::Intrinsics' not found[0m
[0;36m[2025-10-18 17:58:33.320] [DEBUG] [AST] Class Intrinsics not found in namespace std[0m
[0;36m[2025-10-18 17:58:33.320] [DEBUG] [AST] Looking up scope symbol 'std::Intrinsics'[0m
[0;36m[2025-10-18 17:58:33.320] [DEBUG] [AST] Scope symbol 'std::Intrinsics' not found[0m
[0;36m[2025-10-18 17:58:33.320] [DEBUG] [AST] Class Intrinsics not found in namespace std[0m
[0;36m[2025-10-18 17:58:33.320] [DEBUG] [AST] Looking up scope symbol 'std::Intrinsics'[0m
[0;36m[2025-10-18 17:58:33.320] [DEBUG] [AST] Scope symbol 'std::Intrinsics' not found[0m
[0;33m[2025-10-18 17:58:33.320] [WARN] [AST] FunctionType: Avoiding virtual function calls due to potential Type corruption, using 'void'[0m
[0;36m[2025-10-18 17:58:33.320] [DEBUG] [AST] resolve_type_with_generic_context: 'T'[0m
[0;36m[2025-10-18 17:58:33.320] [DEBUG] [AST] Attempting direct type lookup for 'T'[0m
[0;36m[2025-10-18 17:58:33.320] [DEBUG] [AST] Trying TypeContext token-based parsing first...[0m
[0;36m[2025-10-18 17:58:33.320] [DEBUG] [AST] Token parsing result for 'T': T (kind=10)[0m
[0;36m[2025-10-18 17:58:33.320] [DEBUG] [AST] Successfully parsed 'T' via TypeContext (token-based parsing)[0m
[0;36m[2025-10-18 17:58:33.320] [DEBUG] [AST] resolve_type_with_generic_context: 'T'[0m
[0;36m[2025-10-18 17:58:33.320] [DEBUG] [AST] Attempting direct type lookup for 'T'[0m
[0;36m[2025-10-18 17:58:33.320] [DEBUG] [AST] Trying TypeContext token-based parsing first...[0m
[0;36m[2025-10-18 17:58:33.320] [DEBUG] [AST] Token parsing result for 'T': T (kind=10)[0m
[0;36m[2025-10-18 17:58:33.320] [DEBUG] [AST] Successfully parsed 'T' via TypeContext (token-based parsing)[0m
[0;33m[2025-10-18 17:58:33.320] [WARN] [AST] FunctionType: Avoiding virtual function calls on parameter type at index 0 due to potential Type corruption, using 'void'[0m
[0;33m[2025-10-18 17:58:33.320] [WARN] [AST] FunctionType: Avoiding virtual function calls due to potential Type corruption, using 'void'[0m
[0;36m[2025-10-18 17:58:33.320] [DEBUG] [AST] Created function type for 'unwrap_or' - is_variadic: 0[0m
[0;36m[2025-10-18 17:58:33.320] [DEBUG] [AST] Not found in main symbols, checking namespaces...[0m
[0;36m[2025-10-18 17:58:33.320] [DEBUG] [AST] VariableDeclarationNode 'default_value' has type annotation: 'T' (current_struct: 'Option<T>')[0m
[0;36m[2025-10-18 17:58:33.320] [DEBUG] [AST] resolve_type_with_generic_context: 'T'[0m
[0;36m[2025-10-18 17:58:33.320] [DEBUG] [AST] Attempting direct type lookup for 'T'[0m
[0;36m[2025-10-18 17:58:33.320] [DEBUG] [AST] Trying TypeContext token-based parsing first...[0m
[0;36m[2025-10-18 17:58:33.320] [DEBUG] [AST] Token parsing result for 'T': T (kind=10)[0m
[0;36m[2025-10-18 17:58:33.320] [DEBUG] [AST] Successfully parsed 'T' via TypeContext (token-based parsing)[0m
[0;36m[2025-10-18 17:58:33.320] [DEBUG] [AST] SKIPPED field registration for 'default_value': function parameter in struct 'Option<T>' (in_function=1)[0m
[0;36m[2025-10-18 17:58:33.320] [DEBUG] [AST] Set 'this' type to: Option*[0m
[0;36m[2025-10-18 17:58:33.320] [DEBUG] [AST] Assignment compatibility check: T = T (TypeKinds: 10 vs 10)[0m
[0;36m[2025-10-18 17:58:33.320] [DEBUG] [AST] Assignment compatibility check: T = T (TypeKinds: 10 vs 10)[0m
[0;33m[2025-10-18 17:58:33.320] [WARN] [AST] FunctionType: Avoiding virtual function calls on parameter type at index 0 due to potential Type corruption, using 'void'[0m
[0;33m[2025-10-18 17:58:33.320] [WARN] [AST] FunctionType: Avoiding virtual function calls due to potential Type corruption, using 'void'[0m
[0;36m[2025-10-18 17:58:33.320] [DEBUG] [AST] Processing statement 25 in module std::core::Types[0m
[0;36m[2025-10-18 17:58:33.320] [DEBUG] [AST] Entering generic context for 'Result' with parameters: T, E[0m
[0;36m[2025-10-18 17:58:33.320] [DEBUG] [AST] TypeContext::get_enum_type called with name=Result is_simple=0[0m
[0;36m[2025-10-18 17:58:33.320] [DEBUG] [AST] Call stack trace (simplified): TypeContext::get_enum_type[0m
[0;36m[2025-10-18 17:58:33.320] [DEBUG] [AST] Creating new EnumType with is_simple=0[0m
[0;36m[2025-10-18 17:58:33.320] [DEBUG] [AST] Created EnumType, result is_simple_enum()=0[0m
[0;33m[2025-10-18 17:58:33.320] [WARN] [AST] FunctionType: Avoiding virtual function calls on parameter type at index 0 due to potential Type corruption, using 'void'[0m
[0;33m[2025-10-18 17:58:33.320] [WARN] [AST] FunctionType: Avoiding virtual function calls due to potential Type corruption, using 'void'[0m
[0;33m[2025-10-18 17:58:33.320] [WARN] [AST] FunctionType: Avoiding virtual function calls on parameter type at index 0 due to potential Type corruption, using 'void'[0m
[0;33m[2025-10-18 17:58:33.320] [WARN] [AST] FunctionType: Avoiding virtual function calls due to potential Type corruption, using 'void'[0m
[0;36m[2025-10-18 17:58:33.320] [DEBUG] [AST] Exiting generic context for 'Result'[0m
[0;36m[2025-10-18 17:58:33.320] [DEBUG] [AST] Processing statement 26 in module std::core::Types[0m
[0;36m[2025-10-18 17:58:33.320] [DEBUG] [AST] resolve_type_with_generic_context: 'boolean'[0m
[0;36m[2025-10-18 17:58:33.320] [DEBUG] [AST] Attempting direct type lookup for 'boolean'[0m
[0;36m[2025-10-18 17:58:33.320] [DEBUG] [AST] Trying TypeContext token-based parsing first...[0m
[0;36m[2025-10-18 17:58:33.320] [DEBUG] [AST] Token parsing result for 'boolean': boolean (kind=1)[0m
[0;36m[2025-10-18 17:58:33.320] [DEBUG] [AST] Successfully parsed 'boolean' via TypeContext (token-based parsing)[0m
[0;33m[2025-10-18 17:58:33.320] [WARN] [AST] FunctionType: Avoiding virtual function calls due to potential Type corruption, using 'void'[0m
[0;36m[2025-10-18 17:58:33.320] [DEBUG] [AST] Created function type for 'ok' - is_variadic: 0[0m
[0;36m[2025-10-18 17:58:33.320] [DEBUG] [AST] Not found in main symbols, checking namespaces...[0m
[0;36m[2025-10-18 17:58:33.320] [DEBUG] [AST] TypeContext::create_pointer_type() - created new pointer type: Result*[0m
[0;36m[2025-10-18 17:58:33.320] [DEBUG] [AST] Set 'this' type to: Result*[0m
[0;36m[2025-10-18 17:58:33.320] [DEBUG] [AST] Assignment compatibility check: boolean = boolean (TypeKinds: 1 vs 1)[0m
[0;36m[2025-10-18 17:58:33.320] [DEBUG] [AST] Assignment compatibility check: boolean = boolean (TypeKinds: 1 vs 1)[0m
[0;33m[2025-10-18 17:58:33.320] [WARN] [AST] FunctionType: Avoiding virtual function calls due to potential Type corruption, using 'void'[0m
[0;36m[2025-10-18 17:58:33.320] [DEBUG] [AST] resolve_type_with_generic_context: 'boolean'[0m
[0;36m[2025-10-18 17:58:33.321] [DEBUG] [AST] Attempting direct type lookup for 'boolean'[0m
[0;36m[2025-10-18 17:58:33.321] [DEBUG] [AST] Trying TypeContext token-based parsing first...[0m
[0;36m[2025-10-18 17:58:33.321] [DEBUG] [AST] Token parsing result for 'boolean': boolean (kind=1)[0m
[0;36m[2025-10-18 17:58:33.321] [DEBUG] [AST] Successfully parsed 'boolean' via TypeContext (token-based parsing)[0m
[0;33m[2025-10-18 17:58:33.321] [WARN] [AST] FunctionType: Avoiding virtual function calls due to potential Type corruption, using 'void'[0m
[0;36m[2025-10-18 17:58:33.321] [DEBUG] [AST] Created function type for 'err' - is_variadic: 0[0m
[0;36m[2025-10-18 17:58:33.321] [DEBUG] [AST] Not found in main symbols, checking namespaces...[0m
[0;36m[2025-10-18 17:58:33.321] [DEBUG] [AST] Set 'this' type to: Result*[0m
[0;36m[2025-10-18 17:58:33.321] [DEBUG] [AST] Assignment compatibility check: boolean = boolean (TypeKinds: 1 vs 1)[0m
[0;36m[2025-10-18 17:58:33.321] [DEBUG] [AST] Assignment compatibility check: boolean = boolean (TypeKinds: 1 vs 1)[0m
[0;33m[2025-10-18 17:58:33.321] [WARN] [AST] FunctionType: Avoiding virtual function calls due to potential Type corruption, using 'void'[0m
[0;36m[2025-10-18 17:58:33.321] [DEBUG] [AST] resolve_type_with_generic_context: 'T'[0m
[0;36m[2025-10-18 17:58:33.321] [DEBUG] [AST] Attempting direct type lookup for 'T'[0m
[0;36m[2025-10-18 17:58:33.321] [DEBUG] [AST] Trying TypeContext token-based parsing first...[0m
[0;36m[2025-10-18 17:58:33.321] [DEBUG] [AST] Token parsing result for 'T': T (kind=10)[0m
[0;36m[2025-10-18 17:58:33.321] [DEBUG] [AST] Successfully parsed 'T' via TypeContext (token-based parsing)[0m
[0;33m[2025-10-18 17:58:33.321] [WARN] [AST] FunctionType: Avoiding virtual function calls due to potential Type corruption, using 'void'[0m
[0;36m[2025-10-18 17:58:33.321] [DEBUG] [AST] Created function type for 'unwrap' - is_variadic: 0[0m
[0;36m[2025-10-18 17:58:33.321] [DEBUG] [AST] Not found in main symbols, checking namespaces...[0m
[0;36m[2025-10-18 17:58:33.321] [DEBUG] [AST] Set 'this' type to: Result*[0m
[0;36m[2025-10-18 17:58:33.321] [DEBUG] [AST] Class Intrinsics not found in namespace std[0m
[0;36m[2025-10-18 17:58:33.321] [DEBUG] [AST] Looking up scope symbol 'std::Intrinsics'[0m
[0;36m[2025-10-18 17:58:33.321] [DEBUG] [AST] Scope symbol 'std::Intrinsics' not found[0m
[0;36m[2025-10-18 17:58:33.321] [DEBUG] [AST] Class Intrinsics not found in namespace std[0m
[0;36m[2025-10-18 17:58:33.321] [DEBUG] [AST] Looking up scope symbol 'std::Intrinsics'[0m
[0;36m[2025-10-18 17:58:33.321] [DEBUG] [AST] Scope symbol 'std::Intrinsics' not found[0m
[0;36m[2025-10-18 17:58:33.321] [DEBUG] [AST] Class Intrinsics not found in namespace std[0m
[0;36m[2025-10-18 17:58:33.321] [DEBUG] [AST] Looking up scope symbol 'std::Intrinsics'[0m
[0;36m[2025-10-18 17:58:33.321] [DEBUG] [AST] Scope symbol 'std::Intrinsics' not found[0m
[0;33m[2025-10-18 17:58:33.321] [WARN] [AST] FunctionType: Avoiding virtual function calls due to potential Type corruption, using 'void'[0m
[0;36m[2025-10-18 17:58:33.321] [DEBUG] [AST] resolve_type_with_generic_context: 'T'[0m
[0;36m[2025-10-18 17:58:33.321] [DEBUG] [AST] Attempting direct type lookup for 'T'[0m
[0;36m[2025-10-18 17:58:33.321] [DEBUG] [AST] Trying TypeContext token-based parsing first...[0m
[0;36m[2025-10-18 17:58:33.321] [DEBUG] [AST] Token parsing result for 'T': T (kind=10)[0m
[0;36m[2025-10-18 17:58:33.321] [DEBUG] [AST] Successfully parsed 'T' via TypeContext (token-based parsing)[0m
[0;36m[2025-10-18 17:58:33.321] [DEBUG] [AST] resolve_type_with_generic_context: 'T'[0m
[0;36m[2025-10-18 17:58:33.321] [DEBUG] [AST] Attempting direct type lookup for 'T'[0m
[0;36m[2025-10-18 17:58:33.321] [DEBUG] [AST] Trying TypeContext token-based parsing first...[0m
[0;36m[2025-10-18 17:58:33.321] [DEBUG] [AST] Token parsing result for 'T': T (kind=10)[0m
[0;36m[2025-10-18 17:58:33.321] [DEBUG] [AST] Successfully parsed 'T' via TypeContext (token-based parsing)[0m
[0;33m[2025-10-18 17:58:33.321] [WARN] [AST] FunctionType: Avoiding virtual function calls on parameter type at index 0 due to potential Type corruption, using 'void'[0m
[0;33m[2025-10-18 17:58:33.321] [WARN] [AST] FunctionType: Avoiding virtual function calls due to potential Type corruption, using 'void'[0m
[0;36m[2025-10-18 17:58:33.321] [DEBUG] [AST] Created function type for 'unwrap_or' - is_variadic: 0[0m
[0;36m[2025-10-18 17:58:33.321] [DEBUG] [AST] Not found in main symbols, checking namespaces...[0m
[0;36m[2025-10-18 17:58:33.321] [DEBUG] [AST] VariableDeclarationNode 'default_value' has type annotation: 'T' (current_struct: 'Result<T,E>')[0m
[0;36m[2025-10-18 17:58:33.321] [DEBUG] [AST] resolve_type_with_generic_context: 'T'[0m
[0;36m[2025-10-18 17:58:33.321] [DEBUG] [AST] Attempting direct type lookup for 'T'[0m
[0;36m[2025-10-18 17:58:33.321] [DEBUG] [AST] Trying TypeContext token-based parsing first...[0m
[0;36m[2025-10-18 17:58:33.321] [DEBUG] [AST] Token parsing result for 'T': T (kind=10)[0m
[0;36m[2025-10-18 17:58:33.321] [DEBUG] [AST] Successfully parsed 'T' via TypeContext (token-based parsing)[0m
[0;36m[2025-10-18 17:58:33.321] [DEBUG] [AST] SKIPPED field registration for 'default_value': function parameter in struct 'Result<T,E>' (in_function=1)[0m
[0;36m[2025-10-18 17:58:33.321] [DEBUG] [AST] Set 'this' type to: Result*[0m
[0;36m[2025-10-18 17:58:33.321] [DEBUG] [AST] Assignment compatibility check: T = T (TypeKinds: 10 vs 10)[0m
[0;36m[2025-10-18 17:58:33.321] [DEBUG] [AST] Assignment compatibility check: T = T (TypeKinds: 10 vs 10)[0m
[0;33m[2025-10-18 17:58:33.321] [WARN] [AST] FunctionType: Avoiding virtual function calls on parameter type at index 0 due to potential Type corruption, using 'void'[0m
[0;33m[2025-10-18 17:58:33.321] [WARN] [AST] FunctionType: Avoiding virtual function calls due to potential Type corruption, using 'void'[0m
[0;36m[2025-10-18 17:58:33.321] [DEBUG] [AST] resolve_type_with_generic_context: 'T'[0m
[0;36m[2025-10-18 17:58:33.321] [DEBUG] [AST] Attempting direct type lookup for 'T'[0m
[0;36m[2025-10-18 17:58:33.321] [DEBUG] [AST] Trying TypeContext token-based parsing first...[0m
[0;36m[2025-10-18 17:58:33.321] [DEBUG] [AST] Token parsing result for 'T': T (kind=10)[0m
[0;36m[2025-10-18 17:58:33.321] [DEBUG] [AST] Successfully parsed 'T' via TypeContext (token-based parsing)[0m
[0;36m[2025-10-18 17:58:33.321] [DEBUG] [AST] resolve_type_with_generic_context: 'string'[0m
[0;36m[2025-10-18 17:58:33.321] [DEBUG] [AST] Attempting direct type lookup for 'string'[0m
[0;36m[2025-10-18 17:58:33.321] [DEBUG] [AST] Trying TypeContext token-based parsing first...[0m
[0;36m[2025-10-18 17:58:33.321] [DEBUG] [AST] Token parsing result for 'string': string (kind=5)[0m
[0;36m[2025-10-18 17:58:33.321] [DEBUG] [AST] Successfully parsed 'string' via TypeContext (token-based parsing)[0m
[0;33m[2025-10-18 17:58:33.321] [WARN] [AST] FunctionType: Avoiding virtual function calls on parameter type at index 0 due to potential Type corruption, using 'void'[0m
[0;33m[2025-10-18 17:58:33.321] [WARN] [AST] FunctionType: Avoiding virtual function calls due to potential Type corruption, using 'void'[0m
[0;36m[2025-10-18 17:58:33.322] [DEBUG] [AST] Created function type for 'expect' - is_variadic: 0[0m
[0;36m[2025-10-18 17:58:33.322] [DEBUG] [AST] Not found in main symbols, checking namespaces...[0m
[0;36m[2025-10-18 17:58:33.322] [DEBUG] [AST] VariableDeclarationNode 'message' has type annotation: 'string' (current_struct: 'Result<T,E>')[0m
[0;36m[2025-10-18 17:58:33.322] [DEBUG] [AST] resolve_type_with_generic_context: 'string'[0m
[0;36m[2025-10-18 17:58:33.322] [DEBUG] [AST] Attempting direct type lookup for 'string'[0m
[0;36m[2025-10-18 17:58:33.322] [DEBUG] [AST] Trying TypeContext token-based parsing first...[0m
[0;36m[2025-10-18 17:58:33.322] [DEBUG] [AST] Token parsing result for 'string': string (kind=5)[0m
[0;36m[2025-10-18 17:58:33.322] [DEBUG] [AST] Successfully parsed 'string' via TypeContext (token-based parsing)[0m
[0;36m[2025-10-18 17:58:33.322] [DEBUG] [AST] SKIPPED field registration for 'message': function parameter in struct 'Result<T,E>' (in_function=1)[0m
[0;36m[2025-10-18 17:58:33.322] [DEBUG] [AST] Set 'this' type to: Result*[0m
[0;36m[2025-10-18 17:58:33.322] [DEBUG] [AST] Class Intrinsics not found in namespace std[0m
[0;36m[2025-10-18 17:58:33.322] [DEBUG] [AST] Looking up scope symbol 'std::Intrinsics'[0m
[0;36m[2025-10-18 17:58:33.322] [DEBUG] [AST] Scope symbol 'std::Intrinsics' not found[0m
[0;36m[2025-10-18 17:58:33.322] [DEBUG] [AST] Class Intrinsics not found in namespace std[0m
[0;36m[2025-10-18 17:58:33.322] [DEBUG] [AST] Looking up scope symbol 'std::Intrinsics'[0m
[0;36m[2025-10-18 17:58:33.322] [DEBUG] [AST] Scope symbol 'std::Intrinsics' not found[0m
[0;36m[2025-10-18 17:58:33.322] [DEBUG] [AST] Class Intrinsics not found in namespace std[0m
[0;36m[2025-10-18 17:58:33.322] [DEBUG] [AST] Looking up scope symbol 'std::Intrinsics'[0m
[0;36m[2025-10-18 17:58:33.322] [DEBUG] [AST] Scope symbol 'std::Intrinsics' not found[0m
[0;33m[2025-10-18 17:58:33.322] [WARN] [AST] FunctionType: Avoiding virtual function calls on parameter type at index 0 due to potential Type corruption, using 'void'[0m
[0;33m[2025-10-18 17:58:33.322] [WARN] [AST] FunctionType: Avoiding virtual function calls due to potential Type corruption, using 'void'[0m
[0;36m[2025-10-18 17:58:33.322] [DEBUG] [AST] Processing statement 27 in module std::core::Types[0m
[0;36m[2025-10-18 17:58:33.322] [DEBUG] [AST] Entering generic context for 'Clone' with parameters: T[0m
[0;36m[2025-10-18 17:58:33.322] [DEBUG] [AST] resolve_type_with_generic_context: 'T'[0m
[0;36m[2025-10-18 17:58:33.322] [DEBUG] [AST] 'T' is a generic parameter, creating generic type[0m
[0;36m[2025-10-18 17:58:33.322] [DEBUG] [AST] resolve_type_with_generic_context: 'T'[0m
[0;36m[2025-10-18 17:58:33.322] [DEBUG] [AST] 'T' is a generic parameter, creating generic type[0m
[0;33m[2025-10-18 17:58:33.322] [WARN] [AST] FunctionType: Avoiding virtual function calls on parameter type at index 0 due to potential Type corruption, using 'void'[0m
[0;33m[2025-10-18 17:58:33.322] [WARN] [AST] FunctionType: Avoiding virtual function calls due to potential Type corruption, using 'void'[0m
[0;36m[2025-10-18 17:58:33.322] [DEBUG] [AST] Created function type for 'clone' - is_variadic: 0[0m
[0;36m[2025-10-18 17:58:33.322] [DEBUG] [AST] Not found in main symbols, checking namespaces...[0m
[0;36m[2025-10-18 17:58:33.322] [DEBUG] [AST] VariableDeclarationNode 'self' has type annotation: 'T' (current_struct: '')[0m
[0;36m[2025-10-18 17:58:33.322] [DEBUG] [AST] resolve_type_with_generic_context: 'T'[0m
[0;36m[2025-10-18 17:58:33.322] [DEBUG] [AST] 'T' is a generic parameter, creating generic type[0m
[0;36m[2025-10-18 17:58:33.322] [DEBUG] [AST] Exiting generic context for 'Clone'[0m
[0;36m[2025-10-18 17:58:33.322] [DEBUG] [AST] Processing statement 28 in module std::core::Types[0m
[0;36m[2025-10-18 17:58:33.322] [DEBUG] [AST] Processing statement 29 in module std::core::Types[0m
[0;36m[2025-10-18 17:58:33.322] [DEBUG] [AST] Entering generic context for 'Copy' with parameters: T[0m
[0;36m[2025-10-18 17:58:33.322] [DEBUG] [AST] Exiting generic context for 'Copy'[0m
[0;36m[2025-10-18 17:58:33.322] [DEBUG] [AST] Processing statement 30 in module std::core::Types[0m
[0;36m[2025-10-18 17:58:33.322] [DEBUG] [AST] Entering generic context for 'Default' with parameters: T[0m
[0;36m[2025-10-18 17:58:33.322] [DEBUG] [AST] resolve_type_with_generic_context: 'T'[0m
[0;36m[2025-10-18 17:58:33.322] [DEBUG] [AST] 'T' is a generic parameter, creating generic type[0m
[0;33m[2025-10-18 17:58:33.322] [WARN] [AST] FunctionType: Avoiding virtual function calls due to potential Type corruption, using 'void'[0m
[0;36m[2025-10-18 17:58:33.322] [DEBUG] [AST] Created function type for 'get_default' - is_variadic: 0[0m
[0;36m[2025-10-18 17:58:33.322] [DEBUG] [AST] Not found in main symbols, checking namespaces...[0m
[0;36m[2025-10-18 17:58:33.322] [DEBUG] [AST] Exiting generic context for 'Default'[0m
[0;36m[2025-10-18 17:58:33.322] [DEBUG] [AST] Processing statement 31 in module std::core::Types[0m
[0;36m[2025-10-18 17:58:33.322] [DEBUG] [AST] Entering generic context for 'Display' with parameters: T[0m
[0;36m[2025-10-18 17:58:33.322] [DEBUG] [AST] resolve_type_with_generic_context: 'string'[0m
[0;36m[2025-10-18 17:58:33.322] [DEBUG] [AST] Attempting direct type lookup for 'string'[0m
[0;36m[2025-10-18 17:58:33.322] [DEBUG] [AST] Trying TypeContext token-based parsing first...[0m
[0;36m[2025-10-18 17:58:33.322] [DEBUG] [AST] Token parsing result for 'string': string (kind=5)[0m
[0;36m[2025-10-18 17:58:33.322] [DEBUG] [AST] Successfully parsed 'string' via TypeContext (token-based parsing)[0m
[0;33m[2025-10-18 17:58:33.322] [WARN] [AST] FunctionType: Avoiding virtual function calls due to potential Type corruption, using 'void'[0m
[0;36m[2025-10-18 17:58:33.322] [DEBUG] [AST] Created function type for 'to_string' - is_variadic: 0[0m
[0;36m[2025-10-18 17:58:33.322] [DEBUG] [AST] Not found in main symbols, checking namespaces...[0m
[0;36m[2025-10-18 17:58:33.322] [DEBUG] [AST] Exiting generic context for 'Display'[0m
[0;36m[2025-10-18 17:58:33.322] [DEBUG] [AST] Processing statement 32 in module std::core::Types[0m
[0;36m[2025-10-18 17:58:33.322] [DEBUG] [AST] Entering generic context for 'Debug' with parameters: T[0m
[0;36m[2025-10-18 17:58:33.322] [DEBUG] [AST] resolve_type_with_generic_context: 'string'[0m
[0;36m[2025-10-18 17:58:33.322] [DEBUG] [AST] Attempting direct type lookup for 'string'[0m
[0;36m[2025-10-18 17:58:33.322] [DEBUG] [AST] Trying TypeContext token-based parsing first...[0m
[0;36m[2025-10-18 17:58:33.322] [DEBUG] [AST] Token parsing result for 'string': string (kind=5)[0m
[0;36m[2025-10-18 17:58:33.322] [DEBUG] [AST] Successfully parsed 'string' via TypeContext (token-based parsing)[0m
[0;33m[2025-10-18 17:58:33.322] [WARN] [AST] FunctionType: Avoiding virtual function calls due to potential Type corruption, using 'void'[0m
[0;36m[2025-10-18 17:58:33.322] [DEBUG] [AST] Created function type for 'debug_string' - is_variadic: 0[0m
[0;36m[2025-10-18 17:58:33.322] [DEBUG] [AST] Not found in main symbols, checking namespaces...[0m
[0;36m[2025-10-18 17:58:33.322] [DEBUG] [AST] Exiting generic context for 'Debug'[0m
[0;36m[2025-10-18 17:58:33.322] [DEBUG] [AST] Processing statement 33 in module std::core::Types[0m
[0;36m[2025-10-18 17:58:33.322] [DEBUG] [AST] Entering generic context for 'Eq' with parameters: T[0m
[0;36m[2025-10-18 17:58:33.323] [DEBUG] [AST] resolve_type_with_generic_context: 'boolean'[0m
[0;36m[2025-10-18 17:58:33.323] [DEBUG] [AST] Attempting direct type lookup for 'boolean'[0m
[0;36m[2025-10-18 17:58:33.323] [DEBUG] [AST] Trying TypeContext token-based parsing first...[0m
[0;36m[2025-10-18 17:58:33.323] [DEBUG] [AST] Token parsing result for 'boolean': boolean (kind=1)[0m
[0;36m[2025-10-18 17:58:33.323] [DEBUG] [AST] Successfully parsed 'boolean' via TypeContext (token-based parsing)[0m
[0;36m[2025-10-18 17:58:33.323] [DEBUG] [AST] resolve_type_with_generic_context: 'T'[0m
[0;36m[2025-10-18 17:58:33.323] [DEBUG] [AST] 'T' is a generic parameter, creating generic type[0m
[0;33m[2025-10-18 17:58:33.323] [WARN] [AST] FunctionType: Avoiding virtual function calls on parameter type at index 0 due to potential Type corruption, using 'void'[0m
[0;33m[2025-10-18 17:58:33.323] [WARN] [AST] FunctionType: Avoiding virtual function calls due to potential Type corruption, using 'void'[0m
[0;36m[2025-10-18 17:58:33.323] [DEBUG] [AST] Created function type for 'eq' - is_variadic: 0[0m
[0;36m[2025-10-18 17:58:33.323] [DEBUG] [AST] Not found in main symbols, checking namespaces...[0m
[0;36m[2025-10-18 17:58:33.323] [DEBUG] [AST] VariableDeclarationNode 'other' has type annotation: 'T' (current_struct: '')[0m
[0;36m[2025-10-18 17:58:33.323] [DEBUG] [AST] resolve_type_with_generic_context: 'T'[0m
[0;36m[2025-10-18 17:58:33.323] [DEBUG] [AST] 'T' is a generic parameter, creating generic type[0m
[0;36m[2025-10-18 17:58:33.323] [DEBUG] [AST] resolve_type_with_generic_context: 'boolean'[0m
[0;36m[2025-10-18 17:58:33.323] [DEBUG] [AST] Attempting direct type lookup for 'boolean'[0m
[0;36m[2025-10-18 17:58:33.323] [DEBUG] [AST] Trying TypeContext token-based parsing first...[0m
[0;36m[2025-10-18 17:58:33.323] [DEBUG] [AST] Token parsing result for 'boolean': boolean (kind=1)[0m
[0;36m[2025-10-18 17:58:33.323] [DEBUG] [AST] Successfully parsed 'boolean' via TypeContext (token-based parsing)[0m
[0;36m[2025-10-18 17:58:33.323] [DEBUG] [AST] resolve_type_with_generic_context: 'T'[0m
[0;36m[2025-10-18 17:58:33.323] [DEBUG] [AST] 'T' is a generic parameter, creating generic type[0m
[0;33m[2025-10-18 17:58:33.323] [WARN] [AST] FunctionType: Avoiding virtual function calls on parameter type at index 0 due to potential Type corruption, using 'void'[0m
[0;33m[2025-10-18 17:58:33.323] [WARN] [AST] FunctionType: Avoiding virtual function calls due to potential Type corruption, using 'void'[0m
[0;36m[2025-10-18 17:58:33.323] [DEBUG] [AST] Created function type for 'ne' - is_variadic: 0[0m
[0;36m[2025-10-18 17:58:33.323] [DEBUG] [AST] Not found in main symbols, checking namespaces...[0m
[0;36m[2025-10-18 17:58:33.323] [DEBUG] [AST] VariableDeclarationNode 'other' has type annotation: 'T' (current_struct: '')[0m
[0;36m[2025-10-18 17:58:33.323] [DEBUG] [AST] resolve_type_with_generic_context: 'T'[0m
[0;36m[2025-10-18 17:58:33.323] [DEBUG] [AST] 'T' is a generic parameter, creating generic type[0m
[0;36m[2025-10-18 17:58:33.323] [DEBUG] [AST] Exiting generic context for 'Eq'[0m
[0;36m[2025-10-18 17:58:33.323] [DEBUG] [AST] Processing statement 34 in module std::core::Types[0m
[0;36m[2025-10-18 17:58:33.323] [DEBUG] [AST] Entering generic context for 'Hash' with parameters: T[0m
[0;36m[2025-10-18 17:58:33.323] [DEBUG] [AST] resolve_type_with_generic_context: 'u64'[0m
[0;36m[2025-10-18 17:58:33.323] [DEBUG] [AST] Attempting direct type lookup for 'u64'[0m
[0;36m[2025-10-18 17:58:33.323] [DEBUG] [AST] Trying TypeContext token-based parsing first...[0m
[0;36m[2025-10-18 17:58:33.323] [DEBUG] [AST] TypeContext::get_integer_type() called with kind=u64 is_signed=0[0m
[0;36m[2025-10-18 17:58:33.323] [DEBUG] [AST] Token parsing result for 'u64': u64 (kind=2)[0m
[0;36m[2025-10-18 17:58:33.323] [DEBUG] [AST] Successfully parsed 'u64' via TypeContext (token-based parsing)[0m
[0;36m[2025-10-18 17:58:33.323] [DEBUG] [AST] resolve_type_with_generic_context: 'T'[0m
[0;36m[2025-10-18 17:58:33.323] [DEBUG] [AST] 'T' is a generic parameter, creating generic type[0m
[0;33m[2025-10-18 17:58:33.323] [WARN] [AST] FunctionType: Avoiding virtual function calls on parameter type at index 0 due to potential Type corruption, using 'void'[0m
[0;33m[2025-10-18 17:58:33.323] [WARN] [AST] FunctionType: Avoiding virtual function calls due to potential Type corruption, using 'void'[0m
[0;36m[2025-10-18 17:58:33.323] [DEBUG] [AST] Created function type for 'hash' - is_variadic: 0[0m
[0;36m[2025-10-18 17:58:33.323] [DEBUG] [AST] Not found in main symbols, checking namespaces...[0m
[0;36m[2025-10-18 17:58:33.323] [DEBUG] [AST] VariableDeclarationNode 'self' has type annotation: 'T' (current_struct: '')[0m
[0;36m[2025-10-18 17:58:33.323] [DEBUG] [AST] resolve_type_with_generic_context: 'T'[0m
[0;36m[2025-10-18 17:58:33.323] [DEBUG] [AST] 'T' is a generic parameter, creating generic type[0m
[0;36m[2025-10-18 17:58:33.323] [DEBUG] [AST] Exiting generic context for 'Hash'[0m
[0;36m[2025-10-18 17:58:33.323] [DEBUG] [AST] Processing statement 35 in module std::core::Types[0m
[0;36m[2025-10-18 17:58:33.323] [DEBUG] [AST] Entering generic context for 'Iterator' with parameters: T[0m
[0;36m[2025-10-18 17:58:33.323] [DEBUG] [AST] resolve_type_with_generic_context: 'Option < T >'[0m
[0;36m[2025-10-18 17:58:33.323] [DEBUG] [AST] Found generic type syntax in 'Option < T >'[0m
[0;36m[2025-10-18 17:58:33.323] [DEBUG] [AST] base_type='Option', type_args='T'[0m
[0;36m[2025-10-18 17:58:33.323] [DEBUG] [AST] Looking for type alias 'Option' in symbol table...[0m
[0;36m[2025-10-18 17:58:33.323] [DEBUG] [AST] Symbol lookup result: found[0m
[0;36m[2025-10-18 17:58:33.323] [DEBUG] [AST] Symbol type kind: 14[0m
[0;36m[2025-10-18 17:58:33.323] [DEBUG] [AST] has_generic_args=1, is_in_generic_context=1[0m
[0;36m[2025-10-18 17:58:33.323] [DEBUG] [AST] 'Option < T >' contains generic parameters, deferring resolution[0m
[0;36m[2025-10-18 17:58:33.323] [DEBUG] [AST] resolve_type_with_generic_context: '&Iterator'[0m
[0;36m[2025-10-18 17:58:33.324] [DEBUG] [AST] Stripped reference prefix, checking template for: 'Iterator'[0m
[0;36m[2025-10-18 17:58:33.324] [DEBUG] [AST] Attempting direct type lookup for '&Iterator'[0m
[0;36m[2025-10-18 17:58:33.324] [DEBUG] [AST] Trying TypeContext token-based parsing first...[0m
[0;36m[2025-10-18 17:58:33.324] [DEBUG] [AST] Token parsing result for '&Iterator': &Iterator (kind=8)[0m
[0;36m[2025-10-18 17:58:33.324] [DEBUG] [AST] Successfully parsed '&Iterator' via TypeContext (token-based parsing)[0m
[0;33m[2025-10-18 17:58:33.324] [WARN] [AST] FunctionType: Avoiding virtual function calls on parameter type at index 0 due to potential Type corruption, using 'void'[0m
[0;33m[2025-10-18 17:58:33.324] [WARN] [AST] FunctionType: Avoiding virtual function calls due to potential Type corruption, using 'void'[0m
[0;36m[2025-10-18 17:58:33.324] [DEBUG] [AST] Created function type for 'next' - is_variadic: 0[0m
[0;36m[2025-10-18 17:58:33.324] [DEBUG] [AST] Not found in main symbols, checking namespaces...[0m
[0;36m[2025-10-18 17:58:33.324] [DEBUG] [AST] VariableDeclarationNode 'self' has type annotation: '&Iterator' (current_struct: '')[0m
[0;36m[2025-10-18 17:58:33.324] [DEBUG] [AST] resolve_type_with_generic_context: '&Iterator'[0m
[0;36m[2025-10-18 17:58:33.324] [DEBUG] [AST] Stripped reference prefix, checking template for: 'Iterator'[0m
[0;36m[2025-10-18 17:58:33.324] [DEBUG] [AST] Attempting direct type lookup for '&Iterator'[0m
[0;36m[2025-10-18 17:58:33.324] [DEBUG] [AST] Trying TypeContext token-based parsing first...[0m
[0;36m[2025-10-18 17:58:33.324] [DEBUG] [AST] Token parsing result for '&Iterator': &Iterator (kind=8)[0m
[0;36m[2025-10-18 17:58:33.324] [DEBUG] [AST] Successfully parsed '&Iterator' via TypeContext (token-based parsing)[0m
[0;36m[2025-10-18 17:58:33.324] [DEBUG] [AST] resolve_type_with_generic_context: 'u64'[0m
[0;36m[2025-10-18 17:58:33.324] [DEBUG] [AST] Attempting direct type lookup for 'u64'[0m
[0;36m[2025-10-18 17:58:33.324] [DEBUG] [AST] Trying TypeContext token-based parsing first...[0m
[0;36m[2025-10-18 17:58:33.324] [DEBUG] [AST] TypeContext::get_integer_type() called with kind=u64 is_signed=0[0m
[0;36m[2025-10-18 17:58:33.324] [DEBUG] [AST] Token parsing result for 'u64': u64 (kind=2)[0m
[0;36m[2025-10-18 17:58:33.324] [DEBUG] [AST] Successfully parsed 'u64' via TypeContext (token-based parsing)[0m
[0;36m[2025-10-18 17:58:33.324] [DEBUG] [AST] resolve_type_with_generic_context: '&Iterator'[0m
[0;36m[2025-10-18 17:58:33.324] [DEBUG] [AST] Stripped reference prefix, checking template for: 'Iterator'[0m
[0;36m[2025-10-18 17:58:33.324] [DEBUG] [AST] Attempting direct type lookup for '&Iterator'[0m
[0;36m[2025-10-18 17:58:33.324] [DEBUG] [AST] Trying TypeContext token-based parsing first...[0m
[0;36m[2025-10-18 17:58:33.324] [DEBUG] [AST] Token parsing result for '&Iterator': &Iterator (kind=8)[0m
[0;36m[2025-10-18 17:58:33.324] [DEBUG] [AST] Successfully parsed '&Iterator' via TypeContext (token-based parsing)[0m
[0;33m[2025-10-18 17:58:33.324] [WARN] [AST] FunctionType: Avoiding virtual function calls on parameter type at index 0 due to potential Type corruption, using 'void'[0m
[0;33m[2025-10-18 17:58:33.324] [WARN] [AST] FunctionType: Avoiding virtual function calls due to potential Type corruption, using 'void'[0m
[0;36m[2025-10-18 17:58:33.324] [DEBUG] [AST] Created function type for 'size_hint' - is_variadic: 0[0m
[0;36m[2025-10-18 17:58:33.324] [DEBUG] [AST] Not found in main symbols, checking namespaces...[0m
[0;36m[2025-10-18 17:58:33.324] [DEBUG] [AST] VariableDeclarationNode 'self' has type annotation: '&Iterator' (current_struct: '')[0m
[0;36m[2025-10-18 17:58:33.324] [DEBUG] [AST] resolve_type_with_generic_context: '&Iterator'[0m
[0;36m[2025-10-18 17:58:33.324] [DEBUG] [AST] Stripped reference prefix, checking template for: 'Iterator'[0m
[0;36m[2025-10-18 17:58:33.324] [DEBUG] [AST] Attempting direct type lookup for '&Iterator'[0m
[0;36m[2025-10-18 17:58:33.324] [DEBUG] [AST] Trying TypeContext token-based parsing first...[0m
[0;36m[2025-10-18 17:58:33.324] [DEBUG] [AST] Token parsing result for '&Iterator': &Iterator (kind=8)[0m
[0;36m[2025-10-18 17:58:33.324] [DEBUG] [AST] Successfully parsed '&Iterator' via TypeContext (token-based parsing)[0m
[0;36m[2025-10-18 17:58:33.324] [DEBUG] [AST] Exiting generic context for 'Iterator'[0m
[0;36m[2025-10-18 17:58:33.324] [DEBUG] [AST] Processing statement 36 in module std::core::Types[0m
[0;36m[2025-10-18 17:58:33.324] [DEBUG] [AST] Entering generic context for 'Collect' with parameters: T, C[0m
[0;36m[2025-10-18 17:58:33.324] [DEBUG] [AST] resolve_type_with_generic_context: 'C'[0m
[0;36m[2025-10-18 17:58:33.324] [DEBUG] [AST] 'C' is a generic parameter, creating generic type[0m
[0;36m[2025-10-18 17:58:33.324] [DEBUG] [AST] resolve_type_with_generic_context: '&Iterator < T >'[0m
[0;36m[2025-10-18 17:58:33.324] [DEBUG] [AST] Stripped reference prefix, checking template for: 'Iterator < T >'[0m
[0;36m[2025-10-18 17:58:33.324] [DEBUG] [AST] Found generic type syntax in 'Iterator < T >'[0m
[0;36m[2025-10-18 17:58:33.324] [DEBUG] [AST] base_type='Iterator', type_args='T'[0m
[0;36m[2025-10-18 17:58:33.324] [DEBUG] [AST] Looking for type alias 'Iterator' in symbol table...[0m
[0;36m[2025-10-18 17:58:33.324] [DEBUG] [AST] Symbol lookup result: found[0m
[0;36m[2025-10-18 17:58:33.324] [DEBUG] [AST] Symbol type kind: 13[0m
[0;36m[2025-10-18 17:58:33.324] [DEBUG] [AST] has_generic_args=1, is_in_generic_context=1[0m
[0;36m[2025-10-18 17:58:33.324] [DEBUG] [AST] '&Iterator < T >' contains generic parameters, deferring resolution[0m
[0;33m[2025-10-18 17:58:33.324] [WARN] [AST] FunctionType: Avoiding virtual function calls on parameter type at index 0 due to potential Type corruption, using 'void'[0m
[0;33m[2025-10-18 17:58:33.324] [WARN] [AST] FunctionType: Avoiding virtual function calls due to potential Type corruption, using 'void'[0m
[0;36m[2025-10-18 17:58:33.324] [DEBUG] [AST] Created function type for 'collect' - is_variadic: 0[0m
[0;36m[2025-10-18 17:58:33.324] [DEBUG] [AST] Not found in main symbols, checking namespaces...[0m
[0;36m[2025-10-18 17:58:33.324] [DEBUG] [AST] VariableDeclarationNode 'iter' has type annotation: '&Iterator < T >' (current_struct: '')[0m
[0;36m[2025-10-18 17:58:33.324] [DEBUG] [AST] resolve_type_with_generic_context: '&Iterator < T >'[0m
[0;36m[2025-10-18 17:58:33.324] [DEBUG] [AST] Stripped reference prefix, checking template for: 'Iterator < T >'[0m
[0;36m[2025-10-18 17:58:33.324] [DEBUG] [AST] Found generic type syntax in 'Iterator < T >'[0m
[0;36m[2025-10-18 17:58:33.324] [DEBUG] [AST] base_type='Iterator', type_args='T'[0m
[0;36m[2025-10-18 17:58:33.324] [DEBUG] [AST] Looking for type alias 'Iterator' in symbol table...[0m
[0;36m[2025-10-18 17:58:33.324] [DEBUG] [AST] Symbol lookup result: found[0m
[0;36m[2025-10-18 17:58:33.324] [DEBUG] [AST] Symbol type kind: 13[0m
[0;36m[2025-10-18 17:58:33.324] [DEBUG] [AST] has_generic_args=1, is_in_generic_context=1[0m
[0;36m[2025-10-18 17:58:33.325] [DEBUG] [AST] '&Iterator < T >' contains generic parameters, deferring resolution[0m
[0;36m[2025-10-18 17:58:33.325] [DEBUG] [AST] Exiting generic context for 'Collect'[0m
[0;36m[2025-10-18 17:58:33.325] [DEBUG] [AST] Processing statement 37 in module std::core::Types[0m
[0;36m[2025-10-18 17:58:33.325] [DEBUG] [AST] Entering generic context for 'Index' with parameters: T, I[0m
[0;36m[2025-10-18 17:58:33.325] [DEBUG] [AST] resolve_type_with_generic_context: '&T'[0m
[0;36m[2025-10-18 17:58:33.325] [DEBUG] [AST] Stripped reference prefix, checking template for: 'T'[0m
[0;36m[2025-10-18 17:58:33.325] [DEBUG] [AST] Attempting direct type lookup for '&T'[0m
[0;36m[2025-10-18 17:58:33.325] [DEBUG] [AST] Trying TypeContext token-based parsing first...[0m
[0;36m[2025-10-18 17:58:33.325] [DEBUG] [AST] Token parsing result for '&T': &T (kind=8)[0m
[0;36m[2025-10-18 17:58:33.325] [DEBUG] [AST] Successfully parsed '&T' via TypeContext (token-based parsing)[0m
[0;36m[2025-10-18 17:58:33.325] [DEBUG] [AST] resolve_type_with_generic_context: '&T'[0m
[0;36m[2025-10-18 17:58:33.325] [DEBUG] [AST] Stripped reference prefix, checking template for: 'T'[0m
[0;36m[2025-10-18 17:58:33.325] [DEBUG] [AST] Attempting direct type lookup for '&T'[0m
[0;36m[2025-10-18 17:58:33.325] [DEBUG] [AST] Trying TypeContext token-based parsing first...[0m
[0;36m[2025-10-18 17:58:33.325] [DEBUG] [AST] Token parsing result for '&T': &T (kind=8)[0m
[0;36m[2025-10-18 17:58:33.325] [DEBUG] [AST] Successfully parsed '&T' via TypeContext (token-based parsing)[0m
[0;36m[2025-10-18 17:58:33.325] [DEBUG] [AST] resolve_type_with_generic_context: 'I'[0m
[0;36m[2025-10-18 17:58:33.325] [DEBUG] [AST] 'I' is a generic parameter, creating generic type[0m
[0;33m[2025-10-18 17:58:33.325] [WARN] [AST] FunctionType: Avoiding virtual function calls on parameter type at index 0 due to potential Type corruption, using 'void'[0m
[0;33m[2025-10-18 17:58:33.325] [WARN] [AST] FunctionType: Avoiding virtual function calls on parameter type at index 1 due to potential Type corruption, using 'void'[0m
[0;33m[2025-10-18 17:58:33.325] [WARN] [AST] FunctionType: Avoiding virtual function calls due to potential Type corruption, using 'void'[0m
[0;36m[2025-10-18 17:58:33.325] [DEBUG] [AST] Created function type for 'index' - is_variadic: 0[0m
[0;36m[2025-10-18 17:58:33.325] [DEBUG] [AST] Not found in main symbols, checking namespaces...[0m
[0;36m[2025-10-18 17:58:33.325] [DEBUG] [AST] VariableDeclarationNode 'self' has type annotation: '&T' (current_struct: '')[0m
[0;36m[2025-10-18 17:58:33.325] [DEBUG] [AST] resolve_type_with_generic_context: '&T'[0m
[0;36m[2025-10-18 17:58:33.325] [DEBUG] [AST] Stripped reference prefix, checking template for: 'T'[0m
[0;36m[2025-10-18 17:58:33.325] [DEBUG] [AST] Attempting direct type lookup for '&T'[0m
[0;36m[2025-10-18 17:58:33.325] [DEBUG] [AST] Trying TypeContext token-based parsing first...[0m
[0;36m[2025-10-18 17:58:33.325] [DEBUG] [AST] Token parsing result for '&T': &T (kind=8)[0m
[0;36m[2025-10-18 17:58:33.325] [DEBUG] [AST] Successfully parsed '&T' via TypeContext (token-based parsing)[0m
[0;36m[2025-10-18 17:58:33.325] [DEBUG] [AST] VariableDeclarationNode 'index' has type annotation: 'I' (current_struct: '')[0m
[0;36m[2025-10-18 17:58:33.325] [DEBUG] [AST] resolve_type_with_generic_context: 'I'[0m
[0;36m[2025-10-18 17:58:33.325] [DEBUG] [AST] 'I' is a generic parameter, creating generic type[0m
[0;36m[2025-10-18 17:58:33.325] [DEBUG] [AST] Exiting generic context for 'Index'[0m
[0;36m[2025-10-18 17:58:33.325] [DEBUG] [AST] Processing statement 38 in module std::core::Types[0m
[0;36m[2025-10-18 17:58:33.325] [DEBUG] [AST] Entering generic context for 'IndexMut' with parameters: T, I[0m
[0;36m[2025-10-18 17:58:33.325] [DEBUG] [AST] resolve_type_with_generic_context: '&T'[0m
[0;36m[2025-10-18 17:58:33.325] [DEBUG] [AST] Stripped reference prefix, checking template for: 'T'[0m
[0;36m[2025-10-18 17:58:33.325] [DEBUG] [AST] Attempting direct type lookup for '&T'[0m
[0;36m[2025-10-18 17:58:33.325] [DEBUG] [AST] Trying TypeContext token-based parsing first...[0m
[0;36m[2025-10-18 17:58:33.325] [DEBUG] [AST] Token parsing result for '&T': &T (kind=8)[0m
[0;36m[2025-10-18 17:58:33.325] [DEBUG] [AST] Successfully parsed '&T' via TypeContext (token-based parsing)[0m
[0;36m[2025-10-18 17:58:33.325] [DEBUG] [AST] resolve_type_with_generic_context: '&T'[0m
[0;36m[2025-10-18 17:58:33.325] [DEBUG] [AST] Stripped reference prefix, checking template for: 'T'[0m
[0;36m[2025-10-18 17:58:33.325] [DEBUG] [AST] Attempting direct type lookup for '&T'[0m
[0;36m[2025-10-18 17:58:33.325] [DEBUG] [AST] Trying TypeContext token-based parsing first...[0m
[0;36m[2025-10-18 17:58:33.325] [DEBUG] [AST] Token parsing result for '&T': &T (kind=8)[0m
[0;36m[2025-10-18 17:58:33.325] [DEBUG] [AST] Successfully parsed '&T' via TypeContext (token-based parsing)[0m
[0;36m[2025-10-18 17:58:33.325] [DEBUG] [AST] resolve_type_with_generic_context: 'I'[0m
[0;36m[2025-10-18 17:58:33.325] [DEBUG] [AST] 'I' is a generic parameter, creating generic type[0m
[0;33m[2025-10-18 17:58:33.325] [WARN] [AST] FunctionType: Avoiding virtual function calls on parameter type at index 0 due to potential Type corruption, using 'void'[0m
[0;33m[2025-10-18 17:58:33.325] [WARN] [AST] FunctionType: Avoiding virtual function calls on parameter type at index 1 due to potential Type corruption, using 'void'[0m
[0;33m[2025-10-18 17:58:33.325] [WARN] [AST] FunctionType: Avoiding virtual function calls due to potential Type corruption, using 'void'[0m
[0;36m[2025-10-18 17:58:33.325] [DEBUG] [AST] Created function type for 'index_mut' - is_variadic: 0[0m
[0;36m[2025-10-18 17:58:33.325] [DEBUG] [AST] Not found in main symbols, checking namespaces...[0m
[0;36m[2025-10-18 17:58:33.325] [DEBUG] [AST] VariableDeclarationNode 'self' has type annotation: '&T' (current_struct: '')[0m
[0;36m[2025-10-18 17:58:33.325] [DEBUG] [AST] resolve_type_with_generic_context: '&T'[0m
[0;36m[2025-10-18 17:58:33.325] [DEBUG] [AST] Stripped reference prefix, checking template for: 'T'[0m
[0;36m[2025-10-18 17:58:33.325] [DEBUG] [AST] Attempting direct type lookup for '&T'[0m
[0;36m[2025-10-18 17:58:33.325] [DEBUG] [AST] Trying TypeContext token-based parsing first...[0m
[0;36m[2025-10-18 17:58:33.325] [DEBUG] [AST] Token parsing result for '&T': &T (kind=8)[0m
[0;36m[2025-10-18 17:58:33.325] [DEBUG] [AST] Successfully parsed '&T' via TypeContext (token-based parsing)[0m
[0;36m[2025-10-18 17:58:33.325] [DEBUG] [AST] VariableDeclarationNode 'index' has type annotation: 'I' (current_struct: '')[0m
[0;36m[2025-10-18 17:58:33.326] [DEBUG] [AST] resolve_type_with_generic_context: 'I'[0m
[0;36m[2025-10-18 17:58:33.326] [DEBUG] [AST] 'I' is a generic parameter, creating generic type[0m
[0;36m[2025-10-18 17:58:33.326] [DEBUG] [AST] Exiting generic context for 'IndexMut'[0m
[0;36m[2025-10-18 17:58:33.326] [DEBUG] [AST] Processing statement 39 in module std::core::Types[0m
[0;36m[2025-10-18 17:58:33.326] [DEBUG] [AST] Entering generic context for 'From' with parameters: T, F[0m
[0;36m[2025-10-18 17:58:33.326] [DEBUG] [AST] resolve_type_with_generic_context: 'T'[0m
[0;36m[2025-10-18 17:58:33.326] [DEBUG] [AST] 'T' is a generic parameter, creating generic type[0m
[0;36m[2025-10-18 17:58:33.326] [DEBUG] [AST] resolve_type_with_generic_context: 'F'[0m
[0;36m[2025-10-18 17:58:33.326] [DEBUG] [AST] 'F' is a generic parameter, creating generic type[0m
[0;33m[2025-10-18 17:58:33.326] [WARN] [AST] FunctionType: Avoiding virtual function calls on parameter type at index 0 due to potential Type corruption, using 'void'[0m
[0;33m[2025-10-18 17:58:33.326] [WARN] [AST] FunctionType: Avoiding virtual function calls due to potential Type corruption, using 'void'[0m
[0;36m[2025-10-18 17:58:33.326] [DEBUG] [AST] Created function type for 'from' - is_variadic: 0[0m
[0;36m[2025-10-18 17:58:33.326] [DEBUG] [AST] Not found in main symbols, checking namespaces...[0m
[0;36m[2025-10-18 17:58:33.326] [DEBUG] [AST] VariableDeclarationNode 'self' has type annotation: 'F' (current_struct: '')[0m
[0;36m[2025-10-18 17:58:33.326] [DEBUG] [AST] resolve_type_with_generic_context: 'F'[0m
[0;36m[2025-10-18 17:58:33.326] [DEBUG] [AST] 'F' is a generic parameter, creating generic type[0m
[0;36m[2025-10-18 17:58:33.326] [DEBUG] [AST] Exiting generic context for 'From'[0m
[0;36m[2025-10-18 17:58:33.326] [DEBUG] [AST] Processing statement 40 in module std::core::Types[0m
[0;36m[2025-10-18 17:58:33.326] [DEBUG] [AST] Entering generic context for 'TryFrom' with parameters: T, F[0m
[0;36m[2025-10-18 17:58:33.326] [DEBUG] [AST] resolve_type_with_generic_context: 'T'[0m
[0;36m[2025-10-18 17:58:33.326] [DEBUG] [AST] 'T' is a generic parameter, creating generic type[0m
[0;36m[2025-10-18 17:58:33.326] [DEBUG] [AST] resolve_type_with_generic_context: 'F'[0m
[0;36m[2025-10-18 17:58:33.326] [DEBUG] [AST] 'F' is a generic parameter, creating generic type[0m
[0;33m[2025-10-18 17:58:33.326] [WARN] [AST] FunctionType: Avoiding virtual function calls on parameter type at index 0 due to potential Type corruption, using 'void'[0m
[0;33m[2025-10-18 17:58:33.326] [WARN] [AST] FunctionType: Avoiding virtual function calls due to potential Type corruption, using 'void'[0m
[0;36m[2025-10-18 17:58:33.326] [DEBUG] [AST] Created function type for 'try_from' - is_variadic: 0[0m
[0;36m[2025-10-18 17:58:33.326] [DEBUG] [AST] Not found in main symbols, checking namespaces...[0m
[0;36m[2025-10-18 17:58:33.326] [DEBUG] [AST] VariableDeclarationNode 'self' has type annotation: 'F' (current_struct: '')[0m
[0;36m[2025-10-18 17:58:33.326] [DEBUG] [AST] resolve_type_with_generic_context: 'F'[0m
[0;36m[2025-10-18 17:58:33.326] [DEBUG] [AST] 'F' is a generic parameter, creating generic type[0m
[0;36m[2025-10-18 17:58:33.326] [DEBUG] [AST] Exiting generic context for 'TryFrom'[0m
[0;36m[2025-10-18 17:58:33.326] [DEBUG] [AST] Processing statement 41 in module std::core::Types[0m
[0;36m[2025-10-18 17:58:33.326] [DEBUG] [AST] Entering generic context for 'Into' with parameters: T, I[0m
[0;36m[2025-10-18 17:58:33.326] [DEBUG] [AST] resolve_type_with_generic_context: 'I'[0m
[0;36m[2025-10-18 17:58:33.326] [DEBUG] [AST] 'I' is a generic parameter, creating generic type[0m
[0;36m[2025-10-18 17:58:33.326] [DEBUG] [AST] resolve_type_with_generic_context: 'T'[0m
[0;36m[2025-10-18 17:58:33.326] [DEBUG] [AST] 'T' is a generic parameter, creating generic type[0m
[0;33m[2025-10-18 17:58:33.326] [WARN] [AST] FunctionType: Avoiding virtual function calls on parameter type at index 0 due to potential Type corruption, using 'void'[0m
[0;33m[2025-10-18 17:58:33.326] [WARN] [AST] FunctionType: Avoiding virtual function calls due to potential Type corruption, using 'void'[0m
[0;36m[2025-10-18 17:58:33.326] [DEBUG] [AST] Created function type for 'into' - is_variadic: 0[0m
[0;36m[2025-10-18 17:58:33.326] [DEBUG] [AST] Not found in main symbols, checking namespaces...[0m
[0;36m[2025-10-18 17:58:33.326] [DEBUG] [AST] VariableDeclarationNode 'self' has type annotation: 'T' (current_struct: '')[0m
[0;36m[2025-10-18 17:58:33.326] [DEBUG] [AST] resolve_type_with_generic_context: 'T'[0m
[0;36m[2025-10-18 17:58:33.326] [DEBUG] [AST] 'T' is a generic parameter, creating generic type[0m
[0;36m[2025-10-18 17:58:33.326] [DEBUG] [AST] Exiting generic context for 'Into'[0m
[0;36m[2025-10-18 17:58:33.326] [DEBUG] [AST] Processing statement 42 in module std::core::Types[0m
[0;36m[2025-10-18 17:58:33.326] [DEBUG] [AST] Entering generic context for 'TryInto' with parameters: T, I[0m
[0;36m[2025-10-18 17:58:33.326] [DEBUG] [AST] resolve_type_with_generic_context: 'I'[0m
[0;36m[2025-10-18 17:58:33.326] [DEBUG] [AST] 'I' is a generic parameter, creating generic type[0m
[0;36m[2025-10-18 17:58:33.326] [DEBUG] [AST] resolve_type_with_generic_context: 'T'[0m
[0;36m[2025-10-18 17:58:33.326] [DEBUG] [AST] 'T' is a generic parameter, creating generic type[0m
[0;33m[2025-10-18 17:58:33.326] [WARN] [AST] FunctionType: Avoiding virtual function calls on parameter type at index 0 due to potential Type corruption, using 'void'[0m
[0;33m[2025-10-18 17:58:33.326] [WARN] [AST] FunctionType: Avoiding virtual function calls due to potential Type corruption, using 'void'[0m
[0;36m[2025-10-18 17:58:33.326] [DEBUG] [AST] Created function type for 'try_into' - is_variadic: 0[0m
[0;36m[2025-10-18 17:58:33.326] [DEBUG] [AST] Not found in main symbols, checking namespaces...[0m
[0;36m[2025-10-18 17:58:33.326] [DEBUG] [AST] VariableDeclarationNode 'self' has type annotation: 'T' (current_struct: '')[0m
[0;36m[2025-10-18 17:58:33.326] [DEBUG] [AST] resolve_type_with_generic_context: 'T'[0m
[0;36m[2025-10-18 17:58:33.326] [DEBUG] [AST] 'T' is a generic parameter, creating generic type[0m
[0;36m[2025-10-18 17:58:33.326] [DEBUG] [AST] Exiting generic context for 'TryInto'[0m
[0;36m[2025-10-18 17:58:33.326] [DEBUG] [AST] Processing statement 43 in module std::core::Types[0m
[0;36m[2025-10-18 17:58:33.326] [DEBUG] [AST] Entering generic context for 'AsRef' with parameters: T, R[0m
[0;36m[2025-10-18 17:58:33.326] [DEBUG] [AST] resolve_type_with_generic_context: '&R'[0m
[0;36m[2025-10-18 17:58:33.326] [DEBUG] [AST] Stripped reference prefix, checking template for: 'R'[0m
[0;36m[2025-10-18 17:58:33.326] [DEBUG] [AST] Attempting direct type lookup for '&R'[0m
[0;36m[2025-10-18 17:58:33.326] [DEBUG] [AST] Trying TypeContext token-based parsing first...[0m
[0;36m[2025-10-18 17:58:33.326] [DEBUG] [AST] Token parsing result for '&R': &R (kind=8)[0m
[0;36m[2025-10-18 17:58:33.326] [DEBUG] [AST] Successfully parsed '&R' via TypeContext (token-based parsing)[0m
[0;36m[2025-10-18 17:58:33.326] [DEBUG] [AST] resolve_type_with_generic_context: '&T'[0m
[0;36m[2025-10-18 17:58:33.326] [DEBUG] [AST] Stripped reference prefix, checking template for: 'T'[0m
[0;36m[2025-10-18 17:58:33.326] [DEBUG] [AST] Attempting direct type lookup for '&T'[0m
[0;36m[2025-10-18 17:58:33.326] [DEBUG] [AST] Trying TypeContext token-based parsing first...[0m
[0;36m[2025-10-18 17:58:33.326] [DEBUG] [AST] Token parsing result for '&T': &T (kind=8)[0m
[0;36m[2025-10-18 17:58:33.326] [DEBUG] [AST] Successfully parsed '&T' via TypeContext (token-based parsing)[0m
[0;33m[2025-10-18 17:58:33.326] [WARN] [AST] FunctionType: Avoiding virtual function calls on parameter type at index 0 due to potential Type corruption, using 'void'[0m
[0;33m[2025-10-18 17:58:33.326] [WARN] [AST] FunctionType: Avoiding virtual function calls due to potential Type corruption, using 'void'[0m
[0;36m[2025-10-18 17:58:33.326] [DEBUG] [AST] Created function type for 'as_ref' - is_variadic: 0[0m
[0;36m[2025-10-18 17:58:33.326] [DEBUG] [AST] Not found in main symbols, checking namespaces...[0m
[0;36m[2025-10-18 17:58:33.326] [DEBUG] [AST] VariableDeclarationNode 'self' has type annotation: '&T' (current_struct: '')[0m
[0;36m[2025-10-18 17:58:33.326] [DEBUG] [AST] resolve_type_with_generic_context: '&T'[0m
[0;36m[2025-10-18 17:58:33.327] [DEBUG] [AST] Stripped reference prefix, checking template for: 'T'[0m
[0;36m[2025-10-18 17:58:33.327] [DEBUG] [AST] Attempting direct type lookup for '&T'[0m
[0;36m[2025-10-18 17:58:33.327] [DEBUG] [AST] Trying TypeContext token-based parsing first...[0m
[0;36m[2025-10-18 17:58:33.327] [DEBUG] [AST] Token parsing result for '&T': &T (kind=8)[0m
[0;36m[2025-10-18 17:58:33.327] [DEBUG] [AST] Successfully parsed '&T' via TypeContext (token-based parsing)[0m
[0;36m[2025-10-18 17:58:33.327] [DEBUG] [AST] Exiting generic context for 'AsRef'[0m
[0;36m[2025-10-18 17:58:33.327] [DEBUG] [AST] Processing statement 44 in module std::core::Types[0m
[0;36m[2025-10-18 17:58:33.327] [DEBUG] [AST] Entering generic context for 'AsMut' with parameters: T, R[0m
[0;36m[2025-10-18 17:58:33.327] [DEBUG] [AST] resolve_type_with_generic_context: '&R'[0m
[0;36m[2025-10-18 17:58:33.327] [DEBUG] [AST] Stripped reference prefix, checking template for: 'R'[0m
[0;36m[2025-10-18 17:58:33.327] [DEBUG] [AST] Attempting direct type lookup for '&R'[0m
[0;36m[2025-10-18 17:58:33.327] [DEBUG] [AST] Trying TypeContext token-based parsing first...[0m
[0;36m[2025-10-18 17:58:33.327] [DEBUG] [AST] Token parsing result for '&R': &R (kind=8)[0m
[0;36m[2025-10-18 17:58:33.327] [DEBUG] [AST] Successfully parsed '&R' via TypeContext (token-based parsing)[0m
[0;36m[2025-10-18 17:58:33.327] [DEBUG] [AST] resolve_type_with_generic_context: '&T'[0m
[0;36m[2025-10-18 17:58:33.327] [DEBUG] [AST] Stripped reference prefix, checking template for: 'T'[0m
[0;36m[2025-10-18 17:58:33.327] [DEBUG] [AST] Attempting direct type lookup for '&T'[0m
[0;36m[2025-10-18 17:58:33.327] [DEBUG] [AST] Trying TypeContext token-based parsing first...[0m
[0;36m[2025-10-18 17:58:33.327] [DEBUG] [AST] Token parsing result for '&T': &T (kind=8)[0m
[0;36m[2025-10-18 17:58:33.327] [DEBUG] [AST] Successfully parsed '&T' via TypeContext (token-based parsing)[0m
[0;33m[2025-10-18 17:58:33.327] [WARN] [AST] FunctionType: Avoiding virtual function calls on parameter type at index 0 due to potential Type corruption, using 'void'[0m
[0;33m[2025-10-18 17:58:33.327] [WARN] [AST] FunctionType: Avoiding virtual function calls due to potential Type corruption, using 'void'[0m
[0;36m[2025-10-18 17:58:33.327] [DEBUG] [AST] Created function type for 'as_mut' - is_variadic: 0[0m
[0;36m[2025-10-18 17:58:33.327] [DEBUG] [AST] Not found in main symbols, checking namespaces...[0m
[0;36m[2025-10-18 17:58:33.327] [DEBUG] [AST] VariableDeclarationNode 'self' has type annotation: '&T' (current_struct: '')[0m
[0;36m[2025-10-18 17:58:33.327] [DEBUG] [AST] resolve_type_with_generic_context: '&T'[0m
[0;36m[2025-10-18 17:58:33.327] [DEBUG] [AST] Stripped reference prefix, checking template for: 'T'[0m
[0;36m[2025-10-18 17:58:33.327] [DEBUG] [AST] Attempting direct type lookup for '&T'[0m
[0;36m[2025-10-18 17:58:33.327] [DEBUG] [AST] Trying TypeContext token-based parsing first...[0m
[0;36m[2025-10-18 17:58:33.327] [DEBUG] [AST] Token parsing result for '&T': &T (kind=8)[0m
[0;36m[2025-10-18 17:58:33.327] [DEBUG] [AST] Successfully parsed '&T' via TypeContext (token-based parsing)[0m
[0;36m[2025-10-18 17:58:33.327] [DEBUG] [AST] Exiting generic context for 'AsMut'[0m
[0;36m[2025-10-18 17:58:33.327] [DEBUG] [AST] Processing statement 45 in module std::core::Types[0m
[0;36m[2025-10-18 17:58:33.327] [DEBUG] [AST] Entering generic context for 'Add' with parameters: T[0m
[0;36m[2025-10-18 17:58:33.327] [DEBUG] [AST] resolve_type_with_generic_context: 'T'[0m
[0;36m[2025-10-18 17:58:33.327] [DEBUG] [AST] 'T' is a generic parameter, creating generic type[0m
[0;36m[2025-10-18 17:58:33.327] [DEBUG] [AST] resolve_type_with_generic_context: 'T'[0m
[0;36m[2025-10-18 17:58:33.327] [DEBUG] [AST] 'T' is a generic parameter, creating generic type[0m
[0;36m[2025-10-18 17:58:33.327] [DEBUG] [AST] resolve_type_with_generic_context: 'T'[0m
[0;36m[2025-10-18 17:58:33.327] [DEBUG] [AST] 'T' is a generic parameter, creating generic type[0m
[0;33m[2025-10-18 17:58:33.327] [WARN] [AST] FunctionType: Avoiding virtual function calls on parameter type at index 0 due to potential Type corruption, using 'void'[0m
[0;33m[2025-10-18 17:58:33.327] [WARN] [AST] FunctionType: Avoiding virtual function calls on parameter type at index 1 due to potential Type corruption, using 'void'[0m
[0;33m[2025-10-18 17:58:33.327] [WARN] [AST] FunctionType: Avoiding virtual function calls due to potential Type corruption, using 'void'[0m
[0;36m[2025-10-18 17:58:33.327] [DEBUG] [AST] Created function type for 'add' - is_variadic: 0[0m
[0;36m[2025-10-18 17:58:33.327] [DEBUG] [AST] Not found in main symbols, checking namespaces...[0m
[0;36m[2025-10-18 17:58:33.327] [DEBUG] [AST] VariableDeclarationNode 'self' has type annotation: 'T' (current_struct: '')[0m
[0;36m[2025-10-18 17:58:33.327] [DEBUG] [AST] resolve_type_with_generic_context: 'T'[0m
[0;36m[2025-10-18 17:58:33.327] [DEBUG] [AST] 'T' is a generic parameter, creating generic type[0m
[0;36m[2025-10-18 17:58:33.327] [DEBUG] [AST] VariableDeclarationNode 'rhs' has type annotation: 'T' (current_struct: '')[0m
[0;36m[2025-10-18 17:58:33.327] [DEBUG] [AST] resolve_type_with_generic_context: 'T'[0m
[0;36m[2025-10-18 17:58:33.327] [DEBUG] [AST] 'T' is a generic parameter, creating generic type[0m
[0;36m[2025-10-18 17:58:33.327] [DEBUG] [AST] Exiting generic context for 'Add'[0m
[0;36m[2025-10-18 17:58:33.327] [DEBUG] [AST] Processing statement 46 in module std::core::Types[0m
[0;36m[2025-10-18 17:58:33.327] [DEBUG] [AST] Entering generic context for 'Sub' with parameters: T[0m
[0;36m[2025-10-18 17:58:33.327] [DEBUG] [AST] resolve_type_with_generic_context: 'T'[0m
[0;36m[2025-10-18 17:58:33.327] [DEBUG] [AST] 'T' is a generic parameter, creating generic type[0m
[0;36m[2025-10-18 17:58:33.327] [DEBUG] [AST] resolve_type_with_generic_context: 'T'[0m
[0;36m[2025-10-18 17:58:33.327] [DEBUG] [AST] 'T' is a generic parameter, creating generic type[0m
[0;36m[2025-10-18 17:58:33.327] [DEBUG] [AST] resolve_type_with_generic_context: 'T'[0m
[0;36m[2025-10-18 17:58:33.327] [DEBUG] [AST] 'T' is a generic parameter, creating generic type[0m
[0;33m[2025-10-18 17:58:33.327] [WARN] [AST] FunctionType: Avoiding virtual function calls on parameter type at index 0 due to potential Type corruption, using 'void'[0m
[0;33m[2025-10-18 17:58:33.327] [WARN] [AST] FunctionType: Avoiding virtual function calls on parameter type at index 1 due to potential Type corruption, using 'void'[0m
[0;33m[2025-10-18 17:58:33.327] [WARN] [AST] FunctionType: Avoiding virtual function calls due to potential Type corruption, using 'void'[0m
[0;36m[2025-10-18 17:58:33.327] [DEBUG] [AST] Created function type for 'sub' - is_variadic: 0[0m
[0;36m[2025-10-18 17:58:33.327] [DEBUG] [AST] Not found in main symbols, checking namespaces...[0m
[0;36m[2025-10-18 17:58:33.327] [DEBUG] [AST] VariableDeclarationNode 'self' has type annotation: 'T' (current_struct: '')[0m
[0;36m[2025-10-18 17:58:33.327] [DEBUG] [AST] resolve_type_with_generic_context: 'T'[0m
[0;36m[2025-10-18 17:58:33.327] [DEBUG] [AST] 'T' is a generic parameter, creating generic type[0m
[0;36m[2025-10-18 17:58:33.327] [DEBUG] [AST] VariableDeclarationNode 'rhs' has type annotation: 'T' (current_struct: '')[0m
[0;36m[2025-10-18 17:58:33.327] [DEBUG] [AST] resolve_type_with_generic_context: 'T'[0m
[0;36m[2025-10-18 17:58:33.327] [DEBUG] [AST] 'T' is a generic parameter, creating generic type[0m
[0;36m[2025-10-18 17:58:33.327] [DEBUG] [AST] Exiting generic context for 'Sub'[0m
[0;36m[2025-10-18 17:58:33.327] [DEBUG] [AST] Processing statement 47 in module std::core::Types[0m
[0;36m[2025-10-18 17:58:33.327] [DEBUG] [AST] Entering generic context for 'Mul' with parameters: T[0m
[0;36m[2025-10-18 17:58:33.327] [DEBUG] [AST] resolve_type_with_generic_context: 'T'[0m
[0;36m[2025-10-18 17:58:33.327] [DEBUG] [AST] 'T' is a generic parameter, creating generic type[0m
[0;36m[2025-10-18 17:58:33.327] [DEBUG] [AST] resolve_type_with_generic_context: 'T'[0m
[0;36m[2025-10-18 17:58:33.327] [DEBUG] [AST] 'T' is a generic parameter, creating generic type[0m
[0;36m[2025-10-18 17:58:33.327] [DEBUG] [AST] resolve_type_with_generic_context: 'T'[0m
[0;36m[2025-10-18 17:58:33.328] [DEBUG] [AST] 'T' is a generic parameter, creating generic type[0m
[0;33m[2025-10-18 17:58:33.328] [WARN] [AST] FunctionType: Avoiding virtual function calls on parameter type at index 0 due to potential Type corruption, using 'void'[0m
[0;33m[2025-10-18 17:58:33.328] [WARN] [AST] FunctionType: Avoiding virtual function calls on parameter type at index 1 due to potential Type corruption, using 'void'[0m
[0;33m[2025-10-18 17:58:33.328] [WARN] [AST] FunctionType: Avoiding virtual function calls due to potential Type corruption, using 'void'[0m
[0;36m[2025-10-18 17:58:33.328] [DEBUG] [AST] Created function type for 'mul' - is_variadic: 0[0m
[0;36m[2025-10-18 17:58:33.328] [DEBUG] [AST] Not found in main symbols, checking namespaces...[0m
[0;36m[2025-10-18 17:58:33.328] [DEBUG] [AST] VariableDeclarationNode 'self' has type annotation: 'T' (current_struct: '')[0m
[0;36m[2025-10-18 17:58:33.328] [DEBUG] [AST] resolve_type_with_generic_context: 'T'[0m
[0;36m[2025-10-18 17:58:33.328] [DEBUG] [AST] 'T' is a generic parameter, creating generic type[0m
[0;36m[2025-10-18 17:58:33.328] [DEBUG] [AST] VariableDeclarationNode 'rhs' has type annotation: 'T' (current_struct: '')[0m
[0;36m[2025-10-18 17:58:33.328] [DEBUG] [AST] resolve_type_with_generic_context: 'T'[0m
[0;36m[2025-10-18 17:58:33.328] [DEBUG] [AST] 'T' is a generic parameter, creating generic type[0m
[0;36m[2025-10-18 17:58:33.328] [DEBUG] [AST] Exiting generic context for 'Mul'[0m
[0;36m[2025-10-18 17:58:33.328] [DEBUG] [AST] Processing statement 48 in module std::core::Types[0m
[0;36m[2025-10-18 17:58:33.328] [DEBUG] [AST] Entering generic context for 'Div' with parameters: T[0m
[0;36m[2025-10-18 17:58:33.328] [DEBUG] [AST] resolve_type_with_generic_context: 'T'[0m
[0;36m[2025-10-18 17:58:33.328] [DEBUG] [AST] 'T' is a generic parameter, creating generic type[0m
[0;36m[2025-10-18 17:58:33.328] [DEBUG] [AST] resolve_type_with_generic_context: 'T'[0m
[0;36m[2025-10-18 17:58:33.328] [DEBUG] [AST] 'T' is a generic parameter, creating generic type[0m
[0;36m[2025-10-18 17:58:33.328] [DEBUG] [AST] resolve_type_with_generic_context: 'T'[0m
[0;36m[2025-10-18 17:58:33.328] [DEBUG] [AST] 'T' is a generic parameter, creating generic type[0m
[0;33m[2025-10-18 17:58:33.328] [WARN] [AST] FunctionType: Avoiding virtual function calls on parameter type at index 0 due to potential Type corruption, using 'void'[0m
[0;33m[2025-10-18 17:58:33.328] [WARN] [AST] FunctionType: Avoiding virtual function calls on parameter type at index 1 due to potential Type corruption, using 'void'[0m
[0;33m[2025-10-18 17:58:33.328] [WARN] [AST] FunctionType: Avoiding virtual function calls due to potential Type corruption, using 'void'[0m
[0;36m[2025-10-18 17:58:33.328] [DEBUG] [AST] Created function type for 'div' - is_variadic: 0[0m
[0;36m[2025-10-18 17:58:33.328] [DEBUG] [AST] Not found in main symbols, checking namespaces...[0m
[0;36m[2025-10-18 17:58:33.328] [DEBUG] [AST] VariableDeclarationNode 'self' has type annotation: 'T' (current_struct: '')[0m
[0;36m[2025-10-18 17:58:33.328] [DEBUG] [AST] resolve_type_with_generic_context: 'T'[0m
[0;36m[2025-10-18 17:58:33.328] [DEBUG] [AST] 'T' is a generic parameter, creating generic type[0m
[0;36m[2025-10-18 17:58:33.328] [DEBUG] [AST] VariableDeclarationNode 'rhs' has type annotation: 'T' (current_struct: '')[0m
[0;36m[2025-10-18 17:58:33.328] [DEBUG] [AST] resolve_type_with_generic_context: 'T'[0m
[0;36m[2025-10-18 17:58:33.328] [DEBUG] [AST] 'T' is a generic parameter, creating generic type[0m
[0;36m[2025-10-18 17:58:33.328] [DEBUG] [AST] Exiting generic context for 'Div'[0m
[0;36m[2025-10-18 17:58:33.328] [DEBUG] [AST] Processing statement 49 in module std::core::Types[0m
[0;36m[2025-10-18 17:58:33.328] [DEBUG] [AST] Entering generic context for 'Rem' with parameters: T[0m
[0;36m[2025-10-18 17:58:33.328] [DEBUG] [AST] resolve_type_with_generic_context: 'T'[0m
[0;36m[2025-10-18 17:58:33.328] [DEBUG] [AST] 'T' is a generic parameter, creating generic type[0m
[0;36m[2025-10-18 17:58:33.328] [DEBUG] [AST] resolve_type_with_generic_context: 'T'[0m
[0;36m[2025-10-18 17:58:33.328] [DEBUG] [AST] 'T' is a generic parameter, creating generic type[0m
[0;36m[2025-10-18 17:58:33.328] [DEBUG] [AST] resolve_type_with_generic_context: 'T'[0m
[0;36m[2025-10-18 17:58:33.328] [DEBUG] [AST] 'T' is a generic parameter, creating generic type[0m
[0;33m[2025-10-18 17:58:33.328] [WARN] [AST] FunctionType: Avoiding virtual function calls on parameter type at index 0 due to potential Type corruption, using 'void'[0m
[0;33m[2025-10-18 17:58:33.328] [WARN] [AST] FunctionType: Avoiding virtual function calls on parameter type at index 1 due to potential Type corruption, using 'void'[0m
[0;33m[2025-10-18 17:58:33.328] [WARN] [AST] FunctionType: Avoiding virtual function calls due to potential Type corruption, using 'void'[0m
[0;36m[2025-10-18 17:58:33.328] [DEBUG] [AST] Created function type for 'rem' - is_variadic: 0[0m
[0;36m[2025-10-18 17:58:33.328] [DEBUG] [AST] Not found in main symbols, checking namespaces...[0m
[0;36m[2025-10-18 17:58:33.328] [DEBUG] [AST] VariableDeclarationNode 'self' has type annotation: 'T' (current_struct: '')[0m
[0;36m[2025-10-18 17:58:33.328] [DEBUG] [AST] resolve_type_with_generic_context: 'T'[0m
[0;36m[2025-10-18 17:58:33.328] [DEBUG] [AST] 'T' is a generic parameter, creating generic type[0m
[0;36m[2025-10-18 17:58:33.328] [DEBUG] [AST] VariableDeclarationNode 'rhs' has type annotation: 'T' (current_struct: '')[0m
[0;36m[2025-10-18 17:58:33.328] [DEBUG] [AST] resolve_type_with_generic_context: 'T'[0m
[0;36m[2025-10-18 17:58:33.328] [DEBUG] [AST] 'T' is a generic parameter, creating generic type[0m
[0;36m[2025-10-18 17:58:33.328] [DEBUG] [AST] Exiting generic context for 'Rem'[0m
[0;36m[2025-10-18 17:58:33.328] [DEBUG] [AST] Processing statement 50 in module std::core::Types[0m
[0;36m[2025-10-18 17:58:33.328] [DEBUG] [AST] Entering generic context for 'BitAnd' with parameters: T[0m
[0;36m[2025-10-18 17:58:33.328] [DEBUG] [AST] resolve_type_with_generic_context: 'T'[0m
[0;36m[2025-10-18 17:58:33.328] [DEBUG] [AST] 'T' is a generic parameter, creating generic type[0m
[0;36m[2025-10-18 17:58:33.328] [DEBUG] [AST] resolve_type_with_generic_context: 'T'[0m
[0;36m[2025-10-18 17:58:33.328] [DEBUG] [AST] 'T' is a generic parameter, creating generic type[0m
[0;36m[2025-10-18 17:58:33.328] [DEBUG] [AST] resolve_type_with_generic_context: 'T'[0m
[0;36m[2025-10-18 17:58:33.328] [DEBUG] [AST] 'T' is a generic parameter, creating generic type[0m
[0;33m[2025-10-18 17:58:33.328] [WARN] [AST] FunctionType: Avoiding virtual function calls on parameter type at index 0 due to potential Type corruption, using 'void'[0m
[0;33m[2025-10-18 17:58:33.328] [WARN] [AST] FunctionType: Avoiding virtual function calls on parameter type at index 1 due to potential Type corruption, using 'void'[0m
[0;33m[2025-10-18 17:58:33.328] [WARN] [AST] FunctionType: Avoiding virtual function calls due to potential Type corruption, using 'void'[0m
[0;36m[2025-10-18 17:58:33.328] [DEBUG] [AST] Created function type for 'bitand' - is_variadic: 0[0m
[0;36m[2025-10-18 17:58:33.328] [DEBUG] [AST] Not found in main symbols, checking namespaces...[0m
[0;36m[2025-10-18 17:58:33.328] [DEBUG] [AST] VariableDeclarationNode 'self' has type annotation: 'T' (current_struct: '')[0m
[0;36m[2025-10-18 17:58:33.328] [DEBUG] [AST] resolve_type_with_generic_context: 'T'[0m
[0;36m[2025-10-18 17:58:33.328] [DEBUG] [AST] 'T' is a generic parameter, creating generic type[0m
[0;36m[2025-10-18 17:58:33.328] [DEBUG] [AST] VariableDeclarationNode 'rhs' has type annotation: 'T' (current_struct: '')[0m
[0;36m[2025-10-18 17:58:33.328] [DEBUG] [AST] resolve_type_with_generic_context: 'T'[0m
[0;36m[2025-10-18 17:58:33.328] [DEBUG] [AST] 'T' is a generic parameter, creating generic type[0m
[0;36m[2025-10-18 17:58:33.328] [DEBUG] [AST] Exiting generic context for 'BitAnd'[0m
[0;36m[2025-10-18 17:58:33.328] [DEBUG] [AST] Processing statement 51 in module std::core::Types[0m
[0;36m[2025-10-18 17:58:33.328] [DEBUG] [AST] Entering generic context for 'BitOr' with parameters: T[0m
[0;36m[2025-10-18 17:58:33.328] [DEBUG] [AST] resolve_type_with_generic_context: 'T'[0m
[0;36m[2025-10-18 17:58:33.328] [DEBUG] [AST] 'T' is a generic parameter, creating generic type[0m
[0;36m[2025-10-18 17:58:33.329] [DEBUG] [AST] resolve_type_with_generic_context: 'T'[0m
[0;36m[2025-10-18 17:58:33.329] [DEBUG] [AST] 'T' is a generic parameter, creating generic type[0m
[0;36m[2025-10-18 17:58:33.329] [DEBUG] [AST] resolve_type_with_generic_context: 'T'[0m
[0;36m[2025-10-18 17:58:33.329] [DEBUG] [AST] 'T' is a generic parameter, creating generic type[0m
[0;33m[2025-10-18 17:58:33.329] [WARN] [AST] FunctionType: Avoiding virtual function calls on parameter type at index 0 due to potential Type corruption, using 'void'[0m
[0;33m[2025-10-18 17:58:33.329] [WARN] [AST] FunctionType: Avoiding virtual function calls on parameter type at index 1 due to potential Type corruption, using 'void'[0m
[0;33m[2025-10-18 17:58:33.329] [WARN] [AST] FunctionType: Avoiding virtual function calls due to potential Type corruption, using 'void'[0m
[0;36m[2025-10-18 17:58:33.329] [DEBUG] [AST] Created function type for 'bitor' - is_variadic: 0[0m
[0;36m[2025-10-18 17:58:33.329] [DEBUG] [AST] Not found in main symbols, checking namespaces...[0m
[0;36m[2025-10-18 17:58:33.329] [DEBUG] [AST] VariableDeclarationNode 'self' has type annotation: 'T' (current_struct: '')[0m
[0;36m[2025-10-18 17:58:33.329] [DEBUG] [AST] resolve_type_with_generic_context: 'T'[0m
[0;36m[2025-10-18 17:58:33.329] [DEBUG] [AST] 'T' is a generic parameter, creating generic type[0m
[0;36m[2025-10-18 17:58:33.329] [DEBUG] [AST] VariableDeclarationNode 'rhs' has type annotation: 'T' (current_struct: '')[0m
[0;36m[2025-10-18 17:58:33.329] [DEBUG] [AST] resolve_type_with_generic_context: 'T'[0m
[0;36m[2025-10-18 17:58:33.329] [DEBUG] [AST] 'T' is a generic parameter, creating generic type[0m
[0;36m[2025-10-18 17:58:33.329] [DEBUG] [AST] Exiting generic context for 'BitOr'[0m
[0;36m[2025-10-18 17:58:33.329] [DEBUG] [AST] Processing statement 52 in module std::core::Types[0m
[0;36m[2025-10-18 17:58:33.329] [DEBUG] [AST] Entering generic context for 'BitXor' with parameters: T[0m
[0;36m[2025-10-18 17:58:33.329] [DEBUG] [AST] resolve_type_with_generic_context: 'T'[0m
[0;36m[2025-10-18 17:58:33.329] [DEBUG] [AST] 'T' is a generic parameter, creating generic type[0m
[0;36m[2025-10-18 17:58:33.329] [DEBUG] [AST] resolve_type_with_generic_context: 'T'[0m
[0;36m[2025-10-18 17:58:33.329] [DEBUG] [AST] 'T' is a generic parameter, creating generic type[0m
[0;36m[2025-10-18 17:58:33.329] [DEBUG] [AST] resolve_type_with_generic_context: 'T'[0m
[0;36m[2025-10-18 17:58:33.329] [DEBUG] [AST] 'T' is a generic parameter, creating generic type[0m
[0;33m[2025-10-18 17:58:33.329] [WARN] [AST] FunctionType: Avoiding virtual function calls on parameter type at index 0 due to potential Type corruption, using 'void'[0m
[0;33m[2025-10-18 17:58:33.329] [WARN] [AST] FunctionType: Avoiding virtual function calls on parameter type at index 1 due to potential Type corruption, using 'void'[0m
[0;33m[2025-10-18 17:58:33.329] [WARN] [AST] FunctionType: Avoiding virtual function calls due to potential Type corruption, using 'void'[0m
[0;36m[2025-10-18 17:58:33.329] [DEBUG] [AST] Created function type for 'bitxor' - is_variadic: 0[0m
[0;36m[2025-10-18 17:58:33.329] [DEBUG] [AST] Not found in main symbols, checking namespaces...[0m
[0;36m[2025-10-18 17:58:33.329] [DEBUG] [AST] VariableDeclarationNode 'self' has type annotation: 'T' (current_struct: '')[0m
[0;36m[2025-10-18 17:58:33.329] [DEBUG] [AST] resolve_type_with_generic_context: 'T'[0m
[0;36m[2025-10-18 17:58:33.329] [DEBUG] [AST] 'T' is a generic parameter, creating generic type[0m
[0;36m[2025-10-18 17:58:33.329] [DEBUG] [AST] VariableDeclarationNode 'rhs' has type annotation: 'T' (current_struct: '')[0m
[0;36m[2025-10-18 17:58:33.329] [DEBUG] [AST] resolve_type_with_generic_context: 'T'[0m
[0;36m[2025-10-18 17:58:33.329] [DEBUG] [AST] 'T' is a generic parameter, creating generic type[0m
[0;36m[2025-10-18 17:58:33.329] [DEBUG] [AST] Exiting generic context for 'BitXor'[0m
[0;36m[2025-10-18 17:58:33.329] [DEBUG] [AST] Processing statement 53 in module std::core::Types[0m
[0;36m[2025-10-18 17:58:33.329] [DEBUG] [AST] Entering generic context for 'Not' with parameters: T[0m
[0;36m[2025-10-18 17:58:33.329] [DEBUG] [AST] resolve_type_with_generic_context: 'T'[0m
[0;36m[2025-10-18 17:58:33.329] [DEBUG] [AST] 'T' is a generic parameter, creating generic type[0m
[0;36m[2025-10-18 17:58:33.329] [DEBUG] [AST] resolve_type_with_generic_context: 'T'[0m
[0;36m[2025-10-18 17:58:33.329] [DEBUG] [AST] 'T' is a generic parameter, creating generic type[0m
[0;33m[2025-10-18 17:58:33.329] [WARN] [AST] FunctionType: Avoiding virtual function calls on parameter type at index 0 due to potential Type corruption, using 'void'[0m
[0;33m[2025-10-18 17:58:33.329] [WARN] [AST] FunctionType: Avoiding virtual function calls due to potential Type corruption, using 'void'[0m
[0;36m[2025-10-18 17:58:33.329] [DEBUG] [AST] Created function type for 'not' - is_variadic: 0[0m
[0;36m[2025-10-18 17:58:33.329] [DEBUG] [AST] Not found in main symbols, checking namespaces...[0m
[0;36m[2025-10-18 17:58:33.329] [DEBUG] [AST] VariableDeclarationNode 'self' has type annotation: 'T' (current_struct: '')[0m
[0;36m[2025-10-18 17:58:33.329] [DEBUG] [AST] resolve_type_with_generic_context: 'T'[0m
[0;36m[2025-10-18 17:58:33.329] [DEBUG] [AST] 'T' is a generic parameter, creating generic type[0m
[0;36m[2025-10-18 17:58:33.329] [DEBUG] [AST] Exiting generic context for 'Not'[0m
[0;36m[2025-10-18 17:58:33.329] [DEBUG] [AST] Processing statement 54 in module std::core::Types[0m
[0;36m[2025-10-18 17:58:33.329] [DEBUG] [AST] Entering generic context for 'Shl' with parameters: T[0m
[0;36m[2025-10-18 17:58:33.329] [DEBUG] [AST] resolve_type_with_generic_context: 'T'[0m
[0;36m[2025-10-18 17:58:33.329] [DEBUG] [AST] 'T' is a generic parameter, creating generic type[0m
[0;36m[2025-10-18 17:58:33.329] [DEBUG] [AST] resolve_type_with_generic_context: 'T'[0m
[0;36m[2025-10-18 17:58:33.329] [DEBUG] [AST] 'T' is a generic parameter, creating generic type[0m
[0;36m[2025-10-18 17:58:33.329] [DEBUG] [AST] resolve_type_with_generic_context: 'u32'[0m
[0;36m[2025-10-18 17:58:33.329] [DEBUG] [AST] Attempting direct type lookup for 'u32'[0m
[0;36m[2025-10-18 17:58:33.329] [DEBUG] [AST] Trying TypeContext token-based parsing first...[0m
[0;36m[2025-10-18 17:58:33.329] [DEBUG] [AST] TypeContext::get_integer_type() called with kind=u32 is_signed=0[0m
[0;36m[2025-10-18 17:58:33.329] [DEBUG] [AST] Token parsing result for 'u32': u32 (kind=2)[0m
[0;36m[2025-10-18 17:58:33.329] [DEBUG] [AST] Successfully parsed 'u32' via TypeContext (token-based parsing)[0m
[0;33m[2025-10-18 17:58:33.329] [WARN] [AST] FunctionType: Avoiding virtual function calls on parameter type at index 0 due to potential Type corruption, using 'void'[0m
[0;33m[2025-10-18 17:58:33.329] [WARN] [AST] FunctionType: Avoiding virtual function calls on parameter type at index 1 due to potential Type corruption, using 'void'[0m
[0;33m[2025-10-18 17:58:33.329] [WARN] [AST] FunctionType: Avoiding virtual function calls due to potential Type corruption, using 'void'[0m
[0;36m[2025-10-18 17:58:33.329] [DEBUG] [AST] Created function type for 'shl' - is_variadic: 0[0m
[0;36m[2025-10-18 17:58:33.329] [DEBUG] [AST] Not found in main symbols, checking namespaces...[0m
[0;36m[2025-10-18 17:58:33.329] [DEBUG] [AST] VariableDeclarationNode 'self' has type annotation: 'T' (current_struct: '')[0m
[0;36m[2025-10-18 17:58:33.329] [DEBUG] [AST] resolve_type_with_generic_context: 'T'[0m
[0;36m[2025-10-18 17:58:33.330] [DEBUG] [AST] 'T' is a generic parameter, creating generic type[0m
[0;36m[2025-10-18 17:58:33.330] [DEBUG] [AST] VariableDeclarationNode 'rhs' has type annotation: 'u32' (current_struct: '')[0m
[0;36m[2025-10-18 17:58:33.330] [DEBUG] [AST] resolve_type_with_generic_context: 'u32'[0m
[0;36m[2025-10-18 17:58:33.330] [DEBUG] [AST] Attempting direct type lookup for 'u32'[0m
[0;36m[2025-10-18 17:58:33.330] [DEBUG] [AST] Trying TypeContext token-based parsing first...[0m
[0;36m[2025-10-18 17:58:33.330] [DEBUG] [AST] TypeContext::get_integer_type() called with kind=u32 is_signed=0[0m
[0;36m[2025-10-18 17:58:33.330] [DEBUG] [AST] Token parsing result for 'u32': u32 (kind=2)[0m
[0;36m[2025-10-18 17:58:33.330] [DEBUG] [AST] Successfully parsed 'u32' via TypeContext (token-based parsing)[0m
[0;36m[2025-10-18 17:58:33.330] [DEBUG] [AST] Exiting generic context for 'Shl'[0m
[0;36m[2025-10-18 17:58:33.330] [DEBUG] [AST] Processing statement 55 in module std::core::Types[0m
[0;36m[2025-10-18 17:58:33.330] [DEBUG] [AST] Entering generic context for 'Shr' with parameters: T[0m
[0;36m[2025-10-18 17:58:33.330] [DEBUG] [AST] resolve_type_with_generic_context: 'T'[0m
[0;36m[2025-10-18 17:58:33.330] [DEBUG] [AST] 'T' is a generic parameter, creating generic type[0m
[0;36m[2025-10-18 17:58:33.330] [DEBUG] [AST] resolve_type_with_generic_context: 'T'[0m
[0;36m[2025-10-18 17:58:33.330] [DEBUG] [AST] 'T' is a generic parameter, creating generic type[0m
[0;36m[2025-10-18 17:58:33.330] [DEBUG] [AST] resolve_type_with_generic_context: 'u32'[0m
[0;36m[2025-10-18 17:58:33.330] [DEBUG] [AST] Attempting direct type lookup for 'u32'[0m
[0;36m[2025-10-18 17:58:33.330] [DEBUG] [AST] Trying TypeContext token-based parsing first...[0m
[0;36m[2025-10-18 17:58:33.330] [DEBUG] [AST] TypeContext::get_integer_type() called with kind=u32 is_signed=0[0m
[0;36m[2025-10-18 17:58:33.330] [DEBUG] [AST] Token parsing result for 'u32': u32 (kind=2)[0m
[0;36m[2025-10-18 17:58:33.330] [DEBUG] [AST] Successfully parsed 'u32' via TypeContext (token-based parsing)[0m
[0;33m[2025-10-18 17:58:33.330] [WARN] [AST] FunctionType: Avoiding virtual function calls on parameter type at index 0 due to potential Type corruption, using 'void'[0m
[0;33m[2025-10-18 17:58:33.330] [WARN] [AST] FunctionType: Avoiding virtual function calls on parameter type at index 1 due to potential Type corruption, using 'void'[0m
[0;33m[2025-10-18 17:58:33.330] [WARN] [AST] FunctionType: Avoiding virtual function calls due to potential Type corruption, using 'void'[0m
[0;36m[2025-10-18 17:58:33.330] [DEBUG] [AST] Created function type for 'shr' - is_variadic: 0[0m
[0;36m[2025-10-18 17:58:33.330] [DEBUG] [AST] Not found in main symbols, checking namespaces...[0m
[0;36m[2025-10-18 17:58:33.330] [DEBUG] [AST] VariableDeclarationNode 'self' has type annotation: 'T' (current_struct: '')[0m
[0;36m[2025-10-18 17:58:33.330] [DEBUG] [AST] resolve_type_with_generic_context: 'T'[0m
[0;36m[2025-10-18 17:58:33.330] [DEBUG] [AST] 'T' is a generic parameter, creating generic type[0m
[0;36m[2025-10-18 17:58:33.330] [DEBUG] [AST] VariableDeclarationNode 'rhs' has type annotation: 'u32' (current_struct: '')[0m
[0;36m[2025-10-18 17:58:33.330] [DEBUG] [AST] resolve_type_with_generic_context: 'u32'[0m
[0;36m[2025-10-18 17:58:33.330] [DEBUG] [AST] Attempting direct type lookup for 'u32'[0m
[0;36m[2025-10-18 17:58:33.330] [DEBUG] [AST] Trying TypeContext token-based parsing first...[0m
[0;36m[2025-10-18 17:58:33.330] [DEBUG] [AST] TypeContext::get_integer_type() called with kind=u32 is_signed=0[0m
[0;36m[2025-10-18 17:58:33.330] [DEBUG] [AST] Token parsing result for 'u32': u32 (kind=2)[0m
[0;36m[2025-10-18 17:58:33.330] [DEBUG] [AST] Successfully parsed 'u32' via TypeContext (token-based parsing)[0m
[0;36m[2025-10-18 17:58:33.330] [DEBUG] [AST] Exiting generic context for 'Shr'[0m
[0;36m[2025-10-18 17:58:33.330] [DEBUG] [AST] Processing imported module: std::Intrinsics[0m
[0;36m[2025-10-18 17:58:33.330] [DEBUG] [AST] Module has 130 statements[0m
[0;36m[2025-10-18 17:58:33.330] [DEBUG] [AST] Set source context to: std::Intrinsics.cryo[0m
[0;36m[2025-10-18 17:58:33.330] [DEBUG] [AST] Processing statement 1 in module std::Intrinsics[0m
[0;36m[2025-10-18 17:58:33.330] [DEBUG] [AST] Processing statement 2 in module std::Intrinsics[0m
[0;36m[2025-10-18 17:58:33.330] [DEBUG] [AST] Processing statement 3 in module std::Intrinsics[0m
[0;36m[2025-10-18 17:58:33.330] [DEBUG] [AST] Processing statement 4 in module std::Intrinsics[0m
[0;36m[2025-10-18 17:58:33.330] [DEBUG] [AST] Processing statement 5 in module std::Intrinsics[0m
[0;36m[2025-10-18 17:58:33.330] [DEBUG] [AST] Processing statement 6 in module std::Intrinsics[0m
[0;36m[2025-10-18 17:58:33.330] [DEBUG] [AST] Processing statement 7 in module std::Intrinsics[0m
[0;36m[2025-10-18 17:58:33.330] [DEBUG] [AST] Processing statement 8 in module std::Intrinsics[0m
[0;36m[2025-10-18 17:58:33.330] [DEBUG] [AST] Processing statement 9 in module std::Intrinsics[0m
[0;36m[2025-10-18 17:58:33.330] [DEBUG] [AST] Processing statement 10 in module std::Intrinsics[0m
[0;36m[2025-10-18 17:58:33.330] [DEBUG] [AST] Processing statement 11 in module std::Intrinsics[0m
[0;36m[2025-10-18 17:58:33.330] [DEBUG] [AST] Processing statement 12 in module std::Intrinsics[0m
[0;36m[2025-10-18 17:58:33.330] [DEBUG] [AST] Processing statement 13 in module std::Intrinsics[0m
[0;36m[2025-10-18 17:58:33.330] [DEBUG] [AST] Processing statement 14 in module std::Intrinsics[0m
[0;36m[2025-10-18 17:58:33.330] [DEBUG] [AST] Processing statement 15 in module std::Intrinsics[0m
[0;36m[2025-10-18 17:58:33.330] [DEBUG] [AST] Processing statement 16 in module std::Intrinsics[0m
[0;36m[2025-10-18 17:58:33.330] [DEBUG] [AST] Processing statement 17 in module std::Intrinsics[0m
[0;36m[2025-10-18 17:58:33.330] [DEBUG] [AST] Processing statement 18 in module std::Intrinsics[0m
[0;36m[2025-10-18 17:58:33.330] [DEBUG] [AST] Processing statement 19 in module std::Intrinsics[0m
[0;36m[2025-10-18 17:58:33.330] [DEBUG] [AST] Processing statement 20 in module std::Intrinsics[0m
[0;36m[2025-10-18 17:58:33.330] [DEBUG] [AST] Processing statement 21 in module std::Intrinsics[0m
[0;36m[2025-10-18 17:58:33.330] [DEBUG] [AST] Processing statement 22 in module std::Intrinsics[0m
[0;36m[2025-10-18 17:58:33.330] [DEBUG] [AST] Processing statement 23 in module std::Intrinsics[0m
[0;36m[2025-10-18 17:58:33.330] [DEBUG] [AST] Processing statement 24 in module std::Intrinsics[0m
[0;36m[2025-10-18 17:58:33.330] [DEBUG] [AST] Processing statement 25 in module std::Intrinsics[0m
[0;36m[2025-10-18 17:58:33.330] [DEBUG] [AST] Processing statement 26 in module std::Intrinsics[0m
[0;36m[2025-10-18 17:58:33.330] [DEBUG] [AST] Processing statement 27 in module std::Intrinsics[0m
[0;36m[2025-10-18 17:58:33.330] [DEBUG] [AST] Processing statement 28 in module std::Intrinsics[0m
[0;36m[2025-10-18 17:58:33.331] [DEBUG] [AST] Processing statement 29 in module std::Intrinsics[0m
[0;36m[2025-10-18 17:58:33.331] [DEBUG] [AST] Processing statement 30 in module std::Intrinsics[0m
[0;36m[2025-10-18 17:58:33.331] [DEBUG] [AST] Processing statement 31 in module std::Intrinsics[0m
[0;36m[2025-10-18 17:58:33.331] [DEBUG] [AST] Processing statement 32 in module std::Intrinsics[0m
[0;36m[2025-10-18 17:58:33.331] [DEBUG] [AST] Processing statement 33 in module std::Intrinsics[0m
[0;36m[2025-10-18 17:58:33.331] [DEBUG] [AST] Processing statement 34 in module std::Intrinsics[0m
[0;36m[2025-10-18 17:58:33.331] [DEBUG] [AST] Processing statement 35 in module std::Intrinsics[0m
[0;36m[2025-10-18 17:58:33.331] [DEBUG] [AST] Processing statement 36 in module std::Intrinsics[0m
[0;36m[2025-10-18 17:58:33.331] [DEBUG] [AST] Processing statement 37 in module std::Intrinsics[0m
[0;36m[2025-10-18 17:58:33.331] [DEBUG] [AST] Processing statement 38 in module std::Intrinsics[0m
[0;36m[2025-10-18 17:58:33.331] [DEBUG] [AST] Processing statement 39 in module std::Intrinsics[0m
[0;36m[2025-10-18 17:58:33.331] [DEBUG] [AST] Processing statement 40 in module std::Intrinsics[0m
[0;36m[2025-10-18 17:58:33.331] [DEBUG] [AST] Processing statement 41 in module std::Intrinsics[0m
[0;36m[2025-10-18 17:58:33.331] [DEBUG] [AST] Processing statement 42 in module std::Intrinsics[0m
[0;36m[2025-10-18 17:58:33.331] [DEBUG] [AST] Processing statement 43 in module std::Intrinsics[0m
[0;36m[2025-10-18 17:58:33.331] [DEBUG] [AST] Processing statement 44 in module std::Intrinsics[0m
[0;36m[2025-10-18 17:58:33.331] [DEBUG] [AST] Processing statement 45 in module std::Intrinsics[0m
[0;36m[2025-10-18 17:58:33.331] [DEBUG] [AST] Processing statement 46 in module std::Intrinsics[0m
[0;36m[2025-10-18 17:58:33.331] [DEBUG] [AST] Processing statement 47 in module std::Intrinsics[0m
[0;36m[2025-10-18 17:58:33.331] [DEBUG] [AST] Processing statement 48 in module std::Intrinsics[0m
[0;36m[2025-10-18 17:58:33.331] [DEBUG] [AST] Processing statement 49 in module std::Intrinsics[0m
[0;36m[2025-10-18 17:58:33.331] [DEBUG] [AST] Processing statement 50 in module std::Intrinsics[0m
[0;36m[2025-10-18 17:58:33.331] [DEBUG] [AST] Processing statement 51 in module std::Intrinsics[0m
[0;36m[2025-10-18 17:58:33.331] [DEBUG] [AST] Processing statement 52 in module std::Intrinsics[0m
[0;36m[2025-10-18 17:58:33.331] [DEBUG] [AST] Processing statement 53 in module std::Intrinsics[0m
[0;36m[2025-10-18 17:58:33.331] [DEBUG] [AST] Processing statement 54 in module std::Intrinsics[0m
[0;36m[2025-10-18 17:58:33.331] [DEBUG] [AST] Processing statement 55 in module std::Intrinsics[0m
[0;36m[2025-10-18 17:58:33.331] [DEBUG] [AST] Processing statement 56 in module std::Intrinsics[0m
[0;36m[2025-10-18 17:58:33.331] [DEBUG] [AST] Processing statement 57 in module std::Intrinsics[0m
[0;36m[2025-10-18 17:58:33.331] [DEBUG] [AST] Processing statement 58 in module std::Intrinsics[0m
[0;36m[2025-10-18 17:58:33.331] [DEBUG] [AST] Processing statement 59 in module std::Intrinsics[0m
[0;36m[2025-10-18 17:58:33.331] [DEBUG] [AST] Processing statement 60 in module std::Intrinsics[0m
[0;36m[2025-10-18 17:58:33.331] [DEBUG] [AST] Processing statement 61 in module std::Intrinsics[0m
[0;36m[2025-10-18 17:58:33.331] [DEBUG] [AST] Processing statement 62 in module std::Intrinsics[0m
[0;36m[2025-10-18 17:58:33.331] [DEBUG] [AST] Processing statement 63 in module std::Intrinsics[0m
[0;36m[2025-10-18 17:58:33.331] [DEBUG] [AST] Processing statement 64 in module std::Intrinsics[0m
[0;36m[2025-10-18 17:58:33.331] [DEBUG] [AST] Processing statement 65 in module std::Intrinsics[0m
[0;36m[2025-10-18 17:58:33.331] [DEBUG] [AST] Processing statement 66 in module std::Intrinsics[0m
[0;36m[2025-10-18 17:58:33.331] [DEBUG] [AST] Processing statement 67 in module std::Intrinsics[0m
[0;36m[2025-10-18 17:58:33.331] [DEBUG] [AST] Processing statement 68 in module std::Intrinsics[0m
[0;36m[2025-10-18 17:58:33.331] [DEBUG] [AST] Processing statement 69 in module std::Intrinsics[0m
[0;36m[2025-10-18 17:58:33.331] [DEBUG] [AST] Processing statement 70 in module std::Intrinsics[0m
[0;36m[2025-10-18 17:58:33.331] [DEBUG] [AST] Processing statement 71 in module std::Intrinsics[0m
[0;36m[2025-10-18 17:58:33.331] [DEBUG] [AST] Processing statement 72 in module std::Intrinsics[0m
[0;36m[2025-10-18 17:58:33.331] [DEBUG] [AST] Processing statement 73 in module std::Intrinsics[0m
[0;36m[2025-10-18 17:58:33.331] [DEBUG] [AST] Processing statement 74 in module std::Intrinsics[0m
[0;36m[2025-10-18 17:58:33.331] [DEBUG] [AST] Processing statement 75 in module std::Intrinsics[0m
[0;36m[2025-10-18 17:58:33.331] [DEBUG] [AST] Processing statement 76 in module std::Intrinsics[0m
[0;36m[2025-10-18 17:58:33.331] [DEBUG] [AST] Processing statement 77 in module std::Intrinsics[0m
[0;36m[2025-10-18 17:58:33.331] [DEBUG] [AST] Processing statement 78 in module std::Intrinsics[0m
[0;36m[2025-10-18 17:58:33.331] [DEBUG] [AST] Processing statement 79 in module std::Intrinsics[0m
[0;36m[2025-10-18 17:58:33.331] [DEBUG] [AST] Processing statement 80 in module std::Intrinsics[0m
[0;36m[2025-10-18 17:58:33.331] [DEBUG] [AST] Processing statement 81 in module std::Intrinsics[0m
[0;36m[2025-10-18 17:58:33.331] [DEBUG] [AST] Processing statement 82 in module std::Intrinsics[0m
[0;36m[2025-10-18 17:58:33.331] [DEBUG] [AST] Processing statement 83 in module std::Intrinsics[0m
[0;36m[2025-10-18 17:58:33.331] [DEBUG] [AST] Processing statement 84 in module std::Intrinsics[0m
[0;36m[2025-10-18 17:58:33.331] [DEBUG] [AST] Processing statement 85 in module std::Intrinsics[0m
[0;36m[2025-10-18 17:58:33.331] [DEBUG] [AST] Processing statement 86 in module std::Intrinsics[0m
[0;36m[2025-10-18 17:58:33.331] [DEBUG] [AST] Processing statement 87 in module std::Intrinsics[0m
[0;36m[2025-10-18 17:58:33.331] [DEBUG] [AST] Processing statement 88 in module std::Intrinsics[0m
[0;36m[2025-10-18 17:58:33.331] [DEBUG] [AST] Processing statement 89 in module std::Intrinsics[0m
[0;36m[2025-10-18 17:58:33.331] [DEBUG] [AST] Processing statement 90 in module std::Intrinsics[0m
[0;36m[2025-10-18 17:58:33.331] [DEBUG] [AST] Processing statement 91 in module std::Intrinsics[0m
[0;36m[2025-10-18 17:58:33.331] [DEBUG] [AST] Processing statement 92 in module std::Intrinsics[0m
[0;36m[2025-10-18 17:58:33.331] [DEBUG] [AST] Processing statement 93 in module std::Intrinsics[0m
[0;36m[2025-10-18 17:58:33.331] [DEBUG] [AST] Processing statement 94 in module std::Intrinsics[0m
[0;36m[2025-10-18 17:58:33.331] [DEBUG] [AST] Processing statement 95 in module std::Intrinsics[0m
[0;36m[2025-10-18 17:58:33.331] [DEBUG] [AST] Processing statement 96 in module std::Intrinsics[0m
[0;36m[2025-10-18 17:58:33.331] [DEBUG] [AST] Processing statement 97 in module std::Intrinsics[0m
[0;36m[2025-10-18 17:58:33.331] [DEBUG] [AST] Processing statement 98 in module std::Intrinsics[0m
[0;36m[2025-10-18 17:58:33.331] [DEBUG] [AST] Processing statement 99 in module std::Intrinsics[0m
[0;36m[2025-10-18 17:58:33.331] [DEBUG] [AST] Processing statement 100 in module std::Intrinsics[0m
[0;36m[2025-10-18 17:58:33.331] [DEBUG] [AST] Processing statement 101 in module std::Intrinsics[0m
[0;36m[2025-10-18 17:58:33.331] [DEBUG] [AST] Processing statement 102 in module std::Intrinsics[0m
[0;36m[2025-10-18 17:58:33.331] [DEBUG] [AST] Processing statement 103 in module std::Intrinsics[0m
[0;36m[2025-10-18 17:58:33.331] [DEBUG] [AST] Processing statement 104 in module std::Intrinsics[0m
[0;36m[2025-10-18 17:58:33.331] [DEBUG] [AST] Processing statement 105 in module std::Intrinsics[0m
[0;36m[2025-10-18 17:58:33.331] [DEBUG] [AST] Processing statement 106 in module std::Intrinsics[0m
[0;36m[2025-10-18 17:58:33.331] [DEBUG] [AST] Processing statement 107 in module std::Intrinsics[0m
[0;36m[2025-10-18 17:58:33.332] [DEBUG] [AST] Processing statement 108 in module std::Intrinsics[0m
[0;36m[2025-10-18 17:58:33.332] [DEBUG] [AST] Processing statement 109 in module std::Intrinsics[0m
[0;36m[2025-10-18 17:58:33.332] [DEBUG] [AST] Processing statement 110 in module std::Intrinsics[0m
[0;36m[2025-10-18 17:58:33.332] [DEBUG] [AST] Processing statement 111 in module std::Intrinsics[0m
[0;36m[2025-10-18 17:58:33.332] [DEBUG] [AST] Processing statement 112 in module std::Intrinsics[0m
[0;36m[2025-10-18 17:58:33.332] [DEBUG] [AST] Processing statement 113 in module std::Intrinsics[0m
[0;36m[2025-10-18 17:58:33.332] [DEBUG] [AST] Processing statement 114 in module std::Intrinsics[0m
[0;36m[2025-10-18 17:58:33.332] [DEBUG] [AST] Processing statement 115 in module std::Intrinsics[0m
[0;36m[2025-10-18 17:58:33.332] [DEBUG] [AST] Processing statement 116 in module std::Intrinsics[0m
[0;36m[2025-10-18 17:58:33.332] [DEBUG] [AST] Processing statement 117 in module std::Intrinsics[0m
[0;36m[2025-10-18 17:58:33.332] [DEBUG] [AST] Processing statement 118 in module std::Intrinsics[0m
[0;36m[2025-10-18 17:58:33.332] [DEBUG] [AST] Processing statement 119 in module std::Intrinsics[0m
[0;36m[2025-10-18 17:58:33.332] [DEBUG] [AST] Processing statement 120 in module std::Intrinsics[0m
[0;36m[2025-10-18 17:58:33.332] [DEBUG] [AST] Processing statement 121 in module std::Intrinsics[0m
[0;36m[2025-10-18 17:58:33.332] [DEBUG] [AST] Processing statement 122 in module std::Intrinsics[0m
[0;36m[2025-10-18 17:58:33.332] [DEBUG] [AST] Processing statement 123 in module std::Intrinsics[0m
[0;36m[2025-10-18 17:58:33.332] [DEBUG] [AST] Processing statement 124 in module std::Intrinsics[0m
[0;36m[2025-10-18 17:58:33.332] [DEBUG] [AST] Processing statement 125 in module std::Intrinsics[0m
[0;36m[2025-10-18 17:58:33.332] [DEBUG] [AST] Processing statement 126 in module std::Intrinsics[0m
[0;36m[2025-10-18 17:58:33.332] [DEBUG] [AST] Processing statement 127 in module std::Intrinsics[0m
[0;36m[2025-10-18 17:58:33.332] [DEBUG] [AST] Processing statement 128 in module std::Intrinsics[0m
[0;36m[2025-10-18 17:58:33.332] [DEBUG] [AST] Processing statement 129 in module std::Intrinsics[0m
[0;36m[2025-10-18 17:58:33.332] [DEBUG] [AST] Processing statement 130 in module std::Intrinsics[0m
[0;36m[2025-10-18 17:58:33.332] [DEBUG] [AST] Restored source context to: ./stdlib/runtime/runtime.cryo[0m
[0;36m[2025-10-18 17:58:33.332] [DEBUG] [GENERAL] Phase 1: Type checking...[0m
[0;36m[2025-10-18 17:58:33.332] [DEBUG] [AST] VariableDeclarationNode 'DEFAULT_HEAP_SIZE' has type annotation: 'u64' (current_struct: '')[0m
[0;36m[2025-10-18 17:58:33.332] [DEBUG] [AST] resolve_type_with_generic_context: 'u64'[0m
[0;36m[2025-10-18 17:58:33.332] [DEBUG] [AST] Attempting direct type lookup for 'u64'[0m
[0;36m[2025-10-18 17:58:33.332] [DEBUG] [AST] Trying TypeContext token-based parsing first...[0m
[0;36m[2025-10-18 17:58:33.332] [DEBUG] [AST] TypeContext::get_integer_type() called with kind=u64 is_signed=0[0m
[0;36m[2025-10-18 17:58:33.332] [DEBUG] [AST] Token parsing result for 'u64': u64 (kind=2)[0m
[0;36m[2025-10-18 17:58:33.332] [DEBUG] [AST] Successfully parsed 'u64' via TypeContext (token-based parsing)[0m
[0;36m[2025-10-18 17:58:33.332] [DEBUG] [AST] TypeContext::get_integer_type() called with kind=int is_signed=1[0m
[0;36m[2025-10-18 17:58:33.332] [DEBUG] [AST] Assignment compatibility check: u64 = int (TypeKinds: 2 vs 2)[0m
[0;36m[2025-10-18 17:58:33.332] [DEBUG] [AST] VariableDeclarationNode 'MIN_BLOCK_SIZE' has type annotation: 'u64' (current_struct: '')[0m
[0;36m[2025-10-18 17:58:33.332] [DEBUG] [AST] resolve_type_with_generic_context: 'u64'[0m
[0;36m[2025-10-18 17:58:33.332] [DEBUG] [AST] Attempting direct type lookup for 'u64'[0m
[0;36m[2025-10-18 17:58:33.332] [DEBUG] [AST] Trying TypeContext token-based parsing first...[0m
[0;36m[2025-10-18 17:58:33.332] [DEBUG] [AST] TypeContext::get_integer_type() called with kind=u64 is_signed=0[0m
[0;36m[2025-10-18 17:58:33.332] [DEBUG] [AST] Token parsing result for 'u64': u64 (kind=2)[0m
[0;36m[2025-10-18 17:58:33.332] [DEBUG] [AST] Successfully parsed 'u64' via TypeContext (token-based parsing)[0m
[0;36m[2025-10-18 17:58:33.332] [DEBUG] [AST] TypeContext::get_integer_type() called with kind=int is_signed=1[0m
[0;36m[2025-10-18 17:58:33.332] [DEBUG] [AST] Assignment compatibility check: u64 = int (TypeKinds: 2 vs 2)[0m
[0;36m[2025-10-18 17:58:33.332] [DEBUG] [AST] VariableDeclarationNode 'BLOCK_ALIGNMENT' has type annotation: 'u64' (current_struct: '')[0m
[0;36m[2025-10-18 17:58:33.332] [DEBUG] [AST] resolve_type_with_generic_context: 'u64'[0m
[0;36m[2025-10-18 17:58:33.332] [DEBUG] [AST] Attempting direct type lookup for 'u64'[0m
[0;36m[2025-10-18 17:58:33.332] [DEBUG] [AST] Trying TypeContext token-based parsing first...[0m
[0;36m[2025-10-18 17:58:33.332] [DEBUG] [AST] TypeContext::get_integer_type() called with kind=u64 is_signed=0[0m
[0;36m[2025-10-18 17:58:33.332] [DEBUG] [AST] Token parsing result for 'u64': u64 (kind=2)[0m
[0;36m[2025-10-18 17:58:33.332] [DEBUG] [AST] Successfully parsed 'u64' via TypeContext (token-based parsing)[0m
[0;36m[2025-10-18 17:58:33.332] [DEBUG] [AST] TypeContext::get_integer_type() called with kind=int is_signed=1[0m
[0;36m[2025-10-18 17:58:33.332] [DEBUG] [AST] Assignment compatibility check: u64 = int (TypeKinds: 2 vs 2)[0m
[0;36m[2025-10-18 17:58:33.332] [DEBUG] [AST] VariableDeclarationNode 'HEAP_GUARD_SIZE' has type annotation: 'u64' (current_struct: '')[0m
[0;36m[2025-10-18 17:58:33.332] [DEBUG] [AST] resolve_type_with_generic_context: 'u64'[0m
[0;36m[2025-10-18 17:58:33.332] [DEBUG] [AST] Attempting direct type lookup for 'u64'[0m
[0;36m[2025-10-18 17:58:33.332] [DEBUG] [AST] Trying TypeContext token-based parsing first...[0m
[0;36m[2025-10-18 17:58:33.332] [DEBUG] [AST] TypeContext::get_integer_type() called with kind=u64 is_signed=0[0m
[0;36m[2025-10-18 17:58:33.332] [DEBUG] [AST] Token parsing result for 'u64': u64 (kind=2)[0m
[0;36m[2025-10-18 17:58:33.332] [DEBUG] [AST] Successfully parsed 'u64' via TypeContext (token-based parsing)[0m
[0;36m[2025-10-18 17:58:33.332] [DEBUG] [AST] TypeContext::get_integer_type() called with kind=int is_signed=1[0m
[0;36m[2025-10-18 17:58:33.332] [DEBUG] [AST] Assignment compatibility check: u64 = int (TypeKinds: 2 vs 2)[0m
[0;36m[2025-10-18 17:58:33.332] [DEBUG] [AST] VariableDeclarationNode 'BLOCK_FREE' has type annotation: 'u64' (current_struct: '')[0m
[0;36m[2025-10-18 17:58:33.332] [DEBUG] [AST] resolve_type_with_generic_context: 'u64'[0m
[0;36m[2025-10-18 17:58:33.332] [DEBUG] [AST] Attempting direct type lookup for 'u64'[0m
[0;36m[2025-10-18 17:58:33.332] [DEBUG] [AST] Trying TypeContext token-based parsing first...[0m
[0;36m[2025-10-18 17:58:33.332] [DEBUG] [AST] TypeContext::get_integer_type() called with kind=u64 is_signed=0[0m
[0;36m[2025-10-18 17:58:33.332] [DEBUG] [AST] Token parsing result for 'u64': u64 (kind=2)[0m
[0;36m[2025-10-18 17:58:33.332] [DEBUG] [AST] Successfully parsed 'u64' via TypeContext (token-based parsing)[0m
[0;36m[2025-10-18 17:58:33.332] [DEBUG] [AST] TypeContext::get_integer_type() called with kind=int is_signed=1[0m
[0;36m[2025-10-18 17:58:33.332] [DEBUG] [AST] Assignment compatibility check: u64 = int (TypeKinds: 2 vs 2)[0m
[0;36m[2025-10-18 17:58:33.332] [DEBUG] [AST] VariableDeclarationNode 'BLOCK_ALLOCATED' has type annotation: 'u64' (current_struct: '')[0m
[0;36m[2025-10-18 17:58:33.332] [DEBUG] [AST] resolve_type_with_generic_context: 'u64'[0m
[0;36m[2025-10-18 17:58:33.332] [DEBUG] [AST] Attempting direct type lookup for 'u64'[0m
[0;36m[2025-10-18 17:58:33.332] [DEBUG] [AST] Trying TypeContext token-based parsing first...[0m
[0;36m[2025-10-18 17:58:33.332] [DEBUG] [AST] TypeContext::get_integer_type() called with kind=u64 is_signed=0[0m
[0;36m[2025-10-18 17:58:33.332] [DEBUG] [AST] Token parsing result for 'u64': u64 (kind=2)[0m
[0;36m[2025-10-18 17:58:33.332] [DEBUG] [AST] Successfully parsed 'u64' via TypeContext (token-based parsing)[0m
[0;36m[2025-10-18 17:58:33.332] [DEBUG] [AST] TypeContext::get_integer_type() called with kind=int is_signed=1[0m
[0;36m[2025-10-18 17:58:33.332] [DEBUG] [AST] Assignment compatibility check: u64 = int (TypeKinds: 2 vs 2)[0m
[0;36m[2025-10-18 17:58:33.333] [DEBUG] [AST] VariableDeclarationNode 'BLOCK_MAGIC' has type annotation: 'u64' (current_struct: '')[0m
[0;36m[2025-10-18 17:58:33.333] [DEBUG] [AST] resolve_type_with_generic_context: 'u64'[0m
[0;36m[2025-10-18 17:58:33.333] [DEBUG] [AST] Attempting direct type lookup for 'u64'[0m
[0;36m[2025-10-18 17:58:33.333] [DEBUG] [AST] Trying TypeContext token-based parsing first...[0m
[0;36m[2025-10-18 17:58:33.333] [DEBUG] [AST] TypeContext::get_integer_type() called with kind=u64 is_signed=0[0m
[0;36m[2025-10-18 17:58:33.333] [DEBUG] [AST] Token parsing result for 'u64': u64 (kind=2)[0m
[0;36m[2025-10-18 17:58:33.333] [DEBUG] [AST] Successfully parsed 'u64' via TypeContext (token-based parsing)[0m
[0;36m[2025-10-18 17:58:33.333] [DEBUG] [AST] TypeContext::get_integer_type() called with kind=int is_signed=1[0m
[0;36m[2025-10-18 17:58:33.333] [DEBUG] [AST] Assignment compatibility check: u64 = int (TypeKinds: 2 vs 2)[0m
[0;36m[2025-10-18 17:58:33.333] [DEBUG] [AST] TypeContext::get_enum_type called with name=RuntimeState is_simple=1[0m
[0;36m[2025-10-18 17:58:33.333] [DEBUG] [AST] Call stack trace (simplified): TypeContext::get_enum_type[0m
[0;36m[2025-10-18 17:58:33.333] [DEBUG] [AST] Found existing enum type for RuntimeState existing is_simple=1[0m
[0;36m[2025-10-18 17:58:33.333] [DEBUG] [AST] TypeContext::get_integer_type() called with kind=int is_signed=1[0m
[0;36m[2025-10-18 17:58:33.333] [DEBUG] [AST] TypeContext::get_integer_type() called with kind=int is_signed=1[0m
[0;36m[2025-10-18 17:58:33.333] [DEBUG] [AST] TypeContext::get_integer_type() called with kind=int is_signed=1[0m
[0;36m[2025-10-18 17:58:33.333] [DEBUG] [AST] TypeContext::get_integer_type() called with kind=int is_signed=1[0m
[0;36m[2025-10-18 17:58:33.333] [DEBUG] [AST] TypeContext::get_integer_type() called with kind=int is_signed=1[0m
[0;36m[2025-10-18 17:58:33.333] [DEBUG] [AST] TypeContext::get_enum_type called with name=RuntimeError is_simple=1[0m
[0;36m[2025-10-18 17:58:33.333] [DEBUG] [AST] Call stack trace (simplified): TypeContext::get_enum_type[0m
[0;36m[2025-10-18 17:58:33.333] [DEBUG] [AST] Found existing enum type for RuntimeError existing is_simple=1[0m
[0;36m[2025-10-18 17:58:33.333] [DEBUG] [AST] TypeContext::get_integer_type() called with kind=int is_signed=1[0m
[0;36m[2025-10-18 17:58:33.333] [DEBUG] [AST] TypeContext::get_integer_type() called with kind=int is_signed=1[0m
[0;36m[2025-10-18 17:58:33.333] [DEBUG] [AST] TypeContext::get_integer_type() called with kind=int is_signed=1[0m
[0;36m[2025-10-18 17:58:33.333] [DEBUG] [AST] TypeContext::get_integer_type() called with kind=int is_signed=1[0m
[0;36m[2025-10-18 17:58:33.333] [DEBUG] [AST] TypeContext::get_integer_type() called with kind=int is_signed=1[0m
[0;36m[2025-10-18 17:58:33.333] [DEBUG] [AST] TypeContext::get_integer_type() called with kind=int is_signed=1[0m
[0;36m[2025-10-18 17:58:33.333] [DEBUG] [AST] TypeContext::get_integer_type() called with kind=int is_signed=1[0m
[0;36m[2025-10-18 17:58:33.333] [DEBUG] [AST] TypeContext::get_integer_type() called with kind=int is_signed=1[0m
[0;36m[2025-10-18 17:58:33.333] [DEBUG] [AST] TypeContext::get_integer_type() called with kind=int is_signed=1[0m
[0;36m[2025-10-18 17:58:33.333] [DEBUG] [AST] TypeContext::get_integer_type() called with kind=int is_signed=1[0m
[0;36m[2025-10-18 17:58:33.333] [DEBUG] [AST] TypeContext::get_class_type() called with name='HeapBlock'[0m
[0;36m[2025-10-18 17:58:33.333] [DEBUG] [AST] Processing struct field 'size' with resolved type: u64, is_in_generic_context: 0, generic_context_stack_size: 0[0m
[0;36m[2025-10-18 17:58:33.333] [DEBUG] [AST] StructField registration check for 'size': current_struct='HeapBlock', field_type=u64, kind=2[0m
[0;36m[2025-10-18 17:58:33.333] [DEBUG] [AST] Registered struct field 'size' of type 'u64' in struct/class 'HeapBlock'[0m
[0;36m[2025-10-18 17:58:33.333] [DEBUG] [AST] Processing struct field 'flags' with resolved type: u64, is_in_generic_context: 0, generic_context_stack_size: 0[0m
[0;36m[2025-10-18 17:58:33.333] [DEBUG] [AST] StructField registration check for 'flags': current_struct='HeapBlock', field_type=u64, kind=2[0m
[0;36m[2025-10-18 17:58:33.333] [DEBUG] [AST] Registered struct field 'flags' of type 'u64' in struct/class 'HeapBlock'[0m
[0;36m[2025-10-18 17:58:33.333] [DEBUG] [AST] Processing struct field 'next' with resolved type: HeapBlock*, is_in_generic_context: 0, generic_context_stack_size: 0[0m
[0;36m[2025-10-18 17:58:33.333] [DEBUG] [AST] StructField registration check for 'next': current_struct='HeapBlock', field_type=HeapBlock*, kind=7[0m
[0;36m[2025-10-18 17:58:33.333] [DEBUG] [AST] Registered struct field 'next' of type 'HeapBlock*' in struct/class 'HeapBlock'[0m
[0;36m[2025-10-18 17:58:33.333] [DEBUG] [AST] Processing struct field 'prev' with resolved type: HeapBlock*, is_in_generic_context: 0, generic_context_stack_size: 0[0m
[0;36m[2025-10-18 17:58:33.333] [DEBUG] [AST] StructField registration check for 'prev': current_struct='HeapBlock', field_type=HeapBlock*, kind=7[0m
[0;36m[2025-10-18 17:58:33.333] [DEBUG] [AST] Registered struct field 'prev' of type 'HeapBlock*' in struct/class 'HeapBlock'[0m
[0;33m[2025-10-18 17:58:33.333] [WARN] [AST] FunctionType: Avoiding virtual function calls on parameter type at index 0 due to potential Type corruption, using 'void'[0m
[0;33m[2025-10-18 17:58:33.333] [WARN] [AST] FunctionType: Avoiding virtual function calls on parameter type at index 1 due to potential Type corruption, using 'void'[0m
[0;33m[2025-10-18 17:58:33.333] [WARN] [AST] FunctionType: Avoiding virtual function calls due to potential Type corruption, using 'void'[0m
[0;36m[2025-10-18 17:58:33.333] [DEBUG] [AST] VariableDeclarationNode 'block_size' has type annotation: 'u64' (current_struct: 'HeapBlock')[0m
[0;36m[2025-10-18 17:58:33.333] [DEBUG] [AST] resolve_type_with_generic_context: 'u64'[0m
[0;36m[2025-10-18 17:58:33.333] [DEBUG] [AST] Attempting direct type lookup for 'u64'[0m
[0;36m[2025-10-18 17:58:33.333] [DEBUG] [AST] Trying TypeContext token-based parsing first...[0m
[0;36m[2025-10-18 17:58:33.333] [DEBUG] [AST] TypeContext::get_integer_type() called with kind=u64 is_signed=0[0m
[0;36m[2025-10-18 17:58:33.333] [DEBUG] [AST] Token parsing result for 'u64': u64 (kind=2)[0m
[0;36m[2025-10-18 17:58:33.333] [DEBUG] [AST] Successfully parsed 'u64' via TypeContext (token-based parsing)[0m
[0;36m[2025-10-18 17:58:33.333] [DEBUG] [AST] SKIPPED field registration for 'block_size': function parameter in struct 'HeapBlock' (in_function=1)[0m
[0;36m[2025-10-18 17:58:33.333] [DEBUG] [AST] VariableDeclarationNode 'block_flags' has type annotation: 'u64' (current_struct: 'HeapBlock')[0m
[0;36m[2025-10-18 17:58:33.333] [DEBUG] [AST] resolve_type_with_generic_context: 'u64'[0m
[0;36m[2025-10-18 17:58:33.333] [DEBUG] [AST] Attempting direct type lookup for 'u64'[0m
[0;36m[2025-10-18 17:58:33.333] [DEBUG] [AST] Trying TypeContext token-based parsing first...[0m
[0;36m[2025-10-18 17:58:33.333] [DEBUG] [AST] TypeContext::get_integer_type() called with kind=u64 is_signed=0[0m
[0;36m[2025-10-18 17:58:33.333] [DEBUG] [AST] Token parsing result for 'u64': u64 (kind=2)[0m
[0;36m[2025-10-18 17:58:33.333] [DEBUG] [AST] Successfully parsed 'u64' via TypeContext (token-based parsing)[0m
[0;36m[2025-10-18 17:58:33.333] [DEBUG] [AST] SKIPPED field registration for 'block_flags': function parameter in struct 'HeapBlock' (in_function=1)[0m
[0;36m[2025-10-18 17:58:33.333] [DEBUG] [AST] Visiting MemberAccessNode: member='size'[0m
[0;36m[2025-10-18 17:58:33.333] [DEBUG] [AST] Set 'this' type to: HeapBlock*[0m
[0;36m[2025-10-18 17:58:33.333] [DEBUG] [AST] Member 'size' - using resolved type: HeapBlock*[0m
[0;36m[2025-10-18 17:58:33.333] [DEBUG] [AST] Object type name: 'HeapBlock*', kind: 7, checking if pointer[0m
[0;36m[2025-10-18 17:58:33.333] [DEBUG] [AST] HEAPBLOCK DEBUG: type='HeapBlock*', kind=7 (7=Pointer, 10=Struct, 4=Class)[0m
[0;36m[2025-10-18 17:58:33.333] [DEBUG] [AST] Dereferencing pointer type to access member 'size' on type 'HeapBlock'[0m
[0;36m[2025-10-18 17:58:33.334] [DEBUG] [AST] Looking up field 'size' in struct 'HeapBlock'[0m
[0;36m[2025-10-18 17:58:33.334] [DEBUG] [AST] Found struct 'HeapBlock' in _struct_fields with 4 fields[0m
[0;36m[2025-10-18 17:58:33.334] [DEBUG] [AST] Assignment compatibility check: u64 = u64 (TypeKinds: 2 vs 2)[0m
[0;36m[2025-10-18 17:58:33.334] [DEBUG] [AST] Visiting MemberAccessNode: member='flags'[0m
[0;36m[2025-10-18 17:58:33.334] [DEBUG] [AST] Set 'this' type to: HeapBlock*[0m
[0;36m[2025-10-18 17:58:33.334] [DEBUG] [AST] Member 'flags' - using resolved type: HeapBlock*[0m
[0;36m[2025-10-18 17:58:33.334] [DEBUG] [AST] Object type name: 'HeapBlock*', kind: 7, checking if pointer[0m
[0;36m[2025-10-18 17:58:33.334] [DEBUG] [AST] HEAPBLOCK DEBUG: type='HeapBlock*', kind=7 (7=Pointer, 10=Struct, 4=Class)[0m
[0;36m[2025-10-18 17:58:33.334] [DEBUG] [AST] Dereferencing pointer type to access member 'flags' on type 'HeapBlock'[0m
[0;36m[2025-10-18 17:58:33.334] [DEBUG] [AST] Looking up field 'flags' in struct 'HeapBlock'[0m
[0;36m[2025-10-18 17:58:33.334] [DEBUG] [AST] Found struct 'HeapBlock' in _struct_fields with 4 fields[0m
[0;36m[2025-10-18 17:58:33.334] [DEBUG] [AST] Assignment compatibility check: u64 = u64 (TypeKinds: 2 vs 2)[0m
[0;36m[2025-10-18 17:58:33.334] [DEBUG] [AST] Visiting MemberAccessNode: member='next'[0m
[0;36m[2025-10-18 17:58:33.334] [DEBUG] [AST] Set 'this' type to: HeapBlock*[0m
[0;36m[2025-10-18 17:58:33.334] [DEBUG] [AST] Member 'next' - using resolved type: HeapBlock*[0m
[0;36m[2025-10-18 17:58:33.334] [DEBUG] [AST] Object type name: 'HeapBlock*', kind: 7, checking if pointer[0m
[0;36m[2025-10-18 17:58:33.334] [DEBUG] [AST] HEAPBLOCK DEBUG: type='HeapBlock*', kind=7 (7=Pointer, 10=Struct, 4=Class)[0m
[0;36m[2025-10-18 17:58:33.334] [DEBUG] [AST] Dereferencing pointer type to access member 'next' on type 'HeapBlock'[0m
[0;36m[2025-10-18 17:58:33.334] [DEBUG] [AST] Looking up field 'next' in struct 'HeapBlock'[0m
[0;36m[2025-10-18 17:58:33.334] [DEBUG] [AST] Found struct 'HeapBlock' in _struct_fields with 4 fields[0m
[0;36m[2025-10-18 17:58:33.334] [DEBUG] [AST] Assignment compatibility check: HeapBlock* = null (TypeKinds: 7 vs 30)[0m
[0;36m[2025-10-18 17:58:33.334] [DEBUG] [AST] Allowing null assignment to nullable type HeapBlock*[0m
[0;36m[2025-10-18 17:58:33.334] [DEBUG] [AST] Visiting MemberAccessNode: member='prev'[0m
[0;36m[2025-10-18 17:58:33.334] [DEBUG] [AST] Set 'this' type to: HeapBlock*[0m
[0;36m[2025-10-18 17:58:33.334] [DEBUG] [AST] Member 'prev' - using resolved type: HeapBlock*[0m
[0;36m[2025-10-18 17:58:33.334] [DEBUG] [AST] Object type name: 'HeapBlock*', kind: 7, checking if pointer[0m
[0;36m[2025-10-18 17:58:33.334] [DEBUG] [AST] HEAPBLOCK DEBUG: type='HeapBlock*', kind=7 (7=Pointer, 10=Struct, 4=Class)[0m
[0;36m[2025-10-18 17:58:33.334] [DEBUG] [AST] Dereferencing pointer type to access member 'prev' on type 'HeapBlock'[0m
[0;36m[2025-10-18 17:58:33.334] [DEBUG] [AST] Looking up field 'prev' in struct 'HeapBlock'[0m
[0;36m[2025-10-18 17:58:33.334] [DEBUG] [AST] Found struct 'HeapBlock' in _struct_fields with 4 fields[0m
[0;36m[2025-10-18 17:58:33.334] [DEBUG] [AST] Assignment compatibility check: HeapBlock* = null (TypeKinds: 7 vs 30)[0m
[0;36m[2025-10-18 17:58:33.334] [DEBUG] [AST] Allowing null assignment to nullable type HeapBlock*[0m
[0;33m[2025-10-18 17:58:33.334] [WARN] [AST] FunctionType: Avoiding virtual function calls on parameter type at index 0 due to potential Type corruption, using 'void'[0m
[0;33m[2025-10-18 17:58:33.334] [WARN] [AST] FunctionType: Avoiding virtual function calls on parameter type at index 1 due to potential Type corruption, using 'void'[0m
[0;33m[2025-10-18 17:58:33.334] [WARN] [AST] FunctionType: Avoiding virtual function calls due to potential Type corruption, using 'void'[0m
[0;36m[2025-10-18 17:58:33.334] [DEBUG] [AST] resolve_type_with_generic_context: 'boolean'[0m
[0;36m[2025-10-18 17:58:33.334] [DEBUG] [AST] Attempting direct type lookup for 'boolean'[0m
[0;36m[2025-10-18 17:58:33.334] [DEBUG] [AST] Trying TypeContext token-based parsing first...[0m
[0;36m[2025-10-18 17:58:33.334] [DEBUG] [AST] Token parsing result for 'boolean': boolean (kind=1)[0m
[0;36m[2025-10-18 17:58:33.334] [DEBUG] [AST] Successfully parsed 'boolean' via TypeContext (token-based parsing)[0m
[0;33m[2025-10-18 17:58:33.334] [WARN] [AST] FunctionType: Avoiding virtual function calls due to potential Type corruption, using 'void'[0m
[0;36m[2025-10-18 17:58:33.334] [DEBUG] [AST] Created function type for 'is_free' - is_variadic: 0[0m
[0;36m[2025-10-18 17:58:33.334] [DEBUG] [AST] Not found in main symbols, checking namespaces...[0m
[0;36m[2025-10-18 17:58:33.334] [DEBUG] [AST] Resolved namespace symbol: Intrinsics::__printf__ with generic type: unknown (context: std::Runtime)[0m
[0;36m[2025-10-18 17:58:33.334] [DEBUG] [AST] Visiting MemberAccessNode: member='flags'[0m
[0;36m[2025-10-18 17:58:33.334] [DEBUG] [AST] Set 'this' type to: HeapBlock*[0m
[0;36m[2025-10-18 17:58:33.334] [DEBUG] [AST] Member 'flags' - using resolved type: HeapBlock*[0m
[0;36m[2025-10-18 17:58:33.334] [DEBUG] [AST] Object type name: 'HeapBlock*', kind: 7, checking if pointer[0m
[0;36m[2025-10-18 17:58:33.334] [DEBUG] [AST] HEAPBLOCK DEBUG: type='HeapBlock*', kind=7 (7=Pointer, 10=Struct, 4=Class)[0m
[0;36m[2025-10-18 17:58:33.334] [DEBUG] [AST] Dereferencing pointer type to access member 'flags' on type 'HeapBlock'[0m
[0;36m[2025-10-18 17:58:33.334] [DEBUG] [AST] Looking up field 'flags' in struct 'HeapBlock'[0m
[0;36m[2025-10-18 17:58:33.334] [DEBUG] [AST] Found struct 'HeapBlock' in _struct_fields with 4 fields[0m
[0;36m[2025-10-18 17:58:33.334] [DEBUG] [AST] Visiting MemberAccessNode: member='flags'[0m
[0;36m[2025-10-18 17:58:33.334] [DEBUG] [AST] Set 'this' type to: HeapBlock*[0m
[0;36m[2025-10-18 17:58:33.334] [DEBUG] [AST] Member 'flags' - using resolved type: HeapBlock*[0m
[0;36m[2025-10-18 17:58:33.334] [DEBUG] [AST] Object type name: 'HeapBlock*', kind: 7, checking if pointer[0m
[0;36m[2025-10-18 17:58:33.334] [DEBUG] [AST] HEAPBLOCK DEBUG: type='HeapBlock*', kind=7 (7=Pointer, 10=Struct, 4=Class)[0m
[0;36m[2025-10-18 17:58:33.334] [DEBUG] [AST] Dereferencing pointer type to access member 'flags' on type 'HeapBlock'[0m
[0;36m[2025-10-18 17:58:33.334] [DEBUG] [AST] Looking up field 'flags' in struct 'HeapBlock'[0m
[0;36m[2025-10-18 17:58:33.334] [DEBUG] [AST] Found struct 'HeapBlock' in _struct_fields with 4 fields[0m
[0;36m[2025-10-18 17:58:33.334] [DEBUG] [AST] TypeContext::get_integer_type() called with kind=int is_signed=1[0m
[0;36m[2025-10-18 17:58:33.334] [DEBUG] [AST] TypeContext::get_integer_type() called with kind=u64 is_signed=0[0m
[0;33m[2025-10-18 17:58:33.334] [WARN] [AST] FunctionType: Avoiding virtual function calls due to potential Type corruption, using 'void'[0m
[0;36m[2025-10-18 17:58:33.334] [DEBUG] [AST] resolve_type_with_generic_context: 'boolean'[0m
[0;36m[2025-10-18 17:58:33.334] [DEBUG] [AST] Attempting direct type lookup for 'boolean'[0m
[0;36m[2025-10-18 17:58:33.334] [DEBUG] [AST] Trying TypeContext token-based parsing first...[0m
[0;36m[2025-10-18 17:58:33.334] [DEBUG] [AST] Token parsing result for 'boolean': boolean (kind=1)[0m
[0;36m[2025-10-18 17:58:33.334] [DEBUG] [AST] Successfully parsed 'boolean' via TypeContext (token-based parsing)[0m
[0;33m[2025-10-18 17:58:33.334] [WARN] [AST] FunctionType: Avoiding virtual function calls due to potential Type corruption, using 'void'[0m
[0;36m[2025-10-18 17:58:33.334] [DEBUG] [AST] Created function type for 'is_allocated' - is_variadic: 0[0m
[0;36m[2025-10-18 17:58:33.334] [DEBUG] [AST] Not found in main symbols, checking namespaces...[0m
[0;36m[2025-10-18 17:58:33.335] [DEBUG] [AST] Resolved namespace symbol: Intrinsics::__printf__ with generic type: unknown (context: std::Runtime)[0m
[0;36m[2025-10-18 17:58:33.335] [DEBUG] [AST] Visiting MemberAccessNode: member='flags'[0m
[0;36m[2025-10-18 17:58:33.335] [DEBUG] [AST] Set 'this' type to: HeapBlock*[0m
[0;36m[2025-10-18 17:58:33.335] [DEBUG] [AST] Member 'flags' - using resolved type: HeapBlock*[0m
[0;36m[2025-10-18 17:58:33.335] [DEBUG] [AST] Object type name: 'HeapBlock*', kind: 7, checking if pointer[0m
[0;36m[2025-10-18 17:58:33.335] [DEBUG] [AST] HEAPBLOCK DEBUG: type='HeapBlock*', kind=7 (7=Pointer, 10=Struct, 4=Class)[0m
[0;36m[2025-10-18 17:58:33.335] [DEBUG] [AST] Dereferencing pointer type to access member 'flags' on type 'HeapBlock'[0m
[0;36m[2025-10-18 17:58:33.335] [DEBUG] [AST] Looking up field 'flags' in struct 'HeapBlock'[0m
[0;36m[2025-10-18 17:58:33.335] [DEBUG] [AST] Found struct 'HeapBlock' in _struct_fields with 4 fields[0m
[0;36m[2025-10-18 17:58:33.335] [DEBUG] [AST] Visiting MemberAccessNode: member='flags'[0m
[0;36m[2025-10-18 17:58:33.335] [DEBUG] [AST] Set 'this' type to: HeapBlock*[0m
[0;36m[2025-10-18 17:58:33.335] [DEBUG] [AST] Member 'flags' - using resolved type: HeapBlock*[0m
[0;36m[2025-10-18 17:58:33.335] [DEBUG] [AST] Object type name: 'HeapBlock*', kind: 7, checking if pointer[0m
[0;36m[2025-10-18 17:58:33.335] [DEBUG] [AST] HEAPBLOCK DEBUG: type='HeapBlock*', kind=7 (7=Pointer, 10=Struct, 4=Class)[0m
[0;36m[2025-10-18 17:58:33.335] [DEBUG] [AST] Dereferencing pointer type to access member 'flags' on type 'HeapBlock'[0m
[0;36m[2025-10-18 17:58:33.335] [DEBUG] [AST] Looking up field 'flags' in struct 'HeapBlock'[0m
[0;36m[2025-10-18 17:58:33.335] [DEBUG] [AST] Found struct 'HeapBlock' in _struct_fields with 4 fields[0m
[0;36m[2025-10-18 17:58:33.335] [DEBUG] [AST] TypeContext::get_integer_type() called with kind=int is_signed=1[0m
[0;36m[2025-10-18 17:58:33.335] [DEBUG] [AST] TypeContext::get_integer_type() called with kind=u64 is_signed=0[0m
[0;33m[2025-10-18 17:58:33.335] [WARN] [AST] FunctionType: Avoiding virtual function calls due to potential Type corruption, using 'void'[0m
[0;36m[2025-10-18 17:58:33.335] [DEBUG] [AST] resolve_type_with_generic_context: 'boolean'[0m
[0;36m[2025-10-18 17:58:33.335] [DEBUG] [AST] Attempting direct type lookup for 'boolean'[0m
[0;36m[2025-10-18 17:58:33.335] [DEBUG] [AST] Trying TypeContext token-based parsing first...[0m
[0;36m[2025-10-18 17:58:33.335] [DEBUG] [AST] Token parsing result for 'boolean': boolean (kind=1)[0m
[0;36m[2025-10-18 17:58:33.335] [DEBUG] [AST] Successfully parsed 'boolean' via TypeContext (token-based parsing)[0m
[0;33m[2025-10-18 17:58:33.335] [WARN] [AST] FunctionType: Avoiding virtual function calls due to potential Type corruption, using 'void'[0m
[0;36m[2025-10-18 17:58:33.335] [DEBUG] [AST] Created function type for 'is_valid' - is_variadic: 0[0m
[0;36m[2025-10-18 17:58:33.335] [DEBUG] [AST] Not found in main symbols, checking namespaces...[0m
[0;36m[2025-10-18 17:58:33.335] [DEBUG] [AST] Resolved namespace symbol: Intrinsics::__printf__ with generic type: unknown (context: std::Runtime)[0m
[0;36m[2025-10-18 17:58:33.335] [DEBUG] [AST] Visiting MemberAccessNode: member='flags'[0m
[0;36m[2025-10-18 17:58:33.335] [DEBUG] [AST] Set 'this' type to: HeapBlock*[0m
[0;36m[2025-10-18 17:58:33.335] [DEBUG] [AST] Member 'flags' - using resolved type: HeapBlock*[0m
[0;36m[2025-10-18 17:58:33.335] [DEBUG] [AST] Object type name: 'HeapBlock*', kind: 7, checking if pointer[0m
[0;36m[2025-10-18 17:58:33.335] [DEBUG] [AST] HEAPBLOCK DEBUG: type='HeapBlock*', kind=7 (7=Pointer, 10=Struct, 4=Class)[0m
[0;36m[2025-10-18 17:58:33.335] [DEBUG] [AST] Dereferencing pointer type to access member 'flags' on type 'HeapBlock'[0m
[0;36m[2025-10-18 17:58:33.335] [DEBUG] [AST] Looking up field 'flags' in struct 'HeapBlock'[0m
[0;36m[2025-10-18 17:58:33.335] [DEBUG] [AST] Found struct 'HeapBlock' in _struct_fields with 4 fields[0m
[0;36m[2025-10-18 17:58:33.335] [DEBUG] [AST] VariableDeclarationNode 'magic_check' has type annotation: 'u64' (current_struct: 'HeapBlock')[0m
[0;36m[2025-10-18 17:58:33.335] [DEBUG] [AST] resolve_type_with_generic_context: 'u64'[0m
[0;36m[2025-10-18 17:58:33.335] [DEBUG] [AST] Attempting direct type lookup for 'u64'[0m
[0;36m[2025-10-18 17:58:33.335] [DEBUG] [AST] Trying TypeContext token-based parsing first...[0m
[0;36m[2025-10-18 17:58:33.335] [DEBUG] [AST] TypeContext::get_integer_type() called with kind=u64 is_signed=0[0m
[0;36m[2025-10-18 17:58:33.335] [DEBUG] [AST] Token parsing result for 'u64': u64 (kind=2)[0m
[0;36m[2025-10-18 17:58:33.335] [DEBUG] [AST] Successfully parsed 'u64' via TypeContext (token-based parsing)[0m
[0;36m[2025-10-18 17:58:33.335] [DEBUG] [AST] Visiting MemberAccessNode: member='flags'[0m
[0;36m[2025-10-18 17:58:33.335] [DEBUG] [AST] Set 'this' type to: HeapBlock*[0m
[0;36m[2025-10-18 17:58:33.335] [DEBUG] [AST] Member 'flags' - using resolved type: HeapBlock*[0m
[0;36m[2025-10-18 17:58:33.335] [DEBUG] [AST] Object type name: 'HeapBlock*', kind: 7, checking if pointer[0m
[0;36m[2025-10-18 17:58:33.335] [DEBUG] [AST] HEAPBLOCK DEBUG: type='HeapBlock*', kind=7 (7=Pointer, 10=Struct, 4=Class)[0m
[0;36m[2025-10-18 17:58:33.335] [DEBUG] [AST] Dereferencing pointer type to access member 'flags' on type 'HeapBlock'[0m
[0;36m[2025-10-18 17:58:33.335] [DEBUG] [AST] Looking up field 'flags' in struct 'HeapBlock'[0m
[0;36m[2025-10-18 17:58:33.335] [DEBUG] [AST] Found struct 'HeapBlock' in _struct_fields with 4 fields[0m
[0;36m[2025-10-18 17:58:33.335] [DEBUG] [AST] SKIPPED field registration for 'magic_check': function parameter in struct 'HeapBlock' (in_function=1)[0m
[0;36m[2025-10-18 17:58:33.335] [DEBUG] [AST] Assignment compatibility check: boolean = boolean (TypeKinds: 1 vs 1)[0m
[0;33m[2025-10-18 17:58:33.335] [WARN] [AST] FunctionType: Avoiding virtual function calls due to potential Type corruption, using 'void'[0m
[0;36m[2025-10-18 17:58:33.335] [DEBUG] [AST] resolve_type_with_generic_context: 'void'[0m
[0;36m[2025-10-18 17:58:33.335] [DEBUG] [AST] Attempting direct type lookup for 'void'[0m
[0;36m[2025-10-18 17:58:33.335] [DEBUG] [AST] Trying TypeContext token-based parsing first...[0m
[0;36m[2025-10-18 17:58:33.335] [DEBUG] [AST] Token parsing result for 'void': void (kind=0)[0m
[0;36m[2025-10-18 17:58:33.335] [DEBUG] [AST] Successfully parsed 'void' via TypeContext (token-based parsing)[0m
[0;33m[2025-10-18 17:58:33.335] [WARN] [AST] FunctionType: Avoiding virtual function calls due to potential Type corruption, using 'void'[0m
[0;36m[2025-10-18 17:58:33.335] [DEBUG] [AST] Created function type for 'mark_allocated' - is_variadic: 0[0m
[0;36m[2025-10-18 17:58:33.335] [DEBUG] [AST] Not found in main symbols, checking namespaces...[0m
[0;36m[2025-10-18 17:58:33.335] [DEBUG] [AST] Resolved namespace symbol: Intrinsics::__printf__ with generic type: unknown (context: std::Runtime)[0m
[0;36m[2025-10-18 17:58:33.335] [DEBUG] [AST] Visiting MemberAccessNode: member='flags'[0m
[0;36m[2025-10-18 17:58:33.335] [DEBUG] [AST] Set 'this' type to: HeapBlock*[0m
[0;36m[2025-10-18 17:58:33.335] [DEBUG] [AST] Member 'flags' - using resolved type: HeapBlock*[0m
[0;36m[2025-10-18 17:58:33.335] [DEBUG] [AST] Object type name: 'HeapBlock*', kind: 7, checking if pointer[0m
[0;36m[2025-10-18 17:58:33.335] [DEBUG] [AST] HEAPBLOCK DEBUG: type='HeapBlock*', kind=7 (7=Pointer, 10=Struct, 4=Class)[0m
[0;36m[2025-10-18 17:58:33.335] [DEBUG] [AST] Dereferencing pointer type to access member 'flags' on type 'HeapBlock'[0m
[0;36m[2025-10-18 17:58:33.335] [DEBUG] [AST] Looking up field 'flags' in struct 'HeapBlock'[0m
[0;36m[2025-10-18 17:58:33.335] [DEBUG] [AST] Found struct 'HeapBlock' in _struct_fields with 4 fields[0m
[0;36m[2025-10-18 17:58:33.335] [DEBUG] [AST] Visiting MemberAccessNode: member='flags'[0m
[0;36m[2025-10-18 17:58:33.336] [DEBUG] [AST] Set 'this' type to: HeapBlock*[0m
[0;36m[2025-10-18 17:58:33.336] [DEBUG] [AST] Member 'flags' - using resolved type: HeapBlock*[0m
[0;36m[2025-10-18 17:58:33.336] [DEBUG] [AST] Object type name: 'HeapBlock*', kind: 7, checking if pointer[0m
[0;36m[2025-10-18 17:58:33.336] [DEBUG] [AST] HEAPBLOCK DEBUG: type='HeapBlock*', kind=7 (7=Pointer, 10=Struct, 4=Class)[0m
[0;36m[2025-10-18 17:58:33.336] [DEBUG] [AST] Dereferencing pointer type to access member 'flags' on type 'HeapBlock'[0m
[0;36m[2025-10-18 17:58:33.336] [DEBUG] [AST] Looking up field 'flags' in struct 'HeapBlock'[0m
[0;36m[2025-10-18 17:58:33.336] [DEBUG] [AST] Found struct 'HeapBlock' in _struct_fields with 4 fields[0m
[0;33m[2025-10-18 17:58:33.336] [WARN] [AST] FunctionType: Avoiding virtual function calls due to potential Type corruption, using 'void'[0m
[0;36m[2025-10-18 17:58:33.336] [DEBUG] [AST] resolve_type_with_generic_context: 'void'[0m
[0;36m[2025-10-18 17:58:33.336] [DEBUG] [AST] Attempting direct type lookup for 'void'[0m
[0;36m[2025-10-18 17:58:33.336] [DEBUG] [AST] Trying TypeContext token-based parsing first...[0m
[0;36m[2025-10-18 17:58:33.336] [DEBUG] [AST] Token parsing result for 'void': void (kind=0)[0m
[0;36m[2025-10-18 17:58:33.336] [DEBUG] [AST] Successfully parsed 'void' via TypeContext (token-based parsing)[0m
[0;33m[2025-10-18 17:58:33.336] [WARN] [AST] FunctionType: Avoiding virtual function calls due to potential Type corruption, using 'void'[0m
[0;36m[2025-10-18 17:58:33.336] [DEBUG] [AST] Created function type for 'mark_free' - is_variadic: 0[0m
[0;36m[2025-10-18 17:58:33.336] [DEBUG] [AST] Not found in main symbols, checking namespaces...[0m
[0;36m[2025-10-18 17:58:33.336] [DEBUG] [AST] Resolved namespace symbol: Intrinsics::__printf__ with generic type: unknown (context: std::Runtime)[0m
[0;36m[2025-10-18 17:58:33.336] [DEBUG] [AST] Set 'this' type to: HeapBlock*[0m
[0;36m[2025-10-18 17:58:33.336] [DEBUG] [AST] Visiting MemberAccessNode: member='flags'[0m
[0;36m[2025-10-18 17:58:33.336] [DEBUG] [AST] Set 'this' type to: HeapBlock*[0m
[0;36m[2025-10-18 17:58:33.336] [DEBUG] [AST] Member 'flags' - using resolved type: HeapBlock*[0m
[0;36m[2025-10-18 17:58:33.336] [DEBUG] [AST] Object type name: 'HeapBlock*', kind: 7, checking if pointer[0m
[0;36m[2025-10-18 17:58:33.336] [DEBUG] [AST] HEAPBLOCK DEBUG: type='HeapBlock*', kind=7 (7=Pointer, 10=Struct, 4=Class)[0m
[0;36m[2025-10-18 17:58:33.336] [DEBUG] [AST] Dereferencing pointer type to access member 'flags' on type 'HeapBlock'[0m
[0;36m[2025-10-18 17:58:33.336] [DEBUG] [AST] Looking up field 'flags' in struct 'HeapBlock'[0m
[0;36m[2025-10-18 17:58:33.336] [DEBUG] [AST] Found struct 'HeapBlock' in _struct_fields with 4 fields[0m
[0;36m[2025-10-18 17:58:33.336] [DEBUG] [AST] Resolved namespace symbol: Intrinsics::__printf__ with generic type: unknown (context: std::Runtime)[0m
[0;36m[2025-10-18 17:58:33.336] [DEBUG] [AST] VariableDeclarationNode 'combined' has type annotation: 'u64' (current_struct: 'HeapBlock')[0m
[0;36m[2025-10-18 17:58:33.336] [DEBUG] [AST] resolve_type_with_generic_context: 'u64'[0m
[0;36m[2025-10-18 17:58:33.336] [DEBUG] [AST] Attempting direct type lookup for 'u64'[0m
[0;36m[2025-10-18 17:58:33.336] [DEBUG] [AST] Trying TypeContext token-based parsing first...[0m
[0;36m[2025-10-18 17:58:33.336] [DEBUG] [AST] TypeContext::get_integer_type() called with kind=u64 is_signed=0[0m
[0;36m[2025-10-18 17:58:33.336] [DEBUG] [AST] Token parsing result for 'u64': u64 (kind=2)[0m
[0;36m[2025-10-18 17:58:33.336] [DEBUG] [AST] Successfully parsed 'u64' via TypeContext (token-based parsing)[0m
[0;36m[2025-10-18 17:58:33.336] [DEBUG] [AST] SKIPPED field registration for 'combined': function parameter in struct 'HeapBlock' (in_function=1)[0m
[0;36m[2025-10-18 17:58:33.336] [DEBUG] [AST] Resolved namespace symbol: Intrinsics::__printf__ with generic type: unknown (context: std::Runtime)[0m
[0;36m[2025-10-18 17:58:33.336] [DEBUG] [AST] Visiting MemberAccessNode: member='flags'[0m
[0;36m[2025-10-18 17:58:33.336] [DEBUG] [AST] Set 'this' type to: HeapBlock*[0m
[0;36m[2025-10-18 17:58:33.336] [DEBUG] [AST] Member 'flags' - using resolved type: HeapBlock*[0m
[0;36m[2025-10-18 17:58:33.336] [DEBUG] [AST] Object type name: 'HeapBlock*', kind: 7, checking if pointer[0m
[0;36m[2025-10-18 17:58:33.336] [DEBUG] [AST] HEAPBLOCK DEBUG: type='HeapBlock*', kind=7 (7=Pointer, 10=Struct, 4=Class)[0m
[0;36m[2025-10-18 17:58:33.336] [DEBUG] [AST] Dereferencing pointer type to access member 'flags' on type 'HeapBlock'[0m
[0;36m[2025-10-18 17:58:33.336] [DEBUG] [AST] Looking up field 'flags' in struct 'HeapBlock'[0m
[0;36m[2025-10-18 17:58:33.336] [DEBUG] [AST] Found struct 'HeapBlock' in _struct_fields with 4 fields[0m
[0;36m[2025-10-18 17:58:33.336] [DEBUG] [AST] Assignment compatibility check: u64 = u64 (TypeKinds: 2 vs 2)[0m
[0;36m[2025-10-18 17:58:33.336] [DEBUG] [AST] Resolved namespace symbol: Intrinsics::__printf__ with generic type: unknown (context: std::Runtime)[0m
[0;36m[2025-10-18 17:58:33.336] [DEBUG] [AST] Set 'this' type to: HeapBlock*[0m
[0;36m[2025-10-18 17:58:33.336] [DEBUG] [AST] Visiting MemberAccessNode: member='flags'[0m
[0;36m[2025-10-18 17:58:33.336] [DEBUG] [AST] Set 'this' type to: HeapBlock*[0m
[0;36m[2025-10-18 17:58:33.336] [DEBUG] [AST] Member 'flags' - using resolved type: HeapBlock*[0m
[0;36m[2025-10-18 17:58:33.336] [DEBUG] [AST] Object type name: 'HeapBlock*', kind: 7, checking if pointer[0m
[0;36m[2025-10-18 17:58:33.336] [DEBUG] [AST] HEAPBLOCK DEBUG: type='HeapBlock*', kind=7 (7=Pointer, 10=Struct, 4=Class)[0m
[0;36m[2025-10-18 17:58:33.336] [DEBUG] [AST] Dereferencing pointer type to access member 'flags' on type 'HeapBlock'[0m
[0;36m[2025-10-18 17:58:33.336] [DEBUG] [AST] Looking up field 'flags' in struct 'HeapBlock'[0m
[0;36m[2025-10-18 17:58:33.336] [DEBUG] [AST] Found struct 'HeapBlock' in _struct_fields with 4 fields[0m
[0;33m[2025-10-18 17:58:33.336] [WARN] [AST] FunctionType: Avoiding virtual function calls due to potential Type corruption, using 'void'[0m
[0;36m[2025-10-18 17:58:33.336] [DEBUG] [AST] resolve_type_with_generic_context: 'void*'[0m
[0;36m[2025-10-18 17:58:33.336] [DEBUG] [AST] Attempting direct type lookup for 'void*'[0m
[0;36m[2025-10-18 17:58:33.336] [DEBUG] [AST] Trying TypeContext token-based parsing first...[0m
[0;36m[2025-10-18 17:58:33.336] [DEBUG] [AST] Token parsing result for 'void*': void* (kind=7)[0m
[0;36m[2025-10-18 17:58:33.336] [DEBUG] [AST] Successfully parsed 'void*' via TypeContext (token-based parsing)[0m
[0;33m[2025-10-18 17:58:33.336] [WARN] [AST] FunctionType: Avoiding virtual function calls due to potential Type corruption, using 'void'[0m
[0;36m[2025-10-18 17:58:33.336] [DEBUG] [AST] Created function type for 'get_user_data_ptr' - is_variadic: 0[0m
[0;36m[2025-10-18 17:58:33.336] [DEBUG] [AST] Not found in main symbols, checking namespaces...[0m
[0;36m[2025-10-18 17:58:33.336] [DEBUG] [AST] Resolved namespace symbol: Intrinsics::__printf__ with generic type: unknown (context: std::Runtime)[0m
[0;36m[2025-10-18 17:58:33.336] [DEBUG] [AST] Visiting MemberAccessNode: member='flags'[0m
[0;36m[2025-10-18 17:58:33.336] [DEBUG] [AST] Set 'this' type to: HeapBlock*[0m
[0;36m[2025-10-18 17:58:33.336] [DEBUG] [AST] Member 'flags' - using resolved type: HeapBlock*[0m
[0;36m[2025-10-18 17:58:33.337] [DEBUG] [AST] Object type name: 'HeapBlock*', kind: 7, checking if pointer[0m
[0;36m[2025-10-18 17:58:33.337] [DEBUG] [AST] HEAPBLOCK DEBUG: type='HeapBlock*', kind=7 (7=Pointer, 10=Struct, 4=Class)[0m
[0;36m[2025-10-18 17:58:33.337] [DEBUG] [AST] Dereferencing pointer type to access member 'flags' on type 'HeapBlock'[0m
[0;36m[2025-10-18 17:58:33.337] [DEBUG] [AST] Looking up field 'flags' in struct 'HeapBlock'[0m
[0;36m[2025-10-18 17:58:33.337] [DEBUG] [AST] Found struct 'HeapBlock' in _struct_fields with 4 fields[0m
[0;36m[2025-10-18 17:58:33.337] [DEBUG] [AST] VariableDeclarationNode 'header_size' has type annotation: 'u64' (current_struct: 'HeapBlock')[0m
[0;36m[2025-10-18 17:58:33.337] [DEBUG] [AST] resolve_type_with_generic_context: 'u64'[0m
[0;36m[2025-10-18 17:58:33.337] [DEBUG] [AST] Attempting direct type lookup for 'u64'[0m
[0;36m[2025-10-18 17:58:33.337] [DEBUG] [AST] Trying TypeContext token-based parsing first...[0m
[0;36m[2025-10-18 17:58:33.337] [DEBUG] [AST] TypeContext::get_integer_type() called with kind=u64 is_signed=0[0m
[0;36m[2025-10-18 17:58:33.337] [DEBUG] [AST] Token parsing result for 'u64': u64 (kind=2)[0m
[0;36m[2025-10-18 17:58:33.337] [DEBUG] [AST] Successfully parsed 'u64' via TypeContext (token-based parsing)[0m
[0;36m[2025-10-18 17:58:33.337] [DEBUG] [AST] SKIPPED field registration for 'header_size': function parameter in struct 'HeapBlock' (in_function=1)[0m
[0;36m[2025-10-18 17:58:33.337] [DEBUG] [AST] Resolved namespace symbol: Intrinsics::__ptr_add__ with generic type: unknown (context: std::Runtime)[0m
[0;36m[2025-10-18 17:58:33.337] [DEBUG] [AST] Set 'this' type to: HeapBlock*[0m
[0;36m[2025-10-18 17:58:33.337] [DEBUG] [AST] Assignment compatibility check: void* = unknown (TypeKinds: 7 vs 28)[0m
[0;33m[2025-10-18 17:58:33.337] [WARN] [AST] FunctionType: Avoiding virtual function calls due to potential Type corruption, using 'void'[0m
[0;36m[2025-10-18 17:58:33.337] [DEBUG] [AST] resolve_type_with_generic_context: 'HeapBlock*'[0m
[0;36m[2025-10-18 17:58:33.337] [DEBUG] [AST] Attempting direct type lookup for 'HeapBlock*'[0m
[0;36m[2025-10-18 17:58:33.337] [DEBUG] [AST] Trying TypeContext token-based parsing first...[0m
[0;36m[2025-10-18 17:58:33.337] [DEBUG] [AST] Token parsing result for 'HeapBlock*': HeapBlock* (kind=7)[0m
[0;36m[2025-10-18 17:58:33.337] [DEBUG] [AST] Successfully parsed 'HeapBlock*' via TypeContext (token-based parsing)[0m
[0;36m[2025-10-18 17:58:33.337] [DEBUG] [AST] resolve_type_with_generic_context: 'u64'[0m
[0;36m[2025-10-18 17:58:33.337] [DEBUG] [AST] Attempting direct type lookup for 'u64'[0m
[0;36m[2025-10-18 17:58:33.337] [DEBUG] [AST] Trying TypeContext token-based parsing first...[0m
[0;36m[2025-10-18 17:58:33.337] [DEBUG] [AST] TypeContext::get_integer_type() called with kind=u64 is_signed=0[0m
[0;36m[2025-10-18 17:58:33.337] [DEBUG] [AST] Token parsing result for 'u64': u64 (kind=2)[0m
[0;36m[2025-10-18 17:58:33.337] [DEBUG] [AST] Successfully parsed 'u64' via TypeContext (token-based parsing)[0m
[0;33m[2025-10-18 17:58:33.337] [WARN] [AST] FunctionType: Avoiding virtual function calls on parameter type at index 0 due to potential Type corruption, using 'void'[0m
[0;33m[2025-10-18 17:58:33.337] [WARN] [AST] FunctionType: Avoiding virtual function calls due to potential Type corruption, using 'void'[0m
[0;36m[2025-10-18 17:58:33.337] [DEBUG] [AST] Created function type for 'split' - is_variadic: 0[0m
[0;36m[2025-10-18 17:58:33.337] [DEBUG] [AST] Not found in main symbols, checking namespaces...[0m
[0;36m[2025-10-18 17:58:33.337] [DEBUG] [AST] VariableDeclarationNode 'requested_size' has type annotation: 'u64' (current_struct: 'HeapBlock')[0m
[0;36m[2025-10-18 17:58:33.337] [DEBUG] [AST] resolve_type_with_generic_context: 'u64'[0m
[0;36m[2025-10-18 17:58:33.337] [DEBUG] [AST] Attempting direct type lookup for 'u64'[0m
[0;36m[2025-10-18 17:58:33.337] [DEBUG] [AST] Trying TypeContext token-based parsing first...[0m
[0;36m[2025-10-18 17:58:33.337] [DEBUG] [AST] TypeContext::get_integer_type() called with kind=u64 is_signed=0[0m
[0;36m[2025-10-18 17:58:33.337] [DEBUG] [AST] Token parsing result for 'u64': u64 (kind=2)[0m
[0;36m[2025-10-18 17:58:33.337] [DEBUG] [AST] Successfully parsed 'u64' via TypeContext (token-based parsing)[0m
[0;36m[2025-10-18 17:58:33.337] [DEBUG] [AST] SKIPPED field registration for 'requested_size': function parameter in struct 'HeapBlock' (in_function=1)[0m
[0;36m[2025-10-18 17:58:33.337] [DEBUG] [AST] Resolved namespace symbol: Intrinsics::__printf__ with generic type: unknown (context: std::Runtime)[0m
[0;36m[2025-10-18 17:58:33.337] [DEBUG] [AST] Set 'this' type to: HeapBlock*[0m
[0;36m[2025-10-18 17:58:33.337] [DEBUG] [AST] Visiting MemberAccessNode: member='size'[0m
[0;36m[2025-10-18 17:58:33.337] [DEBUG] [AST] Set 'this' type to: HeapBlock*[0m
[0;36m[2025-10-18 17:58:33.337] [DEBUG] [AST] Member 'size' - using resolved type: HeapBlock*[0m
[0;36m[2025-10-18 17:58:33.337] [DEBUG] [AST] Object type name: 'HeapBlock*', kind: 7, checking if pointer[0m
[0;36m[2025-10-18 17:58:33.337] [DEBUG] [AST] HEAPBLOCK DEBUG: type='HeapBlock*', kind=7 (7=Pointer, 10=Struct, 4=Class)[0m
[0;36m[2025-10-18 17:58:33.337] [DEBUG] [AST] Dereferencing pointer type to access member 'size' on type 'HeapBlock'[0m
[0;36m[2025-10-18 17:58:33.337] [DEBUG] [AST] Looking up field 'size' in struct 'HeapBlock'[0m
[0;36m[2025-10-18 17:58:33.337] [DEBUG] [AST] Found struct 'HeapBlock' in _struct_fields with 4 fields[0m
[0;36m[2025-10-18 17:58:33.337] [DEBUG] [AST] Visiting MemberAccessNode: member='size'[0m
[0;36m[2025-10-18 17:58:33.337] [DEBUG] [AST] Set 'this' type to: HeapBlock*[0m
[0;36m[2025-10-18 17:58:33.337] [DEBUG] [AST] Member 'size' - using resolved type: HeapBlock*[0m
[0;36m[2025-10-18 17:58:33.337] [DEBUG] [AST] Object type name: 'HeapBlock*', kind: 7, checking if pointer[0m
[0;36m[2025-10-18 17:58:33.337] [DEBUG] [AST] HEAPBLOCK DEBUG: type='HeapBlock*', kind=7 (7=Pointer, 10=Struct, 4=Class)[0m
[0;36m[2025-10-18 17:58:33.337] [DEBUG] [AST] Dereferencing pointer type to access member 'size' on type 'HeapBlock'[0m
[0;36m[2025-10-18 17:58:33.337] [DEBUG] [AST] Looking up field 'size' in struct 'HeapBlock'[0m
[0;36m[2025-10-18 17:58:33.337] [DEBUG] [AST] Found struct 'HeapBlock' in _struct_fields with 4 fields[0m
[0;36m[2025-10-18 17:58:33.337] [DEBUG] [AST] Resolved namespace symbol: Intrinsics::__printf__ with generic type: unknown (context: std::Runtime)[0m
[0;36m[2025-10-18 17:58:33.337] [DEBUG] [AST] Assignment compatibility check: HeapBlock* = null (TypeKinds: 7 vs 30)[0m
[0;36m[2025-10-18 17:58:33.337] [DEBUG] [AST] Allowing null assignment to nullable type HeapBlock*[0m
[0;36m[2025-10-18 17:58:33.337] [DEBUG] [AST] VariableDeclarationNode 'header_size' has type annotation: 'u64' (current_struct: 'HeapBlock')[0m
[0;36m[2025-10-18 17:58:33.337] [DEBUG] [AST] resolve_type_with_generic_context: 'u64'[0m
[0;36m[2025-10-18 17:58:33.337] [DEBUG] [AST] Attempting direct type lookup for 'u64'[0m
[0;36m[2025-10-18 17:58:33.337] [DEBUG] [AST] Trying TypeContext token-based parsing first...[0m
[0;36m[2025-10-18 17:58:33.337] [DEBUG] [AST] TypeContext::get_integer_type() called with kind=u64 is_signed=0[0m
[0;36m[2025-10-18 17:58:33.337] [DEBUG] [AST] Token parsing result for 'u64': u64 (kind=2)[0m
[0;36m[2025-10-18 17:58:33.337] [DEBUG] [AST] Successfully parsed 'u64' via TypeContext (token-based parsing)[0m
[0;36m[2025-10-18 17:58:33.337] [DEBUG] [AST] SKIPPED field registration for 'header_size': function parameter in struct 'HeapBlock' (in_function=1)[0m
[0;36m[2025-10-18 17:58:33.337] [DEBUG] [AST] VariableDeclarationNode 'new_block_ptr' has type annotation: 'void*' (current_struct: 'HeapBlock')[0m
[0;36m[2025-10-18 17:58:33.337] [DEBUG] [AST] resolve_type_with_generic_context: 'void*'[0m
[0;36m[2025-10-18 17:58:33.338] [DEBUG] [AST] Attempting direct type lookup for 'void*'[0m
[0;36m[2025-10-18 17:58:33.338] [DEBUG] [AST] Trying TypeContext token-based parsing first...[0m
[0;36m[2025-10-18 17:58:33.338] [DEBUG] [AST] Token parsing result for 'void*': void* (kind=7)[0m
[0;36m[2025-10-18 17:58:33.338] [DEBUG] [AST] Successfully parsed 'void*' via TypeContext (token-based parsing)[0m
[0;36m[2025-10-18 17:58:33.338] [DEBUG] [AST] CORRECT TYPE: Variable 'new_block_ptr' with annotation 'void*' resolved to type 'void*' (kind=7)[0m
[0;36m[2025-10-18 17:58:33.338] [DEBUG] [AST] Resolved namespace symbol: Intrinsics::__ptr_add__ with generic type: unknown (context: std::Runtime)[0m
[0;36m[2025-10-18 17:58:33.338] [DEBUG] [AST] Set 'this' type to: HeapBlock*[0m
[0;36m[2025-10-18 17:58:33.338] [DEBUG] [AST] Assignment compatibility check: void* = unknown (TypeKinds: 7 vs 28)[0m
[0;36m[2025-10-18 17:58:33.338] [DEBUG] [AST] SKIPPED field registration for 'new_block_ptr': function parameter in struct 'HeapBlock' (in_function=1)[0m
[0;36m[2025-10-18 17:58:33.338] [DEBUG] [AST] VariableDeclarationNode 'new_block' has type annotation: 'HeapBlock*' (current_struct: 'HeapBlock')[0m
[0;36m[2025-10-18 17:58:33.338] [DEBUG] [AST] resolve_type_with_generic_context: 'HeapBlock*'[0m
[0;36m[2025-10-18 17:58:33.338] [DEBUG] [AST] Attempting direct type lookup for 'HeapBlock*'[0m
[0;36m[2025-10-18 17:58:33.338] [DEBUG] [AST] Trying TypeContext token-based parsing first...[0m
[0;36m[2025-10-18 17:58:33.338] [DEBUG] [AST] Token parsing result for 'HeapBlock*': HeapBlock* (kind=7)[0m
[0;36m[2025-10-18 17:58:33.338] [DEBUG] [AST] Successfully parsed 'HeapBlock*' via TypeContext (token-based parsing)[0m
[0;36m[2025-10-18 17:58:33.338] [DEBUG] [AST] CORRECT TYPE: Variable 'new_block' with annotation 'HeapBlock*' resolved to type 'HeapBlock*' (kind=7)[0m
[0;36m[2025-10-18 17:58:33.338] [DEBUG] [AST] Assignment compatibility check: HeapBlock* = void* (TypeKinds: 7 vs 7)[0m
[0;36m[2025-10-18 17:58:33.338] [DEBUG] [AST] Checking pointer assignment: HeapBlock* = void* (bases: 'HeapBlock' vs 'void')[0m
[0;36m[2025-10-18 17:58:33.338] [DEBUG] [AST] Allowing implicit conversion from void* to HeapBlock* (string fallback)[0m
[0;36m[2025-10-18 17:58:33.338] [DEBUG] [AST] SKIPPED field registration for 'new_block': function parameter in struct 'HeapBlock' (in_function=1)[0m
[0;36m[2025-10-18 17:58:33.338] [DEBUG] [AST] VariableDeclarationNode 'remaining_size' has type annotation: 'u64' (current_struct: 'HeapBlock')[0m
[0;36m[2025-10-18 17:58:33.338] [DEBUG] [AST] resolve_type_with_generic_context: 'u64'[0m
[0;36m[2025-10-18 17:58:33.338] [DEBUG] [AST] Attempting direct type lookup for 'u64'[0m
[0;36m[2025-10-18 17:58:33.338] [DEBUG] [AST] Trying TypeContext token-based parsing first...[0m
[0;36m[2025-10-18 17:58:33.338] [DEBUG] [AST] TypeContext::get_integer_type() called with kind=u64 is_signed=0[0m
[0;36m[2025-10-18 17:58:33.338] [DEBUG] [AST] Token parsing result for 'u64': u64 (kind=2)[0m
[0;36m[2025-10-18 17:58:33.338] [DEBUG] [AST] Successfully parsed 'u64' via TypeContext (token-based parsing)[0m
[0;36m[2025-10-18 17:58:33.338] [DEBUG] [AST] Visiting MemberAccessNode: member='size'[0m
[0;36m[2025-10-18 17:58:33.338] [DEBUG] [AST] Set 'this' type to: HeapBlock*[0m
[0;36m[2025-10-18 17:58:33.338] [DEBUG] [AST] Member 'size' - using resolved type: HeapBlock*[0m
[0;36m[2025-10-18 17:58:33.338] [DEBUG] [AST] Object type name: 'HeapBlock*', kind: 7, checking if pointer[0m
[0;36m[2025-10-18 17:58:33.338] [DEBUG] [AST] HEAPBLOCK DEBUG: type='HeapBlock*', kind=7 (7=Pointer, 10=Struct, 4=Class)[0m
[0;36m[2025-10-18 17:58:33.338] [DEBUG] [AST] Dereferencing pointer type to access member 'size' on type 'HeapBlock'[0m
[0;36m[2025-10-18 17:58:33.338] [DEBUG] [AST] Looking up field 'size' in struct 'HeapBlock'[0m
[0;36m[2025-10-18 17:58:33.338] [DEBUG] [AST] Found struct 'HeapBlock' in _struct_fields with 4 fields[0m
[0;36m[2025-10-18 17:58:33.338] [DEBUG] [AST] Assignment compatibility check: u64 = u64 (TypeKinds: 2 vs 2)[0m
[0;36m[2025-10-18 17:58:33.338] [DEBUG] [AST] SKIPPED field registration for 'remaining_size': function parameter in struct 'HeapBlock' (in_function=1)[0m
[0;36m[2025-10-18 17:58:33.338] [DEBUG] [AST] Visiting MemberAccessNode: member='size'[0m
[0;36m[2025-10-18 17:58:33.338] [DEBUG] [AST] Member 'size' - using resolved type: HeapBlock*[0m
[0;36m[2025-10-18 17:58:33.338] [DEBUG] [AST] Object type name: 'HeapBlock*', kind: 7, checking if pointer[0m
[0;36m[2025-10-18 17:58:33.338] [DEBUG] [AST] HEAPBLOCK DEBUG: type='HeapBlock*', kind=7 (7=Pointer, 10=Struct, 4=Class)[0m
[0;36m[2025-10-18 17:58:33.338] [DEBUG] [AST] Dereferencing pointer type to access member 'size' on type 'HeapBlock'[0m
[0;36m[2025-10-18 17:58:33.338] [DEBUG] [AST] Looking up field 'size' in struct 'HeapBlock'[0m
[0;36m[2025-10-18 17:58:33.338] [DEBUG] [AST] Found struct 'HeapBlock' in _struct_fields with 4 fields[0m
[0;36m[2025-10-18 17:58:33.338] [DEBUG] [AST] Assignment compatibility check: u64 = u64 (TypeKinds: 2 vs 2)[0m
[0;36m[2025-10-18 17:58:33.338] [DEBUG] [AST] Visiting MemberAccessNode: member='flags'[0m
[0;36m[2025-10-18 17:58:33.338] [DEBUG] [AST] Member 'flags' - using resolved type: HeapBlock*[0m
[0;36m[2025-10-18 17:58:33.338] [DEBUG] [AST] Object type name: 'HeapBlock*', kind: 7, checking if pointer[0m
[0;36m[2025-10-18 17:58:33.338] [DEBUG] [AST] HEAPBLOCK DEBUG: type='HeapBlock*', kind=7 (7=Pointer, 10=Struct, 4=Class)[0m
[0;36m[2025-10-18 17:58:33.338] [DEBUG] [AST] Dereferencing pointer type to access member 'flags' on type 'HeapBlock'[0m
[0;36m[2025-10-18 17:58:33.338] [DEBUG] [AST] Looking up field 'flags' in struct 'HeapBlock'[0m
[0;36m[2025-10-18 17:58:33.338] [DEBUG] [AST] Found struct 'HeapBlock' in _struct_fields with 4 fields[0m
[0;36m[2025-10-18 17:58:33.338] [DEBUG] [AST] Visiting MemberAccessNode: member='next'[0m
[0;36m[2025-10-18 17:58:33.338] [DEBUG] [AST] Member 'next' - using resolved type: HeapBlock*[0m
[0;36m[2025-10-18 17:58:33.338] [DEBUG] [AST] Object type name: 'HeapBlock*', kind: 7, checking if pointer[0m
[0;36m[2025-10-18 17:58:33.338] [DEBUG] [AST] HEAPBLOCK DEBUG: type='HeapBlock*', kind=7 (7=Pointer, 10=Struct, 4=Class)[0m
[0;36m[2025-10-18 17:58:33.338] [DEBUG] [AST] Dereferencing pointer type to access member 'next' on type 'HeapBlock'[0m
[0;36m[2025-10-18 17:58:33.338] [DEBUG] [AST] Looking up field 'next' in struct 'HeapBlock'[0m
[0;36m[2025-10-18 17:58:33.338] [DEBUG] [AST] Found struct 'HeapBlock' in _struct_fields with 4 fields[0m
[0;36m[2025-10-18 17:58:33.338] [DEBUG] [AST] Visiting MemberAccessNode: member='next'[0m
[0;36m[2025-10-18 17:58:33.338] [DEBUG] [AST] Set 'this' type to: HeapBlock*[0m
[0;36m[2025-10-18 17:58:33.338] [DEBUG] [AST] Member 'next' - using resolved type: HeapBlock*[0m
[0;36m[2025-10-18 17:58:33.338] [DEBUG] [AST] Object type name: 'HeapBlock*', kind: 7, checking if pointer[0m
[0;36m[2025-10-18 17:58:33.338] [DEBUG] [AST] HEAPBLOCK DEBUG: type='HeapBlock*', kind=7 (7=Pointer, 10=Struct, 4=Class)[0m
[0;36m[2025-10-18 17:58:33.338] [DEBUG] [AST] Dereferencing pointer type to access member 'next' on type 'HeapBlock'[0m
[0;36m[2025-10-18 17:58:33.338] [DEBUG] [AST] Looking up field 'next' in struct 'HeapBlock'[0m
[0;36m[2025-10-18 17:58:33.338] [DEBUG] [AST] Found struct 'HeapBlock' in _struct_fields with 4 fields[0m
[0;36m[2025-10-18 17:58:33.338] [DEBUG] [AST] Assignment compatibility check: HeapBlock* = HeapBlock* (TypeKinds: 7 vs 7)[0m
[0;36m[2025-10-18 17:58:33.338] [DEBUG] [AST] Checking pointer assignment: HeapBlock* = HeapBlock* (bases: 'HeapBlock' vs 'HeapBlock')[0m
[0;36m[2025-10-18 17:58:33.338] [DEBUG] [AST] Allowing assignment between same pointer types: HeapBlock* = HeapBlock*[0m
[0;36m[2025-10-18 17:58:33.338] [DEBUG] [AST] Visiting MemberAccessNode: member='prev'[0m
[0;36m[2025-10-18 17:58:33.339] [DEBUG] [AST] Member 'prev' - using resolved type: HeapBlock*[0m
[0;36m[2025-10-18 17:58:33.339] [DEBUG] [AST] Object type name: 'HeapBlock*', kind: 7, checking if pointer[0m
[0;36m[2025-10-18 17:58:33.339] [DEBUG] [AST] HEAPBLOCK DEBUG: type='HeapBlock*', kind=7 (7=Pointer, 10=Struct, 4=Class)[0m
[0;36m[2025-10-18 17:58:33.339] [DEBUG] [AST] Dereferencing pointer type to access member 'prev' on type 'HeapBlock'[0m
[0;36m[2025-10-18 17:58:33.339] [DEBUG] [AST] Looking up field 'prev' in struct 'HeapBlock'[0m
[0;36m[2025-10-18 17:58:33.339] [DEBUG] [AST] Found struct 'HeapBlock' in _struct_fields with 4 fields[0m
[0;36m[2025-10-18 17:58:33.339] [DEBUG] [AST] Set 'this' type to: HeapBlock*[0m
[0;36m[2025-10-18 17:58:33.339] [DEBUG] [AST] Assignment compatibility check: HeapBlock* = HeapBlock* (TypeKinds: 7 vs 7)[0m
[0;36m[2025-10-18 17:58:33.339] [DEBUG] [AST] Checking pointer assignment: HeapBlock* = HeapBlock* (bases: 'HeapBlock' vs 'HeapBlock')[0m
[0;36m[2025-10-18 17:58:33.339] [DEBUG] [AST] Allowing assignment between same pointer types: HeapBlock* = HeapBlock*[0m
[0;36m[2025-10-18 17:58:33.339] [DEBUG] [AST] Visiting MemberAccessNode: member='size'[0m
[0;36m[2025-10-18 17:58:33.339] [DEBUG] [AST] Set 'this' type to: HeapBlock*[0m
[0;36m[2025-10-18 17:58:33.339] [DEBUG] [AST] Member 'size' - using resolved type: HeapBlock*[0m
[0;36m[2025-10-18 17:58:33.339] [DEBUG] [AST] Object type name: 'HeapBlock*', kind: 7, checking if pointer[0m
[0;36m[2025-10-18 17:58:33.339] [DEBUG] [AST] HEAPBLOCK DEBUG: type='HeapBlock*', kind=7 (7=Pointer, 10=Struct, 4=Class)[0m
[0;36m[2025-10-18 17:58:33.339] [DEBUG] [AST] Dereferencing pointer type to access member 'size' on type 'HeapBlock'[0m
[0;36m[2025-10-18 17:58:33.339] [DEBUG] [AST] Looking up field 'size' in struct 'HeapBlock'[0m
[0;36m[2025-10-18 17:58:33.339] [DEBUG] [AST] Found struct 'HeapBlock' in _struct_fields with 4 fields[0m
[0;36m[2025-10-18 17:58:33.339] [DEBUG] [AST] Assignment compatibility check: u64 = u64 (TypeKinds: 2 vs 2)[0m
[0;36m[2025-10-18 17:58:33.339] [DEBUG] [AST] Visiting MemberAccessNode: member='next'[0m
[0;36m[2025-10-18 17:58:33.339] [DEBUG] [AST] Set 'this' type to: HeapBlock*[0m
[0;36m[2025-10-18 17:58:33.339] [DEBUG] [AST] Member 'next' - using resolved type: HeapBlock*[0m
[0;36m[2025-10-18 17:58:33.339] [DEBUG] [AST] Object type name: 'HeapBlock*', kind: 7, checking if pointer[0m
[0;36m[2025-10-18 17:58:33.339] [DEBUG] [AST] HEAPBLOCK DEBUG: type='HeapBlock*', kind=7 (7=Pointer, 10=Struct, 4=Class)[0m
[0;36m[2025-10-18 17:58:33.339] [DEBUG] [AST] Dereferencing pointer type to access member 'next' on type 'HeapBlock'[0m
[0;36m[2025-10-18 17:58:33.339] [DEBUG] [AST] Looking up field 'next' in struct 'HeapBlock'[0m
[0;36m[2025-10-18 17:58:33.339] [DEBUG] [AST] Found struct 'HeapBlock' in _struct_fields with 4 fields[0m
[0;36m[2025-10-18 17:58:33.339] [DEBUG] [AST] Assignment compatibility check: HeapBlock* = HeapBlock* (TypeKinds: 7 vs 7)[0m
[0;36m[2025-10-18 17:58:33.339] [DEBUG] [AST] Checking pointer assignment: HeapBlock* = HeapBlock* (bases: 'HeapBlock' vs 'HeapBlock')[0m
[0;36m[2025-10-18 17:58:33.339] [DEBUG] [AST] Allowing assignment between same pointer types: HeapBlock* = HeapBlock*[0m
[0;36m[2025-10-18 17:58:33.339] [DEBUG] [AST] Resolved namespace symbol: Intrinsics::__printf__ with generic type: unknown (context: std::Runtime)[0m
[0;36m[2025-10-18 17:58:33.339] [DEBUG] [AST] Visiting MemberAccessNode: member='size'[0m
[0;36m[2025-10-18 17:58:33.339] [DEBUG] [AST] Member 'size' - using resolved type: HeapBlock*[0m
[0;36m[2025-10-18 17:58:33.339] [DEBUG] [AST] Object type name: 'HeapBlock*', kind: 7, checking if pointer[0m
[0;36m[2025-10-18 17:58:33.339] [DEBUG] [AST] HEAPBLOCK DEBUG: type='HeapBlock*', kind=7 (7=Pointer, 10=Struct, 4=Class)[0m
[0;36m[2025-10-18 17:58:33.339] [DEBUG] [AST] Dereferencing pointer type to access member 'size' on type 'HeapBlock'[0m
[0;36m[2025-10-18 17:58:33.339] [DEBUG] [AST] Looking up field 'size' in struct 'HeapBlock'[0m
[0;36m[2025-10-18 17:58:33.339] [DEBUG] [AST] Found struct 'HeapBlock' in _struct_fields with 4 fields[0m
[0;36m[2025-10-18 17:58:33.339] [DEBUG] [AST] Assignment compatibility check: HeapBlock* = HeapBlock* (TypeKinds: 7 vs 7)[0m
[0;36m[2025-10-18 17:58:33.339] [DEBUG] [AST] Checking pointer assignment: HeapBlock* = HeapBlock* (bases: 'HeapBlock' vs 'HeapBlock')[0m
[0;36m[2025-10-18 17:58:33.339] [DEBUG] [AST] Allowing assignment between same pointer types: HeapBlock* = HeapBlock*[0m
[0;33m[2025-10-18 17:58:33.339] [WARN] [AST] FunctionType: Avoiding virtual function calls on parameter type at index 0 due to potential Type corruption, using 'void'[0m
[0;33m[2025-10-18 17:58:33.339] [WARN] [AST] FunctionType: Avoiding virtual function calls due to potential Type corruption, using 'void'[0m
[0;36m[2025-10-18 17:58:33.339] [DEBUG] [AST] TypeContext::get_class_type() called with name='FreeListManager'[0m
[0;36m[2025-10-18 17:58:33.339] [DEBUG] [AST] Processing struct field 'head' with resolved type: HeapBlock*, is_in_generic_context: 0, generic_context_stack_size: 0[0m
[0;36m[2025-10-18 17:58:33.339] [DEBUG] [AST] StructField registration check for 'head': current_struct='FreeListManager', field_type=HeapBlock*, kind=7[0m
[0;36m[2025-10-18 17:58:33.339] [DEBUG] [AST] Registered struct field 'head' of type 'HeapBlock*' in struct/class 'FreeListManager'[0m
[0;33m[2025-10-18 17:58:33.339] [WARN] [AST] FunctionType: Avoiding virtual function calls due to potential Type corruption, using 'void'[0m
[0;36m[2025-10-18 17:58:33.339] [DEBUG] [AST] Resolved namespace symbol: Intrinsics::__printf__ with generic type: unknown (context: std::Runtime)[0m
[0;36m[2025-10-18 17:58:33.339] [DEBUG] [AST] Visiting MemberAccessNode: member='head'[0m
[0;36m[2025-10-18 17:58:33.339] [DEBUG] [AST] TypeContext::create_pointer_type() - created new pointer type: FreeListManager*[0m
[0;36m[2025-10-18 17:58:33.339] [DEBUG] [AST] Set 'this' type to: FreeListManager*[0m
[0;36m[2025-10-18 17:58:33.339] [DEBUG] [AST] Member 'head' - using resolved type: FreeListManager*[0m
[0;36m[2025-10-18 17:58:33.339] [DEBUG] [AST] Object type name: 'FreeListManager*', kind: 7, checking if pointer[0m
[0;36m[2025-10-18 17:58:33.339] [DEBUG] [AST] Dereferencing pointer type to access member 'head' on type 'FreeListManager'[0m
[0;36m[2025-10-18 17:58:33.339] [DEBUG] [AST] Looking up field 'head' in struct 'FreeListManager'[0m
[0;36m[2025-10-18 17:58:33.339] [DEBUG] [AST] Found struct 'FreeListManager' in _struct_fields with 1 fields[0m
[0;36m[2025-10-18 17:58:33.339] [DEBUG] [AST] Assignment compatibility check: HeapBlock* = null (TypeKinds: 7 vs 30)[0m
[0;36m[2025-10-18 17:58:33.339] [DEBUG] [AST] Allowing null assignment to nullable type HeapBlock*[0m
[0;33m[2025-10-18 17:58:33.339] [WARN] [AST] FunctionType: Avoiding virtual function calls due to potential Type corruption, using 'void'[0m
[0;36m[2025-10-18 17:58:33.339] [DEBUG] [AST] resolve_type_with_generic_context: 'void'[0m
[0;36m[2025-10-18 17:58:33.339] [DEBUG] [AST] Attempting direct type lookup for 'void'[0m
[0;36m[2025-10-18 17:58:33.339] [DEBUG] [AST] Trying TypeContext token-based parsing first...[0m
[0;36m[2025-10-18 17:58:33.339] [DEBUG] [AST] Token parsing result for 'void': void (kind=0)[0m
[0;36m[2025-10-18 17:58:33.339] [DEBUG] [AST] Successfully parsed 'void' via TypeContext (token-based parsing)[0m
[0;36m[2025-10-18 17:58:33.339] [DEBUG] [AST] resolve_type_with_generic_context: 'HeapBlock*'[0m
[0;36m[2025-10-18 17:58:33.339] [DEBUG] [AST] Attempting direct type lookup for 'HeapBlock*'[0m
[0;36m[2025-10-18 17:58:33.339] [DEBUG] [AST] Trying TypeContext token-based parsing first...[0m
[0;36m[2025-10-18 17:58:33.339] [DEBUG] [AST] Token parsing result for 'HeapBlock*': HeapBlock* (kind=7)[0m
[0;36m[2025-10-18 17:58:33.339] [DEBUG] [AST] Successfully parsed 'HeapBlock*' via TypeContext (token-based parsing)[0m
[0;33m[2025-10-18 17:58:33.339] [WARN] [AST] FunctionType: Avoiding virtual function calls on parameter type at index 0 due to potential Type corruption, using 'void'[0m
[0;33m[2025-10-18 17:58:33.339] [WARN] [AST] FunctionType: Avoiding virtual function calls due to potential Type corruption, using 'void'[0m
[0;36m[2025-10-18 17:58:33.340] [DEBUG] [AST] Created function type for 'add_block' - is_variadic: 0[0m
[0;36m[2025-10-18 17:58:33.340] [DEBUG] [AST] Not found in main symbols, checking namespaces...[0m
[0;36m[2025-10-18 17:58:33.340] [DEBUG] [AST] VariableDeclarationNode 'block' has type annotation: 'HeapBlock*' (current_struct: 'FreeListManager')[0m
[0;36m[2025-10-18 17:58:33.340] [DEBUG] [AST] resolve_type_with_generic_context: 'HeapBlock*'[0m
[0;36m[2025-10-18 17:58:33.340] [DEBUG] [AST] Attempting direct type lookup for 'HeapBlock*'[0m
[0;36m[2025-10-18 17:58:33.340] [DEBUG] [AST] Trying TypeContext token-based parsing first...[0m
[0;36m[2025-10-18 17:58:33.340] [DEBUG] [AST] Token parsing result for 'HeapBlock*': HeapBlock* (kind=7)[0m
[0;36m[2025-10-18 17:58:33.340] [DEBUG] [AST] Successfully parsed 'HeapBlock*' via TypeContext (token-based parsing)[0m
[0;36m[2025-10-18 17:58:33.340] [DEBUG] [AST] CORRECT TYPE: Variable 'block' with annotation 'HeapBlock*' resolved to type 'HeapBlock*' (kind=7)[0m
[0;36m[2025-10-18 17:58:33.340] [DEBUG] [AST] SKIPPED field registration for 'block': function parameter in struct 'FreeListManager' (in_function=1)[0m
[0;36m[2025-10-18 17:58:33.340] [DEBUG] [AST] Resolved namespace symbol: Intrinsics::__printf__ with generic type: unknown (context: std::Runtime)[0m
[0;36m[2025-10-18 17:58:33.340] [DEBUG] [AST] Visiting MemberAccessNode: member='get_user_data_ptr'[0m
[0;36m[2025-10-18 17:58:33.340] [DEBUG] [AST] Member 'get_user_data_ptr' - using resolved type: HeapBlock*[0m
[0;36m[2025-10-18 17:58:33.340] [DEBUG] [AST] Object type name: 'HeapBlock*', kind: 7, checking if pointer[0m
[0;36m[2025-10-18 17:58:33.340] [DEBUG] [AST] HEAPBLOCK DEBUG: type='HeapBlock*', kind=7 (7=Pointer, 10=Struct, 4=Class)[0m
[0;36m[2025-10-18 17:58:33.340] [DEBUG] [AST] Dereferencing pointer type to access member 'get_user_data_ptr' on type 'HeapBlock'[0m
[0;36m[2025-10-18 17:58:33.340] [DEBUG] [AST] Looking up field 'get_user_data_ptr' in struct 'HeapBlock'[0m
[0;36m[2025-10-18 17:58:33.340] [DEBUG] [AST] Found struct 'HeapBlock' in _struct_fields with 4 fields[0m
[0;36m[2025-10-18 17:58:33.340] [DEBUG] [AST] Field 'get_user_data_ptr' NOT found in struct 'HeapBlock'[0m
[0;36m[2025-10-18 17:58:33.340] [DEBUG] [AST] Visiting MemberAccessNode: member='next'[0m
[0;36m[2025-10-18 17:58:33.340] [DEBUG] [AST] Member 'next' - using resolved type: HeapBlock*[0m
[0;36m[2025-10-18 17:58:33.340] [DEBUG] [AST] Object type name: 'HeapBlock*', kind: 7, checking if pointer[0m
[0;36m[2025-10-18 17:58:33.340] [DEBUG] [AST] HEAPBLOCK DEBUG: type='HeapBlock*', kind=7 (7=Pointer, 10=Struct, 4=Class)[0m
[0;36m[2025-10-18 17:58:33.340] [DEBUG] [AST] Dereferencing pointer type to access member 'next' on type 'HeapBlock'[0m
[0;36m[2025-10-18 17:58:33.340] [DEBUG] [AST] Looking up field 'next' in struct 'HeapBlock'[0m
[0;36m[2025-10-18 17:58:33.340] [DEBUG] [AST] Found struct 'HeapBlock' in _struct_fields with 4 fields[0m
[0;36m[2025-10-18 17:58:33.340] [DEBUG] [AST] Visiting MemberAccessNode: member='head'[0m
[0;36m[2025-10-18 17:58:33.340] [DEBUG] [AST] Set 'this' type to: FreeListManager*[0m
[0;36m[2025-10-18 17:58:33.340] [DEBUG] [AST] Member 'head' - using resolved type: FreeListManager*[0m
[0;36m[2025-10-18 17:58:33.340] [DEBUG] [AST] Object type name: 'FreeListManager*', kind: 7, checking if pointer[0m
[0;36m[2025-10-18 17:58:33.340] [DEBUG] [AST] Dereferencing pointer type to access member 'head' on type 'FreeListManager'[0m
[0;36m[2025-10-18 17:58:33.340] [DEBUG] [AST] Looking up field 'head' in struct 'FreeListManager'[0m
[0;36m[2025-10-18 17:58:33.340] [DEBUG] [AST] Found struct 'FreeListManager' in _struct_fields with 1 fields[0m
[0;36m[2025-10-18 17:58:33.340] [DEBUG] [AST] Assignment compatibility check: HeapBlock* = HeapBlock* (TypeKinds: 7 vs 7)[0m
[0;36m[2025-10-18 17:58:33.340] [DEBUG] [AST] Checking pointer assignment: HeapBlock* = HeapBlock* (bases: 'HeapBlock' vs 'HeapBlock')[0m
[0;36m[2025-10-18 17:58:33.340] [DEBUG] [AST] Allowing assignment between same pointer types: HeapBlock* = HeapBlock*[0m
[0;36m[2025-10-18 17:58:33.340] [DEBUG] [AST] Visiting MemberAccessNode: member='prev'[0m
[0;36m[2025-10-18 17:58:33.340] [DEBUG] [AST] Member 'prev' - using resolved type: HeapBlock*[0m
[0;36m[2025-10-18 17:58:33.340] [DEBUG] [AST] Object type name: 'HeapBlock*', kind: 7, checking if pointer[0m
[0;36m[2025-10-18 17:58:33.340] [DEBUG] [AST] HEAPBLOCK DEBUG: type='HeapBlock*', kind=7 (7=Pointer, 10=Struct, 4=Class)[0m
[0;36m[2025-10-18 17:58:33.340] [DEBUG] [AST] Dereferencing pointer type to access member 'prev' on type 'HeapBlock'[0m
[0;36m[2025-10-18 17:58:33.340] [DEBUG] [AST] Looking up field 'prev' in struct 'HeapBlock'[0m
[0;36m[2025-10-18 17:58:33.340] [DEBUG] [AST] Found struct 'HeapBlock' in _struct_fields with 4 fields[0m
[0;36m[2025-10-18 17:58:33.340] [DEBUG] [AST] Assignment compatibility check: HeapBlock* = null (TypeKinds: 7 vs 30)[0m
[0;36m[2025-10-18 17:58:33.340] [DEBUG] [AST] Allowing null assignment to nullable type HeapBlock*[0m
[0;36m[2025-10-18 17:58:33.340] [DEBUG] [AST] Visiting MemberAccessNode: member='head'[0m
[0;36m[2025-10-18 17:58:33.340] [DEBUG] [AST] Set 'this' type to: FreeListManager*[0m
[0;36m[2025-10-18 17:58:33.340] [DEBUG] [AST] Member 'head' - using resolved type: FreeListManager*[0m
[0;36m[2025-10-18 17:58:33.340] [DEBUG] [AST] Object type name: 'FreeListManager*', kind: 7, checking if pointer[0m
[0;36m[2025-10-18 17:58:33.340] [DEBUG] [AST] Dereferencing pointer type to access member 'head' on type 'FreeListManager'[0m
[0;36m[2025-10-18 17:58:33.340] [DEBUG] [AST] Looking up field 'head' in struct 'FreeListManager'[0m
[0;36m[2025-10-18 17:58:33.340] [DEBUG] [AST] Found struct 'FreeListManager' in _struct_fields with 1 fields[0m
[0;36m[2025-10-18 17:58:33.340] [DEBUG] [AST] Resolved namespace symbol: Intrinsics::__printf__ with generic type: unknown (context: std::Runtime)[0m
[0;36m[2025-10-18 17:58:33.340] [DEBUG] [AST] Visiting MemberAccessNode: member='prev'[0m
[0;36m[2025-10-18 17:58:33.340] [DEBUG] [AST] Visiting MemberAccessNode: member='head'[0m
[0;36m[2025-10-18 17:58:33.340] [DEBUG] [AST] Set 'this' type to: FreeListManager*[0m
[0;36m[2025-10-18 17:58:33.340] [DEBUG] [AST] Member 'head' - using resolved type: FreeListManager*[0m
[0;36m[2025-10-18 17:58:33.340] [DEBUG] [AST] Object type name: 'FreeListManager*', kind: 7, checking if pointer[0m
[0;36m[2025-10-18 17:58:33.340] [DEBUG] [AST] Dereferencing pointer type to access member 'head' on type 'FreeListManager'[0m
[0;36m[2025-10-18 17:58:33.340] [DEBUG] [AST] Looking up field 'head' in struct 'FreeListManager'[0m
[0;36m[2025-10-18 17:58:33.340] [DEBUG] [AST] Found struct 'FreeListManager' in _struct_fields with 1 fields[0m
[0;36m[2025-10-18 17:58:33.340] [DEBUG] [AST] Member 'prev' - using resolved type: HeapBlock*[0m
[0;36m[2025-10-18 17:58:33.340] [DEBUG] [AST] Object type name: 'HeapBlock*', kind: 7, checking if pointer[0m
[0;36m[2025-10-18 17:58:33.340] [DEBUG] [AST] HEAPBLOCK DEBUG: type='HeapBlock*', kind=7 (7=Pointer, 10=Struct, 4=Class)[0m
[0;36m[2025-10-18 17:58:33.340] [DEBUG] [AST] Dereferencing pointer type to access member 'prev' on type 'HeapBlock'[0m
[0;36m[2025-10-18 17:58:33.340] [DEBUG] [AST] Looking up field 'prev' in struct 'HeapBlock'[0m
[0;36m[2025-10-18 17:58:33.340] [DEBUG] [AST] Found struct 'HeapBlock' in _struct_fields with 4 fields[0m
[0;36m[2025-10-18 17:58:33.340] [DEBUG] [AST] Assignment compatibility check: HeapBlock* = HeapBlock* (TypeKinds: 7 vs 7)[0m
[0;36m[2025-10-18 17:58:33.340] [DEBUG] [AST] Checking pointer assignment: HeapBlock* = HeapBlock* (bases: 'HeapBlock' vs 'HeapBlock')[0m
[0;36m[2025-10-18 17:58:33.340] [DEBUG] [AST] Allowing assignment between same pointer types: HeapBlock* = HeapBlock*[0m
[0;36m[2025-10-18 17:58:33.340] [DEBUG] [AST] Visiting MemberAccessNode: member='head'[0m
[0;36m[2025-10-18 17:58:33.340] [DEBUG] [AST] Set 'this' type to: FreeListManager*[0m
[0;36m[2025-10-18 17:58:33.340] [DEBUG] [AST] Member 'head' - using resolved type: FreeListManager*[0m
[0;36m[2025-10-18 17:58:33.340] [DEBUG] [AST] Object type name: 'FreeListManager*', kind: 7, checking if pointer[0m
[0;36m[2025-10-18 17:58:33.340] [DEBUG] [AST] Dereferencing pointer type to access member 'head' on type 'FreeListManager'[0m
[0;36m[2025-10-18 17:58:33.340] [DEBUG] [AST] Looking up field 'head' in struct 'FreeListManager'[0m
[0;36m[2025-10-18 17:58:33.340] [DEBUG] [AST] Found struct 'FreeListManager' in _struct_fields with 1 fields[0m
[0;36m[2025-10-18 17:58:33.340] [DEBUG] [AST] Assignment compatibility check: HeapBlock* = HeapBlock* (TypeKinds: 7 vs 7)[0m
[0;36m[2025-10-18 17:58:33.340] [DEBUG] [AST] Checking pointer assignment: HeapBlock* = HeapBlock* (bases: 'HeapBlock' vs 'HeapBlock')[0m
[0;36m[2025-10-18 17:58:33.341] [DEBUG] [AST] Allowing assignment between same pointer types: HeapBlock* = HeapBlock*[0m
[0;33m[2025-10-18 17:58:33.341] [WARN] [AST] FunctionType: Avoiding virtual function calls on parameter type at index 0 due to potential Type corruption, using 'void'[0m
[0;33m[2025-10-18 17:58:33.341] [WARN] [AST] FunctionType: Avoiding virtual function calls due to potential Type corruption, using 'void'[0m
[0;36m[2025-10-18 17:58:33.341] [DEBUG] [AST] resolve_type_with_generic_context: 'void'[0m
[0;36m[2025-10-18 17:58:33.341] [DEBUG] [AST] Attempting direct type lookup for 'void'[0m
[0;36m[2025-10-18 17:58:33.341] [DEBUG] [AST] Trying TypeContext token-based parsing first...[0m
[0;36m[2025-10-18 17:58:33.341] [DEBUG] [AST] Token parsing result for 'void': void (kind=0)[0m
[0;36m[2025-10-18 17:58:33.341] [DEBUG] [AST] Successfully parsed 'void' via TypeContext (token-based parsing)[0m
[0;36m[2025-10-18 17:58:33.341] [DEBUG] [AST] resolve_type_with_generic_context: 'HeapBlock*'[0m
[0;36m[2025-10-18 17:58:33.341] [DEBUG] [AST] Attempting direct type lookup for 'HeapBlock*'[0m
[0;36m[2025-10-18 17:58:33.341] [DEBUG] [AST] Trying TypeContext token-based parsing first...[0m
[0;36m[2025-10-18 17:58:33.341] [DEBUG] [AST] Token parsing result for 'HeapBlock*': HeapBlock* (kind=7)[0m
[0;36m[2025-10-18 17:58:33.341] [DEBUG] [AST] Successfully parsed 'HeapBlock*' via TypeContext (token-based parsing)[0m
[0;33m[2025-10-18 17:58:33.341] [WARN] [AST] FunctionType: Avoiding virtual function calls on parameter type at index 0 due to potential Type corruption, using 'void'[0m
[0;33m[2025-10-18 17:58:33.341] [WARN] [AST] FunctionType: Avoiding virtual function calls due to potential Type corruption, using 'void'[0m
[0;36m[2025-10-18 17:58:33.341] [DEBUG] [AST] Created function type for 'remove_block' - is_variadic: 0[0m
[0;36m[2025-10-18 17:58:33.341] [DEBUG] [AST] Not found in main symbols, checking namespaces...[0m
[0;36m[2025-10-18 17:58:33.341] [DEBUG] [AST] VariableDeclarationNode 'block' has type annotation: 'HeapBlock*' (current_struct: 'FreeListManager')[0m
[0;36m[2025-10-18 17:58:33.341] [DEBUG] [AST] resolve_type_with_generic_context: 'HeapBlock*'[0m
[0;36m[2025-10-18 17:58:33.341] [DEBUG] [AST] Attempting direct type lookup for 'HeapBlock*'[0m
[0;36m[2025-10-18 17:58:33.341] [DEBUG] [AST] Trying TypeContext token-based parsing first...[0m
[0;36m[2025-10-18 17:58:33.341] [DEBUG] [AST] Token parsing result for 'HeapBlock*': HeapBlock* (kind=7)[0m
[0;36m[2025-10-18 17:58:33.341] [DEBUG] [AST] Successfully parsed 'HeapBlock*' via TypeContext (token-based parsing)[0m
[0;36m[2025-10-18 17:58:33.341] [DEBUG] [AST] CORRECT TYPE: Variable 'block' with annotation 'HeapBlock*' resolved to type 'HeapBlock*' (kind=7)[0m
[0;36m[2025-10-18 17:58:33.341] [DEBUG] [AST] SKIPPED field registration for 'block': function parameter in struct 'FreeListManager' (in_function=1)[0m
[0;36m[2025-10-18 17:58:33.341] [DEBUG] [AST] VariableDeclarationNode 'user_ptr' has type annotation: 'void*' (current_struct: 'FreeListManager')[0m
[0;36m[2025-10-18 17:58:33.341] [DEBUG] [AST] resolve_type_with_generic_context: 'void*'[0m
[0;36m[2025-10-18 17:58:33.341] [DEBUG] [AST] Attempting direct type lookup for 'void*'[0m
[0;36m[2025-10-18 17:58:33.341] [DEBUG] [AST] Trying TypeContext token-based parsing first...[0m
[0;36m[2025-10-18 17:58:33.341] [DEBUG] [AST] Token parsing result for 'void*': void* (kind=7)[0m
[0;36m[2025-10-18 17:58:33.341] [DEBUG] [AST] Successfully parsed 'void*' via TypeContext (token-based parsing)[0m
[0;36m[2025-10-18 17:58:33.341] [DEBUG] [AST] CORRECT TYPE: Variable 'user_ptr' with annotation 'void*' resolved to type 'void*' (kind=7)[0m
[0;36m[2025-10-18 17:58:33.341] [DEBUG] [AST] Resolved namespace symbol: Intrinsics::__ptr_add__ with generic type: unknown (context: std::Runtime)[0m
[0;36m[2025-10-18 17:58:33.341] [DEBUG] [AST] TypeContext::get_integer_type() called with kind=int is_signed=1[0m
[0;36m[2025-10-18 17:58:33.341] [DEBUG] [AST] TypeContext::get_integer_type() called with kind=u64 is_signed=0[0m
[0;36m[2025-10-18 17:58:33.341] [DEBUG] [AST] Assignment compatibility check: void* = unknown (TypeKinds: 7 vs 28)[0m
[0;36m[2025-10-18 17:58:33.341] [DEBUG] [AST] SKIPPED field registration for 'user_ptr': function parameter in struct 'FreeListManager' (in_function=1)[0m
[0;36m[2025-10-18 17:58:33.341] [DEBUG] [AST] Resolved namespace symbol: Intrinsics::__printf__ with generic type: unknown (context: std::Runtime)[0m
[0;36m[2025-10-18 17:58:33.341] [DEBUG] [AST] Visiting MemberAccessNode: member='prev'[0m
[0;36m[2025-10-18 17:58:33.341] [DEBUG] [AST] Member 'prev' - using resolved type: HeapBlock*[0m
[0;36m[2025-10-18 17:58:33.341] [DEBUG] [AST] Object type name: 'HeapBlock*', kind: 7, checking if pointer[0m
[0;36m[2025-10-18 17:58:33.341] [DEBUG] [AST] HEAPBLOCK DEBUG: type='HeapBlock*', kind=7 (7=Pointer, 10=Struct, 4=Class)[0m
[0;36m[2025-10-18 17:58:33.341] [DEBUG] [AST] Dereferencing pointer type to access member 'prev' on type 'HeapBlock'[0m
[0;36m[2025-10-18 17:58:33.341] [DEBUG] [AST] Looking up field 'prev' in struct 'HeapBlock'[0m
[0;36m[2025-10-18 17:58:33.341] [DEBUG] [AST] Found struct 'HeapBlock' in _struct_fields with 4 fields[0m
[0;36m[2025-10-18 17:58:33.341] [DEBUG] [AST] Resolved namespace symbol: Intrinsics::__printf__ with generic type: unknown (context: std::Runtime)[0m
[0;36m[2025-10-18 17:58:33.341] [DEBUG] [AST] Visiting MemberAccessNode: member='next'[0m
[0;36m[2025-10-18 17:58:33.341] [DEBUG] [AST] Visiting MemberAccessNode: member='prev'[0m
[0;36m[2025-10-18 17:58:33.341] [DEBUG] [AST] Member 'prev' - using resolved type: HeapBlock*[0m
[0;36m[2025-10-18 17:58:33.341] [DEBUG] [AST] Object type name: 'HeapBlock*', kind: 7, checking if pointer[0m
[0;36m[2025-10-18 17:58:33.341] [DEBUG] [AST] HEAPBLOCK DEBUG: type='HeapBlock*', kind=7 (7=Pointer, 10=Struct, 4=Class)[0m
[0;36m[2025-10-18 17:58:33.341] [DEBUG] [AST] Dereferencing pointer type to access member 'prev' on type 'HeapBlock'[0m
[0;36m[2025-10-18 17:58:33.341] [DEBUG] [AST] Looking up field 'prev' in struct 'HeapBlock'[0m
[0;36m[2025-10-18 17:58:33.341] [DEBUG] [AST] Found struct 'HeapBlock' in _struct_fields with 4 fields[0m
[0;36m[2025-10-18 17:58:33.341] [DEBUG] [AST] Member 'next' - using resolved type: HeapBlock*[0m
[0;36m[2025-10-18 17:58:33.341] [DEBUG] [AST] Object type name: 'HeapBlock*', kind: 7, checking if pointer[0m
[0;36m[2025-10-18 17:58:33.341] [DEBUG] [AST] HEAPBLOCK DEBUG: type='HeapBlock*', kind=7 (7=Pointer, 10=Struct, 4=Class)[0m
[0;36m[2025-10-18 17:58:33.341] [DEBUG] [AST] Dereferencing pointer type to access member 'next' on type 'HeapBlock'[0m
[0;36m[2025-10-18 17:58:33.341] [DEBUG] [AST] Looking up field 'next' in struct 'HeapBlock'[0m
[0;36m[2025-10-18 17:58:33.341] [DEBUG] [AST] Found struct 'HeapBlock' in _struct_fields with 4 fields[0m
[0;36m[2025-10-18 17:58:33.341] [DEBUG] [AST] Visiting MemberAccessNode: member='next'[0m
[0;36m[2025-10-18 17:58:33.341] [DEBUG] [AST] Member 'next' - using resolved type: HeapBlock*[0m
[0;36m[2025-10-18 17:58:33.341] [DEBUG] [AST] Object type name: 'HeapBlock*', kind: 7, checking if pointer[0m
[0;36m[2025-10-18 17:58:33.341] [DEBUG] [AST] HEAPBLOCK DEBUG: type='HeapBlock*', kind=7 (7=Pointer, 10=Struct, 4=Class)[0m
[0;36m[2025-10-18 17:58:33.341] [DEBUG] [AST] Dereferencing pointer type to access member 'next' on type 'HeapBlock'[0m
[0;36m[2025-10-18 17:58:33.341] [DEBUG] [AST] Looking up field 'next' in struct 'HeapBlock'[0m
[0;36m[2025-10-18 17:58:33.341] [DEBUG] [AST] Found struct 'HeapBlock' in _struct_fields with 4 fields[0m
[0;36m[2025-10-18 17:58:33.341] [DEBUG] [AST] Assignment compatibility check: HeapBlock* = HeapBlock* (TypeKinds: 7 vs 7)[0m
[0;36m[2025-10-18 17:58:33.341] [DEBUG] [AST] Checking pointer assignment: HeapBlock* = HeapBlock* (bases: 'HeapBlock' vs 'HeapBlock')[0m
[0;36m[2025-10-18 17:58:33.342] [DEBUG] [AST] Allowing assignment between same pointer types: HeapBlock* = HeapBlock*[0m
[0;36m[2025-10-18 17:58:33.342] [DEBUG] [AST] Resolved namespace symbol: Intrinsics::__printf__ with generic type: unknown (context: std::Runtime)[0m
[0;36m[2025-10-18 17:58:33.342] [DEBUG] [AST] Visiting MemberAccessNode: member='head'[0m
[0;36m[2025-10-18 17:58:33.342] [DEBUG] [AST] Set 'this' type to: FreeListManager*[0m
[0;36m[2025-10-18 17:58:33.342] [DEBUG] [AST] Member 'head' - using resolved type: FreeListManager*[0m
[0;36m[2025-10-18 17:58:33.342] [DEBUG] [AST] Object type name: 'FreeListManager*', kind: 7, checking if pointer[0m
[0;36m[2025-10-18 17:58:33.342] [DEBUG] [AST] Dereferencing pointer type to access member 'head' on type 'FreeListManager'[0m
[0;36m[2025-10-18 17:58:33.342] [DEBUG] [AST] Looking up field 'head' in struct 'FreeListManager'[0m
[0;36m[2025-10-18 17:58:33.342] [DEBUG] [AST] Found struct 'FreeListManager' in _struct_fields with 1 fields[0m
[0;36m[2025-10-18 17:58:33.342] [DEBUG] [AST] Visiting MemberAccessNode: member='next'[0m
[0;36m[2025-10-18 17:58:33.342] [DEBUG] [AST] Member 'next' - using resolved type: HeapBlock*[0m
[0;36m[2025-10-18 17:58:33.342] [DEBUG] [AST] Object type name: 'HeapBlock*', kind: 7, checking if pointer[0m
[0;36m[2025-10-18 17:58:33.342] [DEBUG] [AST] HEAPBLOCK DEBUG: type='HeapBlock*', kind=7 (7=Pointer, 10=Struct, 4=Class)[0m
[0;36m[2025-10-18 17:58:33.342] [DEBUG] [AST] Dereferencing pointer type to access member 'next' on type 'HeapBlock'[0m
[0;36m[2025-10-18 17:58:33.342] [DEBUG] [AST] Looking up field 'next' in struct 'HeapBlock'[0m
[0;36m[2025-10-18 17:58:33.342] [DEBUG] [AST] Found struct 'HeapBlock' in _struct_fields with 4 fields[0m
[0;36m[2025-10-18 17:58:33.342] [DEBUG] [AST] Assignment compatibility check: HeapBlock* = HeapBlock* (TypeKinds: 7 vs 7)[0m
[0;36m[2025-10-18 17:58:33.342] [DEBUG] [AST] Checking pointer assignment: HeapBlock* = HeapBlock* (bases: 'HeapBlock' vs 'HeapBlock')[0m
[0;36m[2025-10-18 17:58:33.342] [DEBUG] [AST] Allowing assignment between same pointer types: HeapBlock* = HeapBlock*[0m
[0;36m[2025-10-18 17:58:33.342] [DEBUG] [AST] Visiting MemberAccessNode: member='next'[0m
[0;36m[2025-10-18 17:58:33.342] [DEBUG] [AST] Member 'next' - using resolved type: HeapBlock*[0m
[0;36m[2025-10-18 17:58:33.342] [DEBUG] [AST] Object type name: 'HeapBlock*', kind: 7, checking if pointer[0m
[0;36m[2025-10-18 17:58:33.342] [DEBUG] [AST] HEAPBLOCK DEBUG: type='HeapBlock*', kind=7 (7=Pointer, 10=Struct, 4=Class)[0m
[0;36m[2025-10-18 17:58:33.342] [DEBUG] [AST] Dereferencing pointer type to access member 'next' on type 'HeapBlock'[0m
[0;36m[2025-10-18 17:58:33.342] [DEBUG] [AST] Looking up field 'next' in struct 'HeapBlock'[0m
[0;36m[2025-10-18 17:58:33.342] [DEBUG] [AST] Found struct 'HeapBlock' in _struct_fields with 4 fields[0m
[0;36m[2025-10-18 17:58:33.342] [DEBUG] [AST] Resolved namespace symbol: Intrinsics::__printf__ with generic type: unknown (context: std::Runtime)[0m
[0;36m[2025-10-18 17:58:33.342] [DEBUG] [AST] Visiting MemberAccessNode: member='prev'[0m
[0;36m[2025-10-18 17:58:33.342] [DEBUG] [AST] Visiting MemberAccessNode: member='next'[0m
[0;36m[2025-10-18 17:58:33.342] [DEBUG] [AST] Member 'next' - using resolved type: HeapBlock*[0m
[0;36m[2025-10-18 17:58:33.342] [DEBUG] [AST] Object type name: 'HeapBlock*', kind: 7, checking if pointer[0m
[0;36m[2025-10-18 17:58:33.342] [DEBUG] [AST] HEAPBLOCK DEBUG: type='HeapBlock*', kind=7 (7=Pointer, 10=Struct, 4=Class)[0m
[0;36m[2025-10-18 17:58:33.342] [DEBUG] [AST] Dereferencing pointer type to access member 'next' on type 'HeapBlock'[0m
[0;36m[2025-10-18 17:58:33.342] [DEBUG] [AST] Looking up field 'next' in struct 'HeapBlock'[0m
[0;36m[2025-10-18 17:58:33.342] [DEBUG] [AST] Found struct 'HeapBlock' in _struct_fields with 4 fields[0m
[0;36m[2025-10-18 17:58:33.342] [DEBUG] [AST] Member 'prev' - using resolved type: HeapBlock*[0m
[0;36m[2025-10-18 17:58:33.342] [DEBUG] [AST] Object type name: 'HeapBlock*', kind: 7, checking if pointer[0m
[0;36m[2025-10-18 17:58:33.342] [DEBUG] [AST] HEAPBLOCK DEBUG: type='HeapBlock*', kind=7 (7=Pointer, 10=Struct, 4=Class)[0m
[0;36m[2025-10-18 17:58:33.342] [DEBUG] [AST] Dereferencing pointer type to access member 'prev' on type 'HeapBlock'[0m
[0;36m[2025-10-18 17:58:33.342] [DEBUG] [AST] Looking up field 'prev' in struct 'HeapBlock'[0m
[0;36m[2025-10-18 17:58:33.342] [DEBUG] [AST] Found struct 'HeapBlock' in _struct_fields with 4 fields[0m
[0;36m[2025-10-18 17:58:33.342] [DEBUG] [AST] Visiting MemberAccessNode: member='prev'[0m
[0;36m[2025-10-18 17:58:33.342] [DEBUG] [AST] Member 'prev' - using resolved type: HeapBlock*[0m
[0;36m[2025-10-18 17:58:33.342] [DEBUG] [AST] Object type name: 'HeapBlock*', kind: 7, checking if pointer[0m
[0;36m[2025-10-18 17:58:33.342] [DEBUG] [AST] HEAPBLOCK DEBUG: type='HeapBlock*', kind=7 (7=Pointer, 10=Struct, 4=Class)[0m
[0;36m[2025-10-18 17:58:33.342] [DEBUG] [AST] Dereferencing pointer type to access member 'prev' on type 'HeapBlock'[0m
[0;36m[2025-10-18 17:58:33.342] [DEBUG] [AST] Looking up field 'prev' in struct 'HeapBlock'[0m
[0;36m[2025-10-18 17:58:33.342] [DEBUG] [AST] Found struct 'HeapBlock' in _struct_fields with 4 fields[0m
[0;36m[2025-10-18 17:58:33.342] [DEBUG] [AST] Assignment compatibility check: HeapBlock* = HeapBlock* (TypeKinds: 7 vs 7)[0m
[0;36m[2025-10-18 17:58:33.342] [DEBUG] [AST] Checking pointer assignment: HeapBlock* = HeapBlock* (bases: 'HeapBlock' vs 'HeapBlock')[0m
[0;36m[2025-10-18 17:58:33.342] [DEBUG] [AST] Allowing assignment between same pointer types: HeapBlock* = HeapBlock*[0m
[0;36m[2025-10-18 17:58:33.342] [DEBUG] [AST] Visiting MemberAccessNode: member='next'[0m
[0;36m[2025-10-18 17:58:33.342] [DEBUG] [AST] Member 'next' - using resolved type: HeapBlock*[0m
[0;36m[2025-10-18 17:58:33.342] [DEBUG] [AST] Object type name: 'HeapBlock*', kind: 7, checking if pointer[0m
[0;36m[2025-10-18 17:58:33.342] [DEBUG] [AST] HEAPBLOCK DEBUG: type='HeapBlock*', kind=7 (7=Pointer, 10=Struct, 4=Class)[0m
[0;36m[2025-10-18 17:58:33.342] [DEBUG] [AST] Dereferencing pointer type to access member 'next' on type 'HeapBlock'[0m
[0;36m[2025-10-18 17:58:33.342] [DEBUG] [AST] Looking up field 'next' in struct 'HeapBlock'[0m
[0;36m[2025-10-18 17:58:33.342] [DEBUG] [AST] Found struct 'HeapBlock' in _struct_fields with 4 fields[0m
[0;36m[2025-10-18 17:58:33.342] [DEBUG] [AST] Assignment compatibility check: HeapBlock* = null (TypeKinds: 7 vs 30)[0m
[0;36m[2025-10-18 17:58:33.342] [DEBUG] [AST] Allowing null assignment to nullable type HeapBlock*[0m
[0;36m[2025-10-18 17:58:33.342] [DEBUG] [AST] Visiting MemberAccessNode: member='prev'[0m
[0;36m[2025-10-18 17:58:33.342] [DEBUG] [AST] Member 'prev' - using resolved type: HeapBlock*[0m
[0;36m[2025-10-18 17:58:33.342] [DEBUG] [AST] Object type name: 'HeapBlock*', kind: 7, checking if pointer[0m
[0;36m[2025-10-18 17:58:33.342] [DEBUG] [AST] HEAPBLOCK DEBUG: type='HeapBlock*', kind=7 (7=Pointer, 10=Struct, 4=Class)[0m
[0;36m[2025-10-18 17:58:33.342] [DEBUG] [AST] Dereferencing pointer type to access member 'prev' on type 'HeapBlock'[0m
[0;36m[2025-10-18 17:58:33.342] [DEBUG] [AST] Looking up field 'prev' in struct 'HeapBlock'[0m
[0;36m[2025-10-18 17:58:33.343] [DEBUG] [AST] Found struct 'HeapBlock' in _struct_fields with 4 fields[0m
[0;36m[2025-10-18 17:58:33.343] [DEBUG] [AST] Assignment compatibility check: HeapBlock* = null (TypeKinds: 7 vs 30)[0m
[0;36m[2025-10-18 17:58:33.343] [DEBUG] [AST] Allowing null assignment to nullable type HeapBlock*[0m
[0;33m[2025-10-18 17:58:33.343] [WARN] [AST] FunctionType: Avoiding virtual function calls on parameter type at index 0 due to potential Type corruption, using 'void'[0m
[0;33m[2025-10-18 17:58:33.343] [WARN] [AST] FunctionType: Avoiding virtual function calls due to potential Type corruption, using 'void'[0m
[0;36m[2025-10-18 17:58:33.343] [DEBUG] [AST] resolve_type_with_generic_context: 'HeapBlock*'[0m
[0;36m[2025-10-18 17:58:33.343] [DEBUG] [AST] Attempting direct type lookup for 'HeapBlock*'[0m
[0;36m[2025-10-18 17:58:33.343] [DEBUG] [AST] Trying TypeContext token-based parsing first...[0m
[0;36m[2025-10-18 17:58:33.343] [DEBUG] [AST] Token parsing result for 'HeapBlock*': HeapBlock* (kind=7)[0m
[0;36m[2025-10-18 17:58:33.343] [DEBUG] [AST] Successfully parsed 'HeapBlock*' via TypeContext (token-based parsing)[0m
[0;36m[2025-10-18 17:58:33.343] [DEBUG] [AST] resolve_type_with_generic_context: 'u64'[0m
[0;36m[2025-10-18 17:58:33.343] [DEBUG] [AST] Attempting direct type lookup for 'u64'[0m
[0;36m[2025-10-18 17:58:33.343] [DEBUG] [AST] Trying TypeContext token-based parsing first...[0m
[0;36m[2025-10-18 17:58:33.343] [DEBUG] [AST] TypeContext::get_integer_type() called with kind=u64 is_signed=0[0m
[0;36m[2025-10-18 17:58:33.343] [DEBUG] [AST] Token parsing result for 'u64': u64 (kind=2)[0m
[0;36m[2025-10-18 17:58:33.343] [DEBUG] [AST] Successfully parsed 'u64' via TypeContext (token-based parsing)[0m
[0;33m[2025-10-18 17:58:33.343] [WARN] [AST] FunctionType: Avoiding virtual function calls on parameter type at index 0 due to potential Type corruption, using 'void'[0m
[0;33m[2025-10-18 17:58:33.343] [WARN] [AST] FunctionType: Avoiding virtual function calls due to potential Type corruption, using 'void'[0m
[0;36m[2025-10-18 17:58:33.343] [DEBUG] [AST] Created function type for 'find_free_block' - is_variadic: 0[0m
[0;36m[2025-10-18 17:58:33.343] [DEBUG] [AST] Not found in main symbols, checking namespaces...[0m
[0;36m[2025-10-18 17:58:33.343] [DEBUG] [AST] VariableDeclarationNode 'size' has type annotation: 'u64' (current_struct: 'FreeListManager')[0m
[0;36m[2025-10-18 17:58:33.343] [DEBUG] [AST] resolve_type_with_generic_context: 'u64'[0m
[0;36m[2025-10-18 17:58:33.343] [DEBUG] [AST] Attempting direct type lookup for 'u64'[0m
[0;36m[2025-10-18 17:58:33.343] [DEBUG] [AST] Trying TypeContext token-based parsing first...[0m
[0;36m[2025-10-18 17:58:33.343] [DEBUG] [AST] TypeContext::get_integer_type() called with kind=u64 is_signed=0[0m
[0;36m[2025-10-18 17:58:33.343] [DEBUG] [AST] Token parsing result for 'u64': u64 (kind=2)[0m
[0;36m[2025-10-18 17:58:33.343] [DEBUG] [AST] Successfully parsed 'u64' via TypeContext (token-based parsing)[0m
[0;36m[2025-10-18 17:58:33.343] [DEBUG] [AST] SKIPPED field registration for 'size': function parameter in struct 'FreeListManager' (in_function=1)[0m
[0;36m[2025-10-18 17:58:33.343] [DEBUG] [AST] Resolved namespace symbol: Intrinsics::__printf__ with generic type: unknown (context: std::Runtime)[0m
[0;36m[2025-10-18 17:58:33.343] [DEBUG] [AST] Resolved namespace symbol: Intrinsics::__printf__ with generic type: unknown (context: std::Runtime)[0m
[0;36m[2025-10-18 17:58:33.343] [DEBUG] [AST] Visiting MemberAccessNode: member='head'[0m
[0;36m[2025-10-18 17:58:33.343] [DEBUG] [AST] Set 'this' type to: FreeListManager*[0m
[0;36m[2025-10-18 17:58:33.343] [DEBUG] [AST] Member 'head' - using resolved type: FreeListManager*[0m
[0;36m[2025-10-18 17:58:33.343] [DEBUG] [AST] Object type name: 'FreeListManager*', kind: 7, checking if pointer[0m
[0;36m[2025-10-18 17:58:33.343] [DEBUG] [AST] Dereferencing pointer type to access member 'head' on type 'FreeListManager'[0m
[0;36m[2025-10-18 17:58:33.343] [DEBUG] [AST] Looking up field 'head' in struct 'FreeListManager'[0m
[0;36m[2025-10-18 17:58:33.343] [DEBUG] [AST] Found struct 'FreeListManager' in _struct_fields with 1 fields[0m
[0;36m[2025-10-18 17:58:33.343] [DEBUG] [AST] VariableDeclarationNode 'current' has type annotation: 'HeapBlock*' (current_struct: 'FreeListManager')[0m
[0;36m[2025-10-18 17:58:33.343] [DEBUG] [AST] resolve_type_with_generic_context: 'HeapBlock*'[0m
[0;36m[2025-10-18 17:58:33.343] [DEBUG] [AST] Attempting direct type lookup for 'HeapBlock*'[0m
[0;36m[2025-10-18 17:58:33.343] [DEBUG] [AST] Trying TypeContext token-based parsing first...[0m
[0;36m[2025-10-18 17:58:33.343] [DEBUG] [AST] Token parsing result for 'HeapBlock*': HeapBlock* (kind=7)[0m
[0;36m[2025-10-18 17:58:33.343] [DEBUG] [AST] Successfully parsed 'HeapBlock*' via TypeContext (token-based parsing)[0m
[0;36m[2025-10-18 17:58:33.343] [DEBUG] [AST] CORRECT TYPE: Variable 'current' with annotation 'HeapBlock*' resolved to type 'HeapBlock*' (kind=7)[0m
[0;36m[2025-10-18 17:58:33.343] [DEBUG] [AST] Visiting MemberAccessNode: member='head'[0m
[0;36m[2025-10-18 17:58:33.343] [DEBUG] [AST] Set 'this' type to: FreeListManager*[0m
[0;36m[2025-10-18 17:58:33.343] [DEBUG] [AST] Member 'head' - using resolved type: FreeListManager*[0m
[0;36m[2025-10-18 17:58:33.343] [DEBUG] [AST] Object type name: 'FreeListManager*', kind: 7, checking if pointer[0m
[0;36m[2025-10-18 17:58:33.343] [DEBUG] [AST] Dereferencing pointer type to access member 'head' on type 'FreeListManager'[0m
[0;36m[2025-10-18 17:58:33.343] [DEBUG] [AST] Looking up field 'head' in struct 'FreeListManager'[0m
[0;36m[2025-10-18 17:58:33.343] [DEBUG] [AST] Found struct 'FreeListManager' in _struct_fields with 1 fields[0m
[0;36m[2025-10-18 17:58:33.343] [DEBUG] [AST] Assignment compatibility check: HeapBlock* = HeapBlock* (TypeKinds: 7 vs 7)[0m
[0;36m[2025-10-18 17:58:33.343] [DEBUG] [AST] Checking pointer assignment: HeapBlock* = HeapBlock* (bases: 'HeapBlock' vs 'HeapBlock')[0m
[0;36m[2025-10-18 17:58:33.343] [DEBUG] [AST] Allowing assignment between same pointer types: HeapBlock* = HeapBlock*[0m
[0;36m[2025-10-18 17:58:33.343] [DEBUG] [AST] SKIPPED field registration for 'current': function parameter in struct 'FreeListManager' (in_function=1)[0m
[0;36m[2025-10-18 17:58:33.343] [DEBUG] [AST] Resolved namespace symbol: Intrinsics::__printf__ with generic type: unknown (context: std::Runtime)[0m
[0;36m[2025-10-18 17:58:33.343] [DEBUG] [AST] Visiting MemberAccessNode: member='get_user_data_ptr'[0m
[0;36m[2025-10-18 17:58:33.343] [DEBUG] [AST] Member 'get_user_data_ptr' - using resolved type: HeapBlock*[0m
[0;36m[2025-10-18 17:58:33.343] [DEBUG] [AST] Object type name: 'HeapBlock*', kind: 7, checking if pointer[0m
[0;36m[2025-10-18 17:58:33.343] [DEBUG] [AST] HEAPBLOCK DEBUG: type='HeapBlock*', kind=7 (7=Pointer, 10=Struct, 4=Class)[0m
[0;36m[2025-10-18 17:58:33.343] [DEBUG] [AST] Dereferencing pointer type to access member 'get_user_data_ptr' on type 'HeapBlock'[0m
[0;36m[2025-10-18 17:58:33.343] [DEBUG] [AST] Looking up field 'get_user_data_ptr' in struct 'HeapBlock'[0m
[0;36m[2025-10-18 17:58:33.343] [DEBUG] [AST] Found struct 'HeapBlock' in _struct_fields with 4 fields[0m
[0;36m[2025-10-18 17:58:33.343] [DEBUG] [AST] Field 'get_user_data_ptr' NOT found in struct 'HeapBlock'[0m
[0;36m[2025-10-18 17:58:33.343] [DEBUG] [AST] Visiting MemberAccessNode: member='size'[0m
[0;36m[2025-10-18 17:58:33.343] [DEBUG] [AST] Member 'size' - using resolved type: HeapBlock*[0m
[0;36m[2025-10-18 17:58:33.343] [DEBUG] [AST] Object type name: 'HeapBlock*', kind: 7, checking if pointer[0m
[0;36m[2025-10-18 17:58:33.343] [DEBUG] [AST] HEAPBLOCK DEBUG: type='HeapBlock*', kind=7 (7=Pointer, 10=Struct, 4=Class)[0m
[0;36m[2025-10-18 17:58:33.343] [DEBUG] [AST] Dereferencing pointer type to access member 'size' on type 'HeapBlock'[0m
[0;36m[2025-10-18 17:58:33.343] [DEBUG] [AST] Looking up field 'size' in struct 'HeapBlock'[0m
[0;36m[2025-10-18 17:58:33.343] [DEBUG] [AST] Found struct 'HeapBlock' in _struct_fields with 4 fields[0m
[0;36m[2025-10-18 17:58:33.343] [DEBUG] [AST] Visiting MemberAccessNode: member='size'[0m
[0;36m[2025-10-18 17:58:33.343] [DEBUG] [AST] Member 'size' - using resolved type: HeapBlock*[0m
[0;36m[2025-10-18 17:58:33.343] [DEBUG] [AST] Object type name: 'HeapBlock*', kind: 7, checking if pointer[0m
[0;36m[2025-10-18 17:58:33.343] [DEBUG] [AST] HEAPBLOCK DEBUG: type='HeapBlock*', kind=7 (7=Pointer, 10=Struct, 4=Class)[0m
[0;36m[2025-10-18 17:58:33.344] [DEBUG] [AST] Dereferencing pointer type to access member 'size' on type 'HeapBlock'[0m
[0;36m[2025-10-18 17:58:33.344] [DEBUG] [AST] Looking up field 'size' in struct 'HeapBlock'[0m
[0;36m[2025-10-18 17:58:33.344] [DEBUG] [AST] Found struct 'HeapBlock' in _struct_fields with 4 fields[0m
[0;36m[2025-10-18 17:58:33.344] [DEBUG] [AST] Resolved namespace symbol: Intrinsics::__printf__ with generic type: unknown (context: std::Runtime)[0m
[0;36m[2025-10-18 17:58:33.344] [DEBUG] [AST] Visiting MemberAccessNode: member='get_user_data_ptr'[0m
[0;36m[2025-10-18 17:58:33.344] [DEBUG] [AST] Member 'get_user_data_ptr' - using resolved type: HeapBlock*[0m
[0;36m[2025-10-18 17:58:33.344] [DEBUG] [AST] Object type name: 'HeapBlock*', kind: 7, checking if pointer[0m
[0;36m[2025-10-18 17:58:33.344] [DEBUG] [AST] HEAPBLOCK DEBUG: type='HeapBlock*', kind=7 (7=Pointer, 10=Struct, 4=Class)[0m
[0;36m[2025-10-18 17:58:33.344] [DEBUG] [AST] Dereferencing pointer type to access member 'get_user_data_ptr' on type 'HeapBlock'[0m
[0;36m[2025-10-18 17:58:33.344] [DEBUG] [AST] Looking up field 'get_user_data_ptr' in struct 'HeapBlock'[0m
[0;36m[2025-10-18 17:58:33.344] [DEBUG] [AST] Found struct 'HeapBlock' in _struct_fields with 4 fields[0m
[0;36m[2025-10-18 17:58:33.344] [DEBUG] [AST] Field 'get_user_data_ptr' NOT found in struct 'HeapBlock'[0m
[0;36m[2025-10-18 17:58:33.344] [DEBUG] [AST] Visiting MemberAccessNode: member='size'[0m
[0;36m[2025-10-18 17:58:33.344] [DEBUG] [AST] Member 'size' - using resolved type: HeapBlock*[0m
[0;36m[2025-10-18 17:58:33.344] [DEBUG] [AST] Object type name: 'HeapBlock*', kind: 7, checking if pointer[0m
[0;36m[2025-10-18 17:58:33.344] [DEBUG] [AST] HEAPBLOCK DEBUG: type='HeapBlock*', kind=7 (7=Pointer, 10=Struct, 4=Class)[0m
[0;36m[2025-10-18 17:58:33.344] [DEBUG] [AST] Dereferencing pointer type to access member 'size' on type 'HeapBlock'[0m
[0;36m[2025-10-18 17:58:33.344] [DEBUG] [AST] Looking up field 'size' in struct 'HeapBlock'[0m
[0;36m[2025-10-18 17:58:33.344] [DEBUG] [AST] Found struct 'HeapBlock' in _struct_fields with 4 fields[0m
[0;36m[2025-10-18 17:58:33.344] [DEBUG] [AST] Assignment compatibility check: HeapBlock* = HeapBlock* (TypeKinds: 7 vs 7)[0m
[0;36m[2025-10-18 17:58:33.344] [DEBUG] [AST] Checking pointer assignment: HeapBlock* = HeapBlock* (bases: 'HeapBlock' vs 'HeapBlock')[0m
[0;36m[2025-10-18 17:58:33.344] [DEBUG] [AST] Allowing assignment between same pointer types: HeapBlock* = HeapBlock*[0m
[0;36m[2025-10-18 17:58:33.344] [DEBUG] [AST] Visiting MemberAccessNode: member='next'[0m
[0;36m[2025-10-18 17:58:33.344] [DEBUG] [AST] Member 'next' - using resolved type: HeapBlock*[0m
[0;36m[2025-10-18 17:58:33.344] [DEBUG] [AST] Object type name: 'HeapBlock*', kind: 7, checking if pointer[0m
[0;36m[2025-10-18 17:58:33.344] [DEBUG] [AST] HEAPBLOCK DEBUG: type='HeapBlock*', kind=7 (7=Pointer, 10=Struct, 4=Class)[0m
[0;36m[2025-10-18 17:58:33.344] [DEBUG] [AST] Dereferencing pointer type to access member 'next' on type 'HeapBlock'[0m
[0;36m[2025-10-18 17:58:33.344] [DEBUG] [AST] Looking up field 'next' in struct 'HeapBlock'[0m
[0;36m[2025-10-18 17:58:33.344] [DEBUG] [AST] Found struct 'HeapBlock' in _struct_fields with 4 fields[0m
[0;36m[2025-10-18 17:58:33.344] [DEBUG] [AST] Assignment compatibility check: HeapBlock* = HeapBlock* (TypeKinds: 7 vs 7)[0m
[0;36m[2025-10-18 17:58:33.344] [DEBUG] [AST] Checking pointer assignment: HeapBlock* = HeapBlock* (bases: 'HeapBlock' vs 'HeapBlock')[0m
[0;36m[2025-10-18 17:58:33.344] [DEBUG] [AST] Allowing assignment between same pointer types: HeapBlock* = HeapBlock*[0m
[0;36m[2025-10-18 17:58:33.344] [DEBUG] [AST] Resolved namespace symbol: Intrinsics::__printf__ with generic type: unknown (context: std::Runtime)[0m
[0;36m[2025-10-18 17:58:33.344] [DEBUG] [AST] Assignment compatibility check: HeapBlock* = null (TypeKinds: 7 vs 30)[0m
[0;36m[2025-10-18 17:58:33.344] [DEBUG] [AST] Allowing null assignment to nullable type HeapBlock*[0m
[0;33m[2025-10-18 17:58:33.344] [WARN] [AST] FunctionType: Avoiding virtual function calls on parameter type at index 0 due to potential Type corruption, using 'void'[0m
[0;33m[2025-10-18 17:58:33.344] [WARN] [AST] FunctionType: Avoiding virtual function calls due to potential Type corruption, using 'void'[0m
[0;36m[2025-10-18 17:58:33.344] [DEBUG] [AST] TypeContext::get_class_type() called with name='HeapManager'[0m
[0;36m[2025-10-18 17:58:33.344] [DEBUG] [AST] Processing struct field 'heap_base' with resolved type: void*, is_in_generic_context: 0, generic_context_stack_size: 0[0m
[0;36m[2025-10-18 17:58:33.344] [DEBUG] [AST] StructField registration check for 'heap_base': current_struct='HeapManager', field_type=void*, kind=7[0m
[0;36m[2025-10-18 17:58:33.344] [DEBUG] [AST] Registered struct field 'heap_base' of type 'void*' in struct/class 'HeapManager'[0m
[0;36m[2025-10-18 17:58:33.344] [DEBUG] [AST] Processing struct field 'heap_size' with resolved type: u64, is_in_generic_context: 0, generic_context_stack_size: 0[0m
[0;36m[2025-10-18 17:58:33.344] [DEBUG] [AST] StructField registration check for 'heap_size': current_struct='HeapManager', field_type=u64, kind=2[0m
[0;36m[2025-10-18 17:58:33.344] [DEBUG] [AST] Registered struct field 'heap_size' of type 'u64' in struct/class 'HeapManager'[0m
[0;36m[2025-10-18 17:58:33.344] [DEBUG] [AST] Processing struct field 'free_list' with resolved type: FreeListManager, is_in_generic_context: 0, generic_context_stack_size: 0[0m
[0;36m[2025-10-18 17:58:33.344] [DEBUG] [AST] StructField registration check for 'free_list': current_struct='HeapManager', field_type=FreeListManager, kind=10[0m
[0;36m[2025-10-18 17:58:33.344] [DEBUG] [AST] Registered struct field 'free_list' of type 'FreeListManager' in struct/class 'HeapManager'[0m
[0;36m[2025-10-18 17:58:33.344] [DEBUG] [AST] Processing struct field 'is_initialized' with resolved type: boolean, is_in_generic_context: 0, generic_context_stack_size: 0[0m
[0;36m[2025-10-18 17:58:33.344] [DEBUG] [AST] StructField registration check for 'is_initialized': current_struct='HeapManager', field_type=boolean, kind=1[0m
[0;36m[2025-10-18 17:58:33.344] [DEBUG] [AST] Registered struct field 'is_initialized' of type 'boolean' in struct/class 'HeapManager'[0m
[0;33m[2025-10-18 17:58:33.344] [WARN] [AST] FunctionType: Avoiding virtual function calls due to potential Type corruption, using 'void'[0m
[0;36m[2025-10-18 17:58:33.344] [DEBUG] [AST] Resolved namespace symbol: Intrinsics::__printf__ with generic type: unknown (context: std::Runtime)[0m
[0;36m[2025-10-18 17:58:33.344] [DEBUG] [AST] Visiting MemberAccessNode: member='heap_base'[0m
[0;36m[2025-10-18 17:58:33.344] [DEBUG] [AST] TypeContext::create_pointer_type() - created new pointer type: HeapManager*[0m
[0;36m[2025-10-18 17:58:33.344] [DEBUG] [AST] Set 'this' type to: HeapManager*[0m
[0;36m[2025-10-18 17:58:33.344] [DEBUG] [AST] Member 'heap_base' - using resolved type: HeapManager*[0m
[0;36m[2025-10-18 17:58:33.344] [DEBUG] [AST] Object type name: 'HeapManager*', kind: 7, checking if pointer[0m
[0;36m[2025-10-18 17:58:33.344] [DEBUG] [AST] Dereferencing pointer type to access member 'heap_base' on type 'HeapManager'[0m
[0;36m[2025-10-18 17:58:33.344] [DEBUG] [AST] Looking up field 'heap_base' in struct 'HeapManager'[0m
[0;36m[2025-10-18 17:58:33.344] [DEBUG] [AST] Found struct 'HeapManager' in _struct_fields with 4 fields[0m
[0;36m[2025-10-18 17:58:33.344] [DEBUG] [AST] Assignment compatibility check: void* = null (TypeKinds: 7 vs 30)[0m
[0;36m[2025-10-18 17:58:33.344] [DEBUG] [AST] Allowing null assignment to nullable type void*[0m
[0;36m[2025-10-18 17:58:33.344] [DEBUG] [AST] Visiting MemberAccessNode: member='heap_size'[0m
[0;36m[2025-10-18 17:58:33.344] [DEBUG] [AST] Set 'this' type to: HeapManager*[0m
[0;36m[2025-10-18 17:58:33.344] [DEBUG] [AST] Member 'heap_size' - using resolved type: HeapManager*[0m
[0;36m[2025-10-18 17:58:33.344] [DEBUG] [AST] Object type name: 'HeapManager*', kind: 7, checking if pointer[0m
[0;36m[2025-10-18 17:58:33.344] [DEBUG] [AST] Dereferencing pointer type to access member 'heap_size' on type 'HeapManager'[0m
[0;36m[2025-10-18 17:58:33.344] [DEBUG] [AST] Looking up field 'heap_size' in struct 'HeapManager'[0m
[0;36m[2025-10-18 17:58:33.344] [DEBUG] [AST] Found struct 'HeapManager' in _struct_fields with 4 fields[0m
[0;36m[2025-10-18 17:58:33.344] [DEBUG] [AST] TypeContext::get_integer_type() called with kind=int is_signed=1[0m
[0;36m[2025-10-18 17:58:33.344] [DEBUG] [AST] TypeContext::get_integer_type() called with kind=u64 is_signed=0[0m
[0;36m[2025-10-18 17:58:33.344] [DEBUG] [AST] Assignment compatibility check: u64 = u64 (TypeKinds: 2 vs 2)[0m
[0;36m[2025-10-18 17:58:33.344] [DEBUG] [AST] Visiting MemberAccessNode: member='free_list'[0m
[0;36m[2025-10-18 17:58:33.344] [DEBUG] [AST] Set 'this' type to: HeapManager*[0m
[0;36m[2025-10-18 17:58:33.344] [DEBUG] [AST] Member 'free_list' - using resolved type: HeapManager*[0m
[0;36m[2025-10-18 17:58:33.344] [DEBUG] [AST] Object type name: 'HeapManager*', kind: 7, checking if pointer[0m
[0;36m[2025-10-18 17:58:33.344] [DEBUG] [AST] Dereferencing pointer type to access member 'free_list' on type 'HeapManager'[0m
[0;36m[2025-10-18 17:58:33.344] [DEBUG] [AST] Looking up field 'free_list' in struct 'HeapManager'[0m
[0;36m[2025-10-18 17:58:33.345] [DEBUG] [AST] Found struct 'HeapManager' in _struct_fields with 4 fields[0m
[0;36m[2025-10-18 17:58:33.345] [DEBUG] [AST] Visiting MemberAccessNode: member='is_initialized'[0m
[0;36m[2025-10-18 17:58:33.345] [DEBUG] [AST] Set 'this' type to: HeapManager*[0m
[0;36m[2025-10-18 17:58:33.345] [DEBUG] [AST] Member 'is_initialized' - using resolved type: HeapManager*[0m
[0;36m[2025-10-18 17:58:33.345] [DEBUG] [AST] Object type name: 'HeapManager*', kind: 7, checking if pointer[0m
[0;36m[2025-10-18 17:58:33.345] [DEBUG] [AST] Dereferencing pointer type to access member 'is_initialized' on type 'HeapManager'[0m
[0;36m[2025-10-18 17:58:33.345] [DEBUG] [AST] Looking up field 'is_initialized' in struct 'HeapManager'[0m
[0;36m[2025-10-18 17:58:33.345] [DEBUG] [AST] Found struct 'HeapManager' in _struct_fields with 4 fields[0m
[0;36m[2025-10-18 17:58:33.345] [DEBUG] [AST] Assignment compatibility check: boolean = boolean (TypeKinds: 1 vs 1)[0m
[0;33m[2025-10-18 17:58:33.345] [WARN] [AST] FunctionType: Avoiding virtual function calls due to potential Type corruption, using 'void'[0m
[0;36m[2025-10-18 17:58:33.345] [DEBUG] [AST] resolve_type_with_generic_context: 'RuntimeError'[0m
[0;36m[2025-10-18 17:58:33.345] [DEBUG] [AST] Attempting direct type lookup for 'RuntimeError'[0m
[0;36m[2025-10-18 17:58:33.345] [DEBUG] [AST] Trying TypeContext token-based parsing first...[0m
[0;36m[2025-10-18 17:58:33.345] [DEBUG] [AST] TypeContext::lookup_enum_type called with name=RuntimeError[0m
[0;36m[2025-10-18 17:58:33.345] [DEBUG] [AST] Found existing enum type for RuntimeError is_simple=1[0m
[0;36m[2025-10-18 17:58:33.345] [DEBUG] [AST] Attempted to create struct type for 'RuntimeError' but enum type already exists - returning enum type instead[0m
[0;36m[2025-10-18 17:58:33.345] [DEBUG] [AST] Token parsing result for 'RuntimeError': RuntimeError (kind=14)[0m
[0;36m[2025-10-18 17:58:33.345] [DEBUG] [AST] Successfully parsed 'RuntimeError' via TypeContext (token-based parsing)[0m
[0;36m[2025-10-18 17:58:33.345] [DEBUG] [AST] resolve_type_with_generic_context: 'u64'[0m
[0;36m[2025-10-18 17:58:33.345] [DEBUG] [AST] Attempting direct type lookup for 'u64'[0m
[0;36m[2025-10-18 17:58:33.345] [DEBUG] [AST] Trying TypeContext token-based parsing first...[0m
[0;36m[2025-10-18 17:58:33.345] [DEBUG] [AST] TypeContext::get_integer_type() called with kind=u64 is_signed=0[0m
[0;36m[2025-10-18 17:58:33.345] [DEBUG] [AST] Token parsing result for 'u64': u64 (kind=2)[0m
[0;36m[2025-10-18 17:58:33.345] [DEBUG] [AST] Successfully parsed 'u64' via TypeContext (token-based parsing)[0m
[0;33m[2025-10-18 17:58:33.345] [WARN] [AST] FunctionType: Avoiding virtual function calls on parameter type at index 0 due to potential Type corruption, using 'void'[0m
[0;33m[2025-10-18 17:58:33.345] [WARN] [AST] FunctionType: Avoiding virtual function calls due to potential Type corruption, using 'void'[0m
[0;36m[2025-10-18 17:58:33.345] [DEBUG] [AST] Created function type for 'initialize' - is_variadic: 0[0m
[0;36m[2025-10-18 17:58:33.345] [DEBUG] [AST] Not found in main symbols, checking namespaces...[0m
[0;36m[2025-10-18 17:58:33.345] [DEBUG] [AST] VariableDeclarationNode 'heap_size' has type annotation: 'u64' (current_struct: 'HeapManager')[0m
[0;36m[2025-10-18 17:58:33.345] [DEBUG] [AST] resolve_type_with_generic_context: 'u64'[0m
[0;36m[2025-10-18 17:58:33.345] [DEBUG] [AST] Attempting direct type lookup for 'u64'[0m
[0;36m[2025-10-18 17:58:33.345] [DEBUG] [AST] Trying TypeContext token-based parsing first...[0m
[0;36m[2025-10-18 17:58:33.345] [DEBUG] [AST] TypeContext::get_integer_type() called with kind=u64 is_signed=0[0m
[0;36m[2025-10-18 17:58:33.345] [DEBUG] [AST] Token parsing result for 'u64': u64 (kind=2)[0m
[0;36m[2025-10-18 17:58:33.345] [DEBUG] [AST] Successfully parsed 'u64' via TypeContext (token-based parsing)[0m
[0;36m[2025-10-18 17:58:33.345] [DEBUG] [AST] SKIPPED field registration for 'heap_size': function parameter in struct 'HeapManager' (in_function=1)[0m
[0;36m[2025-10-18 17:58:33.345] [DEBUG] [AST] Resolved namespace symbol: Intrinsics::__printf__ with generic type: unknown (context: std::Runtime)[0m
[0;36m[2025-10-18 17:58:33.345] [DEBUG] [AST] Visiting MemberAccessNode: member='heap_base'[0m
[0;36m[2025-10-18 17:58:33.345] [DEBUG] [AST] Set 'this' type to: HeapManager*[0m
[0;36m[2025-10-18 17:58:33.345] [DEBUG] [AST] Member 'heap_base' - using resolved type: HeapManager*[0m
[0;36m[2025-10-18 17:58:33.345] [DEBUG] [AST] Object type name: 'HeapManager*', kind: 7, checking if pointer[0m
[0;36m[2025-10-18 17:58:33.345] [DEBUG] [AST] Dereferencing pointer type to access member 'heap_base' on type 'HeapManager'[0m
[0;36m[2025-10-18 17:58:33.345] [DEBUG] [AST] Looking up field 'heap_base' in struct 'HeapManager'[0m
[0;36m[2025-10-18 17:58:33.345] [DEBUG] [AST] Found struct 'HeapManager' in _struct_fields with 4 fields[0m
[0;36m[2025-10-18 17:58:33.345] [DEBUG] [AST] Resolved namespace symbol: Intrinsics::__mmap__ with generic type: unknown (context: std::Runtime)[0m
[0;36m[2025-10-18 17:58:33.345] [DEBUG] [AST] Assignment compatibility check: void* = unknown (TypeKinds: 7 vs 28)[0m
[0;36m[2025-10-18 17:58:33.345] [DEBUG] [AST] Visiting MemberAccessNode: member='heap_base'[0m
[0;36m[2025-10-18 17:58:33.345] [DEBUG] [AST] Set 'this' type to: HeapManager*[0m
[0;36m[2025-10-18 17:58:33.345] [DEBUG] [AST] Member 'heap_base' - using resolved type: HeapManager*[0m
[0;36m[2025-10-18 17:58:33.345] [DEBUG] [AST] Object type name: 'HeapManager*', kind: 7, checking if pointer[0m
[0;36m[2025-10-18 17:58:33.345] [DEBUG] [AST] Dereferencing pointer type to access member 'heap_base' on type 'HeapManager'[0m
[0;36m[2025-10-18 17:58:33.345] [DEBUG] [AST] Looking up field 'heap_base' in struct 'HeapManager'[0m
[0;36m[2025-10-18 17:58:33.345] [DEBUG] [AST] Found struct 'HeapManager' in _struct_fields with 4 fields[0m
[0;36m[2025-10-18 17:58:33.345] [DEBUG] [AST] Resolved namespace symbol: Intrinsics::__printf__ with generic type: unknown (context: std::Runtime)[0m
[0;36m[2025-10-18 17:58:33.345] [DEBUG] [AST] Looking up scope symbol 'RuntimeError'[0m
[0;36m[2025-10-18 17:58:33.345] [DEBUG] [AST] Visiting MemberAccessNode: member='heap_size'[0m
[0;36m[2025-10-18 17:58:33.345] [DEBUG] [AST] Set 'this' type to: HeapManager*[0m
[0;36m[2025-10-18 17:58:33.345] [DEBUG] [AST] Member 'heap_size' - using resolved type: HeapManager*[0m
[0;36m[2025-10-18 17:58:33.345] [DEBUG] [AST] Object type name: 'HeapManager*', kind: 7, checking if pointer[0m
[0;36m[2025-10-18 17:58:33.345] [DEBUG] [AST] Dereferencing pointer type to access member 'heap_size' on type 'HeapManager'[0m
[0;36m[2025-10-18 17:58:33.345] [DEBUG] [AST] Looking up field 'heap_size' in struct 'HeapManager'[0m
[0;36m[2025-10-18 17:58:33.345] [DEBUG] [AST] Found struct 'HeapManager' in _struct_fields with 4 fields[0m
[0;36m[2025-10-18 17:58:33.345] [DEBUG] [AST] Assignment compatibility check: u64 = u64 (TypeKinds: 2 vs 2)[0m
[0;36m[2025-10-18 17:58:33.345] [DEBUG] [AST] Visiting MemberAccessNode: member='is_initialized'[0m
[0;36m[2025-10-18 17:58:33.345] [DEBUG] [AST] Set 'this' type to: HeapManager*[0m
[0;36m[2025-10-18 17:58:33.345] [DEBUG] [AST] Member 'is_initialized' - using resolved type: HeapManager*[0m
[0;36m[2025-10-18 17:58:33.345] [DEBUG] [AST] Object type name: 'HeapManager*', kind: 7, checking if pointer[0m
[0;36m[2025-10-18 17:58:33.345] [DEBUG] [AST] Dereferencing pointer type to access member 'is_initialized' on type 'HeapManager'[0m
[0;36m[2025-10-18 17:58:33.345] [DEBUG] [AST] Looking up field 'is_initialized' in struct 'HeapManager'[0m
[0;36m[2025-10-18 17:58:33.345] [DEBUG] [AST] Found struct 'HeapManager' in _struct_fields with 4 fields[0m
[0;36m[2025-10-18 17:58:33.345] [DEBUG] [AST] Assignment compatibility check: boolean = boolean (TypeKinds: 1 vs 1)[0m
[0;36m[2025-10-18 17:58:33.345] [DEBUG] [AST] VariableDeclarationNode 'initial_block' has type annotation: 'HeapBlock*' (current_struct: 'HeapManager')[0m
[0;36m[2025-10-18 17:58:33.345] [DEBUG] [AST] resolve_type_with_generic_context: 'HeapBlock*'[0m
[0;36m[2025-10-18 17:58:33.345] [DEBUG] [AST] Attempting direct type lookup for 'HeapBlock*'[0m
[0;36m[2025-10-18 17:58:33.345] [DEBUG] [AST] Trying TypeContext token-based parsing first...[0m
[0;36m[2025-10-18 17:58:33.345] [DEBUG] [AST] Token parsing result for 'HeapBlock*': HeapBlock* (kind=7)[0m
[0;36m[2025-10-18 17:58:33.345] [DEBUG] [AST] Successfully parsed 'HeapBlock*' via TypeContext (token-based parsing)[0m
[0;36m[2025-10-18 17:58:33.345] [DEBUG] [AST] CORRECT TYPE: Variable 'initial_block' with annotation 'HeapBlock*' resolved to type 'HeapBlock*' (kind=7)[0m
[0;36m[2025-10-18 17:58:33.345] [DEBUG] [AST] Visiting MemberAccessNode: member='heap_base'[0m
[0;36m[2025-10-18 17:58:33.346] [DEBUG] [AST] Set 'this' type to: HeapManager*[0m
[0;36m[2025-10-18 17:58:33.346] [DEBUG] [AST] Member 'heap_base' - using resolved type: HeapManager*[0m
[0;36m[2025-10-18 17:58:33.346] [DEBUG] [AST] Object type name: 'HeapManager*', kind: 7, checking if pointer[0m
[0;36m[2025-10-18 17:58:33.346] [DEBUG] [AST] Dereferencing pointer type to access member 'heap_base' on type 'HeapManager'[0m
[0;36m[2025-10-18 17:58:33.346] [DEBUG] [AST] Looking up field 'heap_base' in struct 'HeapManager'[0m
[0;36m[2025-10-18 17:58:33.346] [DEBUG] [AST] Found struct 'HeapManager' in _struct_fields with 4 fields[0m
[0;36m[2025-10-18 17:58:33.346] [DEBUG] [AST] Assignment compatibility check: HeapBlock* = void* (TypeKinds: 7 vs 7)[0m
[0;36m[2025-10-18 17:58:33.346] [DEBUG] [AST] Checking pointer assignment: HeapBlock* = void* (bases: 'HeapBlock' vs 'void')[0m
[0;36m[2025-10-18 17:58:33.346] [DEBUG] [AST] Allowing implicit conversion from void* to HeapBlock* (string fallback)[0m
[0;36m[2025-10-18 17:58:33.346] [DEBUG] [AST] SKIPPED field registration for 'initial_block': function parameter in struct 'HeapManager' (in_function=1)[0m
[0;36m[2025-10-18 17:58:33.346] [DEBUG] [AST] Resolved namespace symbol: Intrinsics::__printf__ with generic type: unknown (context: std::Runtime)[0m
[0;36m[2025-10-18 17:58:33.346] [DEBUG] [AST] VariableDeclarationNode 'header_size' has type annotation: 'u64' (current_struct: 'HeapManager')[0m
[0;36m[2025-10-18 17:58:33.346] [DEBUG] [AST] resolve_type_with_generic_context: 'u64'[0m
[0;36m[2025-10-18 17:58:33.346] [DEBUG] [AST] Attempting direct type lookup for 'u64'[0m
[0;36m[2025-10-18 17:58:33.346] [DEBUG] [AST] Trying TypeContext token-based parsing first...[0m
[0;36m[2025-10-18 17:58:33.346] [DEBUG] [AST] TypeContext::get_integer_type() called with kind=u64 is_signed=0[0m
[0;36m[2025-10-18 17:58:33.346] [DEBUG] [AST] Token parsing result for 'u64': u64 (kind=2)[0m
[0;36m[2025-10-18 17:58:33.346] [DEBUG] [AST] Successfully parsed 'u64' via TypeContext (token-based parsing)[0m
[0;36m[2025-10-18 17:58:33.346] [DEBUG] [AST] SKIPPED field registration for 'header_size': function parameter in struct 'HeapManager' (in_function=1)[0m
[0;36m[2025-10-18 17:58:33.346] [DEBUG] [AST] Resolved namespace symbol: Intrinsics::__printf__ with generic type: unknown (context: std::Runtime)[0m
[0;36m[2025-10-18 17:58:33.346] [DEBUG] [AST] Visiting MemberAccessNode: member='size'[0m
[0;36m[2025-10-18 17:58:33.346] [DEBUG] [AST] Member 'size' - using resolved type: HeapBlock*[0m
[0;36m[2025-10-18 17:58:33.346] [DEBUG] [AST] Object type name: 'HeapBlock*', kind: 7, checking if pointer[0m
[0;36m[2025-10-18 17:58:33.346] [DEBUG] [AST] HEAPBLOCK DEBUG: type='HeapBlock*', kind=7 (7=Pointer, 10=Struct, 4=Class)[0m
[0;36m[2025-10-18 17:58:33.346] [DEBUG] [AST] Dereferencing pointer type to access member 'size' on type 'HeapBlock'[0m
[0;36m[2025-10-18 17:58:33.346] [DEBUG] [AST] Looking up field 'size' in struct 'HeapBlock'[0m
[0;36m[2025-10-18 17:58:33.346] [DEBUG] [AST] Found struct 'HeapBlock' in _struct_fields with 4 fields[0m
[0;36m[2025-10-18 17:58:33.346] [DEBUG] [AST] Assignment compatibility check: u64 = u64 (TypeKinds: 2 vs 2)[0m
[0;36m[2025-10-18 17:58:33.346] [DEBUG] [AST] Resolved namespace symbol: Intrinsics::__printf__ with generic type: unknown (context: std::Runtime)[0m
[0;36m[2025-10-18 17:58:33.346] [DEBUG] [AST] Visiting MemberAccessNode: member='size'[0m
[0;36m[2025-10-18 17:58:33.346] [DEBUG] [AST] Member 'size' - using resolved type: HeapBlock*[0m
[0;36m[2025-10-18 17:58:33.346] [DEBUG] [AST] Object type name: 'HeapBlock*', kind: 7, checking if pointer[0m
[0;36m[2025-10-18 17:58:33.346] [DEBUG] [AST] HEAPBLOCK DEBUG: type='HeapBlock*', kind=7 (7=Pointer, 10=Struct, 4=Class)[0m
[0;36m[2025-10-18 17:58:33.346] [DEBUG] [AST] Dereferencing pointer type to access member 'size' on type 'HeapBlock'[0m
[0;36m[2025-10-18 17:58:33.346] [DEBUG] [AST] Looking up field 'size' in struct 'HeapBlock'[0m
[0;36m[2025-10-18 17:58:33.346] [DEBUG] [AST] Found struct 'HeapBlock' in _struct_fields with 4 fields[0m
[0;36m[2025-10-18 17:58:33.346] [DEBUG] [AST] Resolved namespace symbol: Intrinsics::__printf__ with generic type: unknown (context: std::Runtime)[0m
[0;36m[2025-10-18 17:58:33.346] [DEBUG] [AST] Resolved namespace symbol: Intrinsics::__printf__ with generic type: unknown (context: std::Runtime)[0m
[0;36m[2025-10-18 17:58:33.346] [DEBUG] [AST] Resolved namespace symbol: Intrinsics::__printf__ with generic type: unknown (context: std::Runtime)[0m
[0;36m[2025-10-18 17:58:33.346] [DEBUG] [AST] Visiting MemberAccessNode: member='flags'[0m
[0;36m[2025-10-18 17:58:33.346] [DEBUG] [AST] Member 'flags' - using resolved type: HeapBlock*[0m
[0;36m[2025-10-18 17:58:33.346] [DEBUG] [AST] Object type name: 'HeapBlock*', kind: 7, checking if pointer[0m
[0;36m[2025-10-18 17:58:33.346] [DEBUG] [AST] HEAPBLOCK DEBUG: type='HeapBlock*', kind=7 (7=Pointer, 10=Struct, 4=Class)[0m
[0;36m[2025-10-18 17:58:33.346] [DEBUG] [AST] Dereferencing pointer type to access member 'flags' on type 'HeapBlock'[0m
[0;36m[2025-10-18 17:58:33.346] [DEBUG] [AST] Looking up field 'flags' in struct 'HeapBlock'[0m
[0;36m[2025-10-18 17:58:33.346] [DEBUG] [AST] Found struct 'HeapBlock' in _struct_fields with 4 fields[0m
[0;36m[2025-10-18 17:58:33.346] [DEBUG] [AST] Visiting MemberAccessNode: member='flags'[0m
[0;36m[2025-10-18 17:58:33.346] [DEBUG] [AST] Member 'flags' - using resolved type: HeapBlock*[0m
[0;36m[2025-10-18 17:58:33.346] [DEBUG] [AST] Object type name: 'HeapBlock*', kind: 7, checking if pointer[0m
[0;36m[2025-10-18 17:58:33.346] [DEBUG] [AST] HEAPBLOCK DEBUG: type='HeapBlock*', kind=7 (7=Pointer, 10=Struct, 4=Class)[0m
[0;36m[2025-10-18 17:58:33.346] [DEBUG] [AST] Dereferencing pointer type to access member 'flags' on type 'HeapBlock'[0m
[0;36m[2025-10-18 17:58:33.346] [DEBUG] [AST] Looking up field 'flags' in struct 'HeapBlock'[0m
[0;36m[2025-10-18 17:58:33.346] [DEBUG] [AST] Found struct 'HeapBlock' in _struct_fields with 4 fields[0m
[0;36m[2025-10-18 17:58:33.346] [DEBUG] [AST] TypeContext::get_integer_type() called with kind=int is_signed=1[0m
[0;36m[2025-10-18 17:58:33.346] [DEBUG] [AST] TypeContext::get_integer_type() called with kind=u64 is_signed=0[0m
[0;36m[2025-10-18 17:58:33.346] [DEBUG] [AST] Assignment compatibility check: u64 = u64 (TypeKinds: 2 vs 2)[0m
[0;36m[2025-10-18 17:58:33.346] [DEBUG] [AST] Resolved namespace symbol: Intrinsics::__printf__ with generic type: unknown (context: std::Runtime)[0m
[0;36m[2025-10-18 17:58:33.346] [DEBUG] [AST] Visiting MemberAccessNode: member='flags'[0m
[0;36m[2025-10-18 17:58:33.346] [DEBUG] [AST] Member 'flags' - using resolved type: HeapBlock*[0m
[0;36m[2025-10-18 17:58:33.346] [DEBUG] [AST] Object type name: 'HeapBlock*', kind: 7, checking if pointer[0m
[0;36m[2025-10-18 17:58:33.346] [DEBUG] [AST] HEAPBLOCK DEBUG: type='HeapBlock*', kind=7 (7=Pointer, 10=Struct, 4=Class)[0m
[0;36m[2025-10-18 17:58:33.346] [DEBUG] [AST] Dereferencing pointer type to access member 'flags' on type 'HeapBlock'[0m
[0;36m[2025-10-18 17:58:33.346] [DEBUG] [AST] Looking up field 'flags' in struct 'HeapBlock'[0m
[0;36m[2025-10-18 17:58:33.346] [DEBUG] [AST] Found struct 'HeapBlock' in _struct_fields with 4 fields[0m
[0;36m[2025-10-18 17:58:33.346] [DEBUG] [AST] Resolved namespace symbol: Intrinsics::__printf__ with generic type: unknown (context: std::Runtime)[0m
[0;36m[2025-10-18 17:58:33.346] [DEBUG] [AST] Resolved namespace symbol: Intrinsics::__printf__ with generic type: unknown (context: std::Runtime)[0m
[0;36m[2025-10-18 17:58:33.346] [DEBUG] [AST] Resolved namespace symbol: Intrinsics::__printf__ with generic type: unknown (context: std::Runtime)[0m
[0;36m[2025-10-18 17:58:33.346] [DEBUG] [AST] Visiting MemberAccessNode: member='flags'[0m
[0;36m[2025-10-18 17:58:33.346] [DEBUG] [AST] Member 'flags' - using resolved type: HeapBlock*[0m
[0;36m[2025-10-18 17:58:33.346] [DEBUG] [AST] Object type name: 'HeapBlock*', kind: 7, checking if pointer[0m
[0;36m[2025-10-18 17:58:33.347] [DEBUG] [AST] HEAPBLOCK DEBUG: type='HeapBlock*', kind=7 (7=Pointer, 10=Struct, 4=Class)[0m
[0;36m[2025-10-18 17:58:33.347] [DEBUG] [AST] Dereferencing pointer type to access member 'flags' on type 'HeapBlock'[0m
[0;36m[2025-10-18 17:58:33.347] [DEBUG] [AST] Looking up field 'flags' in struct 'HeapBlock'[0m
[0;36m[2025-10-18 17:58:33.347] [DEBUG] [AST] Found struct 'HeapBlock' in _struct_fields with 4 fields[0m
[0;36m[2025-10-18 17:58:33.347] [DEBUG] [AST] Visiting MemberAccessNode: member='next'[0m
[0;36m[2025-10-18 17:58:33.347] [DEBUG] [AST] Member 'next' - using resolved type: HeapBlock*[0m
[0;36m[2025-10-18 17:58:33.347] [DEBUG] [AST] Object type name: 'HeapBlock*', kind: 7, checking if pointer[0m
[0;36m[2025-10-18 17:58:33.347] [DEBUG] [AST] HEAPBLOCK DEBUG: type='HeapBlock*', kind=7 (7=Pointer, 10=Struct, 4=Class)[0m
[0;36m[2025-10-18 17:58:33.347] [DEBUG] [AST] Dereferencing pointer type to access member 'next' on type 'HeapBlock'[0m
[0;36m[2025-10-18 17:58:33.347] [DEBUG] [AST] Looking up field 'next' in struct 'HeapBlock'[0m
[0;36m[2025-10-18 17:58:33.347] [DEBUG] [AST] Found struct 'HeapBlock' in _struct_fields with 4 fields[0m
[0;36m[2025-10-18 17:58:33.347] [DEBUG] [AST] Assignment compatibility check: HeapBlock* = null (TypeKinds: 7 vs 30)[0m
[0;36m[2025-10-18 17:58:33.347] [DEBUG] [AST] Allowing null assignment to nullable type HeapBlock*[0m
[0;36m[2025-10-18 17:58:33.347] [DEBUG] [AST] Visiting MemberAccessNode: member='prev'[0m
[0;36m[2025-10-18 17:58:33.347] [DEBUG] [AST] Member 'prev' - using resolved type: HeapBlock*[0m
[0;36m[2025-10-18 17:58:33.347] [DEBUG] [AST] Object type name: 'HeapBlock*', kind: 7, checking if pointer[0m
[0;36m[2025-10-18 17:58:33.347] [DEBUG] [AST] HEAPBLOCK DEBUG: type='HeapBlock*', kind=7 (7=Pointer, 10=Struct, 4=Class)[0m
[0;36m[2025-10-18 17:58:33.347] [DEBUG] [AST] Dereferencing pointer type to access member 'prev' on type 'HeapBlock'[0m
[0;36m[2025-10-18 17:58:33.347] [DEBUG] [AST] Looking up field 'prev' in struct 'HeapBlock'[0m
[0;36m[2025-10-18 17:58:33.347] [DEBUG] [AST] Found struct 'HeapBlock' in _struct_fields with 4 fields[0m
[0;36m[2025-10-18 17:58:33.347] [DEBUG] [AST] Assignment compatibility check: HeapBlock* = null (TypeKinds: 7 vs 30)[0m
[0;36m[2025-10-18 17:58:33.347] [DEBUG] [AST] Allowing null assignment to nullable type HeapBlock*[0m
[0;36m[2025-10-18 17:58:33.347] [DEBUG] [AST] Visiting MemberAccessNode: member='add_block'[0m
[0;36m[2025-10-18 17:58:33.347] [DEBUG] [AST] Visiting MemberAccessNode: member='free_list'[0m
[0;36m[2025-10-18 17:58:33.347] [DEBUG] [AST] Set 'this' type to: HeapManager*[0m
[0;36m[2025-10-18 17:58:33.347] [DEBUG] [AST] Member 'free_list' - using resolved type: HeapManager*[0m
[0;36m[2025-10-18 17:58:33.347] [DEBUG] [AST] Object type name: 'HeapManager*', kind: 7, checking if pointer[0m
[0;36m[2025-10-18 17:58:33.347] [DEBUG] [AST] Dereferencing pointer type to access member 'free_list' on type 'HeapManager'[0m
[0;36m[2025-10-18 17:58:33.347] [DEBUG] [AST] Looking up field 'free_list' in struct 'HeapManager'[0m
[0;36m[2025-10-18 17:58:33.347] [DEBUG] [AST] Found struct 'HeapManager' in _struct_fields with 4 fields[0m
[0;36m[2025-10-18 17:58:33.347] [DEBUG] [AST] Member 'add_block' - using resolved type: FreeListManager[0m
[0;36m[2025-10-18 17:58:33.347] [DEBUG] [AST] Object type name: 'FreeListManager', kind: 10, checking if pointer[0m
[0;36m[2025-10-18 17:58:33.347] [DEBUG] [AST] Object type 'FreeListManager' is not a pointer, kind: 10[0m
[0;36m[2025-10-18 17:58:33.347] [DEBUG] [AST] Looking up field 'add_block' in struct 'FreeListManager'[0m
[0;36m[2025-10-18 17:58:33.347] [DEBUG] [AST] Found struct 'FreeListManager' in _struct_fields with 1 fields[0m
[0;36m[2025-10-18 17:58:33.347] [DEBUG] [AST] Field 'add_block' NOT found in struct 'FreeListManager'[0m
[0;36m[2025-10-18 17:58:33.347] [DEBUG] [AST] Resolved namespace symbol: Intrinsics::__printf__ with generic type: unknown (context: std::Runtime)[0m
[0;36m[2025-10-18 17:58:33.347] [DEBUG] [AST] Visiting MemberAccessNode: member='heap_base'[0m
[0;36m[2025-10-18 17:58:33.347] [DEBUG] [AST] Set 'this' type to: HeapManager*[0m
[0;36m[2025-10-18 17:58:33.347] [DEBUG] [AST] Member 'heap_base' - using resolved type: HeapManager*[0m
[0;36m[2025-10-18 17:58:33.347] [DEBUG] [AST] Object type name: 'HeapManager*', kind: 7, checking if pointer[0m
[0;36m[2025-10-18 17:58:33.347] [DEBUG] [AST] Dereferencing pointer type to access member 'heap_base' on type 'HeapManager'[0m
[0;36m[2025-10-18 17:58:33.347] [DEBUG] [AST] Looking up field 'heap_base' in struct 'HeapManager'[0m
[0;36m[2025-10-18 17:58:33.347] [DEBUG] [AST] Found struct 'HeapManager' in _struct_fields with 4 fields[0m
[0;36m[2025-10-18 17:58:33.347] [DEBUG] [AST] Visiting MemberAccessNode: member='heap_size'[0m
[0;36m[2025-10-18 17:58:33.347] [DEBUG] [AST] Set 'this' type to: HeapManager*[0m
[0;36m[2025-10-18 17:58:33.347] [DEBUG] [AST] Member 'heap_size' - using resolved type: HeapManager*[0m
[0;36m[2025-10-18 17:58:33.347] [DEBUG] [AST] Object type name: 'HeapManager*', kind: 7, checking if pointer[0m
[0;36m[2025-10-18 17:58:33.347] [DEBUG] [AST] Dereferencing pointer type to access member 'heap_size' on type 'HeapManager'[0m
[0;36m[2025-10-18 17:58:33.347] [DEBUG] [AST] Looking up field 'heap_size' in struct 'HeapManager'[0m
[0;36m[2025-10-18 17:58:33.347] [DEBUG] [AST] Found struct 'HeapManager' in _struct_fields with 4 fields[0m
[0;36m[2025-10-18 17:58:33.347] [DEBUG] [AST] Looking up scope symbol 'RuntimeError'[0m
[0;33m[2025-10-18 17:58:33.347] [WARN] [AST] FunctionType: Avoiding virtual function calls on parameter type at index 0 due to potential Type corruption, using 'void'[0m
[0;33m[2025-10-18 17:58:33.347] [WARN] [AST] FunctionType: Avoiding virtual function calls due to potential Type corruption, using 'void'[0m
[0;36m[2025-10-18 17:58:33.347] [DEBUG] [AST] resolve_type_with_generic_context: 'void*'[0m
[0;36m[2025-10-18 17:58:33.347] [DEBUG] [AST] Attempting direct type lookup for 'void*'[0m
[0;36m[2025-10-18 17:58:33.347] [DEBUG] [AST] Trying TypeContext token-based parsing first...[0m
[0;36m[2025-10-18 17:58:33.347] [DEBUG] [AST] Token parsing result for 'void*': void* (kind=7)[0m
[0;36m[2025-10-18 17:58:33.347] [DEBUG] [AST] Successfully parsed 'void*' via TypeContext (token-based parsing)[0m
[0;36m[2025-10-18 17:58:33.347] [DEBUG] [AST] resolve_type_with_generic_context: 'u64'[0m
[0;36m[2025-10-18 17:58:33.347] [DEBUG] [AST] Attempting direct type lookup for 'u64'[0m
[0;36m[2025-10-18 17:58:33.347] [DEBUG] [AST] Trying TypeContext token-based parsing first...[0m
[0;36m[2025-10-18 17:58:33.347] [DEBUG] [AST] TypeContext::get_integer_type() called with kind=u64 is_signed=0[0m
[0;36m[2025-10-18 17:58:33.347] [DEBUG] [AST] Token parsing result for 'u64': u64 (kind=2)[0m
[0;36m[2025-10-18 17:58:33.347] [DEBUG] [AST] Successfully parsed 'u64' via TypeContext (token-based parsing)[0m
[0;33m[2025-10-18 17:58:33.347] [WARN] [AST] FunctionType: Avoiding virtual function calls on parameter type at index 0 due to potential Type corruption, using 'void'[0m
[0;33m[2025-10-18 17:58:33.347] [WARN] [AST] FunctionType: Avoiding virtual function calls due to potential Type corruption, using 'void'[0m
[0;36m[2025-10-18 17:58:33.347] [DEBUG] [AST] Created function type for 'allocate' - is_variadic: 0[0m
[0;36m[2025-10-18 17:58:33.348] [DEBUG] [AST] Not found in main symbols, checking namespaces...[0m
[0;36m[2025-10-18 17:58:33.348] [DEBUG] [AST] VariableDeclarationNode 'size' has type annotation: 'u64' (current_struct: 'HeapManager')[0m
[0;36m[2025-10-18 17:58:33.348] [DEBUG] [AST] resolve_type_with_generic_context: 'u64'[0m
[0;36m[2025-10-18 17:58:33.348] [DEBUG] [AST] Attempting direct type lookup for 'u64'[0m
[0;36m[2025-10-18 17:58:33.348] [DEBUG] [AST] Trying TypeContext token-based parsing first...[0m
[0;36m[2025-10-18 17:58:33.348] [DEBUG] [AST] TypeContext::get_integer_type() called with kind=u64 is_signed=0[0m
[0;36m[2025-10-18 17:58:33.348] [DEBUG] [AST] Token parsing result for 'u64': u64 (kind=2)[0m
[0;36m[2025-10-18 17:58:33.348] [DEBUG] [AST] Successfully parsed 'u64' via TypeContext (token-based parsing)[0m
[0;36m[2025-10-18 17:58:33.348] [DEBUG] [AST] SKIPPED field registration for 'size': function parameter in struct 'HeapManager' (in_function=1)[0m
[0;36m[2025-10-18 17:58:33.348] [DEBUG] [AST] Resolved namespace symbol: Intrinsics::__printf__ with generic type: unknown (context: std::Runtime)[0m
[0;36m[2025-10-18 17:58:33.348] [DEBUG] [AST] Visiting MemberAccessNode: member='is_initialized'[0m
[0;36m[2025-10-18 17:58:33.348] [DEBUG] [AST] Set 'this' type to: HeapManager*[0m
[0;36m[2025-10-18 17:58:33.348] [DEBUG] [AST] Member 'is_initialized' - using resolved type: HeapManager*[0m
[0;36m[2025-10-18 17:58:33.348] [DEBUG] [AST] Object type name: 'HeapManager*', kind: 7, checking if pointer[0m
[0;36m[2025-10-18 17:58:33.348] [DEBUG] [AST] Dereferencing pointer type to access member 'is_initialized' on type 'HeapManager'[0m
[0;36m[2025-10-18 17:58:33.348] [DEBUG] [AST] Looking up field 'is_initialized' in struct 'HeapManager'[0m
[0;36m[2025-10-18 17:58:33.348] [DEBUG] [AST] Found struct 'HeapManager' in _struct_fields with 4 fields[0m
[0;36m[2025-10-18 17:58:33.348] [DEBUG] [AST] Resolved namespace symbol: Intrinsics::__printf__ with generic type: unknown (context: std::Runtime)[0m
[0;36m[2025-10-18 17:58:33.348] [DEBUG] [AST] Assignment compatibility check: void* = null (TypeKinds: 7 vs 30)[0m
[0;36m[2025-10-18 17:58:33.348] [DEBUG] [AST] Allowing null assignment to nullable type void*[0m
[0;36m[2025-10-18 17:58:33.348] [DEBUG] [AST] TypeContext::get_integer_type() called with kind=int is_signed=1[0m
[0;36m[2025-10-18 17:58:33.348] [DEBUG] [AST] TypeContext::get_integer_type() called with kind=u64 is_signed=0[0m
[0;36m[2025-10-18 17:58:33.348] [DEBUG] [AST] Resolved namespace symbol: Intrinsics::__printf__ with generic type: unknown (context: std::Runtime)[0m
[0;36m[2025-10-18 17:58:33.348] [DEBUG] [AST] Assignment compatibility check: void* = null (TypeKinds: 7 vs 30)[0m
[0;36m[2025-10-18 17:58:33.348] [DEBUG] [AST] Allowing null assignment to nullable type void*[0m
[0;36m[2025-10-18 17:58:33.348] [DEBUG] [AST] VariableDeclarationNode 'aligned_size' has type annotation: 'u64' (current_struct: 'HeapManager')[0m
[0;36m[2025-10-18 17:58:33.348] [DEBUG] [AST] resolve_type_with_generic_context: 'u64'[0m
[0;36m[2025-10-18 17:58:33.348] [DEBUG] [AST] Attempting direct type lookup for 'u64'[0m
[0;36m[2025-10-18 17:58:33.348] [DEBUG] [AST] Trying TypeContext token-based parsing first...[0m
[0;36m[2025-10-18 17:58:33.348] [DEBUG] [AST] TypeContext::get_integer_type() called with kind=u64 is_signed=0[0m
[0;36m[2025-10-18 17:58:33.348] [DEBUG] [AST] Token parsing result for 'u64': u64 (kind=2)[0m
[0;36m[2025-10-18 17:58:33.348] [DEBUG] [AST] Successfully parsed 'u64' via TypeContext (token-based parsing)[0m
[0;36m[2025-10-18 17:58:33.348] [DEBUG] [AST] Visiting MemberAccessNode: member='align_size'[0m
[0;36m[2025-10-18 17:58:33.348] [DEBUG] [AST] Set 'this' type to: HeapManager*[0m
[0;36m[2025-10-18 17:58:33.348] [DEBUG] [AST] Member 'align_size' - using resolved type: HeapManager*[0m
[0;36m[2025-10-18 17:58:33.348] [DEBUG] [AST] Object type name: 'HeapManager*', kind: 7, checking if pointer[0m
[0;36m[2025-10-18 17:58:33.348] [DEBUG] [AST] Dereferencing pointer type to access member 'align_size' on type 'HeapManager'[0m
[0;36m[2025-10-18 17:58:33.348] [DEBUG] [AST] Looking up field 'align_size' in struct 'HeapManager'[0m
[0;36m[2025-10-18 17:58:33.348] [DEBUG] [AST] Found struct 'HeapManager' in _struct_fields with 4 fields[0m
[0;36m[2025-10-18 17:58:33.348] [DEBUG] [AST] Field 'align_size' NOT found in struct 'HeapManager'[0m
[0;36m[2025-10-18 17:58:33.348] [DEBUG] [AST] TypeContext::get_integer_type() called with kind=u64 is_signed=0[0m
[0;36m[2025-10-18 17:58:33.348] [DEBUG] [AST] TypeContext::get_integer_type() called with kind=u64 is_signed=0[0m
[0;36m[2025-10-18 17:58:33.348] [DEBUG] [AST] TypeContext::get_integer_type() called with kind=u64 is_signed=0[0m
[0;33m[2025-10-18 17:58:33.348] [WARN] [AST] FunctionType: Avoiding virtual function calls on parameter type at index 0 due to potential Type corruption, using 'void'[0m
[0;33m[2025-10-18 17:58:33.348] [WARN] [AST] FunctionType: Avoiding virtual function calls on parameter type at index 1 due to potential Type corruption, using 'void'[0m
[0;33m[2025-10-18 17:58:33.348] [WARN] [AST] FunctionType: Avoiding virtual function calls due to potential Type corruption, using 'void'[0m
[0;36m[2025-10-18 17:58:33.348] [DEBUG] [AST] Assignment compatibility check: u64 = u64 (TypeKinds: 2 vs 2)[0m
[0;36m[2025-10-18 17:58:33.348] [DEBUG] [AST] SKIPPED field registration for 'aligned_size': function parameter in struct 'HeapManager' (in_function=1)[0m
[0;36m[2025-10-18 17:58:33.348] [DEBUG] [AST] Resolved namespace symbol: Intrinsics::__printf__ with generic type: unknown (context: std::Runtime)[0m
[0;36m[2025-10-18 17:58:33.348] [DEBUG] [AST] VariableDeclarationNode 'block' has type annotation: 'HeapBlock*' (current_struct: 'HeapManager')[0m
[0;36m[2025-10-18 17:58:33.348] [DEBUG] [AST] resolve_type_with_generic_context: 'HeapBlock*'[0m
[0;36m[2025-10-18 17:58:33.348] [DEBUG] [AST] Attempting direct type lookup for 'HeapBlock*'[0m
[0;36m[2025-10-18 17:58:33.348] [DEBUG] [AST] Trying TypeContext token-based parsing first...[0m
[0;36m[2025-10-18 17:58:33.348] [DEBUG] [AST] Token parsing result for 'HeapBlock*': HeapBlock* (kind=7)[0m
[0;36m[2025-10-18 17:58:33.348] [DEBUG] [AST] Successfully parsed 'HeapBlock*' via TypeContext (token-based parsing)[0m
[0;36m[2025-10-18 17:58:33.348] [DEBUG] [AST] CORRECT TYPE: Variable 'block' with annotation 'HeapBlock*' resolved to type 'HeapBlock*' (kind=7)[0m
[0;36m[2025-10-18 17:58:33.348] [DEBUG] [AST] Visiting MemberAccessNode: member='find_free_block'[0m
[0;36m[2025-10-18 17:58:33.348] [DEBUG] [AST] Visiting MemberAccessNode: member='free_list'[0m
[0;36m[2025-10-18 17:58:33.348] [DEBUG] [AST] Set 'this' type to: HeapManager*[0m
[0;36m[2025-10-18 17:58:33.348] [DEBUG] [AST] Member 'free_list' - using resolved type: HeapManager*[0m
[0;36m[2025-10-18 17:58:33.348] [DEBUG] [AST] Object type name: 'HeapManager*', kind: 7, checking if pointer[0m
[0;36m[2025-10-18 17:58:33.348] [DEBUG] [AST] Dereferencing pointer type to access member 'free_list' on type 'HeapManager'[0m
[0;36m[2025-10-18 17:58:33.348] [DEBUG] [AST] Looking up field 'free_list' in struct 'HeapManager'[0m
[0;36m[2025-10-18 17:58:33.348] [DEBUG] [AST] Found struct 'HeapManager' in _struct_fields with 4 fields[0m
[0;36m[2025-10-18 17:58:33.348] [DEBUG] [AST] Member 'find_free_block' - using resolved type: FreeListManager[0m
[0;36m[2025-10-18 17:58:33.348] [DEBUG] [AST] Object type name: 'FreeListManager', kind: 10, checking if pointer[0m
[0;36m[2025-10-18 17:58:33.348] [DEBUG] [AST] Object type 'FreeListManager' is not a pointer, kind: 10[0m
[0;36m[2025-10-18 17:58:33.348] [DEBUG] [AST] Looking up field 'find_free_block' in struct 'FreeListManager'[0m
[0;36m[2025-10-18 17:58:33.348] [DEBUG] [AST] Found struct 'FreeListManager' in _struct_fields with 1 fields[0m
[0;36m[2025-10-18 17:58:33.348] [DEBUG] [AST] Field 'find_free_block' NOT found in struct 'FreeListManager'[0m
[0;36m[2025-10-18 17:58:33.348] [DEBUG] [AST] Assignment compatibility check: HeapBlock* = HeapBlock* (TypeKinds: 7 vs 7)[0m
[0;36m[2025-10-18 17:58:33.348] [DEBUG] [AST] Checking pointer assignment: HeapBlock* = HeapBlock* (bases: 'HeapBlock' vs 'HeapBlock')[0m
[0;36m[2025-10-18 17:58:33.348] [DEBUG] [AST] Allowing assignment between same pointer types: HeapBlock* = HeapBlock*[0m
[0;36m[2025-10-18 17:58:33.348] [DEBUG] [AST] SKIPPED field registration for 'block': function parameter in struct 'HeapManager' (in_function=1)[0m
[0;36m[2025-10-18 17:58:33.348] [DEBUG] [AST] Resolved namespace symbol: Intrinsics::__printf__ with generic type: unknown (context: std::Runtime)[0m
[0;36m[2025-10-18 17:58:33.348] [DEBUG] [AST] Assignment compatibility check: void* = null (TypeKinds: 7 vs 30)[0m
[0;36m[2025-10-18 17:58:33.349] [DEBUG] [AST] Allowing null assignment to nullable type void*[0m
[0;36m[2025-10-18 17:58:33.349] [DEBUG] [AST] Visiting MemberAccessNode: member='size'[0m
[0;36m[2025-10-18 17:58:33.349] [DEBUG] [AST] Member 'size' - using resolved type: HeapBlock*[0m
[0;36m[2025-10-18 17:58:33.349] [DEBUG] [AST] Object type name: 'HeapBlock*', kind: 7, checking if pointer[0m
[0;36m[2025-10-18 17:58:33.349] [DEBUG] [AST] HEAPBLOCK DEBUG: type='HeapBlock*', kind=7 (7=Pointer, 10=Struct, 4=Class)[0m
[0;36m[2025-10-18 17:58:33.349] [DEBUG] [AST] Dereferencing pointer type to access member 'size' on type 'HeapBlock'[0m
[0;36m[2025-10-18 17:58:33.349] [DEBUG] [AST] Looking up field 'size' in struct 'HeapBlock'[0m
[0;36m[2025-10-18 17:58:33.349] [DEBUG] [AST] Found struct 'HeapBlock' in _struct_fields with 4 fields[0m
[0;36m[2025-10-18 17:58:33.349] [DEBUG] [AST] Resolved namespace symbol: Intrinsics::__printf__ with generic type: unknown (context: std::Runtime)[0m
[0;36m[2025-10-18 17:58:33.349] [DEBUG] [AST] Visiting MemberAccessNode: member='get_user_data_ptr'[0m
[0;36m[2025-10-18 17:58:33.349] [DEBUG] [AST] Member 'get_user_data_ptr' - using resolved type: HeapBlock*[0m
[0;36m[2025-10-18 17:58:33.349] [DEBUG] [AST] Object type name: 'HeapBlock*', kind: 7, checking if pointer[0m
[0;36m[2025-10-18 17:58:33.349] [DEBUG] [AST] HEAPBLOCK DEBUG: type='HeapBlock*', kind=7 (7=Pointer, 10=Struct, 4=Class)[0m
[0;36m[2025-10-18 17:58:33.349] [DEBUG] [AST] Dereferencing pointer type to access member 'get_user_data_ptr' on type 'HeapBlock'[0m
[0;36m[2025-10-18 17:58:33.349] [DEBUG] [AST] Looking up field 'get_user_data_ptr' in struct 'HeapBlock'[0m
[0;36m[2025-10-18 17:58:33.349] [DEBUG] [AST] Found struct 'HeapBlock' in _struct_fields with 4 fields[0m
[0;36m[2025-10-18 17:58:33.349] [DEBUG] [AST] Field 'get_user_data_ptr' NOT found in struct 'HeapBlock'[0m
[0;36m[2025-10-18 17:58:33.349] [DEBUG] [AST] VariableDeclarationNode 'new_block' has type annotation: 'HeapBlock*' (current_struct: 'HeapManager')[0m
[0;36m[2025-10-18 17:58:33.349] [DEBUG] [AST] resolve_type_with_generic_context: 'HeapBlock*'[0m
[0;36m[2025-10-18 17:58:33.349] [DEBUG] [AST] Attempting direct type lookup for 'HeapBlock*'[0m
[0;36m[2025-10-18 17:58:33.349] [DEBUG] [AST] Trying TypeContext token-based parsing first...[0m
[0;36m[2025-10-18 17:58:33.349] [DEBUG] [AST] Token parsing result for 'HeapBlock*': HeapBlock* (kind=7)[0m
[0;36m[2025-10-18 17:58:33.349] [DEBUG] [AST] Successfully parsed 'HeapBlock*' via TypeContext (token-based parsing)[0m
[0;36m[2025-10-18 17:58:33.349] [DEBUG] [AST] CORRECT TYPE: Variable 'new_block' with annotation 'HeapBlock*' resolved to type 'HeapBlock*' (kind=7)[0m
[0;36m[2025-10-18 17:58:33.349] [DEBUG] [AST] Visiting MemberAccessNode: member='split'[0m
[0;36m[2025-10-18 17:58:33.349] [DEBUG] [AST] Member 'split' - using resolved type: HeapBlock*[0m
[0;36m[2025-10-18 17:58:33.349] [DEBUG] [AST] Object type name: 'HeapBlock*', kind: 7, checking if pointer[0m
[0;36m[2025-10-18 17:58:33.349] [DEBUG] [AST] HEAPBLOCK DEBUG: type='HeapBlock*', kind=7 (7=Pointer, 10=Struct, 4=Class)[0m
[0;36m[2025-10-18 17:58:33.349] [DEBUG] [AST] Dereferencing pointer type to access member 'split' on type 'HeapBlock'[0m
[0;36m[2025-10-18 17:58:33.349] [DEBUG] [AST] Looking up field 'split' in struct 'HeapBlock'[0m
[0;36m[2025-10-18 17:58:33.349] [DEBUG] [AST] Found struct 'HeapBlock' in _struct_fields with 4 fields[0m
[0;36m[2025-10-18 17:58:33.349] [DEBUG] [AST] Field 'split' NOT found in struct 'HeapBlock'[0m
[0;36m[2025-10-18 17:58:33.349] [DEBUG] [AST] Assignment compatibility check: HeapBlock* = HeapBlock* (TypeKinds: 7 vs 7)[0m
[0;36m[2025-10-18 17:58:33.349] [DEBUG] [AST] Checking pointer assignment: HeapBlock* = HeapBlock* (bases: 'HeapBlock' vs 'HeapBlock')[0m
[0;36m[2025-10-18 17:58:33.349] [DEBUG] [AST] Allowing assignment between same pointer types: HeapBlock* = HeapBlock*[0m
[0;36m[2025-10-18 17:58:33.349] [DEBUG] [AST] SKIPPED field registration for 'new_block': function parameter in struct 'HeapManager' (in_function=1)[0m
[0;36m[2025-10-18 17:58:33.349] [DEBUG] [AST] Visiting MemberAccessNode: member='add_block'[0m
[0;36m[2025-10-18 17:58:33.349] [DEBUG] [AST] Visiting MemberAccessNode: member='free_list'[0m
[0;36m[2025-10-18 17:58:33.349] [DEBUG] [AST] Set 'this' type to: HeapManager*[0m
[0;36m[2025-10-18 17:58:33.349] [DEBUG] [AST] Member 'free_list' - using resolved type: HeapManager*[0m
[0;36m[2025-10-18 17:58:33.349] [DEBUG] [AST] Object type name: 'HeapManager*', kind: 7, checking if pointer[0m
[0;36m[2025-10-18 17:58:33.349] [DEBUG] [AST] Dereferencing pointer type to access member 'free_list' on type 'HeapManager'[0m
[0;36m[2025-10-18 17:58:33.349] [DEBUG] [AST] Looking up field 'free_list' in struct 'HeapManager'[0m
[0;36m[2025-10-18 17:58:33.349] [DEBUG] [AST] Found struct 'HeapManager' in _struct_fields with 4 fields[0m
[0;36m[2025-10-18 17:58:33.349] [DEBUG] [AST] Member 'add_block' - using resolved type: FreeListManager[0m
[0;36m[2025-10-18 17:58:33.349] [DEBUG] [AST] Object type name: 'FreeListManager', kind: 10, checking if pointer[0m
[0;36m[2025-10-18 17:58:33.349] [DEBUG] [AST] Object type 'FreeListManager' is not a pointer, kind: 10[0m
[0;36m[2025-10-18 17:58:33.349] [DEBUG] [AST] Looking up field 'add_block' in struct 'FreeListManager'[0m
[0;36m[2025-10-18 17:58:33.349] [DEBUG] [AST] Found struct 'FreeListManager' in _struct_fields with 1 fields[0m
[0;36m[2025-10-18 17:58:33.349] [DEBUG] [AST] Field 'add_block' NOT found in struct 'FreeListManager'[0m
[0;36m[2025-10-18 17:58:33.349] [DEBUG] [AST] Visiting MemberAccessNode: member='remove_block'[0m
[0;36m[2025-10-18 17:58:33.349] [DEBUG] [AST] Visiting MemberAccessNode: member='free_list'[0m
[0;36m[2025-10-18 17:58:33.349] [DEBUG] [AST] Set 'this' type to: HeapManager*[0m
[0;36m[2025-10-18 17:58:33.349] [DEBUG] [AST] Member 'free_list' - using resolved type: HeapManager*[0m
[0;36m[2025-10-18 17:58:33.349] [DEBUG] [AST] Object type name: 'HeapManager*', kind: 7, checking if pointer[0m
[0;36m[2025-10-18 17:58:33.349] [DEBUG] [AST] Dereferencing pointer type to access member 'free_list' on type 'HeapManager'[0m
[0;36m[2025-10-18 17:58:33.349] [DEBUG] [AST] Looking up field 'free_list' in struct 'HeapManager'[0m
[0;36m[2025-10-18 17:58:33.349] [DEBUG] [AST] Found struct 'HeapManager' in _struct_fields with 4 fields[0m
[0;36m[2025-10-18 17:58:33.349] [DEBUG] [AST] Member 'remove_block' - using resolved type: FreeListManager[0m
[0;36m[2025-10-18 17:58:33.349] [DEBUG] [AST] Object type name: 'FreeListManager', kind: 10, checking if pointer[0m
[0;36m[2025-10-18 17:58:33.349] [DEBUG] [AST] Object type 'FreeListManager' is not a pointer, kind: 10[0m
[0;36m[2025-10-18 17:58:33.349] [DEBUG] [AST] Looking up field 'remove_block' in struct 'FreeListManager'[0m
[0;36m[2025-10-18 17:58:33.349] [DEBUG] [AST] Found struct 'FreeListManager' in _struct_fields with 1 fields[0m
[0;36m[2025-10-18 17:58:33.349] [DEBUG] [AST] Field 'remove_block' NOT found in struct 'FreeListManager'[0m
[0;36m[2025-10-18 17:58:33.349] [DEBUG] [AST] Visiting MemberAccessNode: member='mark_allocated'[0m
[0;36m[2025-10-18 17:58:33.349] [DEBUG] [AST] Member 'mark_allocated' - using resolved type: HeapBlock*[0m
[0;36m[2025-10-18 17:58:33.349] [DEBUG] [AST] Object type name: 'HeapBlock*', kind: 7, checking if pointer[0m
[0;36m[2025-10-18 17:58:33.349] [DEBUG] [AST] HEAPBLOCK DEBUG: type='HeapBlock*', kind=7 (7=Pointer, 10=Struct, 4=Class)[0m
[0;36m[2025-10-18 17:58:33.349] [DEBUG] [AST] Dereferencing pointer type to access member 'mark_allocated' on type 'HeapBlock'[0m
[0;36m[2025-10-18 17:58:33.349] [DEBUG] [AST] Looking up field 'mark_allocated' in struct 'HeapBlock'[0m
[0;36m[2025-10-18 17:58:33.350] [DEBUG] [AST] Found struct 'HeapBlock' in _struct_fields with 4 fields[0m
[0;36m[2025-10-18 17:58:33.350] [DEBUG] [AST] Field 'mark_allocated' NOT found in struct 'HeapBlock'[0m
[0;36m[2025-10-18 17:58:33.350] [DEBUG] [AST] Resolved namespace symbol: Intrinsics::__printf__ with generic type: unknown (context: std::Runtime)[0m
[0;36m[2025-10-18 17:58:33.350] [DEBUG] [AST] Visiting MemberAccessNode: member='get_user_data_ptr'[0m
[0;36m[2025-10-18 17:58:33.350] [DEBUG] [AST] Member 'get_user_data_ptr' - using resolved type: HeapBlock*[0m
[0;36m[2025-10-18 17:58:33.350] [DEBUG] [AST] Object type name: 'HeapBlock*', kind: 7, checking if pointer[0m
[0;36m[2025-10-18 17:58:33.350] [DEBUG] [AST] HEAPBLOCK DEBUG: type='HeapBlock*', kind=7 (7=Pointer, 10=Struct, 4=Class)[0m
[0;36m[2025-10-18 17:58:33.350] [DEBUG] [AST] Dereferencing pointer type to access member 'get_user_data_ptr' on type 'HeapBlock'[0m
[0;36m[2025-10-18 17:58:33.350] [DEBUG] [AST] Looking up field 'get_user_data_ptr' in struct 'HeapBlock'[0m
[0;36m[2025-10-18 17:58:33.350] [DEBUG] [AST] Found struct 'HeapBlock' in _struct_fields with 4 fields[0m
[0;36m[2025-10-18 17:58:33.350] [DEBUG] [AST] Field 'get_user_data_ptr' NOT found in struct 'HeapBlock'[0m
[0;36m[2025-10-18 17:58:33.350] [DEBUG] [AST] Visiting MemberAccessNode: member='size'[0m
[0;36m[2025-10-18 17:58:33.350] [DEBUG] [AST] Member 'size' - using resolved type: HeapBlock*[0m
[0;36m[2025-10-18 17:58:33.350] [DEBUG] [AST] Object type name: 'HeapBlock*', kind: 7, checking if pointer[0m
[0;36m[2025-10-18 17:58:33.350] [DEBUG] [AST] HEAPBLOCK DEBUG: type='HeapBlock*', kind=7 (7=Pointer, 10=Struct, 4=Class)[0m
[0;36m[2025-10-18 17:58:33.350] [DEBUG] [AST] Dereferencing pointer type to access member 'size' on type 'HeapBlock'[0m
[0;36m[2025-10-18 17:58:33.350] [DEBUG] [AST] Looking up field 'size' in struct 'HeapBlock'[0m
[0;36m[2025-10-18 17:58:33.350] [DEBUG] [AST] Found struct 'HeapBlock' in _struct_fields with 4 fields[0m
[0;36m[2025-10-18 17:58:33.350] [DEBUG] [AST] Visiting MemberAccessNode: member='get_user_data_ptr'[0m
[0;36m[2025-10-18 17:58:33.350] [DEBUG] [AST] Member 'get_user_data_ptr' - using resolved type: HeapBlock*[0m
[0;36m[2025-10-18 17:58:33.350] [DEBUG] [AST] Object type name: 'HeapBlock*', kind: 7, checking if pointer[0m
[0;36m[2025-10-18 17:58:33.350] [DEBUG] [AST] HEAPBLOCK DEBUG: type='HeapBlock*', kind=7 (7=Pointer, 10=Struct, 4=Class)[0m
[0;36m[2025-10-18 17:58:33.350] [DEBUG] [AST] Dereferencing pointer type to access member 'get_user_data_ptr' on type 'HeapBlock'[0m
[0;36m[2025-10-18 17:58:33.350] [DEBUG] [AST] Looking up field 'get_user_data_ptr' in struct 'HeapBlock'[0m
[0;36m[2025-10-18 17:58:33.350] [DEBUG] [AST] Found struct 'HeapBlock' in _struct_fields with 4 fields[0m
[0;36m[2025-10-18 17:58:33.350] [DEBUG] [AST] Field 'get_user_data_ptr' NOT found in struct 'HeapBlock'[0m
[0;36m[2025-10-18 17:58:33.350] [DEBUG] [AST] Assignment compatibility check: void* = void* (TypeKinds: 7 vs 7)[0m
[0;36m[2025-10-18 17:58:33.350] [DEBUG] [AST] Checking pointer assignment: void* = void* (bases: 'void' vs 'void')[0m
[0;36m[2025-10-18 17:58:33.350] [DEBUG] [AST] Allowing assignment between same pointer types: void* = void*[0m
[0;33m[2025-10-18 17:58:33.350] [WARN] [AST] FunctionType: Avoiding virtual function calls on parameter type at index 0 due to potential Type corruption, using 'void'[0m
[0;33m[2025-10-18 17:58:33.350] [WARN] [AST] FunctionType: Avoiding virtual function calls due to potential Type corruption, using 'void'[0m
[0;36m[2025-10-18 17:58:33.350] [DEBUG] [AST] resolve_type_with_generic_context: 'void*'[0m
[0;36m[2025-10-18 17:58:33.350] [DEBUG] [AST] Attempting direct type lookup for 'void*'[0m
[0;36m[2025-10-18 17:58:33.350] [DEBUG] [AST] Trying TypeContext token-based parsing first...[0m
[0;36m[2025-10-18 17:58:33.350] [DEBUG] [AST] Token parsing result for 'void*': void* (kind=7)[0m
[0;36m[2025-10-18 17:58:33.350] [DEBUG] [AST] Successfully parsed 'void*' via TypeContext (token-based parsing)[0m
[0;36m[2025-10-18 17:58:33.350] [DEBUG] [AST] resolve_type_with_generic_context: 'void*'[0m
[0;36m[2025-10-18 17:58:33.350] [DEBUG] [AST] Attempting direct type lookup for 'void*'[0m
[0;36m[2025-10-18 17:58:33.350] [DEBUG] [AST] Trying TypeContext token-based parsing first...[0m
[0;36m[2025-10-18 17:58:33.350] [DEBUG] [AST] Token parsing result for 'void*': void* (kind=7)[0m
[0;36m[2025-10-18 17:58:33.350] [DEBUG] [AST] Successfully parsed 'void*' via TypeContext (token-based parsing)[0m
[0;36m[2025-10-18 17:58:33.350] [DEBUG] [AST] resolve_type_with_generic_context: 'u64'[0m
[0;36m[2025-10-18 17:58:33.350] [DEBUG] [AST] Attempting direct type lookup for 'u64'[0m
[0;36m[2025-10-18 17:58:33.350] [DEBUG] [AST] Trying TypeContext token-based parsing first...[0m
[0;36m[2025-10-18 17:58:33.350] [DEBUG] [AST] TypeContext::get_integer_type() called with kind=u64 is_signed=0[0m
[0;36m[2025-10-18 17:58:33.350] [DEBUG] [AST] Token parsing result for 'u64': u64 (kind=2)[0m
[0;36m[2025-10-18 17:58:33.350] [DEBUG] [AST] Successfully parsed 'u64' via TypeContext (token-based parsing)[0m
[0;33m[2025-10-18 17:58:33.350] [WARN] [AST] FunctionType: Avoiding virtual function calls on parameter type at index 0 due to potential Type corruption, using 'void'[0m
[0;33m[2025-10-18 17:58:33.350] [WARN] [AST] FunctionType: Avoiding virtual function calls on parameter type at index 1 due to potential Type corruption, using 'void'[0m
[0;33m[2025-10-18 17:58:33.350] [WARN] [AST] FunctionType: Avoiding virtual function calls due to potential Type corruption, using 'void'[0m
[0;36m[2025-10-18 17:58:33.350] [DEBUG] [AST] Created function type for 'reallocate' - is_variadic: 0[0m
[0;36m[2025-10-18 17:58:33.350] [DEBUG] [AST] Not found in main symbols, checking namespaces...[0m
[0;36m[2025-10-18 17:58:33.350] [DEBUG] [AST] VariableDeclarationNode 'ptr' has type annotation: 'void*' (current_struct: 'HeapManager')[0m
[0;36m[2025-10-18 17:58:33.350] [DEBUG] [AST] resolve_type_with_generic_context: 'void*'[0m
[0;36m[2025-10-18 17:58:33.350] [DEBUG] [AST] Attempting direct type lookup for 'void*'[0m
[0;36m[2025-10-18 17:58:33.350] [DEBUG] [AST] Trying TypeContext token-based parsing first...[0m
[0;36m[2025-10-18 17:58:33.350] [DEBUG] [AST] Token parsing result for 'void*': void* (kind=7)[0m
[0;36m[2025-10-18 17:58:33.350] [DEBUG] [AST] Successfully parsed 'void*' via TypeContext (token-based parsing)[0m
[0;36m[2025-10-18 17:58:33.350] [DEBUG] [AST] CORRECT TYPE: Variable 'ptr' with annotation 'void*' resolved to type 'void*' (kind=7)[0m
[0;36m[2025-10-18 17:58:33.350] [DEBUG] [AST] SKIPPED field registration for 'ptr': function parameter in struct 'HeapManager' (in_function=1)[0m
[0;36m[2025-10-18 17:58:33.350] [DEBUG] [AST] VariableDeclarationNode 'new_size' has type annotation: 'u64' (current_struct: 'HeapManager')[0m
[0;36m[2025-10-18 17:58:33.350] [DEBUG] [AST] resolve_type_with_generic_context: 'u64'[0m
[0;36m[2025-10-18 17:58:33.350] [DEBUG] [AST] Attempting direct type lookup for 'u64'[0m
[0;36m[2025-10-18 17:58:33.350] [DEBUG] [AST] Trying TypeContext token-based parsing first...[0m
[0;36m[2025-10-18 17:58:33.350] [DEBUG] [AST] TypeContext::get_integer_type() called with kind=u64 is_signed=0[0m
[0;36m[2025-10-18 17:58:33.350] [DEBUG] [AST] Token parsing result for 'u64': u64 (kind=2)[0m
[0;36m[2025-10-18 17:58:33.350] [DEBUG] [AST] Successfully parsed 'u64' via TypeContext (token-based parsing)[0m
[0;36m[2025-10-18 17:58:33.350] [DEBUG] [AST] SKIPPED field registration for 'new_size': function parameter in struct 'HeapManager' (in_function=1)[0m
[0;36m[2025-10-18 17:58:33.351] [DEBUG] [AST] Visiting MemberAccessNode: member='allocate'[0m
[0;36m[2025-10-18 17:58:33.351] [DEBUG] [AST] Set 'this' type to: HeapManager*[0m
[0;36m[2025-10-18 17:58:33.351] [DEBUG] [AST] Member 'allocate' - using resolved type: HeapManager*[0m
[0;36m[2025-10-18 17:58:33.351] [DEBUG] [AST] Object type name: 'HeapManager*', kind: 7, checking if pointer[0m
[0;36m[2025-10-18 17:58:33.351] [DEBUG] [AST] Dereferencing pointer type to access member 'allocate' on type 'HeapManager'[0m
[0;36m[2025-10-18 17:58:33.351] [DEBUG] [AST] Looking up field 'allocate' in struct 'HeapManager'[0m
[0;36m[2025-10-18 17:58:33.351] [DEBUG] [AST] Found struct 'HeapManager' in _struct_fields with 4 fields[0m
[0;36m[2025-10-18 17:58:33.351] [DEBUG] [AST] Field 'allocate' NOT found in struct 'HeapManager'[0m
[0;36m[2025-10-18 17:58:33.351] [DEBUG] [AST] Assignment compatibility check: void* = void* (TypeKinds: 7 vs 7)[0m
[0;36m[2025-10-18 17:58:33.351] [DEBUG] [AST] Checking pointer assignment: void* = void* (bases: 'void' vs 'void')[0m
[0;36m[2025-10-18 17:58:33.351] [DEBUG] [AST] Allowing assignment between same pointer types: void* = void*[0m
[0;36m[2025-10-18 17:58:33.351] [DEBUG] [AST] TypeContext::get_integer_type() called with kind=int is_signed=1[0m
[0;36m[2025-10-18 17:58:33.351] [DEBUG] [AST] Visiting MemberAccessNode: member='deallocate'[0m
[0;36m[2025-10-18 17:58:33.351] [DEBUG] [AST] Set 'this' type to: HeapManager*[0m
[0;36m[2025-10-18 17:58:33.351] [DEBUG] [AST] Member 'deallocate' - using resolved type: HeapManager*[0m
[0;36m[2025-10-18 17:58:33.351] [DEBUG] [AST] Object type name: 'HeapManager*', kind: 7, checking if pointer[0m
[0;36m[2025-10-18 17:58:33.351] [DEBUG] [AST] Dereferencing pointer type to access member 'deallocate' on type 'HeapManager'[0m
[0;36m[2025-10-18 17:58:33.351] [DEBUG] [AST] Looking up field 'deallocate' in struct 'HeapManager'[0m
[0;36m[2025-10-18 17:58:33.351] [DEBUG] [AST] Found struct 'HeapManager' in _struct_fields with 4 fields[0m
[0;36m[2025-10-18 17:58:33.351] [DEBUG] [AST] Field 'deallocate' NOT found in struct 'HeapManager'[0m
[0;33m[2025-10-18 17:58:33.351] [WARN] [AST] FunctionType: Avoiding virtual function calls due to potential Type corruption, using 'void'[0m
[0;36m[2025-10-18 17:58:33.351] [DEBUG] [AST] Assignment compatibility check: void* = null (TypeKinds: 7 vs 30)[0m
[0;36m[2025-10-18 17:58:33.351] [DEBUG] [AST] Allowing null assignment to nullable type void*[0m
[0;36m[2025-10-18 17:58:33.351] [DEBUG] [AST] VariableDeclarationNode 'block' has type annotation: 'HeapBlock*' (current_struct: 'HeapManager')[0m
[0;36m[2025-10-18 17:58:33.351] [DEBUG] [AST] resolve_type_with_generic_context: 'HeapBlock*'[0m
[0;36m[2025-10-18 17:58:33.351] [DEBUG] [AST] Attempting direct type lookup for 'HeapBlock*'[0m
[0;36m[2025-10-18 17:58:33.351] [DEBUG] [AST] Trying TypeContext token-based parsing first...[0m
[0;36m[2025-10-18 17:58:33.351] [DEBUG] [AST] Token parsing result for 'HeapBlock*': HeapBlock* (kind=7)[0m
[0;36m[2025-10-18 17:58:33.351] [DEBUG] [AST] Successfully parsed 'HeapBlock*' via TypeContext (token-based parsing)[0m
[0;36m[2025-10-18 17:58:33.351] [DEBUG] [AST] CORRECT TYPE: Variable 'block' with annotation 'HeapBlock*' resolved to type 'HeapBlock*' (kind=7)[0m
[0;36m[2025-10-18 17:58:33.351] [DEBUG] [AST] Visiting MemberAccessNode: member='get_block_from_ptr'[0m
[0;36m[2025-10-18 17:58:33.351] [DEBUG] [AST] Set 'this' type to: HeapManager*[0m
[0;36m[2025-10-18 17:58:33.351] [DEBUG] [AST] Member 'get_block_from_ptr' - using resolved type: HeapManager*[0m
[0;36m[2025-10-18 17:58:33.351] [DEBUG] [AST] Object type name: 'HeapManager*', kind: 7, checking if pointer[0m
[0;36m[2025-10-18 17:58:33.351] [DEBUG] [AST] Dereferencing pointer type to access member 'get_block_from_ptr' on type 'HeapManager'[0m
[0;36m[2025-10-18 17:58:33.351] [DEBUG] [AST] Looking up field 'get_block_from_ptr' in struct 'HeapManager'[0m
[0;36m[2025-10-18 17:58:33.351] [DEBUG] [AST] Found struct 'HeapManager' in _struct_fields with 4 fields[0m
[0;36m[2025-10-18 17:58:33.351] [DEBUG] [AST] Field 'get_block_from_ptr' NOT found in struct 'HeapManager'[0m
[0;33m[2025-10-18 17:58:33.351] [WARN] [AST] FunctionType: Avoiding virtual function calls on parameter type at index 0 due to potential Type corruption, using 'void'[0m
[0;33m[2025-10-18 17:58:33.351] [WARN] [AST] FunctionType: Avoiding virtual function calls due to potential Type corruption, using 'void'[0m
[0;36m[2025-10-18 17:58:33.351] [DEBUG] [AST] Assignment compatibility check: HeapBlock* = HeapBlock* (TypeKinds: 7 vs 7)[0m
[0;36m[2025-10-18 17:58:33.351] [DEBUG] [AST] Checking pointer assignment: HeapBlock* = HeapBlock* (bases: 'HeapBlock' vs 'HeapBlock')[0m
[0;36m[2025-10-18 17:58:33.351] [DEBUG] [AST] Allowing assignment between same pointer types: HeapBlock* = HeapBlock*[0m
[0;36m[2025-10-18 17:58:33.351] [DEBUG] [AST] SKIPPED field registration for 'block': function parameter in struct 'HeapManager' (in_function=1)[0m
[0;36m[2025-10-18 17:58:33.351] [DEBUG] [AST] VariableDeclarationNode 'aligned_new_size' has type annotation: 'u64' (current_struct: 'HeapManager')[0m
[0;36m[2025-10-18 17:58:33.351] [DEBUG] [AST] resolve_type_with_generic_context: 'u64'[0m
[0;36m[2025-10-18 17:58:33.351] [DEBUG] [AST] Attempting direct type lookup for 'u64'[0m
[0;36m[2025-10-18 17:58:33.351] [DEBUG] [AST] Trying TypeContext token-based parsing first...[0m
[0;36m[2025-10-18 17:58:33.351] [DEBUG] [AST] TypeContext::get_integer_type() called with kind=u64 is_signed=0[0m
[0;36m[2025-10-18 17:58:33.351] [DEBUG] [AST] Token parsing result for 'u64': u64 (kind=2)[0m
[0;36m[2025-10-18 17:58:33.351] [DEBUG] [AST] Successfully parsed 'u64' via TypeContext (token-based parsing)[0m
[0;36m[2025-10-18 17:58:33.351] [DEBUG] [AST] Visiting MemberAccessNode: member='align_size'[0m
[0;36m[2025-10-18 17:58:33.351] [DEBUG] [AST] Set 'this' type to: HeapManager*[0m
[0;36m[2025-10-18 17:58:33.351] [DEBUG] [AST] Member 'align_size' - using resolved type: HeapManager*[0m
[0;36m[2025-10-18 17:58:33.351] [DEBUG] [AST] Object type name: 'HeapManager*', kind: 7, checking if pointer[0m
[0;36m[2025-10-18 17:58:33.351] [DEBUG] [AST] Dereferencing pointer type to access member 'align_size' on type 'HeapManager'[0m
[0;36m[2025-10-18 17:58:33.351] [DEBUG] [AST] Looking up field 'align_size' in struct 'HeapManager'[0m
[0;36m[2025-10-18 17:58:33.351] [DEBUG] [AST] Found struct 'HeapManager' in _struct_fields with 4 fields[0m
[0;36m[2025-10-18 17:58:33.351] [DEBUG] [AST] Field 'align_size' NOT found in struct 'HeapManager'[0m
[0;36m[2025-10-18 17:58:33.351] [DEBUG] [AST] TypeContext::get_integer_type() called with kind=u64 is_signed=0[0m
[0;36m[2025-10-18 17:58:33.351] [DEBUG] [AST] TypeContext::get_integer_type() called with kind=u64 is_signed=0[0m
[0;36m[2025-10-18 17:58:33.351] [DEBUG] [AST] TypeContext::get_integer_type() called with kind=u64 is_signed=0[0m
[0;33m[2025-10-18 17:58:33.351] [WARN] [AST] FunctionType: Avoiding virtual function calls on parameter type at index 0 due to potential Type corruption, using 'void'[0m
[0;33m[2025-10-18 17:58:33.351] [WARN] [AST] FunctionType: Avoiding virtual function calls on parameter type at index 1 due to potential Type corruption, using 'void'[0m
[0;33m[2025-10-18 17:58:33.351] [WARN] [AST] FunctionType: Avoiding virtual function calls due to potential Type corruption, using 'void'[0m
[0;36m[2025-10-18 17:58:33.351] [DEBUG] [AST] Assignment compatibility check: u64 = u64 (TypeKinds: 2 vs 2)[0m
[0;36m[2025-10-18 17:58:33.352] [DEBUG] [AST] SKIPPED field registration for 'aligned_new_size': function parameter in struct 'HeapManager' (in_function=1)[0m
[0;36m[2025-10-18 17:58:33.352] [DEBUG] [AST] Visiting MemberAccessNode: member='size'[0m
[0;36m[2025-10-18 17:58:33.352] [DEBUG] [AST] Member 'size' - using resolved type: HeapBlock*[0m
[0;36m[2025-10-18 17:58:33.352] [DEBUG] [AST] Object type name: 'HeapBlock*', kind: 7, checking if pointer[0m
[0;36m[2025-10-18 17:58:33.352] [DEBUG] [AST] HEAPBLOCK DEBUG: type='HeapBlock*', kind=7 (7=Pointer, 10=Struct, 4=Class)[0m
[0;36m[2025-10-18 17:58:33.352] [DEBUG] [AST] Dereferencing pointer type to access member 'size' on type 'HeapBlock'[0m
[0;36m[2025-10-18 17:58:33.352] [DEBUG] [AST] Looking up field 'size' in struct 'HeapBlock'[0m
[0;36m[2025-10-18 17:58:33.352] [DEBUG] [AST] Found struct 'HeapBlock' in _struct_fields with 4 fields[0m
[0;36m[2025-10-18 17:58:33.352] [DEBUG] [AST] Resolved namespace symbol: Intrinsics::__printf__ with generic type: unknown (context: std::Runtime)[0m
[0;36m[2025-10-18 17:58:33.352] [DEBUG] [AST] Assignment compatibility check: void* = void* (TypeKinds: 7 vs 7)[0m
[0;36m[2025-10-18 17:58:33.352] [DEBUG] [AST] Checking pointer assignment: void* = void* (bases: 'void' vs 'void')[0m
[0;36m[2025-10-18 17:58:33.352] [DEBUG] [AST] Allowing assignment between same pointer types: void* = void*[0m
[0;36m[2025-10-18 17:58:33.352] [DEBUG] [AST] VariableDeclarationNode 'new_ptr' has type annotation: 'void*' (current_struct: 'HeapManager')[0m
[0;36m[2025-10-18 17:58:33.352] [DEBUG] [AST] resolve_type_with_generic_context: 'void*'[0m
[0;36m[2025-10-18 17:58:33.352] [DEBUG] [AST] Attempting direct type lookup for 'void*'[0m
[0;36m[2025-10-18 17:58:33.352] [DEBUG] [AST] Trying TypeContext token-based parsing first...[0m
[0;36m[2025-10-18 17:58:33.352] [DEBUG] [AST] Token parsing result for 'void*': void* (kind=7)[0m
[0;36m[2025-10-18 17:58:33.352] [DEBUG] [AST] Successfully parsed 'void*' via TypeContext (token-based parsing)[0m
[0;36m[2025-10-18 17:58:33.352] [DEBUG] [AST] CORRECT TYPE: Variable 'new_ptr' with annotation 'void*' resolved to type 'void*' (kind=7)[0m
[0;36m[2025-10-18 17:58:33.352] [DEBUG] [AST] Visiting MemberAccessNode: member='allocate'[0m
[0;36m[2025-10-18 17:58:33.352] [DEBUG] [AST] Set 'this' type to: HeapManager*[0m
[0;36m[2025-10-18 17:58:33.352] [DEBUG] [AST] Member 'allocate' - using resolved type: HeapManager*[0m
[0;36m[2025-10-18 17:58:33.352] [DEBUG] [AST] Object type name: 'HeapManager*', kind: 7, checking if pointer[0m
[0;36m[2025-10-18 17:58:33.352] [DEBUG] [AST] Dereferencing pointer type to access member 'allocate' on type 'HeapManager'[0m
[0;36m[2025-10-18 17:58:33.352] [DEBUG] [AST] Looking up field 'allocate' in struct 'HeapManager'[0m
[0;36m[2025-10-18 17:58:33.352] [DEBUG] [AST] Found struct 'HeapManager' in _struct_fields with 4 fields[0m
[0;36m[2025-10-18 17:58:33.352] [DEBUG] [AST] Field 'allocate' NOT found in struct 'HeapManager'[0m
[0;36m[2025-10-18 17:58:33.352] [DEBUG] [AST] Assignment compatibility check: void* = void* (TypeKinds: 7 vs 7)[0m
[0;36m[2025-10-18 17:58:33.352] [DEBUG] [AST] Checking pointer assignment: void* = void* (bases: 'void' vs 'void')[0m
[0;36m[2025-10-18 17:58:33.352] [DEBUG] [AST] Allowing assignment between same pointer types: void* = void*[0m
[0;36m[2025-10-18 17:58:33.352] [DEBUG] [AST] SKIPPED field registration for 'new_ptr': function parameter in struct 'HeapManager' (in_function=1)[0m
[0;36m[2025-10-18 17:58:33.352] [DEBUG] [AST] Assignment compatibility check: void* = null (TypeKinds: 7 vs 30)[0m
[0;36m[2025-10-18 17:58:33.352] [DEBUG] [AST] Allowing null assignment to nullable type void*[0m
[0;36m[2025-10-18 17:58:33.352] [DEBUG] [AST] Visiting MemberAccessNode: member='size'[0m
[0;36m[2025-10-18 17:58:33.352] [DEBUG] [AST] Member 'size' - using resolved type: HeapBlock*[0m
[0;36m[2025-10-18 17:58:33.352] [DEBUG] [AST] Object type name: 'HeapBlock*', kind: 7, checking if pointer[0m
[0;36m[2025-10-18 17:58:33.352] [DEBUG] [AST] HEAPBLOCK DEBUG: type='HeapBlock*', kind=7 (7=Pointer, 10=Struct, 4=Class)[0m
[0;36m[2025-10-18 17:58:33.352] [DEBUG] [AST] Dereferencing pointer type to access member 'size' on type 'HeapBlock'[0m
[0;36m[2025-10-18 17:58:33.352] [DEBUG] [AST] Looking up field 'size' in struct 'HeapBlock'[0m
[0;36m[2025-10-18 17:58:33.352] [DEBUG] [AST] Found struct 'HeapBlock' in _struct_fields with 4 fields[0m
[0;36m[2025-10-18 17:58:33.352] [DEBUG] [AST] Assignment compatibility check: void* = void* (TypeKinds: 7 vs 7)[0m
[0;36m[2025-10-18 17:58:33.352] [DEBUG] [AST] Checking pointer assignment: void* = void* (bases: 'void' vs 'void')[0m
[0;36m[2025-10-18 17:58:33.352] [DEBUG] [AST] Allowing assignment between same pointer types: void* = void*[0m
[0;36m[2025-10-18 17:58:33.352] [DEBUG] [AST] Assignment compatibility check: void* = void* (TypeKinds: 7 vs 7)[0m
[0;36m[2025-10-18 17:58:33.352] [DEBUG] [AST] Checking pointer assignment: void* = void* (bases: 'void' vs 'void')[0m
[0;36m[2025-10-18 17:58:33.352] [DEBUG] [AST] Allowing assignment between same pointer types: void* = void*[0m
[0;36m[2025-10-18 17:58:33.352] [DEBUG] [AST] Assignment compatibility check: u64 = u64 (TypeKinds: 2 vs 2)[0m
[0;36m[2025-10-18 17:58:33.352] [DEBUG] [AST] Visiting MemberAccessNode: member='deallocate'[0m
[0;36m[2025-10-18 17:58:33.352] [DEBUG] [AST] Set 'this' type to: HeapManager*[0m
[0;36m[2025-10-18 17:58:33.352] [DEBUG] [AST] Member 'deallocate' - using resolved type: HeapManager*[0m
[0;36m[2025-10-18 17:58:33.352] [DEBUG] [AST] Object type name: 'HeapManager*', kind: 7, checking if pointer[0m
[0;36m[2025-10-18 17:58:33.352] [DEBUG] [AST] Dereferencing pointer type to access member 'deallocate' on type 'HeapManager'[0m
[0;36m[2025-10-18 17:58:33.352] [DEBUG] [AST] Looking up field 'deallocate' in struct 'HeapManager'[0m
[0;36m[2025-10-18 17:58:33.352] [DEBUG] [AST] Found struct 'HeapManager' in _struct_fields with 4 fields[0m
[0;36m[2025-10-18 17:58:33.353] [DEBUG] [AST] Field 'deallocate' NOT found in struct 'HeapManager'[0m
[0;33m[2025-10-18 17:58:33.353] [WARN] [AST] FunctionType: Avoiding virtual function calls due to potential Type corruption, using 'void'[0m
[0;36m[2025-10-18 17:58:33.353] [DEBUG] [AST] Assignment compatibility check: void* = void* (TypeKinds: 7 vs 7)[0m
[0;36m[2025-10-18 17:58:33.353] [DEBUG] [AST] Checking pointer assignment: void* = void* (bases: 'void' vs 'void')[0m
[0;36m[2025-10-18 17:58:33.353] [DEBUG] [AST] Allowing assignment between same pointer types: void* = void*[0m
[0;33m[2025-10-18 17:58:33.353] [WARN] [AST] FunctionType: Avoiding virtual function calls on parameter type at index 0 due to potential Type corruption, using 'void'[0m
[0;33m[2025-10-18 17:58:33.353] [WARN] [AST] FunctionType: Avoiding virtual function calls on parameter type at index 1 due to potential Type corruption, using 'void'[0m
[0;33m[2025-10-18 17:58:33.353] [WARN] [AST] FunctionType: Avoiding virtual function calls due to potential Type corruption, using 'void'[0m
[0;36m[2025-10-18 17:58:33.353] [DEBUG] [AST] resolve_type_with_generic_context: 'u64'[0m
[0;36m[2025-10-18 17:58:33.353] [DEBUG] [AST] Attempting direct type lookup for 'u64'[0m
[0;36m[2025-10-18 17:58:33.353] [DEBUG] [AST] Trying TypeContext token-based parsing first...[0m
[0;36m[2025-10-18 17:58:33.353] [DEBUG] [AST] TypeContext::get_integer_type() called with kind=u64 is_signed=0[0m
[0;36m[2025-10-18 17:58:33.353] [DEBUG] [AST] Token parsing result for 'u64': u64 (kind=2)[0m
[0;36m[2025-10-18 17:58:33.353] [DEBUG] [AST] Successfully parsed 'u64' via TypeContext (token-based parsing)[0m
[0;36m[2025-10-18 17:58:33.353] [DEBUG] [AST] resolve_type_with_generic_context: 'void*'[0m
[0;36m[2025-10-18 17:58:33.353] [DEBUG] [AST] Attempting direct type lookup for 'void*'[0m
[0;36m[2025-10-18 17:58:33.353] [DEBUG] [AST] Trying TypeContext token-based parsing first...[0m
[0;36m[2025-10-18 17:58:33.353] [DEBUG] [AST] Token parsing result for 'void*': void* (kind=7)[0m
[0;36m[2025-10-18 17:58:33.353] [DEBUG] [AST] Successfully parsed 'void*' via TypeContext (token-based parsing)[0m
[0;33m[2025-10-18 17:58:33.353] [WARN] [AST] FunctionType: Avoiding virtual function calls on parameter type at index 0 due to potential Type corruption, using 'void'[0m
[0;33m[2025-10-18 17:58:33.353] [WARN] [AST] FunctionType: Avoiding virtual function calls due to potential Type corruption, using 'void'[0m
[0;36m[2025-10-18 17:58:33.353] [DEBUG] [AST] Created function type for 'deallocate' - is_variadic: 0[0m
[0;36m[2025-10-18 17:58:33.353] [DEBUG] [AST] Not found in main symbols, checking namespaces...[0m
[0;36m[2025-10-18 17:58:33.353] [DEBUG] [AST] VariableDeclarationNode '_ptr' has type annotation: 'void*' (current_struct: 'HeapManager')[0m
[0;36m[2025-10-18 17:58:33.353] [DEBUG] [AST] resolve_type_with_generic_context: 'void*'[0m
[0;36m[2025-10-18 17:58:33.353] [DEBUG] [AST] Attempting direct type lookup for 'void*'[0m
[0;36m[2025-10-18 17:58:33.353] [DEBUG] [AST] Trying TypeContext token-based parsing first...[0m
[0;36m[2025-10-18 17:58:33.353] [DEBUG] [AST] Token parsing result for 'void*': void* (kind=7)[0m
[0;36m[2025-10-18 17:58:33.353] [DEBUG] [AST] Successfully parsed 'void*' via TypeContext (token-based parsing)[0m
[0;36m[2025-10-18 17:58:33.353] [DEBUG] [AST] CORRECT TYPE: Variable '_ptr' with annotation 'void*' resolved to type 'void*' (kind=7)[0m
[0;36m[2025-10-18 17:58:33.353] [DEBUG] [AST] SKIPPED field registration for '_ptr': function parameter in struct 'HeapManager' (in_function=1)[0m
[0;36m[2025-10-18 17:58:33.353] [DEBUG] [AST] Resolved namespace symbol: Intrinsics::__printf__ with generic type: unknown (context: std::Runtime)[0m
[0;36m[2025-10-18 17:58:33.353] [DEBUG] [AST] Resolved namespace symbol: Intrinsics::__printf__ with generic type: unknown (context: std::Runtime)[0m
[0;36m[2025-10-18 17:58:33.353] [DEBUG] [AST] TypeContext::get_integer_type() called with kind=int is_signed=1[0m
[0;36m[2025-10-18 17:58:33.353] [DEBUG] [AST] TypeContext::get_integer_type() called with kind=u64 is_signed=0[0m
[0;36m[2025-10-18 17:58:33.353] [DEBUG] [AST] Assignment compatibility check: u64 = u64 (TypeKinds: 2 vs 2)[0m
[0;36m[2025-10-18 17:58:33.353] [DEBUG] [AST] VariableDeclarationNode 'block' has type annotation: 'HeapBlock*' (current_struct: 'HeapManager')[0m
[0;36m[2025-10-18 17:58:33.353] [DEBUG] [AST] resolve_type_with_generic_context: 'HeapBlock*'[0m
[0;36m[2025-10-18 17:58:33.353] [DEBUG] [AST] Attempting direct type lookup for 'HeapBlock*'[0m
[0;36m[2025-10-18 17:58:33.353] [DEBUG] [AST] Trying TypeContext token-based parsing first...[0m
[0;36m[2025-10-18 17:58:33.353] [DEBUG] [AST] Token parsing result for 'HeapBlock*': HeapBlock* (kind=7)[0m
[0;36m[2025-10-18 17:58:33.353] [DEBUG] [AST] Successfully parsed 'HeapBlock*' via TypeContext (token-based parsing)[0m
[0;36m[2025-10-18 17:58:33.353] [DEBUG] [AST] CORRECT TYPE: Variable 'block' with annotation 'HeapBlock*' resolved to type 'HeapBlock*' (kind=7)[0m
[0;36m[2025-10-18 17:58:33.353] [DEBUG] [AST] Visiting MemberAccessNode: member='get_block_from_ptr'[0m
[0;36m[2025-10-18 17:58:33.353] [DEBUG] [AST] Set 'this' type to: HeapManager*[0m
[0;36m[2025-10-18 17:58:33.353] [DEBUG] [AST] Member 'get_block_from_ptr' - using resolved type: HeapManager*[0m
[0;36m[2025-10-18 17:58:33.353] [DEBUG] [AST] Object type name: 'HeapManager*', kind: 7, checking if pointer[0m
[0;36m[2025-10-18 17:58:33.353] [DEBUG] [AST] Dereferencing pointer type to access member 'get_block_from_ptr' on type 'HeapManager'[0m
[0;36m[2025-10-18 17:58:33.353] [DEBUG] [AST] Looking up field 'get_block_from_ptr' in struct 'HeapManager'[0m
[0;36m[2025-10-18 17:58:33.353] [DEBUG] [AST] Found struct 'HeapManager' in _struct_fields with 4 fields[0m
[0;36m[2025-10-18 17:58:33.353] [DEBUG] [AST] Field 'get_block_from_ptr' NOT found in struct 'HeapManager'[0m
[0;33m[2025-10-18 17:58:33.353] [WARN] [AST] FunctionType: Avoiding virtual function calls on parameter type at index 0 due to potential Type corruption, using 'void'[0m
[0;33m[2025-10-18 17:58:33.353] [WARN] [AST] FunctionType: Avoiding virtual function calls due to potential Type corruption, using 'void'[0m
[0;36m[2025-10-18 17:58:33.353] [DEBUG] [AST] Assignment compatibility check: HeapBlock* = HeapBlock* (TypeKinds: 7 vs 7)[0m
[0;36m[2025-10-18 17:58:33.353] [DEBUG] [AST] Checking pointer assignment: HeapBlock* = HeapBlock* (bases: 'HeapBlock' vs 'HeapBlock')[0m
[0;36m[2025-10-18 17:58:33.353] [DEBUG] [AST] Allowing assignment between same pointer types: HeapBlock* = HeapBlock*[0m
[0;36m[2025-10-18 17:58:33.353] [DEBUG] [AST] SKIPPED field registration for 'block': function parameter in struct 'HeapManager' (in_function=1)[0m
[0;36m[2025-10-18 17:58:33.353] [DEBUG] [AST] Visiting MemberAccessNode: member='is_valid'[0m
[0;36m[2025-10-18 17:58:33.353] [DEBUG] [AST] Member 'is_valid' - using resolved type: HeapBlock*[0m
[0;36m[2025-10-18 17:58:33.353] [DEBUG] [AST] Object type name: 'HeapBlock*', kind: 7, checking if pointer[0m
[0;36m[2025-10-18 17:58:33.353] [DEBUG] [AST] HEAPBLOCK DEBUG: type='HeapBlock*', kind=7 (7=Pointer, 10=Struct, 4=Class)[0m
[0;36m[2025-10-18 17:58:33.353] [DEBUG] [AST] Dereferencing pointer type to access member 'is_valid' on type 'HeapBlock'[0m
[0;36m[2025-10-18 17:58:33.353] [DEBUG] [AST] Looking up field 'is_valid' in struct 'HeapBlock'[0m
[0;36m[2025-10-18 17:58:33.353] [DEBUG] [AST] Found struct 'HeapBlock' in _struct_fields with 4 fields[0m
[0;36m[2025-10-18 17:58:33.353] [DEBUG] [AST] Field 'is_valid' NOT found in struct 'HeapBlock'[0m
[0;36m[2025-10-18 17:58:33.353] [DEBUG] [AST] Resolved namespace symbol: Intrinsics::__printf__ with generic type: unknown (context: std::Runtime)[0m
[0;36m[2025-10-18 17:58:33.353] [DEBUG] [AST] TypeContext::get_integer_type() called with kind=int is_signed=1[0m
[0;36m[2025-10-18 17:58:33.354] [DEBUG] [AST] TypeContext::get_integer_type() called with kind=u64 is_signed=0[0m
[0;36m[2025-10-18 17:58:33.354] [DEBUG] [AST] Assignment compatibility check: u64 = u64 (TypeKinds: 2 vs 2)[0m
[0;36m[2025-10-18 17:58:33.354] [DEBUG] [AST] Visiting MemberAccessNode: member='is_free'[0m
[0;36m[2025-10-18 17:58:33.354] [DEBUG] [AST] Member 'is_free' - using resolved type: HeapBlock*[0m
[0;36m[2025-10-18 17:58:33.354] [DEBUG] [AST] Object type name: 'HeapBlock*', kind: 7, checking if pointer[0m
[0;36m[2025-10-18 17:58:33.354] [DEBUG] [AST] HEAPBLOCK DEBUG: type='HeapBlock*', kind=7 (7=Pointer, 10=Struct, 4=Class)[0m
[0;36m[2025-10-18 17:58:33.354] [DEBUG] [AST] Dereferencing pointer type to access member 'is_free' on type 'HeapBlock'[0m
[0;36m[2025-10-18 17:58:33.354] [DEBUG] [AST] Looking up field 'is_free' in struct 'HeapBlock'[0m
[0;36m[2025-10-18 17:58:33.354] [DEBUG] [AST] Found struct 'HeapBlock' in _struct_fields with 4 fields[0m
[0;36m[2025-10-18 17:58:33.354] [DEBUG] [AST] Field 'is_free' NOT found in struct 'HeapBlock'[0m
[0;36m[2025-10-18 17:58:33.354] [DEBUG] [AST] Resolved namespace symbol: Intrinsics::__printf__ with generic type: unknown (context: std::Runtime)[0m
[0;36m[2025-10-18 17:58:33.354] [DEBUG] [AST] Resolved namespace symbol: Intrinsics::__panic__ with generic type: unknown (context: std::Runtime)[0m
[0;36m[2025-10-18 17:58:33.354] [DEBUG] [AST] TypeContext::get_integer_type() called with kind=int is_signed=1[0m
[0;36m[2025-10-18 17:58:33.354] [DEBUG] [AST] TypeContext::get_integer_type() called with kind=u64 is_signed=0[0m
[0;36m[2025-10-18 17:58:33.354] [DEBUG] [AST] Assignment compatibility check: u64 = u64 (TypeKinds: 2 vs 2)[0m
[0;36m[2025-10-18 17:58:33.354] [DEBUG] [AST] VariableDeclarationNode 'block_size' has type annotation: 'u64' (current_struct: 'HeapManager')[0m
[0;36m[2025-10-18 17:58:33.354] [DEBUG] [AST] resolve_type_with_generic_context: 'u64'[0m
[0;36m[2025-10-18 17:58:33.354] [DEBUG] [AST] Attempting direct type lookup for 'u64'[0m
[0;36m[2025-10-18 17:58:33.354] [DEBUG] [AST] Trying TypeContext token-based parsing first...[0m
[0;36m[2025-10-18 17:58:33.354] [DEBUG] [AST] TypeContext::get_integer_type() called with kind=u64 is_signed=0[0m
[0;36m[2025-10-18 17:58:33.354] [DEBUG] [AST] Token parsing result for 'u64': u64 (kind=2)[0m
[0;36m[2025-10-18 17:58:33.354] [DEBUG] [AST] Successfully parsed 'u64' via TypeContext (token-based parsing)[0m
[0;36m[2025-10-18 17:58:33.354] [DEBUG] [AST] Visiting MemberAccessNode: member='size'[0m
[0;36m[2025-10-18 17:58:33.354] [DEBUG] [AST] Member 'size' - using resolved type: HeapBlock*[0m
[0;36m[2025-10-18 17:58:33.354] [DEBUG] [AST] Object type name: 'HeapBlock*', kind: 7, checking if pointer[0m
[0;36m[2025-10-18 17:58:33.354] [DEBUG] [AST] HEAPBLOCK DEBUG: type='HeapBlock*', kind=7 (7=Pointer, 10=Struct, 4=Class)[0m
[0;36m[2025-10-18 17:58:33.354] [DEBUG] [AST] Dereferencing pointer type to access member 'size' on type 'HeapBlock'[0m
[0;36m[2025-10-18 17:58:33.354] [DEBUG] [AST] Looking up field 'size' in struct 'HeapBlock'[0m
[0;36m[2025-10-18 17:58:33.354] [DEBUG] [AST] Found struct 'HeapBlock' in _struct_fields with 4 fields[0m
[0;36m[2025-10-18 17:58:33.354] [DEBUG] [AST] Assignment compatibility check: u64 = u64 (TypeKinds: 2 vs 2)[0m
[0;36m[2025-10-18 17:58:33.354] [DEBUG] [AST] SKIPPED field registration for 'block_size': function parameter in struct 'HeapManager' (in_function=1)[0m
[0;36m[2025-10-18 17:58:33.354] [DEBUG] [AST] Visiting MemberAccessNode: member='mark_free'[0m
[0;36m[2025-10-18 17:58:33.354] [DEBUG] [AST] Member 'mark_free' - using resolved type: HeapBlock*[0m
[0;36m[2025-10-18 17:58:33.354] [DEBUG] [AST] Object type name: 'HeapBlock*', kind: 7, checking if pointer[0m
[0;36m[2025-10-18 17:58:33.354] [DEBUG] [AST] HEAPBLOCK DEBUG: type='HeapBlock*', kind=7 (7=Pointer, 10=Struct, 4=Class)[0m
[0;36m[2025-10-18 17:58:33.354] [DEBUG] [AST] Dereferencing pointer type to access member 'mark_free' on type 'HeapBlock'[0m
[0;36m[2025-10-18 17:58:33.354] [DEBUG] [AST] Looking up field 'mark_free' in struct 'HeapBlock'[0m
[0;36m[2025-10-18 17:58:33.354] [DEBUG] [AST] Found struct 'HeapBlock' in _struct_fields with 4 fields[0m
[0;36m[2025-10-18 17:58:33.354] [DEBUG] [AST] Field 'mark_free' NOT found in struct 'HeapBlock'[0m
[0;36m[2025-10-18 17:58:33.354] [DEBUG] [AST] Visiting MemberAccessNode: member='add_block'[0m
[0;36m[2025-10-18 17:58:33.354] [DEBUG] [AST] Visiting MemberAccessNode: member='free_list'[0m
[0;36m[2025-10-18 17:58:33.354] [DEBUG] [AST] Set 'this' type to: HeapManager*[0m
[0;36m[2025-10-18 17:58:33.354] [DEBUG] [AST] Member 'free_list' - using resolved type: HeapManager*[0m
[0;36m[2025-10-18 17:58:33.354] [DEBUG] [AST] Object type name: 'HeapManager*', kind: 7, checking if pointer[0m
[0;36m[2025-10-18 17:58:33.354] [DEBUG] [AST] Dereferencing pointer type to access member 'free_list' on type 'HeapManager'[0m
[0;36m[2025-10-18 17:58:33.354] [DEBUG] [AST] Looking up field 'free_list' in struct 'HeapManager'[0m
[0;36m[2025-10-18 17:58:33.354] [DEBUG] [AST] Found struct 'HeapManager' in _struct_fields with 4 fields[0m
[0;36m[2025-10-18 17:58:33.354] [DEBUG] [AST] Member 'add_block' - using resolved type: FreeListManager[0m
[0;36m[2025-10-18 17:58:33.354] [DEBUG] [AST] Object type name: 'FreeListManager', kind: 10, checking if pointer[0m
[0;36m[2025-10-18 17:58:33.354] [DEBUG] [AST] Object type 'FreeListManager' is not a pointer, kind: 10[0m
[0;36m[2025-10-18 17:58:33.354] [DEBUG] [AST] Looking up field 'add_block' in struct 'FreeListManager'[0m
[0;36m[2025-10-18 17:58:33.354] [DEBUG] [AST] Found struct 'FreeListManager' in _struct_fields with 1 fields[0m
[0;36m[2025-10-18 17:58:33.354] [DEBUG] [AST] Field 'add_block' NOT found in struct 'FreeListManager'[0m
[0;36m[2025-10-18 17:58:33.354] [DEBUG] [AST] Visiting MemberAccessNode: member='coalesce_block'[0m
[0;36m[2025-10-18 17:58:33.354] [DEBUG] [AST] Set 'this' type to: HeapManager*[0m
[0;36m[2025-10-18 17:58:33.354] [DEBUG] [AST] Member 'coalesce_block' - using resolved type: HeapManager*[0m
[0;36m[2025-10-18 17:58:33.354] [DEBUG] [AST] Object type name: 'HeapManager*', kind: 7, checking if pointer[0m
[0;36m[2025-10-18 17:58:33.354] [DEBUG] [AST] Dereferencing pointer type to access member 'coalesce_block' on type 'HeapManager'[0m
[0;36m[2025-10-18 17:58:33.354] [DEBUG] [AST] Looking up field 'coalesce_block' in struct 'HeapManager'[0m
[0;36m[2025-10-18 17:58:33.354] [DEBUG] [AST] Found struct 'HeapManager' in _struct_fields with 4 fields[0m
[0;36m[2025-10-18 17:58:33.354] [DEBUG] [AST] Field 'coalesce_block' NOT found in struct 'HeapManager'[0m
[0;33m[2025-10-18 17:58:33.354] [WARN] [AST] FunctionType: Avoiding virtual function calls on parameter type at index 0 due to potential Type corruption, using 'void'[0m
[0;33m[2025-10-18 17:58:33.354] [WARN] [AST] FunctionType: Avoiding virtual function calls due to potential Type corruption, using 'void'[0m
[0;36m[2025-10-18 17:58:33.354] [DEBUG] [AST] Resolved namespace symbol: Intrinsics::__printf__ with generic type: unknown (context: std::Runtime)[0m
[0;36m[2025-10-18 17:58:33.354] [DEBUG] [AST] Assignment compatibility check: u64 = u64 (TypeKinds: 2 vs 2)[0m
[0;33m[2025-10-18 17:58:33.355] [WARN] [AST] FunctionType: Avoiding virtual function calls on parameter type at index 0 due to potential Type corruption, using 'void'[0m
[0;33m[2025-10-18 17:58:33.355] [WARN] [AST] FunctionType: Avoiding virtual function calls due to potential Type corruption, using 'void'[0m
[0;36m[2025-10-18 17:58:33.355] [DEBUG] [AST] resolve_type_with_generic_context: 'void'[0m
[0;36m[2025-10-18 17:58:33.355] [DEBUG] [AST] Attempting direct type lookup for 'void'[0m
[0;36m[2025-10-18 17:58:33.355] [DEBUG] [AST] Trying TypeContext token-based parsing first...[0m
[0;36m[2025-10-18 17:58:33.355] [DEBUG] [AST] Token parsing result for 'void': void (kind=0)[0m
[0;36m[2025-10-18 17:58:33.355] [DEBUG] [AST] Successfully parsed 'void' via TypeContext (token-based parsing)[0m
[0;33m[2025-10-18 17:58:33.355] [WARN] [AST] FunctionType: Avoiding virtual function calls due to potential Type corruption, using 'void'[0m
[0;36m[2025-10-18 17:58:33.355] [DEBUG] [AST] Created function type for 'shutdown' - is_variadic: 0[0m
[0;36m[2025-10-18 17:58:33.355] [DEBUG] [AST] Not found in main symbols, checking namespaces...[0m
[0;36m[2025-10-18 17:58:33.355] [DEBUG] [AST] Visiting MemberAccessNode: member='is_initialized'[0m
[0;36m[2025-10-18 17:58:33.355] [DEBUG] [AST] Set 'this' type to: HeapManager*[0m
[0;36m[2025-10-18 17:58:33.355] [DEBUG] [AST] Member 'is_initialized' - using resolved type: HeapManager*[0m
[0;36m[2025-10-18 17:58:33.355] [DEBUG] [AST] Object type name: 'HeapManager*', kind: 7, checking if pointer[0m
[0;36m[2025-10-18 17:58:33.355] [DEBUG] [AST] Dereferencing pointer type to access member 'is_initialized' on type 'HeapManager'[0m
[0;36m[2025-10-18 17:58:33.355] [DEBUG] [AST] Looking up field 'is_initialized' in struct 'HeapManager'[0m
[0;36m[2025-10-18 17:58:33.355] [DEBUG] [AST] Found struct 'HeapManager' in _struct_fields with 4 fields[0m
[0;36m[2025-10-18 17:58:33.355] [DEBUG] [AST] Visiting MemberAccessNode: member='heap_base'[0m
[0;36m[2025-10-18 17:58:33.355] [DEBUG] [AST] Set 'this' type to: HeapManager*[0m
[0;36m[2025-10-18 17:58:33.355] [DEBUG] [AST] Member 'heap_base' - using resolved type: HeapManager*[0m
[0;36m[2025-10-18 17:58:33.355] [DEBUG] [AST] Object type name: 'HeapManager*', kind: 7, checking if pointer[0m
[0;36m[2025-10-18 17:58:33.355] [DEBUG] [AST] Dereferencing pointer type to access member 'heap_base' on type 'HeapManager'[0m
[0;36m[2025-10-18 17:58:33.355] [DEBUG] [AST] Looking up field 'heap_base' in struct 'HeapManager'[0m
[0;36m[2025-10-18 17:58:33.355] [DEBUG] [AST] Found struct 'HeapManager' in _struct_fields with 4 fields[0m
[0;36m[2025-10-18 17:58:33.355] [DEBUG] [AST] Resolved namespace symbol: Intrinsics::__munmap__ with generic type: unknown (context: std::Runtime)[0m
[0;36m[2025-10-18 17:58:33.355] [DEBUG] [AST] Visiting MemberAccessNode: member='heap_base'[0m
[0;36m[2025-10-18 17:58:33.355] [DEBUG] [AST] Set 'this' type to: HeapManager*[0m
[0;36m[2025-10-18 17:58:33.355] [DEBUG] [AST] Member 'heap_base' - using resolved type: HeapManager*[0m
[0;36m[2025-10-18 17:58:33.355] [DEBUG] [AST] Object type name: 'HeapManager*', kind: 7, checking if pointer[0m
[0;36m[2025-10-18 17:58:33.355] [DEBUG] [AST] Dereferencing pointer type to access member 'heap_base' on type 'HeapManager'[0m
[0;36m[2025-10-18 17:58:33.355] [DEBUG] [AST] Looking up field 'heap_base' in struct 'HeapManager'[0m
[0;36m[2025-10-18 17:58:33.355] [DEBUG] [AST] Found struct 'HeapManager' in _struct_fields with 4 fields[0m
[0;36m[2025-10-18 17:58:33.355] [DEBUG] [AST] Visiting MemberAccessNode: member='heap_size'[0m
[0;36m[2025-10-18 17:58:33.355] [DEBUG] [AST] Set 'this' type to: HeapManager*[0m
[0;36m[2025-10-18 17:58:33.355] [DEBUG] [AST] Member 'heap_size' - using resolved type: HeapManager*[0m
[0;36m[2025-10-18 17:58:33.355] [DEBUG] [AST] Object type name: 'HeapManager*', kind: 7, checking if pointer[0m
[0;36m[2025-10-18 17:58:33.355] [DEBUG] [AST] Dereferencing pointer type to access member 'heap_size' on type 'HeapManager'[0m
[0;36m[2025-10-18 17:58:33.355] [DEBUG] [AST] Looking up field 'heap_size' in struct 'HeapManager'[0m
[0;36m[2025-10-18 17:58:33.355] [DEBUG] [AST] Found struct 'HeapManager' in _struct_fields with 4 fields[0m
[0;36m[2025-10-18 17:58:33.355] [DEBUG] [AST] Visiting MemberAccessNode: member='heap_base'[0m
[0;36m[2025-10-18 17:58:33.355] [DEBUG] [AST] Set 'this' type to: HeapManager*[0m
[0;36m[2025-10-18 17:58:33.355] [DEBUG] [AST] Member 'heap_base' - using resolved type: HeapManager*[0m
[0;36m[2025-10-18 17:58:33.355] [DEBUG] [AST] Object type name: 'HeapManager*', kind: 7, checking if pointer[0m
[0;36m[2025-10-18 17:58:33.355] [DEBUG] [AST] Dereferencing pointer type to access member 'heap_base' on type 'HeapManager'[0m
[0;36m[2025-10-18 17:58:33.355] [DEBUG] [AST] Looking up field 'heap_base' in struct 'HeapManager'[0m
[0;36m[2025-10-18 17:58:33.355] [DEBUG] [AST] Found struct 'HeapManager' in _struct_fields with 4 fields[0m
[0;36m[2025-10-18 17:58:33.355] [DEBUG] [AST] Assignment compatibility check: void* = null (TypeKinds: 7 vs 30)[0m
[0;36m[2025-10-18 17:58:33.355] [DEBUG] [AST] Allowing null assignment to nullable type void*[0m
[0;36m[2025-10-18 17:58:33.355] [DEBUG] [AST] Visiting MemberAccessNode: member='is_initialized'[0m
[0;36m[2025-10-18 17:58:33.355] [DEBUG] [AST] Set 'this' type to: HeapManager*[0m
[0;36m[2025-10-18 17:58:33.355] [DEBUG] [AST] Member 'is_initialized' - using resolved type: HeapManager*[0m
[0;36m[2025-10-18 17:58:33.355] [DEBUG] [AST] Object type name: 'HeapManager*', kind: 7, checking if pointer[0m
[0;36m[2025-10-18 17:58:33.355] [DEBUG] [AST] Dereferencing pointer type to access member 'is_initialized' on type 'HeapManager'[0m
[0;36m[2025-10-18 17:58:33.355] [DEBUG] [AST] Looking up field 'is_initialized' in struct 'HeapManager'[0m
[0;36m[2025-10-18 17:58:33.355] [DEBUG] [AST] Found struct 'HeapManager' in _struct_fields with 4 fields[0m
[0;36m[2025-10-18 17:58:33.355] [DEBUG] [AST] Assignment compatibility check: boolean = boolean (TypeKinds: 1 vs 1)[0m
[0;36m[2025-10-18 17:58:33.355] [DEBUG] [AST] Resolved namespace symbol: Intrinsics::__printf__ with generic type: unknown (context: std::Runtime)[0m
[0;36m[2025-10-18 17:58:33.355] [DEBUG] [AST] Visiting MemberAccessNode: member='heap_base'[0m
[0;36m[2025-10-18 17:58:33.355] [DEBUG] [AST] Set 'this' type to: HeapManager*[0m
[0;36m[2025-10-18 17:58:33.355] [DEBUG] [AST] Member 'heap_base' - using resolved type: HeapManager*[0m
[0;36m[2025-10-18 17:58:33.355] [DEBUG] [AST] Object type name: 'HeapManager*', kind: 7, checking if pointer[0m
[0;36m[2025-10-18 17:58:33.355] [DEBUG] [AST] Dereferencing pointer type to access member 'heap_base' on type 'HeapManager'[0m
[0;36m[2025-10-18 17:58:33.355] [DEBUG] [AST] Looking up field 'heap_base' in struct 'HeapManager'[0m
[0;36m[2025-10-18 17:58:33.355] [DEBUG] [AST] Found struct 'HeapManager' in _struct_fields with 4 fields[0m
[0;36m[2025-10-18 17:58:33.355] [DEBUG] [AST] Resolved namespace symbol: Intrinsics::__printf__ with generic type: unknown (context: std::Runtime)[0m
[0;36m[2025-10-18 17:58:33.355] [DEBUG] [AST] Visiting MemberAccessNode: member='is_initialized'[0m
[0;36m[2025-10-18 17:58:33.355] [DEBUG] [AST] Set 'this' type to: HeapManager*[0m
[0;36m[2025-10-18 17:58:33.355] [DEBUG] [AST] Member 'is_initialized' - using resolved type: HeapManager*[0m
[0;36m[2025-10-18 17:58:33.355] [DEBUG] [AST] Object type name: 'HeapManager*', kind: 7, checking if pointer[0m
[0;36m[2025-10-18 17:58:33.355] [DEBUG] [AST] Dereferencing pointer type to access member 'is_initialized' on type 'HeapManager'[0m
[0;36m[2025-10-18 17:58:33.355] [DEBUG] [AST] Looking up field 'is_initialized' in struct 'HeapManager'[0m
[0;36m[2025-10-18 17:58:33.355] [DEBUG] [AST] Found struct 'HeapManager' in _struct_fields with 4 fields[0m
[0;36m[2025-10-18 17:58:33.355] [DEBUG] [AST] Resolved namespace symbol: Intrinsics::__printf__ with generic type: unknown (context: std::Runtime)[0m
[0;36m[2025-10-18 17:58:33.355] [DEBUG] [AST] Resolved namespace symbol: Intrinsics::__printf__ with generic type: unknown (context: std::Runtime)[0m
[0;33m[2025-10-18 17:58:33.355] [WARN] [AST] FunctionType: Avoiding virtual function calls due to potential Type corruption, using 'void'[0m
[0;36m[2025-10-18 17:58:33.355] [DEBUG] [AST] resolve_type_with_generic_context: 'u64'[0m
[0;36m[2025-10-18 17:58:33.355] [DEBUG] [AST] Attempting direct type lookup for 'u64'[0m
[0;36m[2025-10-18 17:58:33.355] [DEBUG] [AST] Trying TypeContext token-based parsing first...[0m
[0;36m[2025-10-18 17:58:33.355] [DEBUG] [AST] TypeContext::get_integer_type() called with kind=u64 is_signed=0[0m
[0;36m[2025-10-18 17:58:33.356] [DEBUG] [AST] Token parsing result for 'u64': u64 (kind=2)[0m
[0;36m[2025-10-18 17:58:33.356] [DEBUG] [AST] Successfully parsed 'u64' via TypeContext (token-based parsing)[0m
[0;36m[2025-10-18 17:58:33.356] [DEBUG] [AST] resolve_type_with_generic_context: 'u64'[0m
[0;36m[2025-10-18 17:58:33.356] [DEBUG] [AST] Attempting direct type lookup for 'u64'[0m
[0;36m[2025-10-18 17:58:33.356] [DEBUG] [AST] Trying TypeContext token-based parsing first...[0m
[0;36m[2025-10-18 17:58:33.356] [DEBUG] [AST] TypeContext::get_integer_type() called with kind=u64 is_signed=0[0m
[0;36m[2025-10-18 17:58:33.356] [DEBUG] [AST] Token parsing result for 'u64': u64 (kind=2)[0m
[0;36m[2025-10-18 17:58:33.356] [DEBUG] [AST] Successfully parsed 'u64' via TypeContext (token-based parsing)[0m
[0;36m[2025-10-18 17:58:33.356] [DEBUG] [AST] resolve_type_with_generic_context: 'u64'[0m
[0;36m[2025-10-18 17:58:33.356] [DEBUG] [AST] Attempting direct type lookup for 'u64'[0m
[0;36m[2025-10-18 17:58:33.356] [DEBUG] [AST] Trying TypeContext token-based parsing first...[0m
[0;36m[2025-10-18 17:58:33.356] [DEBUG] [AST] TypeContext::get_integer_type() called with kind=u64 is_signed=0[0m
[0;36m[2025-10-18 17:58:33.356] [DEBUG] [AST] Token parsing result for 'u64': u64 (kind=2)[0m
[0;36m[2025-10-18 17:58:33.356] [DEBUG] [AST] Successfully parsed 'u64' via TypeContext (token-based parsing)[0m
[0;33m[2025-10-18 17:58:33.356] [WARN] [AST] FunctionType: Avoiding virtual function calls on parameter type at index 0 due to potential Type corruption, using 'void'[0m
[0;33m[2025-10-18 17:58:33.356] [WARN] [AST] FunctionType: Avoiding virtual function calls on parameter type at index 1 due to potential Type corruption, using 'void'[0m
[0;33m[2025-10-18 17:58:33.356] [WARN] [AST] FunctionType: Avoiding virtual function calls due to potential Type corruption, using 'void'[0m
[0;36m[2025-10-18 17:58:33.356] [DEBUG] [AST] Created function type for 'align_size' - is_variadic: 0[0m
[0;36m[2025-10-18 17:58:33.356] [DEBUG] [AST] Not found in main symbols, checking namespaces...[0m
[0;36m[2025-10-18 17:58:33.356] [DEBUG] [AST] VariableDeclarationNode 'size' has type annotation: 'u64' (current_struct: 'HeapManager')[0m
[0;36m[2025-10-18 17:58:33.356] [DEBUG] [AST] resolve_type_with_generic_context: 'u64'[0m
[0;36m[2025-10-18 17:58:33.356] [DEBUG] [AST] Attempting direct type lookup for 'u64'[0m
[0;36m[2025-10-18 17:58:33.356] [DEBUG] [AST] Trying TypeContext token-based parsing first...[0m
[0;36m[2025-10-18 17:58:33.356] [DEBUG] [AST] TypeContext::get_integer_type() called with kind=u64 is_signed=0[0m
[0;36m[2025-10-18 17:58:33.356] [DEBUG] [AST] Token parsing result for 'u64': u64 (kind=2)[0m
[0;36m[2025-10-18 17:58:33.356] [DEBUG] [AST] Successfully parsed 'u64' via TypeContext (token-based parsing)[0m
[0;36m[2025-10-18 17:58:33.356] [DEBUG] [AST] SKIPPED field registration for 'size': function parameter in struct 'HeapManager' (in_function=1)[0m
[0;36m[2025-10-18 17:58:33.356] [DEBUG] [AST] VariableDeclarationNode 'alignment' has type annotation: 'u64' (current_struct: 'HeapManager')[0m
[0;36m[2025-10-18 17:58:33.356] [DEBUG] [AST] resolve_type_with_generic_context: 'u64'[0m
[0;36m[2025-10-18 17:58:33.356] [DEBUG] [AST] Attempting direct type lookup for 'u64'[0m
[0;36m[2025-10-18 17:58:33.356] [DEBUG] [AST] Trying TypeContext token-based parsing first...[0m
[0;36m[2025-10-18 17:58:33.356] [DEBUG] [AST] TypeContext::get_integer_type() called with kind=u64 is_signed=0[0m
[0;36m[2025-10-18 17:58:33.356] [DEBUG] [AST] Token parsing result for 'u64': u64 (kind=2)[0m
[0;36m[2025-10-18 17:58:33.356] [DEBUG] [AST] Successfully parsed 'u64' via TypeContext (token-based parsing)[0m
[0;36m[2025-10-18 17:58:33.356] [DEBUG] [AST] SKIPPED field registration for 'alignment': function parameter in struct 'HeapManager' (in_function=1)[0m
[0;36m[2025-10-18 17:58:33.356] [DEBUG] [AST] TypeContext::get_integer_type() called with kind=int is_signed=1[0m
[0;36m[2025-10-18 17:58:33.356] [DEBUG] [AST] Resolved namespace symbol: Intrinsics::__printf__ with generic type: unknown (context: std::Runtime)[0m
[0;36m[2025-10-18 17:58:33.356] [DEBUG] [AST] Assignment compatibility check: u64 = u64 (TypeKinds: 2 vs 2)[0m
[0;36m[2025-10-18 17:58:33.356] [DEBUG] [AST] Resolved namespace symbol: Intrinsics::__printf__ with generic type: unknown (context: std::Runtime)[0m
[0;36m[2025-10-18 17:58:33.356] [DEBUG] [AST] VariableDeclarationNode 'size_plus_align' has type annotation: 'u64' (current_struct: 'HeapManager')[0m
[0;36m[2025-10-18 17:58:33.356] [DEBUG] [AST] resolve_type_with_generic_context: 'u64'[0m
[0;36m[2025-10-18 17:58:33.356] [DEBUG] [AST] Attempting direct type lookup for 'u64'[0m
[0;36m[2025-10-18 17:58:33.356] [DEBUG] [AST] Trying TypeContext token-based parsing first...[0m
[0;36m[2025-10-18 17:58:33.356] [DEBUG] [AST] TypeContext::get_integer_type() called with kind=u64 is_signed=0[0m
[0;36m[2025-10-18 17:58:33.356] [DEBUG] [AST] Token parsing result for 'u64': u64 (kind=2)[0m
[0;36m[2025-10-18 17:58:33.356] [DEBUG] [AST] Successfully parsed 'u64' via TypeContext (token-based parsing)[0m
[0;36m[2025-10-18 17:58:33.356] [DEBUG] [AST] Assignment compatibility check: u64 = u64 (TypeKinds: 2 vs 2)[0m
[0;36m[2025-10-18 17:58:33.356] [DEBUG] [AST] SKIPPED field registration for 'size_plus_align': function parameter in struct 'HeapManager' (in_function=1)[0m
[0;36m[2025-10-18 17:58:33.356] [DEBUG] [AST] VariableDeclarationNode 'size_plus_align_minus_1' has type annotation: 'u64' (current_struct: 'HeapManager')[0m
[0;36m[2025-10-18 17:58:33.356] [DEBUG] [AST] resolve_type_with_generic_context: 'u64'[0m
[0;36m[2025-10-18 17:58:33.356] [DEBUG] [AST] Attempting direct type lookup for 'u64'[0m
[0;36m[2025-10-18 17:58:33.356] [DEBUG] [AST] Trying TypeContext token-based parsing first...[0m
[0;36m[2025-10-18 17:58:33.356] [DEBUG] [AST] TypeContext::get_integer_type() called with kind=u64 is_signed=0[0m
[0;36m[2025-10-18 17:58:33.356] [DEBUG] [AST] Token parsing result for 'u64': u64 (kind=2)[0m
[0;36m[2025-10-18 17:58:33.356] [DEBUG] [AST] Successfully parsed 'u64' via TypeContext (token-based parsing)[0m
[0;36m[2025-10-18 17:58:33.356] [DEBUG] [AST] TypeContext::get_integer_type() called with kind=int is_signed=1[0m
[0;36m[2025-10-18 17:58:33.356] [DEBUG] [AST] TypeContext::get_integer_type() called with kind=u64 is_signed=0[0m
[0;36m[2025-10-18 17:58:33.356] [DEBUG] [AST] Assignment compatibility check: u64 = u64 (TypeKinds: 2 vs 2)[0m
[0;36m[2025-10-18 17:58:33.356] [DEBUG] [AST] SKIPPED field registration for 'size_plus_align_minus_1': function parameter in struct 'HeapManager' (in_function=1)[0m
[0;36m[2025-10-18 17:58:33.356] [DEBUG] [AST] VariableDeclarationNode 'divided' has type annotation: 'u64' (current_struct: 'HeapManager')[0m
[0;36m[2025-10-18 17:58:33.356] [DEBUG] [AST] resolve_type_with_generic_context: 'u64'[0m
[0;36m[2025-10-18 17:58:33.356] [DEBUG] [AST] Attempting direct type lookup for 'u64'[0m
[0;36m[2025-10-18 17:58:33.356] [DEBUG] [AST] Trying TypeContext token-based parsing first...[0m
[0;36m[2025-10-18 17:58:33.356] [DEBUG] [AST] TypeContext::get_integer_type() called with kind=u64 is_signed=0[0m
[0;36m[2025-10-18 17:58:33.356] [DEBUG] [AST] Token parsing result for 'u64': u64 (kind=2)[0m
[0;36m[2025-10-18 17:58:33.356] [DEBUG] [AST] Successfully parsed 'u64' via TypeContext (token-based parsing)[0m
[0;36m[2025-10-18 17:58:33.356] [DEBUG] [AST] Assignment compatibility check: u64 = u64 (TypeKinds: 2 vs 2)[0m
[0;36m[2025-10-18 17:58:33.356] [DEBUG] [AST] SKIPPED field registration for 'divided': function parameter in struct 'HeapManager' (in_function=1)[0m
[0;36m[2025-10-18 17:58:33.356] [DEBUG] [AST] VariableDeclarationNode 'aligned' has type annotation: 'u64' (current_struct: 'HeapManager')[0m
[0;36m[2025-10-18 17:58:33.356] [DEBUG] [AST] resolve_type_with_generic_context: 'u64'[0m
[0;36m[2025-10-18 17:58:33.356] [DEBUG] [AST] Attempting direct type lookup for 'u64'[0m
[0;36m[2025-10-18 17:58:33.356] [DEBUG] [AST] Trying TypeContext token-based parsing first...[0m
[0;36m[2025-10-18 17:58:33.356] [DEBUG] [AST] TypeContext::get_integer_type() called with kind=u64 is_signed=0[0m
[0;36m[2025-10-18 17:58:33.356] [DEBUG] [AST] Token parsing result for 'u64': u64 (kind=2)[0m
[0;36m[2025-10-18 17:58:33.356] [DEBUG] [AST] Successfully parsed 'u64' via TypeContext (token-based parsing)[0m
[0;36m[2025-10-18 17:58:33.356] [DEBUG] [AST] Assignment compatibility check: u64 = u64 (TypeKinds: 2 vs 2)[0m
[0;36m[2025-10-18 17:58:33.356] [DEBUG] [AST] SKIPPED field registration for 'aligned': function parameter in struct 'HeapManager' (in_function=1)[0m
[0;36m[2025-10-18 17:58:33.356] [DEBUG] [AST] Assignment compatibility check: u64 = u64 (TypeKinds: 2 vs 2)[0m
[0;33m[2025-10-18 17:58:33.356] [WARN] [AST] FunctionType: Avoiding virtual function calls on parameter type at index 0 due to potential Type corruption, using 'void'[0m
[0;33m[2025-10-18 17:58:33.356] [WARN] [AST] FunctionType: Avoiding virtual function calls on parameter type at index 1 due to potential Type corruption, using 'void'[0m
[0;33m[2025-10-18 17:58:33.356] [WARN] [AST] FunctionType: Avoiding virtual function calls due to potential Type corruption, using 'void'[0m
[0;36m[2025-10-18 17:58:33.356] [DEBUG] [AST] Registering private method 'align_size' for struct 'HeapManager'[0m
[0;36m[2025-10-18 17:58:33.356] [DEBUG] [AST] resolve_type_with_generic_context: 'HeapBlock*'[0m
[0;36m[2025-10-18 17:58:33.356] [DEBUG] [AST] Attempting direct type lookup for 'HeapBlock*'[0m
[0;36m[2025-10-18 17:58:33.356] [DEBUG] [AST] Trying TypeContext token-based parsing first...[0m
[0;36m[2025-10-18 17:58:33.356] [DEBUG] [AST] Token parsing result for 'HeapBlock*': HeapBlock* (kind=7)[0m
[0;36m[2025-10-18 17:58:33.356] [DEBUG] [AST] Successfully parsed 'HeapBlock*' via TypeContext (token-based parsing)[0m
[0;36m[2025-10-18 17:58:33.356] [DEBUG] [AST] resolve_type_with_generic_context: 'void*'[0m
[0;36m[2025-10-18 17:58:33.356] [DEBUG] [AST] Attempting direct type lookup for 'void*'[0m
[0;36m[2025-10-18 17:58:33.356] [DEBUG] [AST] Trying TypeContext token-based parsing first...[0m
[0;36m[2025-10-18 17:58:33.357] [DEBUG] [AST] Token parsing result for 'void*': void* (kind=7)[0m
[0;36m[2025-10-18 17:58:33.357] [DEBUG] [AST] Successfully parsed 'void*' via TypeContext (token-based parsing)[0m
[0;33m[2025-10-18 17:58:33.357] [WARN] [AST] FunctionType: Avoiding virtual function calls on parameter type at index 0 due to potential Type corruption, using 'void'[0m
[0;33m[2025-10-18 17:58:33.357] [WARN] [AST] FunctionType: Avoiding virtual function calls due to potential Type corruption, using 'void'[0m
[0;36m[2025-10-18 17:58:33.357] [DEBUG] [AST] Created function type for 'get_block_from_ptr' - is_variadic: 0[0m
[0;36m[2025-10-18 17:58:33.357] [DEBUG] [AST] Not found in main symbols, checking namespaces...[0m
[0;36m[2025-10-18 17:58:33.357] [DEBUG] [AST] VariableDeclarationNode 'ptr' has type annotation: 'void*' (current_struct: 'HeapManager')[0m
[0;36m[2025-10-18 17:58:33.357] [DEBUG] [AST] resolve_type_with_generic_context: 'void*'[0m
[0;36m[2025-10-18 17:58:33.357] [DEBUG] [AST] Attempting direct type lookup for 'void*'[0m
[0;36m[2025-10-18 17:58:33.357] [DEBUG] [AST] Trying TypeContext token-based parsing first...[0m
[0;36m[2025-10-18 17:58:33.357] [DEBUG] [AST] Token parsing result for 'void*': void* (kind=7)[0m
[0;36m[2025-10-18 17:58:33.357] [DEBUG] [AST] Successfully parsed 'void*' via TypeContext (token-based parsing)[0m
[0;36m[2025-10-18 17:58:33.357] [DEBUG] [AST] CORRECT TYPE: Variable 'ptr' with annotation 'void*' resolved to type 'void*' (kind=7)[0m
[0;36m[2025-10-18 17:58:33.357] [DEBUG] [AST] SKIPPED field registration for 'ptr': function parameter in struct 'HeapManager' (in_function=1)[0m
[0;36m[2025-10-18 17:58:33.357] [DEBUG] [AST] Resolved namespace symbol: Intrinsics::__printf__ with generic type: unknown (context: std::Runtime)[0m
[0;36m[2025-10-18 17:58:33.357] [DEBUG] [AST] VariableDeclarationNode 'header_size' has type annotation: 'u64' (current_struct: 'HeapManager')[0m
[0;36m[2025-10-18 17:58:33.357] [DEBUG] [AST] resolve_type_with_generic_context: 'u64'[0m
[0;36m[2025-10-18 17:58:33.357] [DEBUG] [AST] Attempting direct type lookup for 'u64'[0m
[0;36m[2025-10-18 17:58:33.357] [DEBUG] [AST] Trying TypeContext token-based parsing first...[0m
[0;36m[2025-10-18 17:58:33.357] [DEBUG] [AST] TypeContext::get_integer_type() called with kind=u64 is_signed=0[0m
[0;36m[2025-10-18 17:58:33.357] [DEBUG] [AST] Token parsing result for 'u64': u64 (kind=2)[0m
[0;36m[2025-10-18 17:58:33.357] [DEBUG] [AST] Successfully parsed 'u64' via TypeContext (token-based parsing)[0m
[0;36m[2025-10-18 17:58:33.357] [DEBUG] [AST] SKIPPED field registration for 'header_size': function parameter in struct 'HeapManager' (in_function=1)[0m
[0;36m[2025-10-18 17:58:33.357] [DEBUG] [AST] Resolved namespace symbol: Intrinsics::__ptr_sub__ with generic type: unknown (context: std::Runtime)[0m
[0;36m[2025-10-18 17:58:33.357] [DEBUG] [AST] Assignment compatibility check: HeapBlock* = unknown (TypeKinds: 7 vs 28)[0m
[0;33m[2025-10-18 17:58:33.357] [WARN] [AST] FunctionType: Avoiding virtual function calls on parameter type at index 0 due to potential Type corruption, using 'void'[0m
[0;33m[2025-10-18 17:58:33.357] [WARN] [AST] FunctionType: Avoiding virtual function calls due to potential Type corruption, using 'void'[0m
[0;36m[2025-10-18 17:58:33.357] [DEBUG] [AST] Registering private method 'get_block_from_ptr' for struct 'HeapManager'[0m
[0;36m[2025-10-18 17:58:33.357] [DEBUG] [AST] resolve_type_with_generic_context: 'void'[0m
[0;36m[2025-10-18 17:58:33.357] [DEBUG] [AST] Attempting direct type lookup for 'void'[0m
[0;36m[2025-10-18 17:58:33.357] [DEBUG] [AST] Trying TypeContext token-based parsing first...[0m
[0;36m[2025-10-18 17:58:33.357] [DEBUG] [AST] Token parsing result for 'void': void (kind=0)[0m
[0;36m[2025-10-18 17:58:33.357] [DEBUG] [AST] Successfully parsed 'void' via TypeContext (token-based parsing)[0m
[0;36m[2025-10-18 17:58:33.357] [DEBUG] [AST] resolve_type_with_generic_context: 'HeapBlock*'[0m
[0;36m[2025-10-18 17:58:33.357] [DEBUG] [AST] Attempting direct type lookup for 'HeapBlock*'[0m
[0;36m[2025-10-18 17:58:33.357] [DEBUG] [AST] Trying TypeContext token-based parsing first...[0m
[0;36m[2025-10-18 17:58:33.357] [DEBUG] [AST] Token parsing result for 'HeapBlock*': HeapBlock* (kind=7)[0m
[0;36m[2025-10-18 17:58:33.357] [DEBUG] [AST] Successfully parsed 'HeapBlock*' via TypeContext (token-based parsing)[0m
[0;33m[2025-10-18 17:58:33.357] [WARN] [AST] FunctionType: Avoiding virtual function calls on parameter type at index 0 due to potential Type corruption, using 'void'[0m
[0;33m[2025-10-18 17:58:33.357] [WARN] [AST] FunctionType: Avoiding virtual function calls due to potential Type corruption, using 'void'[0m
[0;36m[2025-10-18 17:58:33.357] [DEBUG] [AST] Created function type for 'coalesce_block' - is_variadic: 0[0m
[0;36m[2025-10-18 17:58:33.357] [DEBUG] [AST] Not found in main symbols, checking namespaces...[0m
[0;36m[2025-10-18 17:58:33.357] [DEBUG] [AST] VariableDeclarationNode 'block' has type annotation: 'HeapBlock*' (current_struct: 'HeapManager')[0m
[0;36m[2025-10-18 17:58:33.357] [DEBUG] [AST] resolve_type_with_generic_context: 'HeapBlock*'[0m
[0;36m[2025-10-18 17:58:33.357] [DEBUG] [AST] Attempting direct type lookup for 'HeapBlock*'[0m
[0;36m[2025-10-18 17:58:33.357] [DEBUG] [AST] Trying TypeContext token-based parsing first...[0m
[0;36m[2025-10-18 17:58:33.357] [DEBUG] [AST] Token parsing result for 'HeapBlock*': HeapBlock* (kind=7)[0m
[0;36m[2025-10-18 17:58:33.357] [DEBUG] [AST] Successfully parsed 'HeapBlock*' via TypeContext (token-based parsing)[0m
[0;36m[2025-10-18 17:58:33.357] [DEBUG] [AST] CORRECT TYPE: Variable 'block' with annotation 'HeapBlock*' resolved to type 'HeapBlock*' (kind=7)[0m
[0;36m[2025-10-18 17:58:33.357] [DEBUG] [AST] SKIPPED field registration for 'block': function parameter in struct 'HeapManager' (in_function=1)[0m
[0;36m[2025-10-18 17:58:33.357] [DEBUG] [AST] Resolved namespace symbol: Intrinsics::__printf__ with generic type: unknown (context: std::Runtime)[0m
[0;36m[2025-10-18 17:58:33.357] [DEBUG] [AST] Visiting MemberAccessNode: member='get_user_data_ptr'[0m
[0;36m[2025-10-18 17:58:33.357] [DEBUG] [AST] Member 'get_user_data_ptr' - using resolved type: HeapBlock*[0m
[0;36m[2025-10-18 17:58:33.357] [DEBUG] [AST] Object type name: 'HeapBlock*', kind: 7, checking if pointer[0m
[0;36m[2025-10-18 17:58:33.357] [DEBUG] [AST] HEAPBLOCK DEBUG: type='HeapBlock*', kind=7 (7=Pointer, 10=Struct, 4=Class)[0m
[0;36m[2025-10-18 17:58:33.357] [DEBUG] [AST] Dereferencing pointer type to access member 'get_user_data_ptr' on type 'HeapBlock'[0m
[0;36m[2025-10-18 17:58:33.357] [DEBUG] [AST] Looking up field 'get_user_data_ptr' in struct 'HeapBlock'[0m
[0;36m[2025-10-18 17:58:33.357] [DEBUG] [AST] Found struct 'HeapBlock' in _struct_fields with 4 fields[0m
[0;36m[2025-10-18 17:58:33.357] [DEBUG] [AST] Field 'get_user_data_ptr' NOT found in struct 'HeapBlock'[0m
[0;36m[2025-10-18 17:58:33.357] [DEBUG] [AST] Resolved namespace symbol: Intrinsics::__printf__ with generic type: unknown (context: std::Runtime)[0m
[0;36m[2025-10-18 17:58:33.357] [DEBUG] [AST] Visiting MemberAccessNode: member='next'[0m
[0;36m[2025-10-18 17:58:33.357] [DEBUG] [AST] Member 'next' - using resolved type: HeapBlock*[0m
[0;36m[2025-10-18 17:58:33.357] [DEBUG] [AST] Object type name: 'HeapBlock*', kind: 7, checking if pointer[0m
[0;36m[2025-10-18 17:58:33.357] [DEBUG] [AST] HEAPBLOCK DEBUG: type='HeapBlock*', kind=7 (7=Pointer, 10=Struct, 4=Class)[0m
[0;36m[2025-10-18 17:58:33.357] [DEBUG] [AST] Dereferencing pointer type to access member 'next' on type 'HeapBlock'[0m
[0;36m[2025-10-18 17:58:33.357] [DEBUG] [AST] Looking up field 'next' in struct 'HeapBlock'[0m
[0;36m[2025-10-18 17:58:33.357] [DEBUG] [AST] Found struct 'HeapBlock' in _struct_fields with 4 fields[0m
[0;36m[2025-10-18 17:58:33.357] [DEBUG] [AST] Visiting MemberAccessNode: member='prev'[0m
[0;36m[2025-10-18 17:58:33.357] [DEBUG] [AST] Member 'prev' - using resolved type: HeapBlock*[0m
[0;36m[2025-10-18 17:58:33.357] [DEBUG] [AST] Object type name: 'HeapBlock*', kind: 7, checking if pointer[0m
[0;36m[2025-10-18 17:58:33.357] [DEBUG] [AST] HEAPBLOCK DEBUG: type='HeapBlock*', kind=7 (7=Pointer, 10=Struct, 4=Class)[0m
[0;36m[2025-10-18 17:58:33.357] [DEBUG] [AST] Dereferencing pointer type to access member 'prev' on type 'HeapBlock'[0m
[0;36m[2025-10-18 17:58:33.357] [DEBUG] [AST] Looking up field 'prev' in struct 'HeapBlock'[0m
[0;36m[2025-10-18 17:58:33.357] [DEBUG] [AST] Found struct 'HeapBlock' in _struct_fields with 4 fields[0m
[0;36m[2025-10-18 17:58:33.357] [DEBUG] [AST] Visiting MemberAccessNode: member='next'[0m
[0;36m[2025-10-18 17:58:33.357] [DEBUG] [AST] Member 'next' - using resolved type: HeapBlock*[0m
[0;36m[2025-10-18 17:58:33.357] [DEBUG] [AST] Object type name: 'HeapBlock*', kind: 7, checking if pointer[0m
[0;36m[2025-10-18 17:58:33.357] [DEBUG] [AST] HEAPBLOCK DEBUG: type='HeapBlock*', kind=7 (7=Pointer, 10=Struct, 4=Class)[0m
[0;36m[2025-10-18 17:58:33.357] [DEBUG] [AST] Dereferencing pointer type to access member 'next' on type 'HeapBlock'[0m
[0;36m[2025-10-18 17:58:33.357] [DEBUG] [AST] Looking up field 'next' in struct 'HeapBlock'[0m
[0;36m[2025-10-18 17:58:33.357] [DEBUG] [AST] Found struct 'HeapBlock' in _struct_fields with 4 fields[0m
[0;36m[2025-10-18 17:58:33.357] [DEBUG] [AST] Resolved namespace symbol: Intrinsics::__printf__ with generic type: unknown (context: std::Runtime)[0m
[0;36m[2025-10-18 17:58:33.357] [DEBUG] [AST] Visiting MemberAccessNode: member='next'[0m
[0;36m[2025-10-18 17:58:33.357] [DEBUG] [AST] Member 'next' - using resolved type: HeapBlock*[0m
[0;36m[2025-10-18 17:58:33.357] [DEBUG] [AST] Object type name: 'HeapBlock*', kind: 7, checking if pointer[0m
[0;36m[2025-10-18 17:58:33.357] [DEBUG] [AST] HEAPBLOCK DEBUG: type='HeapBlock*', kind=7 (7=Pointer, 10=Struct, 4=Class)[0m
[0;36m[2025-10-18 17:58:33.357] [DEBUG] [AST] Dereferencing pointer type to access member 'next' on type 'HeapBlock'[0m
[0;36m[2025-10-18 17:58:33.357] [DEBUG] [AST] Looking up field 'next' in struct 'HeapBlock'[0m
[0;36m[2025-10-18 17:58:33.357] [DEBUG] [AST] Found struct 'HeapBlock' in _struct_fields with 4 fields[0m
[0;36m[2025-10-18 17:58:33.357] [DEBUG] [AST] Visiting MemberAccessNode: member='is_free'[0m
[0;36m[2025-10-18 17:58:33.358] [DEBUG] [AST] Visiting MemberAccessNode: member='next'[0m
[0;36m[2025-10-18 17:58:33.358] [DEBUG] [AST] Member 'next' - using resolved type: HeapBlock*[0m
[0;36m[2025-10-18 17:58:33.358] [DEBUG] [AST] Object type name: 'HeapBlock*', kind: 7, checking if pointer[0m
[0;36m[2025-10-18 17:58:33.358] [DEBUG] [AST] HEAPBLOCK DEBUG: type='HeapBlock*', kind=7 (7=Pointer, 10=Struct, 4=Class)[0m
[0;36m[2025-10-18 17:58:33.358] [DEBUG] [AST] Dereferencing pointer type to access member 'next' on type 'HeapBlock'[0m
[0;36m[2025-10-18 17:58:33.358] [DEBUG] [AST] Looking up field 'next' in struct 'HeapBlock'[0m
[0;36m[2025-10-18 17:58:33.358] [DEBUG] [AST] Found struct 'HeapBlock' in _struct_fields with 4 fields[0m
[0;36m[2025-10-18 17:58:33.358] [DEBUG] [AST] Member 'is_free' - using resolved type: HeapBlock*[0m
[0;36m[2025-10-18 17:58:33.358] [DEBUG] [AST] Object type name: 'HeapBlock*', kind: 7, checking if pointer[0m
[0;36m[2025-10-18 17:58:33.358] [DEBUG] [AST] HEAPBLOCK DEBUG: type='HeapBlock*', kind=7 (7=Pointer, 10=Struct, 4=Class)[0m
[0;36m[2025-10-18 17:58:33.358] [DEBUG] [AST] Dereferencing pointer type to access member 'is_free' on type 'HeapBlock'[0m
[0;36m[2025-10-18 17:58:33.358] [DEBUG] [AST] Looking up field 'is_free' in struct 'HeapBlock'[0m
[0;36m[2025-10-18 17:58:33.358] [DEBUG] [AST] Found struct 'HeapBlock' in _struct_fields with 4 fields[0m
[0;36m[2025-10-18 17:58:33.358] [DEBUG] [AST] Field 'is_free' NOT found in struct 'HeapBlock'[0m
[0;36m[2025-10-18 17:58:33.358] [DEBUG] [AST] Resolved namespace symbol: Intrinsics::__printf__ with generic type: unknown (context: std::Runtime)[0m
[0;36m[2025-10-18 17:58:33.358] [DEBUG] [AST] Visiting MemberAccessNode: member='get_user_data_ptr'[0m
[0;36m[2025-10-18 17:58:33.358] [DEBUG] [AST] Visiting MemberAccessNode: member='next'[0m
[0;36m[2025-10-18 17:58:33.358] [DEBUG] [AST] Member 'next' - using resolved type: HeapBlock*[0m
[0;36m[2025-10-18 17:58:33.358] [DEBUG] [AST] Object type name: 'HeapBlock*', kind: 7, checking if pointer[0m
[0;36m[2025-10-18 17:58:33.358] [DEBUG] [AST] HEAPBLOCK DEBUG: type='HeapBlock*', kind=7 (7=Pointer, 10=Struct, 4=Class)[0m
[0;36m[2025-10-18 17:58:33.358] [DEBUG] [AST] Dereferencing pointer type to access member 'next' on type 'HeapBlock'[0m
[0;36m[2025-10-18 17:58:33.358] [DEBUG] [AST] Looking up field 'next' in struct 'HeapBlock'[0m
[0;36m[2025-10-18 17:58:33.358] [DEBUG] [AST] Found struct 'HeapBlock' in _struct_fields with 4 fields[0m
[0;36m[2025-10-18 17:58:33.358] [DEBUG] [AST] Member 'get_user_data_ptr' - using resolved type: HeapBlock*[0m
[0;36m[2025-10-18 17:58:33.358] [DEBUG] [AST] Object type name: 'HeapBlock*', kind: 7, checking if pointer[0m
[0;36m[2025-10-18 17:58:33.358] [DEBUG] [AST] HEAPBLOCK DEBUG: type='HeapBlock*', kind=7 (7=Pointer, 10=Struct, 4=Class)[0m
[0;36m[2025-10-18 17:58:33.358] [DEBUG] [AST] Dereferencing pointer type to access member 'get_user_data_ptr' on type 'HeapBlock'[0m
[0;36m[2025-10-18 17:58:33.358] [DEBUG] [AST] Looking up field 'get_user_data_ptr' in struct 'HeapBlock'[0m
[0;36m[2025-10-18 17:58:33.358] [DEBUG] [AST] Found struct 'HeapBlock' in _struct_fields with 4 fields[0m
[0;36m[2025-10-18 17:58:33.358] [DEBUG] [AST] Field 'get_user_data_ptr' NOT found in struct 'HeapBlock'[0m
[0;36m[2025-10-18 17:58:33.358] [DEBUG] [AST] Visiting MemberAccessNode: member='remove_block'[0m
[0;36m[2025-10-18 17:58:33.358] [DEBUG] [AST] Visiting MemberAccessNode: member='free_list'[0m
[0;36m[2025-10-18 17:58:33.358] [DEBUG] [AST] Set 'this' type to: HeapManager*[0m
[0;36m[2025-10-18 17:58:33.358] [DEBUG] [AST] Member 'free_list' - using resolved type: HeapManager*[0m
[0;36m[2025-10-18 17:58:33.358] [DEBUG] [AST] Object type name: 'HeapManager*', kind: 7, checking if pointer[0m
[0;36m[2025-10-18 17:58:33.358] [DEBUG] [AST] Dereferencing pointer type to access member 'free_list' on type 'HeapManager'[0m
[0;36m[2025-10-18 17:58:33.358] [DEBUG] [AST] Looking up field 'free_list' in struct 'HeapManager'[0m
[0;36m[2025-10-18 17:58:33.358] [DEBUG] [AST] Found struct 'HeapManager' in _struct_fields with 4 fields[0m
[0;36m[2025-10-18 17:58:33.358] [DEBUG] [AST] Member 'remove_block' - using resolved type: FreeListManager[0m
[0;36m[2025-10-18 17:58:33.358] [DEBUG] [AST] Object type name: 'FreeListManager', kind: 10, checking if pointer[0m
[0;36m[2025-10-18 17:58:33.358] [DEBUG] [AST] Object type 'FreeListManager' is not a pointer, kind: 10[0m
[0;36m[2025-10-18 17:58:33.358] [DEBUG] [AST] Looking up field 'remove_block' in struct 'FreeListManager'[0m
[0;36m[2025-10-18 17:58:33.358] [DEBUG] [AST] Found struct 'FreeListManager' in _struct_fields with 1 fields[0m
[0;36m[2025-10-18 17:58:33.358] [DEBUG] [AST] Field 'remove_block' NOT found in struct 'FreeListManager'[0m
[0;36m[2025-10-18 17:58:33.358] [DEBUG] [AST] Visiting MemberAccessNode: member='next'[0m
[0;36m[2025-10-18 17:58:33.358] [DEBUG] [AST] Member 'next' - using resolved type: HeapBlock*[0m
[0;36m[2025-10-18 17:58:33.358] [DEBUG] [AST] Object type name: 'HeapBlock*', kind: 7, checking if pointer[0m
[0;36m[2025-10-18 17:58:33.358] [DEBUG] [AST] HEAPBLOCK DEBUG: type='HeapBlock*', kind=7 (7=Pointer, 10=Struct, 4=Class)[0m
[0;36m[2025-10-18 17:58:33.358] [DEBUG] [AST] Dereferencing pointer type to access member 'next' on type 'HeapBlock'[0m
[0;36m[2025-10-18 17:58:33.358] [DEBUG] [AST] Looking up field 'next' in struct 'HeapBlock'[0m
[0;36m[2025-10-18 17:58:33.358] [DEBUG] [AST] Found struct 'HeapBlock' in _struct_fields with 4 fields[0m
[0;36m[2025-10-18 17:58:33.358] [DEBUG] [AST] Visiting MemberAccessNode: member='size'[0m
[0;36m[2025-10-18 17:58:33.358] [DEBUG] [AST] Member 'size' - using resolved type: HeapBlock*[0m
[0;36m[2025-10-18 17:58:33.358] [DEBUG] [AST] Object type name: 'HeapBlock*', kind: 7, checking if pointer[0m
[0;36m[2025-10-18 17:58:33.358] [DEBUG] [AST] HEAPBLOCK DEBUG: type='HeapBlock*', kind=7 (7=Pointer, 10=Struct, 4=Class)[0m
[0;36m[2025-10-18 17:58:33.358] [DEBUG] [AST] Dereferencing pointer type to access member 'size' on type 'HeapBlock'[0m
[0;36m[2025-10-18 17:58:33.358] [DEBUG] [AST] Looking up field 'size' in struct 'HeapBlock'[0m
[0;36m[2025-10-18 17:58:33.358] [DEBUG] [AST] Found struct 'HeapBlock' in _struct_fields with 4 fields[0m
[0;36m[2025-10-18 17:58:33.358] [DEBUG] [AST] Visiting MemberAccessNode: member='size'[0m
[0;36m[2025-10-18 17:58:33.358] [DEBUG] [AST] Member 'size' - using resolved type: HeapBlock*[0m
[0;36m[2025-10-18 17:58:33.358] [DEBUG] [AST] Object type name: 'HeapBlock*', kind: 7, checking if pointer[0m
[0;36m[2025-10-18 17:58:33.358] [DEBUG] [AST] HEAPBLOCK DEBUG: type='HeapBlock*', kind=7 (7=Pointer, 10=Struct, 4=Class)[0m
[0;36m[2025-10-18 17:58:33.358] [DEBUG] [AST] Dereferencing pointer type to access member 'size' on type 'HeapBlock'[0m
[0;36m[2025-10-18 17:58:33.358] [DEBUG] [AST] Looking up field 'size' in struct 'HeapBlock'[0m
[0;36m[2025-10-18 17:58:33.358] [DEBUG] [AST] Found struct 'HeapBlock' in _struct_fields with 4 fields[0m
[0;36m[2025-10-18 17:58:33.358] [DEBUG] [AST] Visiting MemberAccessNode: member='size'[0m
[0;36m[2025-10-18 17:58:33.358] [DEBUG] [AST] Visiting MemberAccessNode: member='next'[0m
[0;36m[2025-10-18 17:58:33.358] [DEBUG] [AST] Member 'next' - using resolved type: HeapBlock*[0m
[0;36m[2025-10-18 17:58:33.358] [DEBUG] [AST] Object type name: 'HeapBlock*', kind: 7, checking if pointer[0m
[0;36m[2025-10-18 17:58:33.358] [DEBUG] [AST] HEAPBLOCK DEBUG: type='HeapBlock*', kind=7 (7=Pointer, 10=Struct, 4=Class)[0m
[0;36m[2025-10-18 17:58:33.358] [DEBUG] [AST] Dereferencing pointer type to access member 'next' on type 'HeapBlock'[0m
[0;36m[2025-10-18 17:58:33.358] [DEBUG] [AST] Looking up field 'next' in struct 'HeapBlock'[0m
[0;36m[2025-10-18 17:58:33.358] [DEBUG] [AST] Found struct 'HeapBlock' in _struct_fields with 4 fields[0m
[0;36m[2025-10-18 17:58:33.358] [DEBUG] [AST] Member 'size' - using resolved type: HeapBlock*[0m
[0;36m[2025-10-18 17:58:33.358] [DEBUG] [AST] Object type name: 'HeapBlock*', kind: 7, checking if pointer[0m
[0;36m[2025-10-18 17:58:33.358] [DEBUG] [AST] HEAPBLOCK DEBUG: type='HeapBlock*', kind=7 (7=Pointer, 10=Struct, 4=Class)[0m
[0;36m[2025-10-18 17:58:33.358] [DEBUG] [AST] Dereferencing pointer type to access member 'size' on type 'HeapBlock'[0m
[0;36m[2025-10-18 17:58:33.358] [DEBUG] [AST] Looking up field 'size' in struct 'HeapBlock'[0m
[0;36m[2025-10-18 17:58:33.359] [DEBUG] [AST] Found struct 'HeapBlock' in _struct_fields with 4 fields[0m
[0;36m[2025-10-18 17:58:33.359] [DEBUG] [AST] Visiting MemberAccessNode: member='next'[0m
[0;36m[2025-10-18 17:58:33.359] [DEBUG] [AST] Member 'next' - using resolved type: HeapBlock*[0m
[0;36m[2025-10-18 17:58:33.359] [DEBUG] [AST] Object type name: 'HeapBlock*', kind: 7, checking if pointer[0m
[0;36m[2025-10-18 17:58:33.359] [DEBUG] [AST] HEAPBLOCK DEBUG: type='HeapBlock*', kind=7 (7=Pointer, 10=Struct, 4=Class)[0m
[0;36m[2025-10-18 17:58:33.359] [DEBUG] [AST] Dereferencing pointer type to access member 'next' on type 'HeapBlock'[0m
[0;36m[2025-10-18 17:58:33.359] [DEBUG] [AST] Looking up field 'next' in struct 'HeapBlock'[0m
[0;36m[2025-10-18 17:58:33.359] [DEBUG] [AST] Found struct 'HeapBlock' in _struct_fields with 4 fields[0m
[0;36m[2025-10-18 17:58:33.359] [DEBUG] [AST] Visiting MemberAccessNode: member='next'[0m
[0;36m[2025-10-18 17:58:33.359] [DEBUG] [AST] Visiting MemberAccessNode: member='next'[0m
[0;36m[2025-10-18 17:58:33.359] [DEBUG] [AST] Member 'next' - using resolved type: HeapBlock*[0m
[0;36m[2025-10-18 17:58:33.359] [DEBUG] [AST] Object type name: 'HeapBlock*', kind: 7, checking if pointer[0m
[0;36m[2025-10-18 17:58:33.359] [DEBUG] [AST] HEAPBLOCK DEBUG: type='HeapBlock*', kind=7 (7=Pointer, 10=Struct, 4=Class)[0m
[0;36m[2025-10-18 17:58:33.359] [DEBUG] [AST] Dereferencing pointer type to access member 'next' on type 'HeapBlock'[0m
[0;36m[2025-10-18 17:58:33.359] [DEBUG] [AST] Looking up field 'next' in struct 'HeapBlock'[0m
[0;36m[2025-10-18 17:58:33.359] [DEBUG] [AST] Found struct 'HeapBlock' in _struct_fields with 4 fields[0m
[0;36m[2025-10-18 17:58:33.359] [DEBUG] [AST] Member 'next' - using resolved type: HeapBlock*[0m
[0;36m[2025-10-18 17:58:33.359] [DEBUG] [AST] Object type name: 'HeapBlock*', kind: 7, checking if pointer[0m
[0;36m[2025-10-18 17:58:33.359] [DEBUG] [AST] HEAPBLOCK DEBUG: type='HeapBlock*', kind=7 (7=Pointer, 10=Struct, 4=Class)[0m
[0;36m[2025-10-18 17:58:33.359] [DEBUG] [AST] Dereferencing pointer type to access member 'next' on type 'HeapBlock'[0m
[0;36m[2025-10-18 17:58:33.359] [DEBUG] [AST] Looking up field 'next' in struct 'HeapBlock'[0m
[0;36m[2025-10-18 17:58:33.359] [DEBUG] [AST] Found struct 'HeapBlock' in _struct_fields with 4 fields[0m
[0;36m[2025-10-18 17:58:33.359] [DEBUG] [AST] Assignment compatibility check: HeapBlock* = HeapBlock* (TypeKinds: 7 vs 7)[0m
[0;36m[2025-10-18 17:58:33.359] [DEBUG] [AST] Checking pointer assignment: HeapBlock* = HeapBlock* (bases: 'HeapBlock' vs 'HeapBlock')[0m
[0;36m[2025-10-18 17:58:33.359] [DEBUG] [AST] Allowing assignment between same pointer types: HeapBlock* = HeapBlock*[0m
[0;36m[2025-10-18 17:58:33.359] [DEBUG] [AST] Visiting MemberAccessNode: member='next'[0m
[0;36m[2025-10-18 17:58:33.359] [DEBUG] [AST] Member 'next' - using resolved type: HeapBlock*[0m
[0;36m[2025-10-18 17:58:33.359] [DEBUG] [AST] Object type name: 'HeapBlock*', kind: 7, checking if pointer[0m
[0;36m[2025-10-18 17:58:33.359] [DEBUG] [AST] HEAPBLOCK DEBUG: type='HeapBlock*', kind=7 (7=Pointer, 10=Struct, 4=Class)[0m
[0;36m[2025-10-18 17:58:33.359] [DEBUG] [AST] Dereferencing pointer type to access member 'next' on type 'HeapBlock'[0m
[0;36m[2025-10-18 17:58:33.359] [DEBUG] [AST] Looking up field 'next' in struct 'HeapBlock'[0m
[0;36m[2025-10-18 17:58:33.359] [DEBUG] [AST] Found struct 'HeapBlock' in _struct_fields with 4 fields[0m
[0;36m[2025-10-18 17:58:33.359] [DEBUG] [AST] Resolved namespace symbol: Intrinsics::__printf__ with generic type: unknown (context: std::Runtime)[0m
[0;36m[2025-10-18 17:58:33.359] [DEBUG] [AST] Visiting MemberAccessNode: member='get_user_data_ptr'[0m
[0;36m[2025-10-18 17:58:33.359] [DEBUG] [AST] Visiting MemberAccessNode: member='next'[0m
[0;36m[2025-10-18 17:58:33.359] [DEBUG] [AST] Member 'next' - using resolved type: HeapBlock*[0m
[0;36m[2025-10-18 17:58:33.359] [DEBUG] [AST] Object type name: 'HeapBlock*', kind: 7, checking if pointer[0m
[0;36m[2025-10-18 17:58:33.359] [DEBUG] [AST] HEAPBLOCK DEBUG: type='HeapBlock*', kind=7 (7=Pointer, 10=Struct, 4=Class)[0m
[0;36m[2025-10-18 17:58:33.359] [DEBUG] [AST] Dereferencing pointer type to access member 'next' on type 'HeapBlock'[0m
[0;36m[2025-10-18 17:58:33.359] [DEBUG] [AST] Looking up field 'next' in struct 'HeapBlock'[0m
[0;36m[2025-10-18 17:58:33.359] [DEBUG] [AST] Found struct 'HeapBlock' in _struct_fields with 4 fields[0m
[0;36m[2025-10-18 17:58:33.359] [DEBUG] [AST] Member 'get_user_data_ptr' - using resolved type: HeapBlock*[0m
[0;36m[2025-10-18 17:58:33.359] [DEBUG] [AST] Object type name: 'HeapBlock*', kind: 7, checking if pointer[0m
[0;36m[2025-10-18 17:58:33.359] [DEBUG] [AST] HEAPBLOCK DEBUG: type='HeapBlock*', kind=7 (7=Pointer, 10=Struct, 4=Class)[0m
[0;36m[2025-10-18 17:58:33.359] [DEBUG] [AST] Dereferencing pointer type to access member 'get_user_data_ptr' on type 'HeapBlock'[0m
[0;36m[2025-10-18 17:58:33.359] [DEBUG] [AST] Looking up field 'get_user_data_ptr' in struct 'HeapBlock'[0m
[0;36m[2025-10-18 17:58:33.359] [DEBUG] [AST] Found struct 'HeapBlock' in _struct_fields with 4 fields[0m
[0;36m[2025-10-18 17:58:33.359] [DEBUG] [AST] Field 'get_user_data_ptr' NOT found in struct 'HeapBlock'[0m
[0;36m[2025-10-18 17:58:33.359] [DEBUG] [AST] Visiting MemberAccessNode: member='prev'[0m
[0;36m[2025-10-18 17:58:33.359] [DEBUG] [AST] Visiting MemberAccessNode: member='next'[0m
[0;36m[2025-10-18 17:58:33.359] [DEBUG] [AST] Member 'next' - using resolved type: HeapBlock*[0m
[0;36m[2025-10-18 17:58:33.359] [DEBUG] [AST] Object type name: 'HeapBlock*', kind: 7, checking if pointer[0m
[0;36m[2025-10-18 17:58:33.359] [DEBUG] [AST] HEAPBLOCK DEBUG: type='HeapBlock*', kind=7 (7=Pointer, 10=Struct, 4=Class)[0m
[0;36m[2025-10-18 17:58:33.359] [DEBUG] [AST] Dereferencing pointer type to access member 'next' on type 'HeapBlock'[0m
[0;36m[2025-10-18 17:58:33.359] [DEBUG] [AST] Looking up field 'next' in struct 'HeapBlock'[0m
[0;36m[2025-10-18 17:58:33.359] [DEBUG] [AST] Found struct 'HeapBlock' in _struct_fields with 4 fields[0m
[0;36m[2025-10-18 17:58:33.359] [DEBUG] [AST] Member 'prev' - using resolved type: HeapBlock*[0m
[0;36m[2025-10-18 17:58:33.359] [DEBUG] [AST] Object type name: 'HeapBlock*', kind: 7, checking if pointer[0m
[0;36m[2025-10-18 17:58:33.359] [DEBUG] [AST] HEAPBLOCK DEBUG: type='HeapBlock*', kind=7 (7=Pointer, 10=Struct, 4=Class)[0m
[0;36m[2025-10-18 17:58:33.359] [DEBUG] [AST] Dereferencing pointer type to access member 'prev' on type 'HeapBlock'[0m
[0;36m[2025-10-18 17:58:33.359] [DEBUG] [AST] Looking up field 'prev' in struct 'HeapBlock'[0m
[0;36m[2025-10-18 17:58:33.359] [DEBUG] [AST] Found struct 'HeapBlock' in _struct_fields with 4 fields[0m
[0;36m[2025-10-18 17:58:33.359] [DEBUG] [AST] Assignment compatibility check: HeapBlock* = HeapBlock* (TypeKinds: 7 vs 7)[0m
[0;36m[2025-10-18 17:58:33.359] [DEBUG] [AST] Checking pointer assignment: HeapBlock* = HeapBlock* (bases: 'HeapBlock' vs 'HeapBlock')[0m
[0;36m[2025-10-18 17:58:33.359] [DEBUG] [AST] Allowing assignment between same pointer types: HeapBlock* = HeapBlock*[0m
[0;36m[2025-10-18 17:58:33.359] [DEBUG] [AST] Resolved namespace symbol: Intrinsics::__printf__ with generic type: unknown (context: std::Runtime)[0m
[0;36m[2025-10-18 17:58:33.359] [DEBUG] [AST] Resolved namespace symbol: Intrinsics::__printf__ with generic type: unknown (context: std::Runtime)[0m
[0;36m[2025-10-18 17:58:33.359] [DEBUG] [AST] Visiting MemberAccessNode: member='prev'[0m
[0;36m[2025-10-18 17:58:33.359] [DEBUG] [AST] Member 'prev' - using resolved type: HeapBlock*[0m
[0;36m[2025-10-18 17:58:33.359] [DEBUG] [AST] Object type name: 'HeapBlock*', kind: 7, checking if pointer[0m
[0;36m[2025-10-18 17:58:33.359] [DEBUG] [AST] HEAPBLOCK DEBUG: type='HeapBlock*', kind=7 (7=Pointer, 10=Struct, 4=Class)[0m
[0;36m[2025-10-18 17:58:33.359] [DEBUG] [AST] Dereferencing pointer type to access member 'prev' on type 'HeapBlock'[0m
[0;36m[2025-10-18 17:58:33.359] [DEBUG] [AST] Looking up field 'prev' in struct 'HeapBlock'[0m
[0;36m[2025-10-18 17:58:33.359] [DEBUG] [AST] Found struct 'HeapBlock' in _struct_fields with 4 fields[0m
[0;36m[2025-10-18 17:58:33.359] [DEBUG] [AST] Resolved namespace symbol: Intrinsics::__printf__ with generic type: unknown (context: std::Runtime)[0m
[0;36m[2025-10-18 17:58:33.359] [DEBUG] [AST] Visiting MemberAccessNode: member='prev'[0m
[0;36m[2025-10-18 17:58:33.360] [DEBUG] [AST] Member 'prev' - using resolved type: HeapBlock*[0m
[0;36m[2025-10-18 17:58:33.360] [DEBUG] [AST] Object type name: 'HeapBlock*', kind: 7, checking if pointer[0m
[0;36m[2025-10-18 17:58:33.360] [DEBUG] [AST] HEAPBLOCK DEBUG: type='HeapBlock*', kind=7 (7=Pointer, 10=Struct, 4=Class)[0m
[0;36m[2025-10-18 17:58:33.360] [DEBUG] [AST] Dereferencing pointer type to access member 'prev' on type 'HeapBlock'[0m
[0;36m[2025-10-18 17:58:33.360] [DEBUG] [AST] Looking up field 'prev' in struct 'HeapBlock'[0m
[0;36m[2025-10-18 17:58:33.360] [DEBUG] [AST] Found struct 'HeapBlock' in _struct_fields with 4 fields[0m
[0;36m[2025-10-18 17:58:33.360] [DEBUG] [AST] Visiting MemberAccessNode: member='is_free'[0m
[0;36m[2025-10-18 17:58:33.360] [DEBUG] [AST] Visiting MemberAccessNode: member='prev'[0m
[0;36m[2025-10-18 17:58:33.360] [DEBUG] [AST] Member 'prev' - using resolved type: HeapBlock*[0m
[0;36m[2025-10-18 17:58:33.360] [DEBUG] [AST] Object type name: 'HeapBlock*', kind: 7, checking if pointer[0m
[0;36m[2025-10-18 17:58:33.360] [DEBUG] [AST] HEAPBLOCK DEBUG: type='HeapBlock*', kind=7 (7=Pointer, 10=Struct, 4=Class)[0m
[0;36m[2025-10-18 17:58:33.360] [DEBUG] [AST] Dereferencing pointer type to access member 'prev' on type 'HeapBlock'[0m
[0;36m[2025-10-18 17:58:33.360] [DEBUG] [AST] Looking up field 'prev' in struct 'HeapBlock'[0m
[0;36m[2025-10-18 17:58:33.360] [DEBUG] [AST] Found struct 'HeapBlock' in _struct_fields with 4 fields[0m
[0;36m[2025-10-18 17:58:33.360] [DEBUG] [AST] Member 'is_free' - using resolved type: HeapBlock*[0m
[0;36m[2025-10-18 17:58:33.360] [DEBUG] [AST] Object type name: 'HeapBlock*', kind: 7, checking if pointer[0m
[0;36m[2025-10-18 17:58:33.360] [DEBUG] [AST] HEAPBLOCK DEBUG: type='HeapBlock*', kind=7 (7=Pointer, 10=Struct, 4=Class)[0m
[0;36m[2025-10-18 17:58:33.360] [DEBUG] [AST] Dereferencing pointer type to access member 'is_free' on type 'HeapBlock'[0m
[0;36m[2025-10-18 17:58:33.360] [DEBUG] [AST] Looking up field 'is_free' in struct 'HeapBlock'[0m
[0;36m[2025-10-18 17:58:33.360] [DEBUG] [AST] Found struct 'HeapBlock' in _struct_fields with 4 fields[0m
[0;36m[2025-10-18 17:58:33.360] [DEBUG] [AST] Field 'is_free' NOT found in struct 'HeapBlock'[0m
[0;36m[2025-10-18 17:58:33.360] [DEBUG] [AST] Resolved namespace symbol: Intrinsics::__printf__ with generic type: unknown (context: std::Runtime)[0m
[0;36m[2025-10-18 17:58:33.360] [DEBUG] [AST] Visiting MemberAccessNode: member='get_user_data_ptr'[0m
[0;36m[2025-10-18 17:58:33.360] [DEBUG] [AST] Visiting MemberAccessNode: member='prev'[0m
[0;36m[2025-10-18 17:58:33.360] [DEBUG] [AST] Member 'prev' - using resolved type: HeapBlock*[0m
[0;36m[2025-10-18 17:58:33.360] [DEBUG] [AST] Object type name: 'HeapBlock*', kind: 7, checking if pointer[0m
[0;36m[2025-10-18 17:58:33.360] [DEBUG] [AST] HEAPBLOCK DEBUG: type='HeapBlock*', kind=7 (7=Pointer, 10=Struct, 4=Class)[0m
[0;36m[2025-10-18 17:58:33.360] [DEBUG] [AST] Dereferencing pointer type to access member 'prev' on type 'HeapBlock'[0m
[0;36m[2025-10-18 17:58:33.360] [DEBUG] [AST] Looking up field 'prev' in struct 'HeapBlock'[0m
[0;36m[2025-10-18 17:58:33.360] [DEBUG] [AST] Found struct 'HeapBlock' in _struct_fields with 4 fields[0m
[0;36m[2025-10-18 17:58:33.360] [DEBUG] [AST] Member 'get_user_data_ptr' - using resolved type: HeapBlock*[0m
[0;36m[2025-10-18 17:58:33.360] [DEBUG] [AST] Object type name: 'HeapBlock*', kind: 7, checking if pointer[0m
[0;36m[2025-10-18 17:58:33.360] [DEBUG] [AST] HEAPBLOCK DEBUG: type='HeapBlock*', kind=7 (7=Pointer, 10=Struct, 4=Class)[0m
[0;36m[2025-10-18 17:58:33.360] [DEBUG] [AST] Dereferencing pointer type to access member 'get_user_data_ptr' on type 'HeapBlock'[0m
[0;36m[2025-10-18 17:58:33.360] [DEBUG] [AST] Looking up field 'get_user_data_ptr' in struct 'HeapBlock'[0m
[0;36m[2025-10-18 17:58:33.360] [DEBUG] [AST] Found struct 'HeapBlock' in _struct_fields with 4 fields[0m
[0;36m[2025-10-18 17:58:33.360] [DEBUG] [AST] Field 'get_user_data_ptr' NOT found in struct 'HeapBlock'[0m
[0;36m[2025-10-18 17:58:33.360] [DEBUG] [AST] Visiting MemberAccessNode: member='remove_block'[0m
[0;36m[2025-10-18 17:58:33.360] [DEBUG] [AST] Visiting MemberAccessNode: member='free_list'[0m
[0;36m[2025-10-18 17:58:33.360] [DEBUG] [AST] Set 'this' type to: HeapManager*[0m
[0;36m[2025-10-18 17:58:33.360] [DEBUG] [AST] Member 'free_list' - using resolved type: HeapManager*[0m
[0;36m[2025-10-18 17:58:33.360] [DEBUG] [AST] Object type name: 'HeapManager*', kind: 7, checking if pointer[0m
[0;36m[2025-10-18 17:58:33.360] [DEBUG] [AST] Dereferencing pointer type to access member 'free_list' on type 'HeapManager'[0m
[0;36m[2025-10-18 17:58:33.360] [DEBUG] [AST] Looking up field 'free_list' in struct 'HeapManager'[0m
[0;36m[2025-10-18 17:58:33.360] [DEBUG] [AST] Found struct 'HeapManager' in _struct_fields with 4 fields[0m
[0;36m[2025-10-18 17:58:33.360] [DEBUG] [AST] Member 'remove_block' - using resolved type: FreeListManager[0m
[0;36m[2025-10-18 17:58:33.360] [DEBUG] [AST] Object type name: 'FreeListManager', kind: 10, checking if pointer[0m
[0;36m[2025-10-18 17:58:33.360] [DEBUG] [AST] Object type 'FreeListManager' is not a pointer, kind: 10[0m
[0;36m[2025-10-18 17:58:33.360] [DEBUG] [AST] Looking up field 'remove_block' in struct 'FreeListManager'[0m
[0;36m[2025-10-18 17:58:33.360] [DEBUG] [AST] Found struct 'FreeListManager' in _struct_fields with 1 fields[0m
[0;36m[2025-10-18 17:58:33.360] [DEBUG] [AST] Field 'remove_block' NOT found in struct 'FreeListManager'[0m
[0;36m[2025-10-18 17:58:33.360] [DEBUG] [AST] Visiting MemberAccessNode: member='size'[0m
[0;36m[2025-10-18 17:58:33.360] [DEBUG] [AST] Visiting MemberAccessNode: member='prev'[0m
[0;36m[2025-10-18 17:58:33.360] [DEBUG] [AST] Member 'prev' - using resolved type: HeapBlock*[0m
[0;36m[2025-10-18 17:58:33.360] [DEBUG] [AST] Object type name: 'HeapBlock*', kind: 7, checking if pointer[0m
[0;36m[2025-10-18 17:58:33.360] [DEBUG] [AST] HEAPBLOCK DEBUG: type='HeapBlock*', kind=7 (7=Pointer, 10=Struct, 4=Class)[0m
[0;36m[2025-10-18 17:58:33.360] [DEBUG] [AST] Dereferencing pointer type to access member 'prev' on type 'HeapBlock'[0m
[0;36m[2025-10-18 17:58:33.360] [DEBUG] [AST] Looking up field 'prev' in struct 'HeapBlock'[0m
[0;36m[2025-10-18 17:58:33.360] [DEBUG] [AST] Found struct 'HeapBlock' in _struct_fields with 4 fields[0m
[0;36m[2025-10-18 17:58:33.360] [DEBUG] [AST] Member 'size' - using resolved type: HeapBlock*[0m
[0;36m[2025-10-18 17:58:33.360] [DEBUG] [AST] Object type name: 'HeapBlock*', kind: 7, checking if pointer[0m
[0;36m[2025-10-18 17:58:33.360] [DEBUG] [AST] HEAPBLOCK DEBUG: type='HeapBlock*', kind=7 (7=Pointer, 10=Struct, 4=Class)[0m
[0;36m[2025-10-18 17:58:33.360] [DEBUG] [AST] Dereferencing pointer type to access member 'size' on type 'HeapBlock'[0m
[0;36m[2025-10-18 17:58:33.360] [DEBUG] [AST] Looking up field 'size' in struct 'HeapBlock'[0m
[0;36m[2025-10-18 17:58:33.360] [DEBUG] [AST] Found struct 'HeapBlock' in _struct_fields with 4 fields[0m
[0;36m[2025-10-18 17:58:33.360] [DEBUG] [AST] Visiting MemberAccessNode: member='size'[0m
[0;36m[2025-10-18 17:58:33.360] [DEBUG] [AST] Visiting MemberAccessNode: member='prev'[0m
[0;36m[2025-10-18 17:58:33.360] [DEBUG] [AST] Member 'prev' - using resolved type: HeapBlock*[0m
[0;36m[2025-10-18 17:58:33.360] [DEBUG] [AST] Object type name: 'HeapBlock*', kind: 7, checking if pointer[0m
[0;36m[2025-10-18 17:58:33.360] [DEBUG] [AST] HEAPBLOCK DEBUG: type='HeapBlock*', kind=7 (7=Pointer, 10=Struct, 4=Class)[0m
[0;36m[2025-10-18 17:58:33.360] [DEBUG] [AST] Dereferencing pointer type to access member 'prev' on type 'HeapBlock'[0m
[0;36m[2025-10-18 17:58:33.360] [DEBUG] [AST] Looking up field 'prev' in struct 'HeapBlock'[0m
[0;36m[2025-10-18 17:58:33.360] [DEBUG] [AST] Found struct 'HeapBlock' in _struct_fields with 4 fields[0m
[0;36m[2025-10-18 17:58:33.360] [DEBUG] [AST] Member 'size' - using resolved type: HeapBlock*[0m
[0;36m[2025-10-18 17:58:33.360] [DEBUG] [AST] Object type name: 'HeapBlock*', kind: 7, checking if pointer[0m
[0;36m[2025-10-18 17:58:33.360] [DEBUG] [AST] HEAPBLOCK DEBUG: type='HeapBlock*', kind=7 (7=Pointer, 10=Struct, 4=Class)[0m
[0;36m[2025-10-18 17:58:33.360] [DEBUG] [AST] Dereferencing pointer type to access member 'size' on type 'HeapBlock'[0m
[0;36m[2025-10-18 17:58:33.360] [DEBUG] [AST] Looking up field 'size' in struct 'HeapBlock'[0m
[0;36m[2025-10-18 17:58:33.360] [DEBUG] [AST] Found struct 'HeapBlock' in _struct_fields with 4 fields[0m
[0;36m[2025-10-18 17:58:33.360] [DEBUG] [AST] Visiting MemberAccessNode: member='size'[0m
[0;36m[2025-10-18 17:58:33.360] [DEBUG] [AST] Member 'size' - using resolved type: HeapBlock*[0m
[0;36m[2025-10-18 17:58:33.360] [DEBUG] [AST] Object type name: 'HeapBlock*', kind: 7, checking if pointer[0m
[0;36m[2025-10-18 17:58:33.360] [DEBUG] [AST] HEAPBLOCK DEBUG: type='HeapBlock*', kind=7 (7=Pointer, 10=Struct, 4=Class)[0m
[0;36m[2025-10-18 17:58:33.360] [DEBUG] [AST] Dereferencing pointer type to access member 'size' on type 'HeapBlock'[0m
[0;36m[2025-10-18 17:58:33.361] [DEBUG] [AST] Looking up field 'size' in struct 'HeapBlock'[0m
[0;36m[2025-10-18 17:58:33.361] [DEBUG] [AST] Found struct 'HeapBlock' in _struct_fields with 4 fields[0m
[0;36m[2025-10-18 17:58:33.361] [DEBUG] [AST] Visiting MemberAccessNode: member='next'[0m
[0;36m[2025-10-18 17:58:33.361] [DEBUG] [AST] Visiting MemberAccessNode: member='prev'[0m
[0;36m[2025-10-18 17:58:33.361] [DEBUG] [AST] Member 'prev' - using resolved type: HeapBlock*[0m
[0;36m[2025-10-18 17:58:33.361] [DEBUG] [AST] Object type name: 'HeapBlock*', kind: 7, checking if pointer[0m
[0;36m[2025-10-18 17:58:33.361] [DEBUG] [AST] HEAPBLOCK DEBUG: type='HeapBlock*', kind=7 (7=Pointer, 10=Struct, 4=Class)[0m
[0;36m[2025-10-18 17:58:33.361] [DEBUG] [AST] Dereferencing pointer type to access member 'prev' on type 'HeapBlock'[0m
[0;36m[2025-10-18 17:58:33.361] [DEBUG] [AST] Looking up field 'prev' in struct 'HeapBlock'[0m
[0;36m[2025-10-18 17:58:33.361] [DEBUG] [AST] Found struct 'HeapBlock' in _struct_fields with 4 fields[0m
[0;36m[2025-10-18 17:58:33.361] [DEBUG] [AST] Member 'next' - using resolved type: HeapBlock*[0m
[0;36m[2025-10-18 17:58:33.361] [DEBUG] [AST] Object type name: 'HeapBlock*', kind: 7, checking if pointer[0m
[0;36m[2025-10-18 17:58:33.361] [DEBUG] [AST] HEAPBLOCK DEBUG: type='HeapBlock*', kind=7 (7=Pointer, 10=Struct, 4=Class)[0m
[0;36m[2025-10-18 17:58:33.361] [DEBUG] [AST] Dereferencing pointer type to access member 'next' on type 'HeapBlock'[0m
[0;36m[2025-10-18 17:58:33.361] [DEBUG] [AST] Looking up field 'next' in struct 'HeapBlock'[0m
[0;36m[2025-10-18 17:58:33.361] [DEBUG] [AST] Found struct 'HeapBlock' in _struct_fields with 4 fields[0m
[0;36m[2025-10-18 17:58:33.361] [DEBUG] [AST] Visiting MemberAccessNode: member='next'[0m
[0;36m[2025-10-18 17:58:33.361] [DEBUG] [AST] Member 'next' - using resolved type: HeapBlock*[0m
[0;36m[2025-10-18 17:58:33.361] [DEBUG] [AST] Object type name: 'HeapBlock*', kind: 7, checking if pointer[0m
[0;36m[2025-10-18 17:58:33.361] [DEBUG] [AST] HEAPBLOCK DEBUG: type='HeapBlock*', kind=7 (7=Pointer, 10=Struct, 4=Class)[0m
[0;36m[2025-10-18 17:58:33.361] [DEBUG] [AST] Dereferencing pointer type to access member 'next' on type 'HeapBlock'[0m
[0;36m[2025-10-18 17:58:33.361] [DEBUG] [AST] Looking up field 'next' in struct 'HeapBlock'[0m
[0;36m[2025-10-18 17:58:33.361] [DEBUG] [AST] Found struct 'HeapBlock' in _struct_fields with 4 fields[0m
[0;36m[2025-10-18 17:58:33.361] [DEBUG] [AST] Assignment compatibility check: HeapBlock* = HeapBlock* (TypeKinds: 7 vs 7)[0m
[0;36m[2025-10-18 17:58:33.361] [DEBUG] [AST] Checking pointer assignment: HeapBlock* = HeapBlock* (bases: 'HeapBlock' vs 'HeapBlock')[0m
[0;36m[2025-10-18 17:58:33.361] [DEBUG] [AST] Allowing assignment between same pointer types: HeapBlock* = HeapBlock*[0m
[0;36m[2025-10-18 17:58:33.361] [DEBUG] [AST] Visiting MemberAccessNode: member='next'[0m
[0;36m[2025-10-18 17:58:33.361] [DEBUG] [AST] Member 'next' - using resolved type: HeapBlock*[0m
[0;36m[2025-10-18 17:58:33.361] [DEBUG] [AST] Object type name: 'HeapBlock*', kind: 7, checking if pointer[0m
[0;36m[2025-10-18 17:58:33.361] [DEBUG] [AST] HEAPBLOCK DEBUG: type='HeapBlock*', kind=7 (7=Pointer, 10=Struct, 4=Class)[0m
[0;36m[2025-10-18 17:58:33.361] [DEBUG] [AST] Dereferencing pointer type to access member 'next' on type 'HeapBlock'[0m
[0;36m[2025-10-18 17:58:33.361] [DEBUG] [AST] Looking up field 'next' in struct 'HeapBlock'[0m
[0;36m[2025-10-18 17:58:33.361] [DEBUG] [AST] Found struct 'HeapBlock' in _struct_fields with 4 fields[0m
[0;36m[2025-10-18 17:58:33.361] [DEBUG] [AST] Resolved namespace symbol: Intrinsics::__printf__ with generic type: unknown (context: std::Runtime)[0m
[0;36m[2025-10-18 17:58:33.361] [DEBUG] [AST] Visiting MemberAccessNode: member='get_user_data_ptr'[0m
[0;36m[2025-10-18 17:58:33.361] [DEBUG] [AST] Visiting MemberAccessNode: member='next'[0m
[0;36m[2025-10-18 17:58:33.361] [DEBUG] [AST] Member 'next' - using resolved type: HeapBlock*[0m
[0;36m[2025-10-18 17:58:33.361] [DEBUG] [AST] Object type name: 'HeapBlock*', kind: 7, checking if pointer[0m
[0;36m[2025-10-18 17:58:33.361] [DEBUG] [AST] HEAPBLOCK DEBUG: type='HeapBlock*', kind=7 (7=Pointer, 10=Struct, 4=Class)[0m
[0;36m[2025-10-18 17:58:33.361] [DEBUG] [AST] Dereferencing pointer type to access member 'next' on type 'HeapBlock'[0m
[0;36m[2025-10-18 17:58:33.361] [DEBUG] [AST] Looking up field 'next' in struct 'HeapBlock'[0m
[0;36m[2025-10-18 17:58:33.361] [DEBUG] [AST] Found struct 'HeapBlock' in _struct_fields with 4 fields[0m
[0;36m[2025-10-18 17:58:33.361] [DEBUG] [AST] Member 'get_user_data_ptr' - using resolved type: HeapBlock*[0m
[0;36m[2025-10-18 17:58:33.361] [DEBUG] [AST] Object type name: 'HeapBlock*', kind: 7, checking if pointer[0m
[0;36m[2025-10-18 17:58:33.361] [DEBUG] [AST] HEAPBLOCK DEBUG: type='HeapBlock*', kind=7 (7=Pointer, 10=Struct, 4=Class)[0m
[0;36m[2025-10-18 17:58:33.361] [DEBUG] [AST] Dereferencing pointer type to access member 'get_user_data_ptr' on type 'HeapBlock'[0m
[0;36m[2025-10-18 17:58:33.361] [DEBUG] [AST] Looking up field 'get_user_data_ptr' in struct 'HeapBlock'[0m
[0;36m[2025-10-18 17:58:33.361] [DEBUG] [AST] Found struct 'HeapBlock' in _struct_fields with 4 fields[0m
[0;36m[2025-10-18 17:58:33.361] [DEBUG] [AST] Field 'get_user_data_ptr' NOT found in struct 'HeapBlock'[0m
[0;36m[2025-10-18 17:58:33.361] [DEBUG] [AST] Visiting MemberAccessNode: member='prev'[0m
[0;36m[2025-10-18 17:58:33.361] [DEBUG] [AST] Visiting MemberAccessNode: member='next'[0m
[0;36m[2025-10-18 17:58:33.361] [DEBUG] [AST] Member 'next' - using resolved type: HeapBlock*[0m
[0;36m[2025-10-18 17:58:33.361] [DEBUG] [AST] Object type name: 'HeapBlock*', kind: 7, checking if pointer[0m
[0;36m[2025-10-18 17:58:33.361] [DEBUG] [AST] HEAPBLOCK DEBUG: type='HeapBlock*', kind=7 (7=Pointer, 10=Struct, 4=Class)[0m
[0;36m[2025-10-18 17:58:33.361] [DEBUG] [AST] Dereferencing pointer type to access member 'next' on type 'HeapBlock'[0m
[0;36m[2025-10-18 17:58:33.361] [DEBUG] [AST] Looking up field 'next' in struct 'HeapBlock'[0m
[0;36m[2025-10-18 17:58:33.361] [DEBUG] [AST] Found struct 'HeapBlock' in _struct_fields with 4 fields[0m
[0;36m[2025-10-18 17:58:33.361] [DEBUG] [AST] Member 'prev' - using resolved type: HeapBlock*[0m
[0;36m[2025-10-18 17:58:33.361] [DEBUG] [AST] Object type name: 'HeapBlock*', kind: 7, checking if pointer[0m
[0;36m[2025-10-18 17:58:33.361] [DEBUG] [AST] HEAPBLOCK DEBUG: type='HeapBlock*', kind=7 (7=Pointer, 10=Struct, 4=Class)[0m
[0;36m[2025-10-18 17:58:33.361] [DEBUG] [AST] Dereferencing pointer type to access member 'prev' on type 'HeapBlock'[0m
[0;36m[2025-10-18 17:58:33.361] [DEBUG] [AST] Looking up field 'prev' in struct 'HeapBlock'[0m
[0;36m[2025-10-18 17:58:33.361] [DEBUG] [AST] Found struct 'HeapBlock' in _struct_fields with 4 fields[0m
[0;36m[2025-10-18 17:58:33.361] [DEBUG] [AST] Visiting MemberAccessNode: member='prev'[0m
[0;36m[2025-10-18 17:58:33.361] [DEBUG] [AST] Member 'prev' - using resolved type: HeapBlock*[0m
[0;36m[2025-10-18 17:58:33.361] [DEBUG] [AST] Object type name: 'HeapBlock*', kind: 7, checking if pointer[0m
[0;36m[2025-10-18 17:58:33.361] [DEBUG] [AST] HEAPBLOCK DEBUG: type='HeapBlock*', kind=7 (7=Pointer, 10=Struct, 4=Class)[0m
[0;36m[2025-10-18 17:58:33.361] [DEBUG] [AST] Dereferencing pointer type to access member 'prev' on type 'HeapBlock'[0m
[0;36m[2025-10-18 17:58:33.361] [DEBUG] [AST] Looking up field 'prev' in struct 'HeapBlock'[0m
[0;36m[2025-10-18 17:58:33.361] [DEBUG] [AST] Found struct 'HeapBlock' in _struct_fields with 4 fields[0m
[0;36m[2025-10-18 17:58:33.361] [DEBUG] [AST] Assignment compatibility check: HeapBlock* = HeapBlock* (TypeKinds: 7 vs 7)[0m
[0;36m[2025-10-18 17:58:33.361] [DEBUG] [AST] Checking pointer assignment: HeapBlock* = HeapBlock* (bases: 'HeapBlock' vs 'HeapBlock')[0m
[0;36m[2025-10-18 17:58:33.361] [DEBUG] [AST] Allowing assignment between same pointer types: HeapBlock* = HeapBlock*[0m
[0;36m[2025-10-18 17:58:33.361] [DEBUG] [AST] Resolved namespace symbol: Intrinsics::__printf__ with generic type: unknown (context: std::Runtime)[0m
[0;36m[2025-10-18 17:58:33.361] [DEBUG] [AST] Resolved namespace symbol: Intrinsics::__printf__ with generic type: unknown (context: std::Runtime)[0m
[0;36m[2025-10-18 17:58:33.361] [DEBUG] [AST] Resolved namespace symbol: Intrinsics::__printf__ with generic type: unknown (context: std::Runtime)[0m
[0;36m[2025-10-18 17:58:33.361] [DEBUG] [AST] Visiting MemberAccessNode: member='get_user_data_ptr'[0m
[0;36m[2025-10-18 17:58:33.361] [DEBUG] [AST] Member 'get_user_data_ptr' - using resolved type: HeapBlock*[0m
[0;36m[2025-10-18 17:58:33.362] [DEBUG] [AST] Object type name: 'HeapBlock*', kind: 7, checking if pointer[0m
[0;36m[2025-10-18 17:58:33.362] [DEBUG] [AST] HEAPBLOCK DEBUG: type='HeapBlock*', kind=7 (7=Pointer, 10=Struct, 4=Class)[0m
[0;36m[2025-10-18 17:58:33.362] [DEBUG] [AST] Dereferencing pointer type to access member 'get_user_data_ptr' on type 'HeapBlock'[0m
[0;36m[2025-10-18 17:58:33.362] [DEBUG] [AST] Looking up field 'get_user_data_ptr' in struct 'HeapBlock'[0m
[0;36m[2025-10-18 17:58:33.362] [DEBUG] [AST] Found struct 'HeapBlock' in _struct_fields with 4 fields[0m
[0;36m[2025-10-18 17:58:33.362] [DEBUG] [AST] Field 'get_user_data_ptr' NOT found in struct 'HeapBlock'[0m
[0;33m[2025-10-18 17:58:33.362] [WARN] [AST] FunctionType: Avoiding virtual function calls on parameter type at index 0 due to potential Type corruption, using 'void'[0m
[0;33m[2025-10-18 17:58:33.362] [WARN] [AST] FunctionType: Avoiding virtual function calls due to potential Type corruption, using 'void'[0m
[0;36m[2025-10-18 17:58:33.362] [DEBUG] [AST] Registering private method 'coalesce_block' for struct 'HeapManager'[0m
[0;36m[2025-10-18 17:58:33.362] [DEBUG] [AST] TypeContext::get_class_type() called with name='StatisticsManager'[0m
[0;36m[2025-10-18 17:58:33.362] [DEBUG] [AST] Processing struct field 'total_allocations' with resolved type: u64, is_in_generic_context: 0, generic_context_stack_size: 0[0m
[0;36m[2025-10-18 17:58:33.362] [DEBUG] [AST] StructField registration check for 'total_allocations': current_struct='StatisticsManager', field_type=u64, kind=2[0m
[0;36m[2025-10-18 17:58:33.362] [DEBUG] [AST] Registered struct field 'total_allocations' of type 'u64' in struct/class 'StatisticsManager'[0m
[0;36m[2025-10-18 17:58:33.362] [DEBUG] [AST] Processing struct field 'total_deallocations' with resolved type: u64, is_in_generic_context: 0, generic_context_stack_size: 0[0m
[0;36m[2025-10-18 17:58:33.362] [DEBUG] [AST] StructField registration check for 'total_deallocations': current_struct='StatisticsManager', field_type=u64, kind=2[0m
[0;36m[2025-10-18 17:58:33.362] [DEBUG] [AST] Registered struct field 'total_deallocations' of type 'u64' in struct/class 'StatisticsManager'[0m
[0;36m[2025-10-18 17:58:33.362] [DEBUG] [AST] Processing struct field 'bytes_allocated' with resolved type: u64, is_in_generic_context: 0, generic_context_stack_size: 0[0m
[0;36m[2025-10-18 17:58:33.362] [DEBUG] [AST] StructField registration check for 'bytes_allocated': current_struct='StatisticsManager', field_type=u64, kind=2[0m
[0;36m[2025-10-18 17:58:33.362] [DEBUG] [AST] Registered struct field 'bytes_allocated' of type 'u64' in struct/class 'StatisticsManager'[0m
[0;36m[2025-10-18 17:58:33.362] [DEBUG] [AST] Processing struct field 'peak_allocation' with resolved type: u64, is_in_generic_context: 0, generic_context_stack_size: 0[0m
[0;36m[2025-10-18 17:58:33.362] [DEBUG] [AST] StructField registration check for 'peak_allocation': current_struct='StatisticsManager', field_type=u64, kind=2[0m
[0;36m[2025-10-18 17:58:33.362] [DEBUG] [AST] Registered struct field 'peak_allocation' of type 'u64' in struct/class 'StatisticsManager'[0m
[0;36m[2025-10-18 17:58:33.362] [DEBUG] [AST] Processing struct field 'current_allocations' with resolved type: u64, is_in_generic_context: 0, generic_context_stack_size: 0[0m
[0;36m[2025-10-18 17:58:33.362] [DEBUG] [AST] StructField registration check for 'current_allocations': current_struct='StatisticsManager', field_type=u64, kind=2[0m
[0;36m[2025-10-18 17:58:33.362] [DEBUG] [AST] Registered struct field 'current_allocations' of type 'u64' in struct/class 'StatisticsManager'[0m
[0;36m[2025-10-18 17:58:33.362] [DEBUG] [AST] Processing struct field 'failed_allocations' with resolved type: u64, is_in_generic_context: 0, generic_context_stack_size: 0[0m
[0;36m[2025-10-18 17:58:33.362] [DEBUG] [AST] StructField registration check for 'failed_allocations': current_struct='StatisticsManager', field_type=u64, kind=2[0m
[0;36m[2025-10-18 17:58:33.362] [DEBUG] [AST] Registered struct field 'failed_allocations' of type 'u64' in struct/class 'StatisticsManager'[0m
[0;36m[2025-10-18 17:58:33.362] [DEBUG] [AST] Processing struct field 'fragmentation_ratio' with resolved type: f64, is_in_generic_context: 0, generic_context_stack_size: 0[0m
[0;36m[2025-10-18 17:58:33.362] [DEBUG] [AST] StructField registration check for 'fragmentation_ratio': current_struct='StatisticsManager', field_type=f64, kind=3[0m
[0;36m[2025-10-18 17:58:33.362] [DEBUG] [AST] Registered struct field 'fragmentation_ratio' of type 'f64' in struct/class 'StatisticsManager'[0m
[0;36m[2025-10-18 17:58:33.362] [DEBUG] [AST] Processing struct field 'largest_free_block' with resolved type: u64, is_in_generic_context: 0, generic_context_stack_size: 0[0m
[0;36m[2025-10-18 17:58:33.362] [DEBUG] [AST] StructField registration check for 'largest_free_block': current_struct='StatisticsManager', field_type=u64, kind=2[0m
[0;36m[2025-10-18 17:58:33.362] [DEBUG] [AST] Registered struct field 'largest_free_block' of type 'u64' in struct/class 'StatisticsManager'[0m
[0;36m[2025-10-18 17:58:33.362] [DEBUG] [AST] Processing struct field 'small_allocs' with resolved type: u64, is_in_generic_context: 0, generic_context_stack_size: 0[0m
[0;36m[2025-10-18 17:58:33.362] [DEBUG] [AST] StructField registration check for 'small_allocs': current_struct='StatisticsManager', field_type=u64, kind=2[0m
[0;36m[2025-10-18 17:58:33.362] [DEBUG] [AST] Registered struct field 'small_allocs' of type 'u64' in struct/class 'StatisticsManager'[0m
[0;36m[2025-10-18 17:58:33.362] [DEBUG] [AST] Processing struct field 'medium_allocs' with resolved type: u64, is_in_generic_context: 0, generic_context_stack_size: 0[0m
[0;36m[2025-10-18 17:58:33.362] [DEBUG] [AST] StructField registration check for 'medium_allocs': current_struct='StatisticsManager', field_type=u64, kind=2[0m
[0;36m[2025-10-18 17:58:33.362] [DEBUG] [AST] Registered struct field 'medium_allocs' of type 'u64' in struct/class 'StatisticsManager'[0m
[0;36m[2025-10-18 17:58:33.362] [DEBUG] [AST] Processing struct field 'large_allocs' with resolved type: u64, is_in_generic_context: 0, generic_context_stack_size: 0[0m
[0;36m[2025-10-18 17:58:33.362] [DEBUG] [AST] StructField registration check for 'large_allocs': current_struct='StatisticsManager', field_type=u64, kind=2[0m
[0;36m[2025-10-18 17:58:33.362] [DEBUG] [AST] Registered struct field 'large_allocs' of type 'u64' in struct/class 'StatisticsManager'[0m
[0;33m[2025-10-18 17:58:33.362] [WARN] [AST] FunctionType: Avoiding virtual function calls due to potential Type corruption, using 'void'[0m
[0;36m[2025-10-18 17:58:33.362] [DEBUG] [AST] Resolved namespace symbol: Intrinsics::__printf__ with generic type: unknown (context: std::Runtime)[0m
[0;36m[2025-10-18 17:58:33.362] [DEBUG] [AST] Visiting MemberAccessNode: member='total_allocations'[0m
[0;36m[2025-10-18 17:58:33.362] [DEBUG] [AST] TypeContext::create_pointer_type() - created new pointer type: StatisticsManager*[0m
[0;36m[2025-10-18 17:58:33.362] [DEBUG] [AST] Set 'this' type to: StatisticsManager*[0m
[0;36m[2025-10-18 17:58:33.362] [DEBUG] [AST] Member 'total_allocations' - using resolved type: StatisticsManager*[0m
[0;36m[2025-10-18 17:58:33.362] [DEBUG] [AST] Object type name: 'StatisticsManager*', kind: 7, checking if pointer[0m
[0;36m[2025-10-18 17:58:33.362] [DEBUG] [AST] Dereferencing pointer type to access member 'total_allocations' on type 'StatisticsManager'[0m
[0;36m[2025-10-18 17:58:33.362] [DEBUG] [AST] Looking up field 'total_allocations' in struct 'StatisticsManager'[0m
[0;36m[2025-10-18 17:58:33.362] [DEBUG] [AST] Found struct 'StatisticsManager' in _struct_fields with 11 fields[0m
[0;36m[2025-10-18 17:58:33.362] [DEBUG] [AST] TypeContext::get_integer_type() called with kind=int is_signed=1[0m
[0;36m[2025-10-18 17:58:33.362] [DEBUG] [AST] TypeContext::get_integer_type() called with kind=u64 is_signed=0[0m
[0;36m[2025-10-18 17:58:33.362] [DEBUG] [AST] Assignment compatibility check: u64 = u64 (TypeKinds: 2 vs 2)[0m
[0;36m[2025-10-18 17:58:33.362] [DEBUG] [AST] Visiting MemberAccessNode: member='total_deallocations'[0m
[0;36m[2025-10-18 17:58:33.362] [DEBUG] [AST] Set 'this' type to: StatisticsManager*[0m
[0;36m[2025-10-18 17:58:33.362] [DEBUG] [AST] Member 'total_deallocations' - using resolved type: StatisticsManager*[0m
[0;36m[2025-10-18 17:58:33.362] [DEBUG] [AST] Object type name: 'StatisticsManager*', kind: 7, checking if pointer[0m
[0;36m[2025-10-18 17:58:33.362] [DEBUG] [AST] Dereferencing pointer type to access member 'total_deallocations' on type 'StatisticsManager'[0m
[0;36m[2025-10-18 17:58:33.362] [DEBUG] [AST] Looking up field 'total_deallocations' in struct 'StatisticsManager'[0m
[0;36m[2025-10-18 17:58:33.362] [DEBUG] [AST] Found struct 'StatisticsManager' in _struct_fields with 11 fields[0m
[0;36m[2025-10-18 17:58:33.362] [DEBUG] [AST] TypeContext::get_integer_type() called with kind=int is_signed=1[0m
[0;36m[2025-10-18 17:58:33.362] [DEBUG] [AST] TypeContext::get_integer_type() called with kind=u64 is_signed=0[0m
[0;36m[2025-10-18 17:58:33.363] [DEBUG] [AST] Assignment compatibility check: u64 = u64 (TypeKinds: 2 vs 2)[0m
[0;36m[2025-10-18 17:58:33.363] [DEBUG] [AST] Visiting MemberAccessNode: member='bytes_allocated'[0m
[0;36m[2025-10-18 17:58:33.363] [DEBUG] [AST] Set 'this' type to: StatisticsManager*[0m
[0;36m[2025-10-18 17:58:33.363] [DEBUG] [AST] Member 'bytes_allocated' - using resolved type: StatisticsManager*[0m
[0;36m[2025-10-18 17:58:33.363] [DEBUG] [AST] Object type name: 'StatisticsManager*', kind: 7, checking if pointer[0m
[0;36m[2025-10-18 17:58:33.363] [DEBUG] [AST] Dereferencing pointer type to access member 'bytes_allocated' on type 'StatisticsManager'[0m
[0;36m[2025-10-18 17:58:33.363] [DEBUG] [AST] Looking up field 'bytes_allocated' in struct 'StatisticsManager'[0m
[0;36m[2025-10-18 17:58:33.363] [DEBUG] [AST] Found struct 'StatisticsManager' in _struct_fields with 11 fields[0m
[0;36m[2025-10-18 17:58:33.363] [DEBUG] [AST] TypeContext::get_integer_type() called with kind=int is_signed=1[0m
[0;36m[2025-10-18 17:58:33.363] [DEBUG] [AST] TypeContext::get_integer_type() called with kind=u64 is_signed=0[0m
[0;36m[2025-10-18 17:58:33.363] [DEBUG] [AST] Assignment compatibility check: u64 = u64 (TypeKinds: 2 vs 2)[0m
[0;36m[2025-10-18 17:58:33.363] [DEBUG] [AST] Visiting MemberAccessNode: member='peak_allocation'[0m
[0;36m[2025-10-18 17:58:33.363] [DEBUG] [AST] Set 'this' type to: StatisticsManager*[0m
[0;36m[2025-10-18 17:58:33.363] [DEBUG] [AST] Member 'peak_allocation' - using resolved type: StatisticsManager*[0m
[0;36m[2025-10-18 17:58:33.363] [DEBUG] [AST] Object type name: 'StatisticsManager*', kind: 7, checking if pointer[0m
[0;36m[2025-10-18 17:58:33.363] [DEBUG] [AST] Dereferencing pointer type to access member 'peak_allocation' on type 'StatisticsManager'[0m
[0;36m[2025-10-18 17:58:33.363] [DEBUG] [AST] Looking up field 'peak_allocation' in struct 'StatisticsManager'[0m
[0;36m[2025-10-18 17:58:33.363] [DEBUG] [AST] Found struct 'StatisticsManager' in _struct_fields with 11 fields[0m
[0;36m[2025-10-18 17:58:33.363] [DEBUG] [AST] TypeContext::get_integer_type() called with kind=int is_signed=1[0m
[0;36m[2025-10-18 17:58:33.363] [DEBUG] [AST] TypeContext::get_integer_type() called with kind=u64 is_signed=0[0m
[0;36m[2025-10-18 17:58:33.363] [DEBUG] [AST] Assignment compatibility check: u64 = u64 (TypeKinds: 2 vs 2)[0m
[0;36m[2025-10-18 17:58:33.363] [DEBUG] [AST] Visiting MemberAccessNode: member='current_allocations'[0m
[0;36m[2025-10-18 17:58:33.363] [DEBUG] [AST] Set 'this' type to: StatisticsManager*[0m
[0;36m[2025-10-18 17:58:33.363] [DEBUG] [AST] Member 'current_allocations' - using resolved type: StatisticsManager*[0m
[0;36m[2025-10-18 17:58:33.363] [DEBUG] [AST] Object type name: 'StatisticsManager*', kind: 7, checking if pointer[0m
[0;36m[2025-10-18 17:58:33.363] [DEBUG] [AST] Dereferencing pointer type to access member 'current_allocations' on type 'StatisticsManager'[0m
[0;36m[2025-10-18 17:58:33.363] [DEBUG] [AST] Looking up field 'current_allocations' in struct 'StatisticsManager'[0m
[0;36m[2025-10-18 17:58:33.363] [DEBUG] [AST] Found struct 'StatisticsManager' in _struct_fields with 11 fields[0m
[0;36m[2025-10-18 17:58:33.363] [DEBUG] [AST] TypeContext::get_integer_type() called with kind=int is_signed=1[0m
[0;36m[2025-10-18 17:58:33.363] [DEBUG] [AST] TypeContext::get_integer_type() called with kind=u64 is_signed=0[0m
[0;36m[2025-10-18 17:58:33.363] [DEBUG] [AST] Assignment compatibility check: u64 = u64 (TypeKinds: 2 vs 2)[0m
[0;36m[2025-10-18 17:58:33.363] [DEBUG] [AST] Visiting MemberAccessNode: member='failed_allocations'[0m
[0;36m[2025-10-18 17:58:33.363] [DEBUG] [AST] Set 'this' type to: StatisticsManager*[0m
[0;36m[2025-10-18 17:58:33.363] [DEBUG] [AST] Member 'failed_allocations' - using resolved type: StatisticsManager*[0m
[0;36m[2025-10-18 17:58:33.363] [DEBUG] [AST] Object type name: 'StatisticsManager*', kind: 7, checking if pointer[0m
[0;36m[2025-10-18 17:58:33.363] [DEBUG] [AST] Dereferencing pointer type to access member 'failed_allocations' on type 'StatisticsManager'[0m
[0;36m[2025-10-18 17:58:33.363] [DEBUG] [AST] Looking up field 'failed_allocations' in struct 'StatisticsManager'[0m
[0;36m[2025-10-18 17:58:33.363] [DEBUG] [AST] Found struct 'StatisticsManager' in _struct_fields with 11 fields[0m
[0;36m[2025-10-18 17:58:33.363] [DEBUG] [AST] TypeContext::get_integer_type() called with kind=int is_signed=1[0m
[0;36m[2025-10-18 17:58:33.363] [DEBUG] [AST] TypeContext::get_integer_type() called with kind=u64 is_signed=0[0m
[0;36m[2025-10-18 17:58:33.363] [DEBUG] [AST] Assignment compatibility check: u64 = u64 (TypeKinds: 2 vs 2)[0m
[0;36m[2025-10-18 17:58:33.363] [DEBUG] [AST] Visiting MemberAccessNode: member='fragmentation_ratio'[0m
[0;36m[2025-10-18 17:58:33.363] [DEBUG] [AST] Set 'this' type to: StatisticsManager*[0m
[0;36m[2025-10-18 17:58:33.363] [DEBUG] [AST] Member 'fragmentation_ratio' - using resolved type: StatisticsManager*[0m
[0;36m[2025-10-18 17:58:33.363] [DEBUG] [AST] Object type name: 'StatisticsManager*', kind: 7, checking if pointer[0m
[0;36m[2025-10-18 17:58:33.363] [DEBUG] [AST] Dereferencing pointer type to access member 'fragmentation_ratio' on type 'StatisticsManager'[0m
[0;36m[2025-10-18 17:58:33.363] [DEBUG] [AST] Looking up field 'fragmentation_ratio' in struct 'StatisticsManager'[0m
[0;36m[2025-10-18 17:58:33.363] [DEBUG] [AST] Found struct 'StatisticsManager' in _struct_fields with 11 fields[0m
[0;36m[2025-10-18 17:58:33.363] [DEBUG] [AST] Assignment compatibility check: f64 = float (TypeKinds: 3 vs 3)[0m
[0;36m[2025-10-18 17:58:33.363] [DEBUG] [AST] Allowing float assignment: f64 = float (string fallback)[0m
[0;36m[2025-10-18 17:58:33.363] [DEBUG] [AST] Visiting MemberAccessNode: member='largest_free_block'[0m
[0;36m[2025-10-18 17:58:33.363] [DEBUG] [AST] Set 'this' type to: StatisticsManager*[0m
[0;36m[2025-10-18 17:58:33.363] [DEBUG] [AST] Member 'largest_free_block' - using resolved type: StatisticsManager*[0m
[0;36m[2025-10-18 17:58:33.363] [DEBUG] [AST] Object type name: 'StatisticsManager*', kind: 7, checking if pointer[0m
[0;36m[2025-10-18 17:58:33.363] [DEBUG] [AST] Dereferencing pointer type to access member 'largest_free_block' on type 'StatisticsManager'[0m
[0;36m[2025-10-18 17:58:33.363] [DEBUG] [AST] Looking up field 'largest_free_block' in struct 'StatisticsManager'[0m
[0;36m[2025-10-18 17:58:33.363] [DEBUG] [AST] Found struct 'StatisticsManager' in _struct_fields with 11 fields[0m
[0;36m[2025-10-18 17:58:33.363] [DEBUG] [AST] TypeContext::get_integer_type() called with kind=int is_signed=1[0m
[0;36m[2025-10-18 17:58:33.363] [DEBUG] [AST] TypeContext::get_integer_type() called with kind=u64 is_signed=0[0m
[0;36m[2025-10-18 17:58:33.363] [DEBUG] [AST] Assignment compatibility check: u64 = u64 (TypeKinds: 2 vs 2)[0m
[0;36m[2025-10-18 17:58:33.363] [DEBUG] [AST] Visiting MemberAccessNode: member='small_allocs'[0m
[0;36m[2025-10-18 17:58:33.363] [DEBUG] [AST] Set 'this' type to: StatisticsManager*[0m
[0;36m[2025-10-18 17:58:33.363] [DEBUG] [AST] Member 'small_allocs' - using resolved type: StatisticsManager*[0m
[0;36m[2025-10-18 17:58:33.363] [DEBUG] [AST] Object type name: 'StatisticsManager*', kind: 7, checking if pointer[0m
[0;36m[2025-10-18 17:58:33.363] [DEBUG] [AST] Dereferencing pointer type to access member 'small_allocs' on type 'StatisticsManager'[0m
[0;36m[2025-10-18 17:58:33.363] [DEBUG] [AST] Looking up field 'small_allocs' in struct 'StatisticsManager'[0m
[0;36m[2025-10-18 17:58:33.363] [DEBUG] [AST] Found struct 'StatisticsManager' in _struct_fields with 11 fields[0m
[0;36m[2025-10-18 17:58:33.363] [DEBUG] [AST] TypeContext::get_integer_type() called with kind=int is_signed=1[0m
[0;36m[2025-10-18 17:58:33.363] [DEBUG] [AST] TypeContext::get_integer_type() called with kind=u64 is_signed=0[0m
[0;36m[2025-10-18 17:58:33.363] [DEBUG] [AST] Assignment compatibility check: u64 = u64 (TypeKinds: 2 vs 2)[0m
[0;36m[2025-10-18 17:58:33.363] [DEBUG] [AST] Visiting MemberAccessNode: member='medium_allocs'[0m
[0;36m[2025-10-18 17:58:33.363] [DEBUG] [AST] Set 'this' type to: StatisticsManager*[0m
[0;36m[2025-10-18 17:58:33.363] [DEBUG] [AST] Member 'medium_allocs' - using resolved type: StatisticsManager*[0m
[0;36m[2025-10-18 17:58:33.363] [DEBUG] [AST] Object type name: 'StatisticsManager*', kind: 7, checking if pointer[0m
[0;36m[2025-10-18 17:58:33.363] [DEBUG] [AST] Dereferencing pointer type to access member 'medium_allocs' on type 'StatisticsManager'[0m
[0;36m[2025-10-18 17:58:33.363] [DEBUG] [AST] Looking up field 'medium_allocs' in struct 'StatisticsManager'[0m
[0;36m[2025-10-18 17:58:33.363] [DEBUG] [AST] Found struct 'StatisticsManager' in _struct_fields with 11 fields[0m
[0;36m[2025-10-18 17:58:33.363] [DEBUG] [AST] TypeContext::get_integer_type() called with kind=int is_signed=1[0m
[0;36m[2025-10-18 17:58:33.363] [DEBUG] [AST] TypeContext::get_integer_type() called with kind=u64 is_signed=0[0m
[0;36m[2025-10-18 17:58:33.363] [DEBUG] [AST] Assignment compatibility check: u64 = u64 (TypeKinds: 2 vs 2)[0m
[0;36m[2025-10-18 17:58:33.364] [DEBUG] [AST] Visiting MemberAccessNode: member='large_allocs'[0m
[0;36m[2025-10-18 17:58:33.364] [DEBUG] [AST] Set 'this' type to: StatisticsManager*[0m
[0;36m[2025-10-18 17:58:33.364] [DEBUG] [AST] Member 'large_allocs' - using resolved type: StatisticsManager*[0m
[0;36m[2025-10-18 17:58:33.364] [DEBUG] [AST] Object type name: 'StatisticsManager*', kind: 7, checking if pointer[0m
[0;36m[2025-10-18 17:58:33.364] [DEBUG] [AST] Dereferencing pointer type to access member 'large_allocs' on type 'StatisticsManager'[0m
[0;36m[2025-10-18 17:58:33.364] [DEBUG] [AST] Looking up field 'large_allocs' in struct 'StatisticsManager'[0m
[0;36m[2025-10-18 17:58:33.364] [DEBUG] [AST] Found struct 'StatisticsManager' in _struct_fields with 11 fields[0m
[0;36m[2025-10-18 17:58:33.364] [DEBUG] [AST] TypeContext::get_integer_type() called with kind=int is_signed=1[0m
[0;36m[2025-10-18 17:58:33.364] [DEBUG] [AST] TypeContext::get_integer_type() called with kind=u64 is_signed=0[0m
[0;36m[2025-10-18 17:58:33.364] [DEBUG] [AST] Assignment compatibility check: u64 = u64 (TypeKinds: 2 vs 2)[0m
[0;33m[2025-10-18 17:58:33.364] [WARN] [AST] FunctionType: Avoiding virtual function calls due to potential Type corruption, using 'void'[0m
[0;36m[2025-10-18 17:58:33.364] [DEBUG] [AST] resolve_type_with_generic_context: 'void'[0m
[0;36m[2025-10-18 17:58:33.364] [DEBUG] [AST] Attempting direct type lookup for 'void'[0m
[0;36m[2025-10-18 17:58:33.364] [DEBUG] [AST] Trying TypeContext token-based parsing first...[0m
[0;36m[2025-10-18 17:58:33.364] [DEBUG] [AST] Token parsing result for 'void': void (kind=0)[0m
[0;36m[2025-10-18 17:58:33.364] [DEBUG] [AST] Successfully parsed 'void' via TypeContext (token-based parsing)[0m
[0;36m[2025-10-18 17:58:33.364] [DEBUG] [AST] resolve_type_with_generic_context: 'u64'[0m
[0;36m[2025-10-18 17:58:33.364] [DEBUG] [AST] Attempting direct type lookup for 'u64'[0m
[0;36m[2025-10-18 17:58:33.364] [DEBUG] [AST] Trying TypeContext token-based parsing first...[0m
[0;36m[2025-10-18 17:58:33.364] [DEBUG] [AST] TypeContext::get_integer_type() called with kind=u64 is_signed=0[0m
[0;36m[2025-10-18 17:58:33.364] [DEBUG] [AST] Token parsing result for 'u64': u64 (kind=2)[0m
[0;36m[2025-10-18 17:58:33.364] [DEBUG] [AST] Successfully parsed 'u64' via TypeContext (token-based parsing)[0m
[0;33m[2025-10-18 17:58:33.364] [WARN] [AST] FunctionType: Avoiding virtual function calls on parameter type at index 0 due to potential Type corruption, using 'void'[0m
[0;33m[2025-10-18 17:58:33.364] [WARN] [AST] FunctionType: Avoiding virtual function calls due to potential Type corruption, using 'void'[0m
[0;36m[2025-10-18 17:58:33.364] [DEBUG] [AST] Created function type for 'record_allocation' - is_variadic: 0[0m
[0;36m[2025-10-18 17:58:33.364] [DEBUG] [AST] Not found in main symbols, checking namespaces...[0m
[0;36m[2025-10-18 17:58:33.364] [DEBUG] [AST] VariableDeclarationNode 'size' has type annotation: 'u64' (current_struct: 'StatisticsManager')[0m
[0;36m[2025-10-18 17:58:33.364] [DEBUG] [AST] resolve_type_with_generic_context: 'u64'[0m
[0;36m[2025-10-18 17:58:33.364] [DEBUG] [AST] Attempting direct type lookup for 'u64'[0m
[0;36m[2025-10-18 17:58:33.364] [DEBUG] [AST] Trying TypeContext token-based parsing first...[0m
[0;36m[2025-10-18 17:58:33.364] [DEBUG] [AST] TypeContext::get_integer_type() called with kind=u64 is_signed=0[0m
[0;36m[2025-10-18 17:58:33.364] [DEBUG] [AST] Token parsing result for 'u64': u64 (kind=2)[0m
[0;36m[2025-10-18 17:58:33.364] [DEBUG] [AST] Successfully parsed 'u64' via TypeContext (token-based parsing)[0m
[0;36m[2025-10-18 17:58:33.364] [DEBUG] [AST] SKIPPED field registration for 'size': function parameter in struct 'StatisticsManager' (in_function=1)[0m
[0;36m[2025-10-18 17:58:33.364] [DEBUG] [AST] Resolved namespace symbol: Intrinsics::__printf__ with generic type: unknown (context: std::Runtime)[0m
[0;36m[2025-10-18 17:58:33.364] [DEBUG] [AST] Visiting MemberAccessNode: member='total_allocations'[0m
[0;36m[2025-10-18 17:58:33.364] [DEBUG] [AST] Set 'this' type to: StatisticsManager*[0m
[0;36m[2025-10-18 17:58:33.364] [DEBUG] [AST] Member 'total_allocations' - using resolved type: StatisticsManager*[0m
[0;36m[2025-10-18 17:58:33.364] [DEBUG] [AST] Object type name: 'StatisticsManager*', kind: 7, checking if pointer[0m
[0;36m[2025-10-18 17:58:33.364] [DEBUG] [AST] Dereferencing pointer type to access member 'total_allocations' on type 'StatisticsManager'[0m
[0;36m[2025-10-18 17:58:33.364] [DEBUG] [AST] Looking up field 'total_allocations' in struct 'StatisticsManager'[0m
[0;36m[2025-10-18 17:58:33.364] [DEBUG] [AST] Found struct 'StatisticsManager' in _struct_fields with 11 fields[0m
[0;36m[2025-10-18 17:58:33.364] [DEBUG] [AST] Visiting MemberAccessNode: member='total_allocations'[0m
[0;36m[2025-10-18 17:58:33.364] [DEBUG] [AST] Set 'this' type to: StatisticsManager*[0m
[0;36m[2025-10-18 17:58:33.364] [DEBUG] [AST] Member 'total_allocations' - using resolved type: StatisticsManager*[0m
[0;36m[2025-10-18 17:58:33.364] [DEBUG] [AST] Object type name: 'StatisticsManager*', kind: 7, checking if pointer[0m
[0;36m[2025-10-18 17:58:33.364] [DEBUG] [AST] Dereferencing pointer type to access member 'total_allocations' on type 'StatisticsManager'[0m
[0;36m[2025-10-18 17:58:33.364] [DEBUG] [AST] Looking up field 'total_allocations' in struct 'StatisticsManager'[0m
[0;36m[2025-10-18 17:58:33.364] [DEBUG] [AST] Found struct 'StatisticsManager' in _struct_fields with 11 fields[0m
[0;36m[2025-10-18 17:58:33.364] [DEBUG] [AST] TypeContext::get_integer_type() called with kind=int is_signed=1[0m
[0;36m[2025-10-18 17:58:33.364] [DEBUG] [AST] TypeContext::get_integer_type() called with kind=u64 is_signed=0[0m
[0;36m[2025-10-18 17:58:33.364] [DEBUG] [AST] Assignment compatibility check: u64 = u64 (TypeKinds: 2 vs 2)[0m
[0;36m[2025-10-18 17:58:33.364] [DEBUG] [AST] Visiting MemberAccessNode: member='bytes_allocated'[0m
[0;36m[2025-10-18 17:58:33.364] [DEBUG] [AST] Set 'this' type to: StatisticsManager*[0m
[0;36m[2025-10-18 17:58:33.364] [DEBUG] [AST] Member 'bytes_allocated' - using resolved type: StatisticsManager*[0m
[0;36m[2025-10-18 17:58:33.364] [DEBUG] [AST] Object type name: 'StatisticsManager*', kind: 7, checking if pointer[0m
[0;36m[2025-10-18 17:58:33.364] [DEBUG] [AST] Dereferencing pointer type to access member 'bytes_allocated' on type 'StatisticsManager'[0m
[0;36m[2025-10-18 17:58:33.364] [DEBUG] [AST] Looking up field 'bytes_allocated' in struct 'StatisticsManager'[0m
[0;36m[2025-10-18 17:58:33.364] [DEBUG] [AST] Found struct 'StatisticsManager' in _struct_fields with 11 fields[0m
[0;36m[2025-10-18 17:58:33.364] [DEBUG] [AST] Visiting MemberAccessNode: member='bytes_allocated'[0m
[0;36m[2025-10-18 17:58:33.364] [DEBUG] [AST] Set 'this' type to: StatisticsManager*[0m
[0;36m[2025-10-18 17:58:33.364] [DEBUG] [AST] Member 'bytes_allocated' - using resolved type: StatisticsManager*[0m
[0;36m[2025-10-18 17:58:33.364] [DEBUG] [AST] Object type name: 'StatisticsManager*', kind: 7, checking if pointer[0m
[0;36m[2025-10-18 17:58:33.364] [DEBUG] [AST] Dereferencing pointer type to access member 'bytes_allocated' on type 'StatisticsManager'[0m
[0;36m[2025-10-18 17:58:33.364] [DEBUG] [AST] Looking up field 'bytes_allocated' in struct 'StatisticsManager'[0m
[0;36m[2025-10-18 17:58:33.364] [DEBUG] [AST] Found struct 'StatisticsManager' in _struct_fields with 11 fields[0m
[0;36m[2025-10-18 17:58:33.364] [DEBUG] [AST] Assignment compatibility check: u64 = u64 (TypeKinds: 2 vs 2)[0m
[0;36m[2025-10-18 17:58:33.364] [DEBUG] [AST] Visiting MemberAccessNode: member='bytes_allocated'[0m
[0;36m[2025-10-18 17:58:33.364] [DEBUG] [AST] Set 'this' type to: StatisticsManager*[0m
[0;36m[2025-10-18 17:58:33.364] [DEBUG] [AST] Member 'bytes_allocated' - using resolved type: StatisticsManager*[0m
[0;36m[2025-10-18 17:58:33.364] [DEBUG] [AST] Object type name: 'StatisticsManager*', kind: 7, checking if pointer[0m
[0;36m[2025-10-18 17:58:33.364] [DEBUG] [AST] Dereferencing pointer type to access member 'bytes_allocated' on type 'StatisticsManager'[0m
[0;36m[2025-10-18 17:58:33.364] [DEBUG] [AST] Looking up field 'bytes_allocated' in struct 'StatisticsManager'[0m
[0;36m[2025-10-18 17:58:33.364] [DEBUG] [AST] Found struct 'StatisticsManager' in _struct_fields with 11 fields[0m
[0;36m[2025-10-18 17:58:33.364] [DEBUG] [AST] Visiting MemberAccessNode: member='peak_allocation'[0m
[0;36m[2025-10-18 17:58:33.364] [DEBUG] [AST] Set 'this' type to: StatisticsManager*[0m
[0;36m[2025-10-18 17:58:33.364] [DEBUG] [AST] Member 'peak_allocation' - using resolved type: StatisticsManager*[0m
[0;36m[2025-10-18 17:58:33.364] [DEBUG] [AST] Object type name: 'StatisticsManager*', kind: 7, checking if pointer[0m
[0;36m[2025-10-18 17:58:33.364] [DEBUG] [AST] Dereferencing pointer type to access member 'peak_allocation' on type 'StatisticsManager'[0m
[0;36m[2025-10-18 17:58:33.365] [DEBUG] [AST] Looking up field 'peak_allocation' in struct 'StatisticsManager'[0m
[0;36m[2025-10-18 17:58:33.365] [DEBUG] [AST] Found struct 'StatisticsManager' in _struct_fields with 11 fields[0m
[0;36m[2025-10-18 17:58:33.365] [DEBUG] [AST] Visiting MemberAccessNode: member='peak_allocation'[0m
[0;36m[2025-10-18 17:58:33.365] [DEBUG] [AST] Set 'this' type to: StatisticsManager*[0m
[0;36m[2025-10-18 17:58:33.365] [DEBUG] [AST] Member 'peak_allocation' - using resolved type: StatisticsManager*[0m
[0;36m[2025-10-18 17:58:33.365] [DEBUG] [AST] Object type name: 'StatisticsManager*', kind: 7, checking if pointer[0m
[0;36m[2025-10-18 17:58:33.365] [DEBUG] [AST] Dereferencing pointer type to access member 'peak_allocation' on type 'StatisticsManager'[0m
[0;36m[2025-10-18 17:58:33.365] [DEBUG] [AST] Looking up field 'peak_allocation' in struct 'StatisticsManager'[0m
[0;36m[2025-10-18 17:58:33.365] [DEBUG] [AST] Found struct 'StatisticsManager' in _struct_fields with 11 fields[0m
[0;36m[2025-10-18 17:58:33.365] [DEBUG] [AST] Visiting MemberAccessNode: member='bytes_allocated'[0m
[0;36m[2025-10-18 17:58:33.365] [DEBUG] [AST] Set 'this' type to: StatisticsManager*[0m
[0;36m[2025-10-18 17:58:33.365] [DEBUG] [AST] Member 'bytes_allocated' - using resolved type: StatisticsManager*[0m
[0;36m[2025-10-18 17:58:33.365] [DEBUG] [AST] Object type name: 'StatisticsManager*', kind: 7, checking if pointer[0m
[0;36m[2025-10-18 17:58:33.365] [DEBUG] [AST] Dereferencing pointer type to access member 'bytes_allocated' on type 'StatisticsManager'[0m
[0;36m[2025-10-18 17:58:33.365] [DEBUG] [AST] Looking up field 'bytes_allocated' in struct 'StatisticsManager'[0m
[0;36m[2025-10-18 17:58:33.365] [DEBUG] [AST] Found struct 'StatisticsManager' in _struct_fields with 11 fields[0m
[0;36m[2025-10-18 17:58:33.365] [DEBUG] [AST] Assignment compatibility check: u64 = u64 (TypeKinds: 2 vs 2)[0m
[0;36m[2025-10-18 17:58:33.365] [DEBUG] [AST] Resolved namespace symbol: Intrinsics::__printf__ with generic type: unknown (context: std::Runtime)[0m
[0;36m[2025-10-18 17:58:33.365] [DEBUG] [AST] Visiting MemberAccessNode: member='peak_allocation'[0m
[0;36m[2025-10-18 17:58:33.365] [DEBUG] [AST] Set 'this' type to: StatisticsManager*[0m
[0;36m[2025-10-18 17:58:33.365] [DEBUG] [AST] Member 'peak_allocation' - using resolved type: StatisticsManager*[0m
[0;36m[2025-10-18 17:58:33.365] [DEBUG] [AST] Object type name: 'StatisticsManager*', kind: 7, checking if pointer[0m
[0;36m[2025-10-18 17:58:33.365] [DEBUG] [AST] Dereferencing pointer type to access member 'peak_allocation' on type 'StatisticsManager'[0m
[0;36m[2025-10-18 17:58:33.365] [DEBUG] [AST] Looking up field 'peak_allocation' in struct 'StatisticsManager'[0m
[0;36m[2025-10-18 17:58:33.365] [DEBUG] [AST] Found struct 'StatisticsManager' in _struct_fields with 11 fields[0m
[0;33m[2025-10-18 17:58:33.365] [WARN] [AST] FunctionType: Avoiding virtual function calls on parameter type at index 0 due to potential Type corruption, using 'void'[0m
[0;33m[2025-10-18 17:58:33.365] [WARN] [AST] FunctionType: Avoiding virtual function calls due to potential Type corruption, using 'void'[0m
[0;36m[2025-10-18 17:58:33.365] [DEBUG] [AST] resolve_type_with_generic_context: 'void'[0m
[0;36m[2025-10-18 17:58:33.365] [DEBUG] [AST] Attempting direct type lookup for 'void'[0m
[0;36m[2025-10-18 17:58:33.365] [DEBUG] [AST] Trying TypeContext token-based parsing first...[0m
[0;36m[2025-10-18 17:58:33.365] [DEBUG] [AST] Token parsing result for 'void': void (kind=0)[0m
[0;36m[2025-10-18 17:58:33.365] [DEBUG] [AST] Successfully parsed 'void' via TypeContext (token-based parsing)[0m
[0;36m[2025-10-18 17:58:33.365] [DEBUG] [AST] resolve_type_with_generic_context: 'u64'[0m
[0;36m[2025-10-18 17:58:33.365] [DEBUG] [AST] Attempting direct type lookup for 'u64'[0m
[0;36m[2025-10-18 17:58:33.365] [DEBUG] [AST] Trying TypeContext token-based parsing first...[0m
[0;36m[2025-10-18 17:58:33.365] [DEBUG] [AST] TypeContext::get_integer_type() called with kind=u64 is_signed=0[0m
[0;36m[2025-10-18 17:58:33.365] [DEBUG] [AST] Token parsing result for 'u64': u64 (kind=2)[0m
[0;36m[2025-10-18 17:58:33.365] [DEBUG] [AST] Successfully parsed 'u64' via TypeContext (token-based parsing)[0m
[0;33m[2025-10-18 17:58:33.365] [WARN] [AST] FunctionType: Avoiding virtual function calls on parameter type at index 0 due to potential Type corruption, using 'void'[0m
[0;33m[2025-10-18 17:58:33.365] [WARN] [AST] FunctionType: Avoiding virtual function calls due to potential Type corruption, using 'void'[0m
[0;36m[2025-10-18 17:58:33.365] [DEBUG] [AST] Created function type for 'record_deallocation' - is_variadic: 0[0m
[0;36m[2025-10-18 17:58:33.365] [DEBUG] [AST] Not found in main symbols, checking namespaces...[0m
[0;36m[2025-10-18 17:58:33.365] [DEBUG] [AST] VariableDeclarationNode 'size' has type annotation: 'u64' (current_struct: 'StatisticsManager')[0m
[0;36m[2025-10-18 17:58:33.365] [DEBUG] [AST] resolve_type_with_generic_context: 'u64'[0m
[0;36m[2025-10-18 17:58:33.365] [DEBUG] [AST] Attempting direct type lookup for 'u64'[0m
[0;36m[2025-10-18 17:58:33.365] [DEBUG] [AST] Trying TypeContext token-based parsing first...[0m
[0;36m[2025-10-18 17:58:33.365] [DEBUG] [AST] TypeContext::get_integer_type() called with kind=u64 is_signed=0[0m
[0;36m[2025-10-18 17:58:33.365] [DEBUG] [AST] Token parsing result for 'u64': u64 (kind=2)[0m
[0;36m[2025-10-18 17:58:33.365] [DEBUG] [AST] Successfully parsed 'u64' via TypeContext (token-based parsing)[0m
[0;36m[2025-10-18 17:58:33.365] [DEBUG] [AST] SKIPPED field registration for 'size': function parameter in struct 'StatisticsManager' (in_function=1)[0m
[0;36m[2025-10-18 17:58:33.365] [DEBUG] [AST] Resolved namespace symbol: Intrinsics::__printf__ with generic type: unknown (context: std::Runtime)[0m
[0;36m[2025-10-18 17:58:33.365] [DEBUG] [AST] Visiting MemberAccessNode: member='total_deallocations'[0m
[0;36m[2025-10-18 17:58:33.365] [DEBUG] [AST] Set 'this' type to: StatisticsManager*[0m
[0;36m[2025-10-18 17:58:33.365] [DEBUG] [AST] Member 'total_deallocations' - using resolved type: StatisticsManager*[0m
[0;36m[2025-10-18 17:58:33.365] [DEBUG] [AST] Object type name: 'StatisticsManager*', kind: 7, checking if pointer[0m
[0;36m[2025-10-18 17:58:33.365] [DEBUG] [AST] Dereferencing pointer type to access member 'total_deallocations' on type 'StatisticsManager'[0m
[0;36m[2025-10-18 17:58:33.365] [DEBUG] [AST] Looking up field 'total_deallocations' in struct 'StatisticsManager'[0m
[0;36m[2025-10-18 17:58:33.365] [DEBUG] [AST] Found struct 'StatisticsManager' in _struct_fields with 11 fields[0m
[0;36m[2025-10-18 17:58:33.365] [DEBUG] [AST] Visiting MemberAccessNode: member='total_deallocations'[0m
[0;36m[2025-10-18 17:58:33.365] [DEBUG] [AST] Set 'this' type to: StatisticsManager*[0m
[0;36m[2025-10-18 17:58:33.365] [DEBUG] [AST] Member 'total_deallocations' - using resolved type: StatisticsManager*[0m
[0;36m[2025-10-18 17:58:33.365] [DEBUG] [AST] Object type name: 'StatisticsManager*', kind: 7, checking if pointer[0m
[0;36m[2025-10-18 17:58:33.365] [DEBUG] [AST] Dereferencing pointer type to access member 'total_deallocations' on type 'StatisticsManager'[0m
[0;36m[2025-10-18 17:58:33.365] [DEBUG] [AST] Looking up field 'total_deallocations' in struct 'StatisticsManager'[0m
[0;36m[2025-10-18 17:58:33.365] [DEBUG] [AST] Found struct 'StatisticsManager' in _struct_fields with 11 fields[0m
[0;36m[2025-10-18 17:58:33.365] [DEBUG] [AST] TypeContext::get_integer_type() called with kind=int is_signed=1[0m
[0;36m[2025-10-18 17:58:33.365] [DEBUG] [AST] TypeContext::get_integer_type() called with kind=u64 is_signed=0[0m
[0;36m[2025-10-18 17:58:33.365] [DEBUG] [AST] Assignment compatibility check: u64 = u64 (TypeKinds: 2 vs 2)[0m
[0;36m[2025-10-18 17:58:33.365] [DEBUG] [AST] Visiting MemberAccessNode: member='bytes_allocated'[0m
[0;36m[2025-10-18 17:58:33.365] [DEBUG] [AST] Set 'this' type to: StatisticsManager*[0m
[0;36m[2025-10-18 17:58:33.365] [DEBUG] [AST] Member 'bytes_allocated' - using resolved type: StatisticsManager*[0m
[0;36m[2025-10-18 17:58:33.365] [DEBUG] [AST] Object type name: 'StatisticsManager*', kind: 7, checking if pointer[0m
[0;36m[2025-10-18 17:58:33.366] [DEBUG] [AST] Dereferencing pointer type to access member 'bytes_allocated' on type 'StatisticsManager'[0m
[0;36m[2025-10-18 17:58:33.366] [DEBUG] [AST] Looking up field 'bytes_allocated' in struct 'StatisticsManager'[0m
[0;36m[2025-10-18 17:58:33.366] [DEBUG] [AST] Found struct 'StatisticsManager' in _struct_fields with 11 fields[0m
[0;36m[2025-10-18 17:58:33.366] [DEBUG] [AST] Visiting MemberAccessNode: member='bytes_allocated'[0m
[0;36m[2025-10-18 17:58:33.366] [DEBUG] [AST] Set 'this' type to: StatisticsManager*[0m
[0;36m[2025-10-18 17:58:33.366] [DEBUG] [AST] Member 'bytes_allocated' - using resolved type: StatisticsManager*[0m
[0;36m[2025-10-18 17:58:33.366] [DEBUG] [AST] Object type name: 'StatisticsManager*', kind: 7, checking if pointer[0m
[0;36m[2025-10-18 17:58:33.366] [DEBUG] [AST] Dereferencing pointer type to access member 'bytes_allocated' on type 'StatisticsManager'[0m
[0;36m[2025-10-18 17:58:33.366] [DEBUG] [AST] Looking up field 'bytes_allocated' in struct 'StatisticsManager'[0m
[0;36m[2025-10-18 17:58:33.366] [DEBUG] [AST] Found struct 'StatisticsManager' in _struct_fields with 11 fields[0m
[0;36m[2025-10-18 17:58:33.366] [DEBUG] [AST] Assignment compatibility check: u64 = u64 (TypeKinds: 2 vs 2)[0m
[0;33m[2025-10-18 17:58:33.366] [WARN] [AST] FunctionType: Avoiding virtual function calls on parameter type at index 0 due to potential Type corruption, using 'void'[0m
[0;33m[2025-10-18 17:58:33.366] [WARN] [AST] FunctionType: Avoiding virtual function calls due to potential Type corruption, using 'void'[0m
[0;36m[2025-10-18 17:58:33.366] [DEBUG] [AST] resolve_type_with_generic_context: 'void'[0m
[0;36m[2025-10-18 17:58:33.366] [DEBUG] [AST] Attempting direct type lookup for 'void'[0m
[0;36m[2025-10-18 17:58:33.366] [DEBUG] [AST] Trying TypeContext token-based parsing first...[0m
[0;36m[2025-10-18 17:58:33.366] [DEBUG] [AST] Token parsing result for 'void': void (kind=0)[0m
[0;36m[2025-10-18 17:58:33.366] [DEBUG] [AST] Successfully parsed 'void' via TypeContext (token-based parsing)[0m
[0;33m[2025-10-18 17:58:33.366] [WARN] [AST] FunctionType: Avoiding virtual function calls due to potential Type corruption, using 'void'[0m
[0;36m[2025-10-18 17:58:33.366] [DEBUG] [AST] Created function type for 'print_stats' - is_variadic: 0[0m
[0;36m[2025-10-18 17:58:33.366] [DEBUG] [AST] Not found in main symbols, checking namespaces...[0m
[0;36m[2025-10-18 17:58:33.366] [DEBUG] [AST] Resolved namespace symbol: Intrinsics::__printf__ with generic type: unknown (context: std::Runtime)[0m
[0;36m[2025-10-18 17:58:33.366] [DEBUG] [AST] Resolved namespace symbol: Intrinsics::__printf__ with generic type: unknown (context: std::Runtime)[0m
[0;36m[2025-10-18 17:58:33.366] [DEBUG] [AST] Resolved namespace symbol: Intrinsics::__printf__ with generic type: unknown (context: std::Runtime)[0m
[0;36m[2025-10-18 17:58:33.366] [DEBUG] [AST] Resolved namespace symbol: Intrinsics::__printf__ with generic type: unknown (context: std::Runtime)[0m
[0;36m[2025-10-18 17:58:33.366] [DEBUG] [AST] Resolved namespace symbol: Intrinsics::__printf__ with generic type: unknown (context: std::Runtime)[0m
[0;36m[2025-10-18 17:58:33.366] [DEBUG] [AST] Visiting MemberAccessNode: member='total_allocations'[0m
[0;36m[2025-10-18 17:58:33.366] [DEBUG] [AST] Set 'this' type to: StatisticsManager*[0m
[0;36m[2025-10-18 17:58:33.366] [DEBUG] [AST] Member 'total_allocations' - using resolved type: StatisticsManager*[0m
[0;36m[2025-10-18 17:58:33.366] [DEBUG] [AST] Object type name: 'StatisticsManager*', kind: 7, checking if pointer[0m
[0;36m[2025-10-18 17:58:33.366] [DEBUG] [AST] Dereferencing pointer type to access member 'total_allocations' on type 'StatisticsManager'[0m
[0;36m[2025-10-18 17:58:33.366] [DEBUG] [AST] Looking up field 'total_allocations' in struct 'StatisticsManager'[0m
[0;36m[2025-10-18 17:58:33.366] [DEBUG] [AST] Found struct 'StatisticsManager' in _struct_fields with 11 fields[0m
[0;36m[2025-10-18 17:58:33.366] [DEBUG] [AST] Resolved namespace symbol: Intrinsics::__printf__ with generic type: unknown (context: std::Runtime)[0m
[0;36m[2025-10-18 17:58:33.366] [DEBUG] [AST] Visiting MemberAccessNode: member='total_deallocations'[0m
[0;36m[2025-10-18 17:58:33.366] [DEBUG] [AST] Set 'this' type to: StatisticsManager*[0m
[0;36m[2025-10-18 17:58:33.366] [DEBUG] [AST] Member 'total_deallocations' - using resolved type: StatisticsManager*[0m
[0;36m[2025-10-18 17:58:33.366] [DEBUG] [AST] Object type name: 'StatisticsManager*', kind: 7, checking if pointer[0m
[0;36m[2025-10-18 17:58:33.366] [DEBUG] [AST] Dereferencing pointer type to access member 'total_deallocations' on type 'StatisticsManager'[0m
[0;36m[2025-10-18 17:58:33.366] [DEBUG] [AST] Looking up field 'total_deallocations' in struct 'StatisticsManager'[0m
[0;36m[2025-10-18 17:58:33.366] [DEBUG] [AST] Found struct 'StatisticsManager' in _struct_fields with 11 fields[0m
[0;36m[2025-10-18 17:58:33.366] [DEBUG] [AST] Resolved namespace symbol: Intrinsics::__printf__ with generic type: unknown (context: std::Runtime)[0m
[0;36m[2025-10-18 17:58:33.366] [DEBUG] [AST] Visiting MemberAccessNode: member='current_allocations'[0m
[0;36m[2025-10-18 17:58:33.366] [DEBUG] [AST] Set 'this' type to: StatisticsManager*[0m
[0;36m[2025-10-18 17:58:33.366] [DEBUG] [AST] Member 'current_allocations' - using resolved type: StatisticsManager*[0m
[0;36m[2025-10-18 17:58:33.366] [DEBUG] [AST] Object type name: 'StatisticsManager*', kind: 7, checking if pointer[0m
[0;36m[2025-10-18 17:58:33.366] [DEBUG] [AST] Dereferencing pointer type to access member 'current_allocations' on type 'StatisticsManager'[0m
[0;36m[2025-10-18 17:58:33.366] [DEBUG] [AST] Looking up field 'current_allocations' in struct 'StatisticsManager'[0m
[0;36m[2025-10-18 17:58:33.366] [DEBUG] [AST] Found struct 'StatisticsManager' in _struct_fields with 11 fields[0m
[0;36m[2025-10-18 17:58:33.366] [DEBUG] [AST] Resolved namespace symbol: Intrinsics::__printf__ with generic type: unknown (context: std::Runtime)[0m
[0;36m[2025-10-18 17:58:33.366] [DEBUG] [AST] Visiting MemberAccessNode: member='failed_allocations'[0m
[0;36m[2025-10-18 17:58:33.366] [DEBUG] [AST] Set 'this' type to: StatisticsManager*[0m
[0;36m[2025-10-18 17:58:33.366] [DEBUG] [AST] Member 'failed_allocations' - using resolved type: StatisticsManager*[0m
[0;36m[2025-10-18 17:58:33.366] [DEBUG] [AST] Object type name: 'StatisticsManager*', kind: 7, checking if pointer[0m
[0;36m[2025-10-18 17:58:33.366] [DEBUG] [AST] Dereferencing pointer type to access member 'failed_allocations' on type 'StatisticsManager'[0m
[0;36m[2025-10-18 17:58:33.366] [DEBUG] [AST] Looking up field 'failed_allocations' in struct 'StatisticsManager'[0m
[0;36m[2025-10-18 17:58:33.366] [DEBUG] [AST] Found struct 'StatisticsManager' in _struct_fields with 11 fields[0m
[0;36m[2025-10-18 17:58:33.366] [DEBUG] [AST] Resolved namespace symbol: Intrinsics::__printf__ with generic type: unknown (context: std::Runtime)[0m
[0;36m[2025-10-18 17:58:33.366] [DEBUG] [AST] Resolved namespace symbol: Intrinsics::__printf__ with generic type: unknown (context: std::Runtime)[0m
[0;36m[2025-10-18 17:58:33.366] [DEBUG] [AST] Resolved namespace symbol: Intrinsics::__printf__ with generic type: unknown (context: std::Runtime)[0m
[0;36m[2025-10-18 17:58:33.366] [DEBUG] [AST] Visiting MemberAccessNode: member='bytes_allocated'[0m
[0;36m[2025-10-18 17:58:33.366] [DEBUG] [AST] Set 'this' type to: StatisticsManager*[0m
[0;36m[2025-10-18 17:58:33.366] [DEBUG] [AST] Member 'bytes_allocated' - using resolved type: StatisticsManager*[0m
[0;36m[2025-10-18 17:58:33.366] [DEBUG] [AST] Object type name: 'StatisticsManager*', kind: 7, checking if pointer[0m
[0;36m[2025-10-18 17:58:33.366] [DEBUG] [AST] Dereferencing pointer type to access member 'bytes_allocated' on type 'StatisticsManager'[0m
[0;36m[2025-10-18 17:58:33.366] [DEBUG] [AST] Looking up field 'bytes_allocated' in struct 'StatisticsManager'[0m
[0;36m[2025-10-18 17:58:33.366] [DEBUG] [AST] Found struct 'StatisticsManager' in _struct_fields with 11 fields[0m
[0;36m[2025-10-18 17:58:33.366] [DEBUG] [AST] Resolved namespace symbol: Intrinsics::__printf__ with generic type: unknown (context: std::Runtime)[0m
[0;36m[2025-10-18 17:58:33.366] [DEBUG] [AST] Visiting MemberAccessNode: member='peak_allocation'[0m
[0;36m[2025-10-18 17:58:33.367] [DEBUG] [AST] Set 'this' type to: StatisticsManager*[0m
[0;36m[2025-10-18 17:58:33.367] [DEBUG] [AST] Member 'peak_allocation' - using resolved type: StatisticsManager*[0m
[0;36m[2025-10-18 17:58:33.367] [DEBUG] [AST] Object type name: 'StatisticsManager*', kind: 7, checking if pointer[0m
[0;36m[2025-10-18 17:58:33.367] [DEBUG] [AST] Dereferencing pointer type to access member 'peak_allocation' on type 'StatisticsManager'[0m
[0;36m[2025-10-18 17:58:33.367] [DEBUG] [AST] Looking up field 'peak_allocation' in struct 'StatisticsManager'[0m
[0;36m[2025-10-18 17:58:33.367] [DEBUG] [AST] Found struct 'StatisticsManager' in _struct_fields with 11 fields[0m
[0;36m[2025-10-18 17:58:33.367] [DEBUG] [AST] Resolved namespace symbol: Intrinsics::__printf__ with generic type: unknown (context: std::Runtime)[0m
[0;36m[2025-10-18 17:58:33.367] [DEBUG] [AST] Visiting MemberAccessNode: member='largest_free_block'[0m
[0;36m[2025-10-18 17:58:33.367] [DEBUG] [AST] Set 'this' type to: StatisticsManager*[0m
[0;36m[2025-10-18 17:58:33.367] [DEBUG] [AST] Member 'largest_free_block' - using resolved type: StatisticsManager*[0m
[0;36m[2025-10-18 17:58:33.367] [DEBUG] [AST] Object type name: 'StatisticsManager*', kind: 7, checking if pointer[0m
[0;36m[2025-10-18 17:58:33.367] [DEBUG] [AST] Dereferencing pointer type to access member 'largest_free_block' on type 'StatisticsManager'[0m
[0;36m[2025-10-18 17:58:33.367] [DEBUG] [AST] Looking up field 'largest_free_block' in struct 'StatisticsManager'[0m
[0;36m[2025-10-18 17:58:33.367] [DEBUG] [AST] Found struct 'StatisticsManager' in _struct_fields with 11 fields[0m
[0;36m[2025-10-18 17:58:33.367] [DEBUG] [AST] Resolved namespace symbol: Intrinsics::__printf__ with generic type: unknown (context: std::Runtime)[0m
[0;36m[2025-10-18 17:58:33.367] [DEBUG] [AST] Resolved namespace symbol: Intrinsics::__printf__ with generic type: unknown (context: std::Runtime)[0m
[0;36m[2025-10-18 17:58:33.367] [DEBUG] [AST] Resolved namespace symbol: Intrinsics::__printf__ with generic type: unknown (context: std::Runtime)[0m
[0;36m[2025-10-18 17:58:33.367] [DEBUG] [AST] Visiting MemberAccessNode: member='small_allocs'[0m
[0;36m[2025-10-18 17:58:33.367] [DEBUG] [AST] Set 'this' type to: StatisticsManager*[0m
[0;36m[2025-10-18 17:58:33.367] [DEBUG] [AST] Member 'small_allocs' - using resolved type: StatisticsManager*[0m
[0;36m[2025-10-18 17:58:33.367] [DEBUG] [AST] Object type name: 'StatisticsManager*', kind: 7, checking if pointer[0m
[0;36m[2025-10-18 17:58:33.367] [DEBUG] [AST] Dereferencing pointer type to access member 'small_allocs' on type 'StatisticsManager'[0m
[0;36m[2025-10-18 17:58:33.367] [DEBUG] [AST] Looking up field 'small_allocs' in struct 'StatisticsManager'[0m
[0;36m[2025-10-18 17:58:33.367] [DEBUG] [AST] Found struct 'StatisticsManager' in _struct_fields with 11 fields[0m
[0;36m[2025-10-18 17:58:33.367] [DEBUG] [AST] Resolved namespace symbol: Intrinsics::__printf__ with generic type: unknown (context: std::Runtime)[0m
[0;36m[2025-10-18 17:58:33.367] [DEBUG] [AST] Visiting MemberAccessNode: member='medium_allocs'[0m
[0;36m[2025-10-18 17:58:33.367] [DEBUG] [AST] Set 'this' type to: StatisticsManager*[0m
[0;36m[2025-10-18 17:58:33.367] [DEBUG] [AST] Member 'medium_allocs' - using resolved type: StatisticsManager*[0m
[0;36m[2025-10-18 17:58:33.367] [DEBUG] [AST] Object type name: 'StatisticsManager*', kind: 7, checking if pointer[0m
[0;36m[2025-10-18 17:58:33.367] [DEBUG] [AST] Dereferencing pointer type to access member 'medium_allocs' on type 'StatisticsManager'[0m
[0;36m[2025-10-18 17:58:33.367] [DEBUG] [AST] Looking up field 'medium_allocs' in struct 'StatisticsManager'[0m
[0;36m[2025-10-18 17:58:33.367] [DEBUG] [AST] Found struct 'StatisticsManager' in _struct_fields with 11 fields[0m
[0;36m[2025-10-18 17:58:33.367] [DEBUG] [AST] Resolved namespace symbol: Intrinsics::__printf__ with generic type: unknown (context: std::Runtime)[0m
[0;36m[2025-10-18 17:58:33.367] [DEBUG] [AST] Visiting MemberAccessNode: member='large_allocs'[0m
[0;36m[2025-10-18 17:58:33.367] [DEBUG] [AST] Set 'this' type to: StatisticsManager*[0m
[0;36m[2025-10-18 17:58:33.367] [DEBUG] [AST] Member 'large_allocs' - using resolved type: StatisticsManager*[0m
[0;36m[2025-10-18 17:58:33.367] [DEBUG] [AST] Object type name: 'StatisticsManager*', kind: 7, checking if pointer[0m
[0;36m[2025-10-18 17:58:33.367] [DEBUG] [AST] Dereferencing pointer type to access member 'large_allocs' on type 'StatisticsManager'[0m
[0;36m[2025-10-18 17:58:33.367] [DEBUG] [AST] Looking up field 'large_allocs' in struct 'StatisticsManager'[0m
[0;36m[2025-10-18 17:58:33.367] [DEBUG] [AST] Found struct 'StatisticsManager' in _struct_fields with 11 fields[0m
[0;36m[2025-10-18 17:58:33.367] [DEBUG] [AST] Resolved namespace symbol: Intrinsics::__printf__ with generic type: unknown (context: std::Runtime)[0m
[0;36m[2025-10-18 17:58:33.367] [DEBUG] [AST] Visiting MemberAccessNode: member='current_allocations'[0m
[0;36m[2025-10-18 17:58:33.367] [DEBUG] [AST] Set 'this' type to: StatisticsManager*[0m
[0;36m[2025-10-18 17:58:33.367] [DEBUG] [AST] Member 'current_allocations' - using resolved type: StatisticsManager*[0m
[0;36m[2025-10-18 17:58:33.367] [DEBUG] [AST] Object type name: 'StatisticsManager*', kind: 7, checking if pointer[0m
[0;36m[2025-10-18 17:58:33.367] [DEBUG] [AST] Dereferencing pointer type to access member 'current_allocations' on type 'StatisticsManager'[0m
[0;36m[2025-10-18 17:58:33.367] [DEBUG] [AST] Looking up field 'current_allocations' in struct 'StatisticsManager'[0m
[0;36m[2025-10-18 17:58:33.367] [DEBUG] [AST] Found struct 'StatisticsManager' in _struct_fields with 11 fields[0m
[0;36m[2025-10-18 17:58:33.367] [DEBUG] [AST] TypeContext::get_integer_type() called with kind=int is_signed=1[0m
[0;36m[2025-10-18 17:58:33.367] [DEBUG] [AST] Resolved namespace symbol: Intrinsics::__printf__ with generic type: unknown (context: std::Runtime)[0m
[0;36m[2025-10-18 17:58:33.367] [DEBUG] [AST] Resolved namespace symbol: Intrinsics::__printf__ with generic type: unknown (context: std::Runtime)[0m
[0;36m[2025-10-18 17:58:33.367] [DEBUG] [AST] Visiting MemberAccessNode: member='current_allocations'[0m
[0;36m[2025-10-18 17:58:33.367] [DEBUG] [AST] Set 'this' type to: StatisticsManager*[0m
[0;36m[2025-10-18 17:58:33.367] [DEBUG] [AST] Member 'current_allocations' - using resolved type: StatisticsManager*[0m
[0;36m[2025-10-18 17:58:33.367] [DEBUG] [AST] Object type name: 'StatisticsManager*', kind: 7, checking if pointer[0m
[0;36m[2025-10-18 17:58:33.367] [DEBUG] [AST] Dereferencing pointer type to access member 'current_allocations' on type 'StatisticsManager'[0m
[0;36m[2025-10-18 17:58:33.367] [DEBUG] [AST] Looking up field 'current_allocations' in struct 'StatisticsManager'[0m
[0;36m[2025-10-18 17:58:33.367] [DEBUG] [AST] Found struct 'StatisticsManager' in _struct_fields with 11 fields[0m
[0;36m[2025-10-18 17:58:33.367] [DEBUG] [AST] Visiting MemberAccessNode: member='bytes_allocated'[0m
[0;36m[2025-10-18 17:58:33.367] [DEBUG] [AST] Set 'this' type to: StatisticsManager*[0m
[0;36m[2025-10-18 17:58:33.367] [DEBUG] [AST] Member 'bytes_allocated' - using resolved type: StatisticsManager*[0m
[0;36m[2025-10-18 17:58:33.367] [DEBUG] [AST] Object type name: 'StatisticsManager*', kind: 7, checking if pointer[0m
[0;36m[2025-10-18 17:58:33.367] [DEBUG] [AST] Dereferencing pointer type to access member 'bytes_allocated' on type 'StatisticsManager'[0m
[0;36m[2025-10-18 17:58:33.367] [DEBUG] [AST] Looking up field 'bytes_allocated' in struct 'StatisticsManager'[0m
[0;36m[2025-10-18 17:58:33.367] [DEBUG] [AST] Found struct 'StatisticsManager' in _struct_fields with 11 fields[0m
[0;33m[2025-10-18 17:58:33.367] [WARN] [AST] FunctionType: Avoiding virtual function calls due to potential Type corruption, using 'void'[0m
[0;36m[2025-10-18 17:58:33.367] [DEBUG] [AST] TypeContext::get_class_type() called with name='ErrorManager'[0m
[0;36m[2025-10-18 17:58:33.367] [DEBUG] [AST] Processing struct field 'last_error' with resolved type: RuntimeError, is_in_generic_context: 0, generic_context_stack_size: 0[0m
[0;36m[2025-10-18 17:58:33.367] [DEBUG] [AST] StructField registration check for 'last_error': current_struct='ErrorManager', field_type=RuntimeError, kind=14[0m
[0;36m[2025-10-18 17:58:33.368] [DEBUG] [AST] Registered struct field 'last_error' of type 'RuntimeError' in struct/class 'ErrorManager'[0m
[0;36m[2025-10-18 17:58:33.368] [DEBUG] [AST] Processing struct field 'panic_in_progress' with resolved type: boolean, is_in_generic_context: 0, generic_context_stack_size: 0[0m
[0;36m[2025-10-18 17:58:33.368] [DEBUG] [AST] StructField registration check for 'panic_in_progress': current_struct='ErrorManager', field_type=boolean, kind=1[0m
[0;36m[2025-10-18 17:58:33.368] [DEBUG] [AST] Registered struct field 'panic_in_progress' of type 'boolean' in struct/class 'ErrorManager'[0m
[0;33m[2025-10-18 17:58:33.368] [WARN] [AST] FunctionType: Avoiding virtual function calls due to potential Type corruption, using 'void'[0m
[0;36m[2025-10-18 17:58:33.368] [DEBUG] [AST] Resolved namespace symbol: Intrinsics::__printf__ with generic type: unknown (context: std::Runtime)[0m
[0;36m[2025-10-18 17:58:33.368] [DEBUG] [AST] Visiting MemberAccessNode: member='last_error'[0m
[0;36m[2025-10-18 17:58:33.368] [DEBUG] [AST] TypeContext::create_pointer_type() - created new pointer type: ErrorManager*[0m
[0;36m[2025-10-18 17:58:33.368] [DEBUG] [AST] Set 'this' type to: ErrorManager*[0m
[0;36m[2025-10-18 17:58:33.368] [DEBUG] [AST] Member 'last_error' - using resolved type: ErrorManager*[0m
[0;36m[2025-10-18 17:58:33.368] [DEBUG] [AST] Object type name: 'ErrorManager*', kind: 7, checking if pointer[0m
[0;36m[2025-10-18 17:58:33.368] [DEBUG] [AST] Dereferencing pointer type to access member 'last_error' on type 'ErrorManager'[0m
[0;36m[2025-10-18 17:58:33.368] [DEBUG] [AST] Looking up field 'last_error' in struct 'ErrorManager'[0m
[0;36m[2025-10-18 17:58:33.368] [DEBUG] [AST] Found struct 'ErrorManager' in _struct_fields with 2 fields[0m
[0;36m[2025-10-18 17:58:33.368] [DEBUG] [AST] Looking up scope symbol 'RuntimeError'[0m
[0;36m[2025-10-18 17:58:33.368] [DEBUG] [AST] Visiting MemberAccessNode: member='panic_in_progress'[0m
[0;36m[2025-10-18 17:58:33.368] [DEBUG] [AST] Set 'this' type to: ErrorManager*[0m
[0;36m[2025-10-18 17:58:33.368] [DEBUG] [AST] Member 'panic_in_progress' - using resolved type: ErrorManager*[0m
[0;36m[2025-10-18 17:58:33.368] [DEBUG] [AST] Object type name: 'ErrorManager*', kind: 7, checking if pointer[0m
[0;36m[2025-10-18 17:58:33.368] [DEBUG] [AST] Dereferencing pointer type to access member 'panic_in_progress' on type 'ErrorManager'[0m
[0;36m[2025-10-18 17:58:33.368] [DEBUG] [AST] Looking up field 'panic_in_progress' in struct 'ErrorManager'[0m
[0;36m[2025-10-18 17:58:33.368] [DEBUG] [AST] Found struct 'ErrorManager' in _struct_fields with 2 fields[0m
[0;36m[2025-10-18 17:58:33.368] [DEBUG] [AST] Assignment compatibility check: boolean = boolean (TypeKinds: 1 vs 1)[0m
[0;33m[2025-10-18 17:58:33.368] [WARN] [AST] FunctionType: Avoiding virtual function calls due to potential Type corruption, using 'void'[0m
[0;36m[2025-10-18 17:58:33.368] [DEBUG] [AST] resolve_type_with_generic_context: 'void'[0m
[0;36m[2025-10-18 17:58:33.368] [DEBUG] [AST] Attempting direct type lookup for 'void'[0m
[0;36m[2025-10-18 17:58:33.368] [DEBUG] [AST] Trying TypeContext token-based parsing first...[0m
[0;36m[2025-10-18 17:58:33.368] [DEBUG] [AST] Token parsing result for 'void': void (kind=0)[0m
[0;36m[2025-10-18 17:58:33.368] [DEBUG] [AST] Successfully parsed 'void' via TypeContext (token-based parsing)[0m
[0;36m[2025-10-18 17:58:33.368] [DEBUG] [AST] resolve_type_with_generic_context: 'RuntimeError'[0m
[0;36m[2025-10-18 17:58:33.368] [DEBUG] [AST] Attempting direct type lookup for 'RuntimeError'[0m
[0;36m[2025-10-18 17:58:33.368] [DEBUG] [AST] Trying TypeContext token-based parsing first...[0m
[0;36m[2025-10-18 17:58:33.368] [DEBUG] [AST] TypeContext::lookup_enum_type called with name=RuntimeError[0m
[0;36m[2025-10-18 17:58:33.368] [DEBUG] [AST] Found existing enum type for RuntimeError is_simple=1[0m
[0;36m[2025-10-18 17:58:33.368] [DEBUG] [AST] Attempted to create struct type for 'RuntimeError' but enum type already exists - returning enum type instead[0m
[0;36m[2025-10-18 17:58:33.368] [DEBUG] [AST] Token parsing result for 'RuntimeError': RuntimeError (kind=14)[0m
[0;36m[2025-10-18 17:58:33.368] [DEBUG] [AST] Successfully parsed 'RuntimeError' via TypeContext (token-based parsing)[0m
[0;33m[2025-10-18 17:58:33.368] [WARN] [AST] FunctionType: Avoiding virtual function calls on parameter type at index 0 due to potential Type corruption, using 'void'[0m
[0;33m[2025-10-18 17:58:33.368] [WARN] [AST] FunctionType: Avoiding virtual function calls due to potential Type corruption, using 'void'[0m
[0;36m[2025-10-18 17:58:33.368] [DEBUG] [AST] Created function type for 'set_error' - is_variadic: 0[0m
[0;36m[2025-10-18 17:58:33.368] [DEBUG] [AST] Not found in main symbols, checking namespaces...[0m
[0;36m[2025-10-18 17:58:33.368] [DEBUG] [AST] VariableDeclarationNode 'error' has type annotation: 'RuntimeError' (current_struct: 'ErrorManager')[0m
[0;36m[2025-10-18 17:58:33.368] [DEBUG] [AST] resolve_type_with_generic_context: 'RuntimeError'[0m
[0;36m[2025-10-18 17:58:33.368] [DEBUG] [AST] Attempting direct type lookup for 'RuntimeError'[0m
[0;36m[2025-10-18 17:58:33.368] [DEBUG] [AST] Trying TypeContext token-based parsing first...[0m
[0;36m[2025-10-18 17:58:33.368] [DEBUG] [AST] TypeContext::lookup_enum_type called with name=RuntimeError[0m
[0;36m[2025-10-18 17:58:33.368] [DEBUG] [AST] Found existing enum type for RuntimeError is_simple=1[0m
[0;36m[2025-10-18 17:58:33.368] [DEBUG] [AST] Attempted to create struct type for 'RuntimeError' but enum type already exists - returning enum type instead[0m
[0;36m[2025-10-18 17:58:33.368] [DEBUG] [AST] Token parsing result for 'RuntimeError': RuntimeError (kind=14)[0m
[0;36m[2025-10-18 17:58:33.368] [DEBUG] [AST] Successfully parsed 'RuntimeError' via TypeContext (token-based parsing)[0m
[0;36m[2025-10-18 17:58:33.368] [DEBUG] [AST] SKIPPED field registration for 'error': function parameter in struct 'ErrorManager' (in_function=1)[0m
[0;36m[2025-10-18 17:58:33.368] [DEBUG] [AST] Resolved namespace symbol: Intrinsics::__printf__ with generic type: unknown (context: std::Runtime)[0m
[0;36m[2025-10-18 17:58:33.368] [DEBUG] [AST] Visiting MemberAccessNode: member='last_error'[0m
[0;36m[2025-10-18 17:58:33.368] [DEBUG] [AST] Set 'this' type to: ErrorManager*[0m
[0;36m[2025-10-18 17:58:33.368] [DEBUG] [AST] Member 'last_error' - using resolved type: ErrorManager*[0m
[0;36m[2025-10-18 17:58:33.368] [DEBUG] [AST] Object type name: 'ErrorManager*', kind: 7, checking if pointer[0m
[0;36m[2025-10-18 17:58:33.368] [DEBUG] [AST] Dereferencing pointer type to access member 'last_error' on type 'ErrorManager'[0m
[0;36m[2025-10-18 17:58:33.369] [DEBUG] [AST] Looking up field 'last_error' in struct 'ErrorManager'[0m
[0;36m[2025-10-18 17:58:33.369] [DEBUG] [AST] Found struct 'ErrorManager' in _struct_fields with 2 fields[0m
[0;36m[2025-10-18 17:58:33.369] [DEBUG] [AST] Assignment compatibility check: RuntimeError = RuntimeError (TypeKinds: 14 vs 14)[0m
[0;33m[2025-10-18 17:58:33.369] [WARN] [AST] FunctionType: Avoiding virtual function calls on parameter type at index 0 due to potential Type corruption, using 'void'[0m
[0;33m[2025-10-18 17:58:33.369] [WARN] [AST] FunctionType: Avoiding virtual function calls due to potential Type corruption, using 'void'[0m
[0;36m[2025-10-18 17:58:33.369] [DEBUG] [AST] resolve_type_with_generic_context: 'RuntimeError'[0m
[0;36m[2025-10-18 17:58:33.369] [DEBUG] [AST] Attempting direct type lookup for 'RuntimeError'[0m
[0;36m[2025-10-18 17:58:33.369] [DEBUG] [AST] Trying TypeContext token-based parsing first...[0m
[0;36m[2025-10-18 17:58:33.369] [DEBUG] [AST] TypeContext::lookup_enum_type called with name=RuntimeError[0m
[0;36m[2025-10-18 17:58:33.369] [DEBUG] [AST] Found existing enum type for RuntimeError is_simple=1[0m
[0;36m[2025-10-18 17:58:33.369] [DEBUG] [AST] Attempted to create struct type for 'RuntimeError' but enum type already exists - returning enum type instead[0m
[0;36m[2025-10-18 17:58:33.369] [DEBUG] [AST] Token parsing result for 'RuntimeError': RuntimeError (kind=14)[0m
[0;36m[2025-10-18 17:58:33.369] [DEBUG] [AST] Successfully parsed 'RuntimeError' via TypeContext (token-based parsing)[0m
[0;33m[2025-10-18 17:58:33.369] [WARN] [AST] FunctionType: Avoiding virtual function calls due to potential Type corruption, using 'void'[0m
[0;36m[2025-10-18 17:58:33.369] [DEBUG] [AST] Created function type for 'get_error' - is_variadic: 0[0m
[0;36m[2025-10-18 17:58:33.369] [DEBUG] [AST] Not found in main symbols, checking namespaces...[0m
[0;36m[2025-10-18 17:58:33.369] [DEBUG] [AST] Resolved namespace symbol: Intrinsics::__printf__ with generic type: unknown (context: std::Runtime)[0m
[0;36m[2025-10-18 17:58:33.369] [DEBUG] [AST] Visiting MemberAccessNode: member='last_error'[0m
[0;36m[2025-10-18 17:58:33.369] [DEBUG] [AST] Set 'this' type to: ErrorManager*[0m
[0;36m[2025-10-18 17:58:33.369] [DEBUG] [AST] Member 'last_error' - using resolved type: ErrorManager*[0m
[0;36m[2025-10-18 17:58:33.369] [DEBUG] [AST] Object type name: 'ErrorManager*', kind: 7, checking if pointer[0m
[0;36m[2025-10-18 17:58:33.369] [DEBUG] [AST] Dereferencing pointer type to access member 'last_error' on type 'ErrorManager'[0m
[0;36m[2025-10-18 17:58:33.369] [DEBUG] [AST] Looking up field 'last_error' in struct 'ErrorManager'[0m
[0;36m[2025-10-18 17:58:33.369] [DEBUG] [AST] Found struct 'ErrorManager' in _struct_fields with 2 fields[0m
[0;36m[2025-10-18 17:58:33.369] [DEBUG] [AST] Visiting MemberAccessNode: member='last_error'[0m
[0;36m[2025-10-18 17:58:33.369] [DEBUG] [AST] Set 'this' type to: ErrorManager*[0m
[0;36m[2025-10-18 17:58:33.369] [DEBUG] [AST] Member 'last_error' - using resolved type: ErrorManager*[0m
[0;36m[2025-10-18 17:58:33.369] [DEBUG] [AST] Object type name: 'ErrorManager*', kind: 7, checking if pointer[0m
[0;36m[2025-10-18 17:58:33.369] [DEBUG] [AST] Dereferencing pointer type to access member 'last_error' on type 'ErrorManager'[0m
[0;36m[2025-10-18 17:58:33.369] [DEBUG] [AST] Looking up field 'last_error' in struct 'ErrorManager'[0m
[0;36m[2025-10-18 17:58:33.369] [DEBUG] [AST] Found struct 'ErrorManager' in _struct_fields with 2 fields[0m
[0;36m[2025-10-18 17:58:33.369] [DEBUG] [AST] Assignment compatibility check: RuntimeError = RuntimeError (TypeKinds: 14 vs 14)[0m
[0;33m[2025-10-18 17:58:33.369] [WARN] [AST] FunctionType: Avoiding virtual function calls due to potential Type corruption, using 'void'[0m
[0;36m[2025-10-18 17:58:33.369] [DEBUG] [AST] resolve_type_with_generic_context: 'void'[0m
[0;36m[2025-10-18 17:58:33.369] [DEBUG] [AST] Attempting direct type lookup for 'void'[0m
[0;36m[2025-10-18 17:58:33.369] [DEBUG] [AST] Trying TypeContext token-based parsing first...[0m
[0;36m[2025-10-18 17:58:33.369] [DEBUG] [AST] Token parsing result for 'void': void (kind=0)[0m
[0;36m[2025-10-18 17:58:33.369] [DEBUG] [AST] Successfully parsed 'void' via TypeContext (token-based parsing)[0m
[0;36m[2025-10-18 17:58:33.369] [DEBUG] [AST] resolve_type_with_generic_context: 'string'[0m
[0;36m[2025-10-18 17:58:33.369] [DEBUG] [AST] Attempting direct type lookup for 'string'[0m
[0;36m[2025-10-18 17:58:33.369] [DEBUG] [AST] Trying TypeContext token-based parsing first...[0m
[0;36m[2025-10-18 17:58:33.369] [DEBUG] [AST] Token parsing result for 'string': string (kind=5)[0m
[0;36m[2025-10-18 17:58:33.369] [DEBUG] [AST] Successfully parsed 'string' via TypeContext (token-based parsing)[0m
[0;36m[2025-10-18 17:58:33.369] [DEBUG] [AST] resolve_type_with_generic_context: 'string'[0m
[0;36m[2025-10-18 17:58:33.369] [DEBUG] [AST] Attempting direct type lookup for 'string'[0m
[0;36m[2025-10-18 17:58:33.369] [DEBUG] [AST] Trying TypeContext token-based parsing first...[0m
[0;36m[2025-10-18 17:58:33.369] [DEBUG] [AST] Token parsing result for 'string': string (kind=5)[0m
[0;36m[2025-10-18 17:58:33.369] [DEBUG] [AST] Successfully parsed 'string' via TypeContext (token-based parsing)[0m
[0;36m[2025-10-18 17:58:33.369] [DEBUG] [AST] resolve_type_with_generic_context: 'i32'[0m
[0;36m[2025-10-18 17:58:33.369] [DEBUG] [AST] Attempting direct type lookup for 'i32'[0m
[0;36m[2025-10-18 17:58:33.369] [DEBUG] [AST] Trying TypeContext token-based parsing first...[0m
[0;36m[2025-10-18 17:58:33.369] [DEBUG] [AST] TypeContext::get_integer_type() called with kind=i32 is_signed=1[0m
[0;36m[2025-10-18 17:58:33.369] [DEBUG] [AST] Token parsing result for 'i32': i32 (kind=2)[0m
[0;36m[2025-10-18 17:58:33.369] [DEBUG] [AST] Successfully parsed 'i32' via TypeContext (token-based parsing)[0m
[0;33m[2025-10-18 17:58:33.369] [WARN] [AST] FunctionType: Avoiding virtual function calls on parameter type at index 0 due to potential Type corruption, using 'void'[0m
[0;33m[2025-10-18 17:58:33.369] [WARN] [AST] FunctionType: Avoiding virtual function calls on parameter type at index 1 due to potential Type corruption, using 'void'[0m
[0;33m[2025-10-18 17:58:33.369] [WARN] [AST] FunctionType: Avoiding virtual function calls on parameter type at index 2 due to potential Type corruption, using 'void'[0m
[0;33m[2025-10-18 17:58:33.369] [WARN] [AST] FunctionType: Avoiding virtual function calls due to potential Type corruption, using 'void'[0m
[0;36m[2025-10-18 17:58:33.369] [DEBUG] [AST] Created function type for 'panic' - is_variadic: 0[0m
[0;36m[2025-10-18 17:58:33.369] [DEBUG] [AST] Not found in main symbols, checking namespaces...[0m
[0;36m[2025-10-18 17:58:33.369] [DEBUG] [AST] VariableDeclarationNode 'message' has type annotation: 'string' (current_struct: 'ErrorManager')[0m
[0;36m[2025-10-18 17:58:33.369] [DEBUG] [AST] resolve_type_with_generic_context: 'string'[0m
[0;36m[2025-10-18 17:58:33.369] [DEBUG] [AST] Attempting direct type lookup for 'string'[0m
[0;36m[2025-10-18 17:58:33.369] [DEBUG] [AST] Trying TypeContext token-based parsing first...[0m
[0;36m[2025-10-18 17:58:33.369] [DEBUG] [AST] Token parsing result for 'string': string (kind=5)[0m
[0;36m[2025-10-18 17:58:33.369] [DEBUG] [AST] Successfully parsed 'string' via TypeContext (token-based parsing)[0m
[0;36m[2025-10-18 17:58:33.369] [DEBUG] [AST] SKIPPED field registration for 'message': function parameter in struct 'ErrorManager' (in_function=1)[0m
[0;36m[2025-10-18 17:58:33.369] [DEBUG] [AST] VariableDeclarationNode 'file' has type annotation: 'string' (current_struct: 'ErrorManager')[0m
[0;36m[2025-10-18 17:58:33.369] [DEBUG] [AST] resolve_type_with_generic_context: 'string'[0m
[0;36m[2025-10-18 17:58:33.369] [DEBUG] [AST] Attempting direct type lookup for 'string'[0m
[0;36m[2025-10-18 17:58:33.369] [DEBUG] [AST] Trying TypeContext token-based parsing first...[0m
[0;36m[2025-10-18 17:58:33.369] [DEBUG] [AST] Token parsing result for 'string': string (kind=5)[0m
[0;36m[2025-10-18 17:58:33.369] [DEBUG] [AST] Successfully parsed 'string' via TypeContext (token-based parsing)[0m
[0;36m[2025-10-18 17:58:33.369] [DEBUG] [AST] SKIPPED field registration for 'file': function parameter in struct 'ErrorManager' (in_function=1)[0m
[0;36m[2025-10-18 17:58:33.369] [DEBUG] [AST] VariableDeclarationNode 'line' has type annotation: 'i32' (current_struct: 'ErrorManager')[0m
[0;36m[2025-10-18 17:58:33.370] [DEBUG] [AST] resolve_type_with_generic_context: 'i32'[0m
[0;36m[2025-10-18 17:58:33.370] [DEBUG] [AST] Attempting direct type lookup for 'i32'[0m
[0;36m[2025-10-18 17:58:33.370] [DEBUG] [AST] Trying TypeContext token-based parsing first...[0m
[0;36m[2025-10-18 17:58:33.370] [DEBUG] [AST] TypeContext::get_integer_type() called with kind=i32 is_signed=1[0m
[0;36m[2025-10-18 17:58:33.370] [DEBUG] [AST] Token parsing result for 'i32': i32 (kind=2)[0m
[0;36m[2025-10-18 17:58:33.370] [DEBUG] [AST] Successfully parsed 'i32' via TypeContext (token-based parsing)[0m
[0;36m[2025-10-18 17:58:33.370] [DEBUG] [AST] SKIPPED field registration for 'line': function parameter in struct 'ErrorManager' (in_function=1)[0m
[0;36m[2025-10-18 17:58:33.370] [DEBUG] [AST] Resolved namespace symbol: Intrinsics::__printf__ with generic type: unknown (context: std::Runtime)[0m
[0;36m[2025-10-18 17:58:33.370] [DEBUG] [AST] Visiting MemberAccessNode: member='panic_in_progress'[0m
[0;36m[2025-10-18 17:58:33.370] [DEBUG] [AST] Set 'this' type to: ErrorManager*[0m
[0;36m[2025-10-18 17:58:33.370] [DEBUG] [AST] Member 'panic_in_progress' - using resolved type: ErrorManager*[0m
[0;36m[2025-10-18 17:58:33.370] [DEBUG] [AST] Object type name: 'ErrorManager*', kind: 7, checking if pointer[0m
[0;36m[2025-10-18 17:58:33.370] [DEBUG] [AST] Dereferencing pointer type to access member 'panic_in_progress' on type 'ErrorManager'[0m
[0;36m[2025-10-18 17:58:33.370] [DEBUG] [AST] Looking up field 'panic_in_progress' in struct 'ErrorManager'[0m
[0;36m[2025-10-18 17:58:33.370] [DEBUG] [AST] Found struct 'ErrorManager' in _struct_fields with 2 fields[0m
[0;36m[2025-10-18 17:58:33.370] [DEBUG] [AST] Resolved namespace symbol: Intrinsics::__printf__ with generic type: unknown (context: std::Runtime)[0m
[0;36m[2025-10-18 17:58:33.370] [DEBUG] [AST] Resolved namespace symbol: Intrinsics::__syscall_exit__ with generic type: unknown (context: std::Runtime)[0m
[0;36m[2025-10-18 17:58:33.370] [DEBUG] [AST] TypeContext::get_integer_type() called with kind=int is_signed=1[0m
[0;36m[2025-10-18 17:58:33.370] [DEBUG] [AST] Visiting MemberAccessNode: member='panic_in_progress'[0m
[0;36m[2025-10-18 17:58:33.370] [DEBUG] [AST] Set 'this' type to: ErrorManager*[0m
[0;36m[2025-10-18 17:58:33.370] [DEBUG] [AST] Member 'panic_in_progress' - using resolved type: ErrorManager*[0m
[0;36m[2025-10-18 17:58:33.370] [DEBUG] [AST] Object type name: 'ErrorManager*', kind: 7, checking if pointer[0m
[0;36m[2025-10-18 17:58:33.370] [DEBUG] [AST] Dereferencing pointer type to access member 'panic_in_progress' on type 'ErrorManager'[0m
[0;36m[2025-10-18 17:58:33.370] [DEBUG] [AST] Looking up field 'panic_in_progress' in struct 'ErrorManager'[0m
[0;36m[2025-10-18 17:58:33.370] [DEBUG] [AST] Found struct 'ErrorManager' in _struct_fields with 2 fields[0m
[0;36m[2025-10-18 17:58:33.370] [DEBUG] [AST] Assignment compatibility check: boolean = boolean (TypeKinds: 1 vs 1)[0m
[0;36m[2025-10-18 17:58:33.370] [DEBUG] [AST] Visiting MemberAccessNode: member='last_error'[0m
[0;36m[2025-10-18 17:58:33.370] [DEBUG] [AST] Set 'this' type to: ErrorManager*[0m
[0;36m[2025-10-18 17:58:33.370] [DEBUG] [AST] Member 'last_error' - using resolved type: ErrorManager*[0m
[0;36m[2025-10-18 17:58:33.370] [DEBUG] [AST] Object type name: 'ErrorManager*', kind: 7, checking if pointer[0m
[0;36m[2025-10-18 17:58:33.370] [DEBUG] [AST] Dereferencing pointer type to access member 'last_error' on type 'ErrorManager'[0m
[0;36m[2025-10-18 17:58:33.370] [DEBUG] [AST] Looking up field 'last_error' in struct 'ErrorManager'[0m
[0;36m[2025-10-18 17:58:33.370] [DEBUG] [AST] Found struct 'ErrorManager' in _struct_fields with 2 fields[0m
[0;36m[2025-10-18 17:58:33.370] [DEBUG] [AST] Looking up scope symbol 'RuntimeError'[0m
[0;36m[2025-10-18 17:58:33.370] [DEBUG] [AST] Resolved namespace symbol: Intrinsics::__printf__ with generic type: unknown (context: std::Runtime)[0m
[0;36m[2025-10-18 17:58:33.370] [DEBUG] [AST] TypeContext::get_integer_type() called with kind=int is_signed=1[0m
[0;36m[2025-10-18 17:58:33.370] [DEBUG] [AST] Resolved namespace symbol: Intrinsics::__printf__ with generic type: unknown (context: std::Runtime)[0m
[0;36m[2025-10-18 17:58:33.370] [DEBUG] [AST] Resolved namespace symbol: Intrinsics::__printf__ with generic type: unknown (context: std::Runtime)[0m
[0;36m[2025-10-18 17:58:33.370] [DEBUG] [AST] Resolved namespace symbol: Intrinsics::__syscall_exit__ with generic type: unknown (context: std::Runtime)[0m
[0;36m[2025-10-18 17:58:33.370] [DEBUG] [AST] TypeContext::get_integer_type() called with kind=int is_signed=1[0m
[0;33m[2025-10-18 17:58:33.370] [WARN] [AST] FunctionType: Avoiding virtual function calls on parameter type at index 0 due to potential Type corruption, using 'void'[0m
[0;33m[2025-10-18 17:58:33.370] [WARN] [AST] FunctionType: Avoiding virtual function calls on parameter type at index 1 due to potential Type corruption, using 'void'[0m
[0;33m[2025-10-18 17:58:33.370] [WARN] [AST] FunctionType: Avoiding virtual function calls on parameter type at index 2 due to potential Type corruption, using 'void'[0m
[0;33m[2025-10-18 17:58:33.370] [WARN] [AST] FunctionType: Avoiding virtual function calls due to potential Type corruption, using 'void'[0m
[0;36m[2025-10-18 17:58:33.370] [DEBUG] [AST] TypeContext::get_class_type() called with name='RuntimeManager'[0m
[0;36m[2025-10-18 17:58:33.370] [DEBUG] [AST] Processing struct field 'state' with resolved type: RuntimeState, is_in_generic_context: 0, generic_context_stack_size: 0[0m
[0;36m[2025-10-18 17:58:33.370] [DEBUG] [AST] StructField registration check for 'state': current_struct='RuntimeManager', field_type=RuntimeState, kind=14[0m
[0;36m[2025-10-18 17:58:33.370] [DEBUG] [AST] Registered struct field 'state' of type 'RuntimeState' in struct/class 'RuntimeManager'[0m
[0;36m[2025-10-18 17:58:33.370] [DEBUG] [AST] Processing struct field 'heap' with resolved type: HeapManager, is_in_generic_context: 0, generic_context_stack_size: 0[0m
[0;36m[2025-10-18 17:58:33.370] [DEBUG] [AST] StructField registration check for 'heap': current_struct='RuntimeManager', field_type=HeapManager, kind=10[0m
[0;36m[2025-10-18 17:58:33.370] [DEBUG] [AST] Registered struct field 'heap' of type 'HeapManager' in struct/class 'RuntimeManager'[0m
[0;36m[2025-10-18 17:58:33.370] [DEBUG] [AST] Processing struct field 'stats' with resolved type: StatisticsManager, is_in_generic_context: 0, generic_context_stack_size: 0[0m
[0;36m[2025-10-18 17:58:33.370] [DEBUG] [AST] StructField registration check for 'stats': current_struct='RuntimeManager', field_type=StatisticsManager, kind=10[0m
[0;36m[2025-10-18 17:58:33.370] [DEBUG] [AST] Registered struct field 'stats' of type 'StatisticsManager' in struct/class 'RuntimeManager'[0m
[0;36m[2025-10-18 17:58:33.370] [DEBUG] [AST] Processing struct field 'error' with resolved type: ErrorManager, is_in_generic_context: 0, generic_context_stack_size: 0[0m
[0;36m[2025-10-18 17:58:33.370] [DEBUG] [AST] StructField registration check for 'error': current_struct='RuntimeManager', field_type=ErrorManager, kind=10[0m
[0;36m[2025-10-18 17:58:33.370] [DEBUG] [AST] Registered struct field 'error' of type 'ErrorManager' in struct/class 'RuntimeManager'[0m
[0;33m[2025-10-18 17:58:33.370] [WARN] [AST] FunctionType: Avoiding virtual function calls due to potential Type corruption, using 'void'[0m
[0;36m[2025-10-18 17:58:33.370] [DEBUG] [AST] Resolved namespace symbol: Intrinsics::__printf__ with generic type: unknown (context: std::Runtime)[0m
[0;36m[2025-10-18 17:58:33.370] [DEBUG] [AST] Visiting MemberAccessNode: member='state'[0m
[0;36m[2025-10-18 17:58:33.370] [DEBUG] [AST] TypeContext::create_pointer_type() - created new pointer type: RuntimeManager*[0m
[0;36m[2025-10-18 17:58:33.370] [DEBUG] [AST] Set 'this' type to: RuntimeManager*[0m
[0;36m[2025-10-18 17:58:33.370] [DEBUG] [AST] Member 'state' - using resolved type: RuntimeManager*[0m
[0;36m[2025-10-18 17:58:33.370] [DEBUG] [AST] Object type name: 'RuntimeManager*', kind: 7, checking if pointer[0m
[0;36m[2025-10-18 17:58:33.370] [DEBUG] [AST] Dereferencing pointer type to access member 'state' on type 'RuntimeManager'[0m
[0;36m[2025-10-18 17:58:33.370] [DEBUG] [AST] Looking up field 'state' in struct 'RuntimeManager'[0m
[0;36m[2025-10-18 17:58:33.370] [DEBUG] [AST] Found struct 'RuntimeManager' in _struct_fields with 4 fields[0m
[0;36m[2025-10-18 17:58:33.370] [DEBUG] [AST] Looking up scope symbol 'RuntimeState'[0m
[0;36m[2025-10-18 17:58:33.370] [DEBUG] [AST] Visiting MemberAccessNode: member='heap'[0m
[0;36m[2025-10-18 17:58:33.370] [DEBUG] [AST] Set 'this' type to: RuntimeManager*[0m
[0;36m[2025-10-18 17:58:33.370] [DEBUG] [AST] Member 'heap' - using resolved type: RuntimeManager*[0m
[0;36m[2025-10-18 17:58:33.370] [DEBUG] [AST] Object type name: 'RuntimeManager*', kind: 7, checking if pointer[0m
[0;36m[2025-10-18 17:58:33.370] [DEBUG] [AST] Dereferencing pointer type to access member 'heap' on type 'RuntimeManager'[0m
[0;36m[2025-10-18 17:58:33.370] [DEBUG] [AST] Looking up field 'heap' in struct 'RuntimeManager'[0m
[0;36m[2025-10-18 17:58:33.370] [DEBUG] [AST] Found struct 'RuntimeManager' in _struct_fields with 4 fields[0m
[0;36m[2025-10-18 17:58:33.370] [DEBUG] [AST] Visiting MemberAccessNode: member='stats'[0m
[0;36m[2025-10-18 17:58:33.370] [DEBUG] [AST] Set 'this' type to: RuntimeManager*[0m
[0;36m[2025-10-18 17:58:33.370] [DEBUG] [AST] Member 'stats' - using resolved type: RuntimeManager*[0m
[0;36m[2025-10-18 17:58:33.370] [DEBUG] [AST] Object type name: 'RuntimeManager*', kind: 7, checking if pointer[0m
[0;36m[2025-10-18 17:58:33.370] [DEBUG] [AST] Dereferencing pointer type to access member 'stats' on type 'RuntimeManager'[0m
[0;36m[2025-10-18 17:58:33.370] [DEBUG] [AST] Looking up field 'stats' in struct 'RuntimeManager'[0m
[0;36m[2025-10-18 17:58:33.371] [DEBUG] [AST] Found struct 'RuntimeManager' in _struct_fields with 4 fields[0m
[0;36m[2025-10-18 17:58:33.371] [DEBUG] [AST] Visiting MemberAccessNode: member='error'[0m
[0;36m[2025-10-18 17:58:33.371] [DEBUG] [AST] Set 'this' type to: RuntimeManager*[0m
[0;36m[2025-10-18 17:58:33.371] [DEBUG] [AST] Member 'error' - using resolved type: RuntimeManager*[0m
[0;36m[2025-10-18 17:58:33.371] [DEBUG] [AST] Object type name: 'RuntimeManager*', kind: 7, checking if pointer[0m
[0;36m[2025-10-18 17:58:33.371] [DEBUG] [AST] Dereferencing pointer type to access member 'error' on type 'RuntimeManager'[0m
[0;36m[2025-10-18 17:58:33.371] [DEBUG] [AST] Looking up field 'error' in struct 'RuntimeManager'[0m
[0;36m[2025-10-18 17:58:33.371] [DEBUG] [AST] Found struct 'RuntimeManager' in _struct_fields with 4 fields[0m
[0;33m[2025-10-18 17:58:33.371] [WARN] [AST] FunctionType: Avoiding virtual function calls due to potential Type corruption, using 'void'[0m
[0;36m[2025-10-18 17:58:33.371] [DEBUG] [AST] resolve_type_with_generic_context: 'RuntimeError'[0m
[0;36m[2025-10-18 17:58:33.371] [DEBUG] [AST] Attempting direct type lookup for 'RuntimeError'[0m
[0;36m[2025-10-18 17:58:33.371] [DEBUG] [AST] Trying TypeContext token-based parsing first...[0m
[0;36m[2025-10-18 17:58:33.371] [DEBUG] [AST] TypeContext::lookup_enum_type called with name=RuntimeError[0m
[0;36m[2025-10-18 17:58:33.371] [DEBUG] [AST] Found existing enum type for RuntimeError is_simple=1[0m
[0;36m[2025-10-18 17:58:33.371] [DEBUG] [AST] Attempted to create struct type for 'RuntimeError' but enum type already exists - returning enum type instead[0m
[0;36m[2025-10-18 17:58:33.371] [DEBUG] [AST] Token parsing result for 'RuntimeError': RuntimeError (kind=14)[0m
[0;36m[2025-10-18 17:58:33.371] [DEBUG] [AST] Successfully parsed 'RuntimeError' via TypeContext (token-based parsing)[0m
[0;33m[2025-10-18 17:58:33.371] [WARN] [AST] FunctionType: Avoiding virtual function calls due to potential Type corruption, using 'void'[0m
[0;36m[2025-10-18 17:58:33.371] [DEBUG] [AST] Created function type for 'initialize' - is_variadic: 0[0m
[0;36m[2025-10-18 17:58:33.371] [DEBUG] [AST] Not found in main symbols, checking namespaces...[0m
[0;36m[2025-10-18 17:58:33.371] [DEBUG] [AST] Resolved namespace symbol: Intrinsics::__printf__ with generic type: unknown (context: std::Runtime)[0m
[0;36m[2025-10-18 17:58:33.371] [DEBUG] [AST] Visiting MemberAccessNode: member='state'[0m
[0;36m[2025-10-18 17:58:33.371] [DEBUG] [AST] Set 'this' type to: RuntimeManager*[0m
[0;36m[2025-10-18 17:58:33.371] [DEBUG] [AST] Member 'state' - using resolved type: RuntimeManager*[0m
[0;36m[2025-10-18 17:58:33.371] [DEBUG] [AST] Object type name: 'RuntimeManager*', kind: 7, checking if pointer[0m
[0;36m[2025-10-18 17:58:33.371] [DEBUG] [AST] Dereferencing pointer type to access member 'state' on type 'RuntimeManager'[0m
[0;36m[2025-10-18 17:58:33.371] [DEBUG] [AST] Looking up field 'state' in struct 'RuntimeManager'[0m
[0;36m[2025-10-18 17:58:33.371] [DEBUG] [AST] Found struct 'RuntimeManager' in _struct_fields with 4 fields[0m
[0;36m[2025-10-18 17:58:33.371] [DEBUG] [AST] Looking up scope symbol 'RuntimeState'[0m
[0;36m[2025-10-18 17:58:33.371] [DEBUG] [AST] Resolved namespace symbol: Intrinsics::__printf__ with generic type: unknown (context: std::Runtime)[0m
[0;36m[2025-10-18 17:58:33.371] [DEBUG] [AST] Looking up scope symbol 'RuntimeError'[0m
[0;36m[2025-10-18 17:58:33.371] [DEBUG] [AST] Visiting MemberAccessNode: member='state'[0m
[0;36m[2025-10-18 17:58:33.371] [DEBUG] [AST] Set 'this' type to: RuntimeManager*[0m
[0;36m[2025-10-18 17:58:33.371] [DEBUG] [AST] Member 'state' - using resolved type: RuntimeManager*[0m
[0;36m[2025-10-18 17:58:33.371] [DEBUG] [AST] Object type name: 'RuntimeManager*', kind: 7, checking if pointer[0m
[0;36m[2025-10-18 17:58:33.371] [DEBUG] [AST] Dereferencing pointer type to access member 'state' on type 'RuntimeManager'[0m
[0;36m[2025-10-18 17:58:33.371] [DEBUG] [AST] Looking up field 'state' in struct 'RuntimeManager'[0m
[0;36m[2025-10-18 17:58:33.371] [DEBUG] [AST] Found struct 'RuntimeManager' in _struct_fields with 4 fields[0m
[0;36m[2025-10-18 17:58:33.371] [DEBUG] [AST] Looking up scope symbol 'RuntimeState'[0m
[0;36m[2025-10-18 17:58:33.371] [DEBUG] [AST] VariableDeclarationNode 'heap_result' has type annotation: 'RuntimeError' (current_struct: 'RuntimeManager')[0m
[0;36m[2025-10-18 17:58:33.371] [DEBUG] [AST] resolve_type_with_generic_context: 'RuntimeError'[0m
[0;36m[2025-10-18 17:58:33.371] [DEBUG] [AST] Attempting direct type lookup for 'RuntimeError'[0m
[0;36m[2025-10-18 17:58:33.371] [DEBUG] [AST] Trying TypeContext token-based parsing first...[0m
[0;36m[2025-10-18 17:58:33.371] [DEBUG] [AST] TypeContext::lookup_enum_type called with name=RuntimeError[0m
[0;36m[2025-10-18 17:58:33.371] [DEBUG] [AST] Found existing enum type for RuntimeError is_simple=1[0m
[0;36m[2025-10-18 17:58:33.371] [DEBUG] [AST] Attempted to create struct type for 'RuntimeError' but enum type already exists - returning enum type instead[0m
[0;36m[2025-10-18 17:58:33.371] [DEBUG] [AST] Token parsing result for 'RuntimeError': RuntimeError (kind=14)[0m
[0;36m[2025-10-18 17:58:33.371] [DEBUG] [AST] Successfully parsed 'RuntimeError' via TypeContext (token-based parsing)[0m
[0;36m[2025-10-18 17:58:33.371] [DEBUG] [AST] Visiting MemberAccessNode: member='initialize'[0m
[0;36m[2025-10-18 17:58:33.371] [DEBUG] [AST] Visiting MemberAccessNode: member='heap'[0m
[0;36m[2025-10-18 17:58:33.371] [DEBUG] [AST] Set 'this' type to: RuntimeManager*[0m
[0;36m[2025-10-18 17:58:33.371] [DEBUG] [AST] Member 'heap' - using resolved type: RuntimeManager*[0m
[0;36m[2025-10-18 17:58:33.371] [DEBUG] [AST] Object type name: 'RuntimeManager*', kind: 7, checking if pointer[0m
[0;36m[2025-10-18 17:58:33.371] [DEBUG] [AST] Dereferencing pointer type to access member 'heap' on type 'RuntimeManager'[0m
[0;36m[2025-10-18 17:58:33.371] [DEBUG] [AST] Looking up field 'heap' in struct 'RuntimeManager'[0m
[0;36m[2025-10-18 17:58:33.371] [DEBUG] [AST] Found struct 'RuntimeManager' in _struct_fields with 4 fields[0m
[0;36m[2025-10-18 17:58:33.371] [DEBUG] [AST] Member 'initialize' - using resolved type: HeapManager[0m
[0;36m[2025-10-18 17:58:33.371] [DEBUG] [AST] Object type name: 'HeapManager', kind: 10, checking if pointer[0m
[0;36m[2025-10-18 17:58:33.371] [DEBUG] [AST] Object type 'HeapManager' is not a pointer, kind: 10[0m
[0;36m[2025-10-18 17:58:33.371] [DEBUG] [AST] Looking up field 'initialize' in struct 'HeapManager'[0m
[0;36m[2025-10-18 17:58:33.371] [DEBUG] [AST] Found struct 'HeapManager' in _struct_fields with 4 fields[0m
[0;36m[2025-10-18 17:58:33.371] [DEBUG] [AST] Field 'initialize' NOT found in struct 'HeapManager'[0m
[0;36m[2025-10-18 17:58:33.371] [DEBUG] [AST] Assignment compatibility check: RuntimeError = RuntimeError (TypeKinds: 14 vs 14)[0m
[0;36m[2025-10-18 17:58:33.371] [DEBUG] [AST] SKIPPED field registration for 'heap_result': function parameter in struct 'RuntimeManager' (in_function=1)[0m
[0;36m[2025-10-18 17:58:33.371] [DEBUG] [AST] Looking up scope symbol 'RuntimeError'[0m
[0;36m[2025-10-18 17:58:33.371] [DEBUG] [AST] Resolved namespace symbol: Intrinsics::__printf__ with generic type: unknown (context: std::Runtime)[0m
[0;36m[2025-10-18 17:58:33.371] [DEBUG] [AST] Visiting MemberAccessNode: member='state'[0m
[0;36m[2025-10-18 17:58:33.371] [DEBUG] [AST] Set 'this' type to: RuntimeManager*[0m
[0;36m[2025-10-18 17:58:33.371] [DEBUG] [AST] Member 'state' - using resolved type: RuntimeManager*[0m
[0;36m[2025-10-18 17:58:33.371] [DEBUG] [AST] Object type name: 'RuntimeManager*', kind: 7, checking if pointer[0m
[0;36m[2025-10-18 17:58:33.371] [DEBUG] [AST] Dereferencing pointer type to access member 'state' on type 'RuntimeManager'[0m
[0;36m[2025-10-18 17:58:33.371] [DEBUG] [AST] Looking up field 'state' in struct 'RuntimeManager'[0m
[0;36m[2025-10-18 17:58:33.371] [DEBUG] [AST] Found struct 'RuntimeManager' in _struct_fields with 4 fields[0m
[0;36m[2025-10-18 17:58:33.371] [DEBUG] [AST] Looking up scope symbol 'RuntimeState'[0m
[0;36m[2025-10-18 17:58:33.371] [DEBUG] [AST] Assignment compatibility check: RuntimeError = RuntimeError (TypeKinds: 14 vs 14)[0m
[0;36m[2025-10-18 17:58:33.371] [DEBUG] [AST] Visiting MemberAccessNode: member='state'[0m
[0;36m[2025-10-18 17:58:33.371] [DEBUG] [AST] Set 'this' type to: RuntimeManager*[0m
[0;36m[2025-10-18 17:58:33.371] [DEBUG] [AST] Member 'state' - using resolved type: RuntimeManager*[0m
[0;36m[2025-10-18 17:58:33.371] [DEBUG] [AST] Object type name: 'RuntimeManager*', kind: 7, checking if pointer[0m
[0;36m[2025-10-18 17:58:33.371] [DEBUG] [AST] Dereferencing pointer type to access member 'state' on type 'RuntimeManager'[0m
[0;36m[2025-10-18 17:58:33.371] [DEBUG] [AST] Looking up field 'state' in struct 'RuntimeManager'[0m
[0;36m[2025-10-18 17:58:33.371] [DEBUG] [AST] Found struct 'RuntimeManager' in _struct_fields with 4 fields[0m
[0;36m[2025-10-18 17:58:33.371] [DEBUG] [AST] Looking up scope symbol 'RuntimeState'[0m
[0;36m[2025-10-18 17:58:33.371] [DEBUG] [AST] Resolved namespace symbol: Intrinsics::__printf__ with generic type: unknown (context: std::Runtime)[0m
[0;36m[2025-10-18 17:58:33.371] [DEBUG] [AST] Looking up scope symbol 'RuntimeError'[0m
[0;33m[2025-10-18 17:58:33.371] [WARN] [AST] FunctionType: Avoiding virtual function calls due to potential Type corruption, using 'void'[0m
[0;36m[2025-10-18 17:58:33.371] [DEBUG] [AST] resolve_type_with_generic_context: 'void*'[0m
[0;36m[2025-10-18 17:58:33.371] [DEBUG] [AST] Attempting direct type lookup for 'void*'[0m
[0;36m[2025-10-18 17:58:33.371] [DEBUG] [AST] Trying TypeContext token-based parsing first...[0m
[0;36m[2025-10-18 17:58:33.371] [DEBUG] [AST] Token parsing result for 'void*': void* (kind=7)[0m
[0;36m[2025-10-18 17:58:33.371] [DEBUG] [AST] Successfully parsed 'void*' via TypeContext (token-based parsing)[0m
[0;36m[2025-10-18 17:58:33.371] [DEBUG] [AST] resolve_type_with_generic_context: 'u64'[0m
[0;36m[2025-10-18 17:58:33.371] [DEBUG] [AST] Attempting direct type lookup for 'u64'[0m
[0;36m[2025-10-18 17:58:33.371] [DEBUG] [AST] Trying TypeContext token-based parsing first...[0m
[0;36m[2025-10-18 17:58:33.371] [DEBUG] [AST] TypeContext::get_integer_type() called with kind=u64 is_signed=0[0m
[0;36m[2025-10-18 17:58:33.371] [DEBUG] [AST] Token parsing result for 'u64': u64 (kind=2)[0m
[0;36m[2025-10-18 17:58:33.371] [DEBUG] [AST] Successfully parsed 'u64' via TypeContext (token-based parsing)[0m
[0;33m[2025-10-18 17:58:33.371] [WARN] [AST] FunctionType: Avoiding virtual function calls on parameter type at index 0 due to potential Type corruption, using 'void'[0m
[0;33m[2025-10-18 17:58:33.371] [WARN] [AST] FunctionType: Avoiding virtual function calls due to potential Type corruption, using 'void'[0m
[0;36m[2025-10-18 17:58:33.371] [DEBUG] [AST] Created function type for 'allocate' - is_variadic: 0[0m
[0;36m[2025-10-18 17:58:33.371] [DEBUG] [AST] Not found in main symbols, checking namespaces...[0m
[0;36m[2025-10-18 17:58:33.371] [DEBUG] [AST] VariableDeclarationNode 'size' has type annotation: 'u64' (current_struct: 'RuntimeManager')[0m
[0;36m[2025-10-18 17:58:33.371] [DEBUG] [AST] resolve_type_with_generic_context: 'u64'[0m
[0;36m[2025-10-18 17:58:33.371] [DEBUG] [AST] Attempting direct type lookup for 'u64'[0m
[0;36m[2025-10-18 17:58:33.371] [DEBUG] [AST] Trying TypeContext token-based parsing first...[0m
[0;36m[2025-10-18 17:58:33.371] [DEBUG] [AST] TypeContext::get_integer_type() called with kind=u64 is_signed=0[0m
[0;36m[2025-10-18 17:58:33.371] [DEBUG] [AST] Token parsing result for 'u64': u64 (kind=2)[0m
[0;36m[2025-10-18 17:58:33.372] [DEBUG] [AST] Successfully parsed 'u64' via TypeContext (token-based parsing)[0m
[0;36m[2025-10-18 17:58:33.372] [DEBUG] [AST] SKIPPED field registration for 'size': function parameter in struct 'RuntimeManager' (in_function=1)[0m
[0;36m[2025-10-18 17:58:33.372] [DEBUG] [AST] VariableDeclarationNode 'ptr' has type annotation: 'void*' (current_struct: 'RuntimeManager')[0m
[0;36m[2025-10-18 17:58:33.372] [DEBUG] [AST] resolve_type_with_generic_context: 'void*'[0m
[0;36m[2025-10-18 17:58:33.372] [DEBUG] [AST] Attempting direct type lookup for 'void*'[0m
[0;36m[2025-10-18 17:58:33.372] [DEBUG] [AST] Trying TypeContext token-based parsing first...[0m
[0;36m[2025-10-18 17:58:33.372] [DEBUG] [AST] Token parsing result for 'void*': void* (kind=7)[0m
[0;36m[2025-10-18 17:58:33.372] [DEBUG] [AST] Successfully parsed 'void*' via TypeContext (token-based parsing)[0m
[0;36m[2025-10-18 17:58:33.372] [DEBUG] [AST] CORRECT TYPE: Variable 'ptr' with annotation 'void*' resolved to type 'void*' (kind=7)[0m
[0;36m[2025-10-18 17:58:33.372] [DEBUG] [AST] Visiting MemberAccessNode: member='allocate'[0m
[0;36m[2025-10-18 17:58:33.372] [DEBUG] [AST] Visiting MemberAccessNode: member='heap'[0m
[0;36m[2025-10-18 17:58:33.372] [DEBUG] [AST] Set 'this' type to: RuntimeManager*[0m
[0;36m[2025-10-18 17:58:33.372] [DEBUG] [AST] Member 'heap' - using resolved type: RuntimeManager*[0m
[0;36m[2025-10-18 17:58:33.372] [DEBUG] [AST] Object type name: 'RuntimeManager*', kind: 7, checking if pointer[0m
[0;36m[2025-10-18 17:58:33.372] [DEBUG] [AST] Dereferencing pointer type to access member 'heap' on type 'RuntimeManager'[0m
[0;36m[2025-10-18 17:58:33.372] [DEBUG] [AST] Looking up field 'heap' in struct 'RuntimeManager'[0m
[0;36m[2025-10-18 17:58:33.372] [DEBUG] [AST] Found struct 'RuntimeManager' in _struct_fields with 4 fields[0m
[0;36m[2025-10-18 17:58:33.372] [DEBUG] [AST] Member 'allocate' - using resolved type: HeapManager[0m
[0;36m[2025-10-18 17:58:33.372] [DEBUG] [AST] Object type name: 'HeapManager', kind: 10, checking if pointer[0m
[0;36m[2025-10-18 17:58:33.372] [DEBUG] [AST] Object type 'HeapManager' is not a pointer, kind: 10[0m
[0;36m[2025-10-18 17:58:33.372] [DEBUG] [AST] Looking up field 'allocate' in struct 'HeapManager'[0m
[0;36m[2025-10-18 17:58:33.372] [DEBUG] [AST] Found struct 'HeapManager' in _struct_fields with 4 fields[0m
[0;36m[2025-10-18 17:58:33.372] [DEBUG] [AST] Field 'allocate' NOT found in struct 'HeapManager'[0m
[0;36m[2025-10-18 17:58:33.372] [DEBUG] [AST] Assignment compatibility check: void* = void* (TypeKinds: 7 vs 7)[0m
[0;36m[2025-10-18 17:58:33.372] [DEBUG] [AST] Checking pointer assignment: void* = void* (bases: 'void' vs 'void')[0m
[0;36m[2025-10-18 17:58:33.372] [DEBUG] [AST] Allowing assignment between same pointer types: void* = void*[0m
[0;36m[2025-10-18 17:58:33.372] [DEBUG] [AST] SKIPPED field registration for 'ptr': function parameter in struct 'RuntimeManager' (in_function=1)[0m
[0;36m[2025-10-18 17:58:33.372] [DEBUG] [AST] Visiting MemberAccessNode: member='record_allocation'[0m
[0;36m[2025-10-18 17:58:33.372] [DEBUG] [AST] Visiting MemberAccessNode: member='stats'[0m
[0;36m[2025-10-18 17:58:33.372] [DEBUG] [AST] Set 'this' type to: RuntimeManager*[0m
[0;36m[2025-10-18 17:58:33.372] [DEBUG] [AST] Member 'stats' - using resolved type: RuntimeManager*[0m
[0;36m[2025-10-18 17:58:33.372] [DEBUG] [AST] Object type name: 'RuntimeManager*', kind: 7, checking if pointer[0m
[0;36m[2025-10-18 17:58:33.372] [DEBUG] [AST] Dereferencing pointer type to access member 'stats' on type 'RuntimeManager'[0m
[0;36m[2025-10-18 17:58:33.372] [DEBUG] [AST] Looking up field 'stats' in struct 'RuntimeManager'[0m
[0;36m[2025-10-18 17:58:33.372] [DEBUG] [AST] Found struct 'RuntimeManager' in _struct_fields with 4 fields[0m
[0;36m[2025-10-18 17:58:33.372] [DEBUG] [AST] Member 'record_allocation' - using resolved type: StatisticsManager[0m
[0;36m[2025-10-18 17:58:33.372] [DEBUG] [AST] Object type name: 'StatisticsManager', kind: 10, checking if pointer[0m
[0;36m[2025-10-18 17:58:33.372] [DEBUG] [AST] Object type 'StatisticsManager' is not a pointer, kind: 10[0m
[0;36m[2025-10-18 17:58:33.372] [DEBUG] [AST] Looking up field 'record_allocation' in struct 'StatisticsManager'[0m
[0;36m[2025-10-18 17:58:33.372] [DEBUG] [AST] Found struct 'StatisticsManager' in _struct_fields with 11 fields[0m
[0;36m[2025-10-18 17:58:33.372] [DEBUG] [AST] Field 'record_allocation' NOT found in struct 'StatisticsManager'[0m
[0;36m[2025-10-18 17:58:33.372] [DEBUG] [AST] Assignment compatibility check: void* = void* (TypeKinds: 7 vs 7)[0m
[0;36m[2025-10-18 17:58:33.372] [DEBUG] [AST] Checking pointer assignment: void* = void* (bases: 'void' vs 'void')[0m
[0;36m[2025-10-18 17:58:33.372] [DEBUG] [AST] Allowing assignment between same pointer types: void* = void*[0m
[0;33m[2025-10-18 17:58:33.372] [WARN] [AST] FunctionType: Avoiding virtual function calls on parameter type at index 0 due to potential Type corruption, using 'void'[0m
[0;33m[2025-10-18 17:58:33.372] [WARN] [AST] FunctionType: Avoiding virtual function calls due to potential Type corruption, using 'void'[0m
[0;36m[2025-10-18 17:58:33.372] [DEBUG] [AST] resolve_type_with_generic_context: 'void'[0m
[0;36m[2025-10-18 17:58:33.372] [DEBUG] [AST] Attempting direct type lookup for 'void'[0m
[0;36m[2025-10-18 17:58:33.372] [DEBUG] [AST] Trying TypeContext token-based parsing first...[0m
[0;36m[2025-10-18 17:58:33.372] [DEBUG] [AST] Token parsing result for 'void': void (kind=0)[0m
[0;36m[2025-10-18 17:58:33.372] [DEBUG] [AST] Successfully parsed 'void' via TypeContext (token-based parsing)[0m
[0;36m[2025-10-18 17:58:33.372] [DEBUG] [AST] resolve_type_with_generic_context: 'void*'[0m
[0;36m[2025-10-18 17:58:33.372] [DEBUG] [AST] Attempting direct type lookup for 'void*'[0m
[0;36m[2025-10-18 17:58:33.372] [DEBUG] [AST] Trying TypeContext token-based parsing first...[0m
[0;36m[2025-10-18 17:58:33.372] [DEBUG] [AST] Token parsing result for 'void*': void* (kind=7)[0m
[0;36m[2025-10-18 17:58:33.372] [DEBUG] [AST] Successfully parsed 'void*' via TypeContext (token-based parsing)[0m
[0;33m[2025-10-18 17:58:33.372] [WARN] [AST] FunctionType: Avoiding virtual function calls on parameter type at index 0 due to potential Type corruption, using 'void'[0m
[0;33m[2025-10-18 17:58:33.372] [WARN] [AST] FunctionType: Avoiding virtual function calls due to potential Type corruption, using 'void'[0m
[0;36m[2025-10-18 17:58:33.372] [DEBUG] [AST] Created function type for 'deallocate' - is_variadic: 0[0m
[0;36m[2025-10-18 17:58:33.372] [DEBUG] [AST] Not found in main symbols, checking namespaces...[0m
[0;36m[2025-10-18 17:58:33.372] [DEBUG] [AST] VariableDeclarationNode 'ptr' has type annotation: 'void*' (current_struct: 'RuntimeManager')[0m
[0;36m[2025-10-18 17:58:33.372] [DEBUG] [AST] resolve_type_with_generic_context: 'void*'[0m
[0;36m[2025-10-18 17:58:33.372] [DEBUG] [AST] Attempting direct type lookup for 'void*'[0m
[0;36m[2025-10-18 17:58:33.372] [DEBUG] [AST] Trying TypeContext token-based parsing first...[0m
[0;36m[2025-10-18 17:58:33.372] [DEBUG] [AST] Token parsing result for 'void*': void* (kind=7)[0m
[0;36m[2025-10-18 17:58:33.372] [DEBUG] [AST] Successfully parsed 'void*' via TypeContext (token-based parsing)[0m
[0;36m[2025-10-18 17:58:33.372] [DEBUG] [AST] CORRECT TYPE: Variable 'ptr' with annotation 'void*' resolved to type 'void*' (kind=7)[0m
[0;36m[2025-10-18 17:58:33.372] [DEBUG] [AST] SKIPPED field registration for 'ptr': function parameter in struct 'RuntimeManager' (in_function=1)[0m
[0;36m[2025-10-18 17:58:33.372] [DEBUG] [AST] VariableDeclarationNode 'size' has type annotation: 'u64' (current_struct: 'RuntimeManager')[0m
[0;36m[2025-10-18 17:58:33.372] [DEBUG] [AST] resolve_type_with_generic_context: 'u64'[0m
[0;36m[2025-10-18 17:58:33.372] [DEBUG] [AST] Attempting direct type lookup for 'u64'[0m
[0;36m[2025-10-18 17:58:33.372] [DEBUG] [AST] Trying TypeContext token-based parsing first...[0m
[0;36m[2025-10-18 17:58:33.372] [DEBUG] [AST] TypeContext::get_integer_type() called with kind=u64 is_signed=0[0m
[0;36m[2025-10-18 17:58:33.372] [DEBUG] [AST] Token parsing result for 'u64': u64 (kind=2)[0m
[0;36m[2025-10-18 17:58:33.372] [DEBUG] [AST] Successfully parsed 'u64' via TypeContext (token-based parsing)[0m
[0;36m[2025-10-18 17:58:33.372] [DEBUG] [AST] Visiting MemberAccessNode: member='deallocate'[0m
[0;36m[2025-10-18 17:58:33.372] [DEBUG] [AST] Visiting MemberAccessNode: member='heap'[0m
[0;36m[2025-10-18 17:58:33.372] [DEBUG] [AST] Set 'this' type to: RuntimeManager*[0m
[0;36m[2025-10-18 17:58:33.372] [DEBUG] [AST] Member 'heap' - using resolved type: RuntimeManager*[0m
[0;36m[2025-10-18 17:58:33.372] [DEBUG] [AST] Object type name: 'RuntimeManager*', kind: 7, checking if pointer[0m
[0;36m[2025-10-18 17:58:33.372] [DEBUG] [AST] Dereferencing pointer type to access member 'heap' on type 'RuntimeManager'[0m
[0;36m[2025-10-18 17:58:33.372] [DEBUG] [AST] Looking up field 'heap' in struct 'RuntimeManager'[0m
[0;36m[2025-10-18 17:58:33.372] [DEBUG] [AST] Found struct 'RuntimeManager' in _struct_fields with 4 fields[0m
[0;36m[2025-10-18 17:58:33.372] [DEBUG] [AST] Member 'deallocate' - using resolved type: HeapManager[0m
[0;36m[2025-10-18 17:58:33.372] [DEBUG] [AST] Object type name: 'HeapManager', kind: 10, checking if pointer[0m
[0;36m[2025-10-18 17:58:33.372] [DEBUG] [AST] Object type 'HeapManager' is not a pointer, kind: 10[0m
[0;36m[2025-10-18 17:58:33.372] [DEBUG] [AST] Looking up field 'deallocate' in struct 'HeapManager'[0m
[0;36m[2025-10-18 17:58:33.372] [DEBUG] [AST] Found struct 'HeapManager' in _struct_fields with 4 fields[0m
[0;36m[2025-10-18 17:58:33.372] [DEBUG] [AST] Field 'deallocate' NOT found in struct 'HeapManager'[0m
[0;36m[2025-10-18 17:58:33.372] [DEBUG] [AST] Assignment compatibility check: u64 = u64 (TypeKinds: 2 vs 2)[0m
[0;36m[2025-10-18 17:58:33.372] [DEBUG] [AST] SKIPPED field registration for 'size': function parameter in struct 'RuntimeManager' (in_function=1)[0m
[0;36m[2025-10-18 17:58:33.372] [DEBUG] [AST] TypeContext::get_integer_type() called with kind=int is_signed=1[0m
[0;36m[2025-10-18 17:58:33.372] [DEBUG] [AST] Visiting MemberAccessNode: member='record_deallocation'[0m
[0;36m[2025-10-18 17:58:33.372] [DEBUG] [AST] Visiting MemberAccessNode: member='stats'[0m
[0;36m[2025-10-18 17:58:33.372] [DEBUG] [AST] Set 'this' type to: RuntimeManager*[0m
[0;36m[2025-10-18 17:58:33.372] [DEBUG] [AST] Member 'stats' - using resolved type: RuntimeManager*[0m
[0;36m[2025-10-18 17:58:33.372] [DEBUG] [AST] Object type name: 'RuntimeManager*', kind: 7, checking if pointer[0m
[0;36m[2025-10-18 17:58:33.372] [DEBUG] [AST] Dereferencing pointer type to access member 'stats' on type 'RuntimeManager'[0m
[0;36m[2025-10-18 17:58:33.372] [DEBUG] [AST] Looking up field 'stats' in struct 'RuntimeManager'[0m
[0;36m[2025-10-18 17:58:33.372] [DEBUG] [AST] Found struct 'RuntimeManager' in _struct_fields with 4 fields[0m
[0;36m[2025-10-18 17:58:33.372] [DEBUG] [AST] Member 'record_deallocation' - using resolved type: StatisticsManager[0m
[0;36m[2025-10-18 17:58:33.372] [DEBUG] [AST] Object type name: 'StatisticsManager', kind: 10, checking if pointer[0m
[0;36m[2025-10-18 17:58:33.372] [DEBUG] [AST] Object type 'StatisticsManager' is not a pointer, kind: 10[0m
[0;36m[2025-10-18 17:58:33.372] [DEBUG] [AST] Looking up field 'record_deallocation' in struct 'StatisticsManager'[0m
[0;36m[2025-10-18 17:58:33.372] [DEBUG] [AST] Found struct 'StatisticsManager' in _struct_fields with 11 fields[0m
[0;36m[2025-10-18 17:58:33.372] [DEBUG] [AST] Field 'record_deallocation' NOT found in struct 'StatisticsManager'[0m
[0;33m[2025-10-18 17:58:33.372] [WARN] [AST] FunctionType: Avoiding virtual function calls on parameter type at index 0 due to potential Type corruption, using 'void'[0m
[0;33m[2025-10-18 17:58:33.372] [WARN] [AST] FunctionType: Avoiding virtual function calls due to potential Type corruption, using 'void'[0m
[0;36m[2025-10-18 17:58:33.372] [DEBUG] [AST] resolve_type_with_generic_context: 'void'[0m
[0;36m[2025-10-18 17:58:33.373] [DEBUG] [AST] Attempting direct type lookup for 'void'[0m
[0;36m[2025-10-18 17:58:33.373] [DEBUG] [AST] Trying TypeContext token-based parsing first...[0m
[0;36m[2025-10-18 17:58:33.373] [DEBUG] [AST] Token parsing result for 'void': void (kind=0)[0m
[0;36m[2025-10-18 17:58:33.373] [DEBUG] [AST] Successfully parsed 'void' via TypeContext (token-based parsing)[0m
[0;33m[2025-10-18 17:58:33.373] [WARN] [AST] FunctionType: Avoiding virtual function calls due to potential Type corruption, using 'void'[0m
[0;36m[2025-10-18 17:58:33.373] [DEBUG] [AST] Created function type for 'shutdown' - is_variadic: 0[0m
[0;36m[2025-10-18 17:58:33.373] [DEBUG] [AST] Not found in main symbols, checking namespaces...[0m
[0;36m[2025-10-18 17:58:33.373] [DEBUG] [AST] Resolved namespace symbol: Intrinsics::__printf__ with generic type: unknown (context: std::Runtime)[0m
[0;36m[2025-10-18 17:58:33.373] [DEBUG] [AST] Visiting MemberAccessNode: member='state'[0m
[0;36m[2025-10-18 17:58:33.373] [DEBUG] [AST] Set 'this' type to: RuntimeManager*[0m
[0;36m[2025-10-18 17:58:33.373] [DEBUG] [AST] Member 'state' - using resolved type: RuntimeManager*[0m
[0;36m[2025-10-18 17:58:33.373] [DEBUG] [AST] Object type name: 'RuntimeManager*', kind: 7, checking if pointer[0m
[0;36m[2025-10-18 17:58:33.373] [DEBUG] [AST] Dereferencing pointer type to access member 'state' on type 'RuntimeManager'[0m
[0;36m[2025-10-18 17:58:33.373] [DEBUG] [AST] Looking up field 'state' in struct 'RuntimeManager'[0m
[0;36m[2025-10-18 17:58:33.373] [DEBUG] [AST] Found struct 'RuntimeManager' in _struct_fields with 4 fields[0m
[0;36m[2025-10-18 17:58:33.373] [DEBUG] [AST] Looking up scope symbol 'RuntimeState'[0m
[0;36m[2025-10-18 17:58:33.373] [DEBUG] [AST] Resolved namespace symbol: Intrinsics::__printf__ with generic type: unknown (context: std::Runtime)[0m
[0;36m[2025-10-18 17:58:33.373] [DEBUG] [AST] Visiting MemberAccessNode: member='state'[0m
[0;36m[2025-10-18 17:58:33.373] [DEBUG] [AST] Set 'this' type to: RuntimeManager*[0m
[0;36m[2025-10-18 17:58:33.373] [DEBUG] [AST] Member 'state' - using resolved type: RuntimeManager*[0m
[0;36m[2025-10-18 17:58:33.373] [DEBUG] [AST] Object type name: 'RuntimeManager*', kind: 7, checking if pointer[0m
[0;36m[2025-10-18 17:58:33.373] [DEBUG] [AST] Dereferencing pointer type to access member 'state' on type 'RuntimeManager'[0m
[0;36m[2025-10-18 17:58:33.373] [DEBUG] [AST] Looking up field 'state' in struct 'RuntimeManager'[0m
[0;36m[2025-10-18 17:58:33.373] [DEBUG] [AST] Found struct 'RuntimeManager' in _struct_fields with 4 fields[0m
[0;36m[2025-10-18 17:58:33.373] [DEBUG] [AST] Looking up scope symbol 'RuntimeState'[0m
[0;36m[2025-10-18 17:58:33.373] [DEBUG] [AST] Visiting MemberAccessNode: member='print_stats'[0m
[0;36m[2025-10-18 17:58:33.373] [DEBUG] [AST] Visiting MemberAccessNode: member='stats'[0m
[0;36m[2025-10-18 17:58:33.373] [DEBUG] [AST] Set 'this' type to: RuntimeManager*[0m
[0;36m[2025-10-18 17:58:33.373] [DEBUG] [AST] Member 'stats' - using resolved type: RuntimeManager*[0m
[0;36m[2025-10-18 17:58:33.373] [DEBUG] [AST] Object type name: 'RuntimeManager*', kind: 7, checking if pointer[0m
[0;36m[2025-10-18 17:58:33.373] [DEBUG] [AST] Dereferencing pointer type to access member 'stats' on type 'RuntimeManager'[0m
[0;36m[2025-10-18 17:58:33.373] [DEBUG] [AST] Looking up field 'stats' in struct 'RuntimeManager'[0m
[0;36m[2025-10-18 17:58:33.373] [DEBUG] [AST] Found struct 'RuntimeManager' in _struct_fields with 4 fields[0m
[0;36m[2025-10-18 17:58:33.373] [DEBUG] [AST] Member 'print_stats' - using resolved type: StatisticsManager[0m
[0;36m[2025-10-18 17:58:33.373] [DEBUG] [AST] Object type name: 'StatisticsManager', kind: 10, checking if pointer[0m
[0;36m[2025-10-18 17:58:33.373] [DEBUG] [AST] Object type 'StatisticsManager' is not a pointer, kind: 10[0m
[0;36m[2025-10-18 17:58:33.373] [DEBUG] [AST] Looking up field 'print_stats' in struct 'StatisticsManager'[0m
[0;36m[2025-10-18 17:58:33.373] [DEBUG] [AST] Found struct 'StatisticsManager' in _struct_fields with 11 fields[0m
[0;36m[2025-10-18 17:58:33.373] [DEBUG] [AST] Field 'print_stats' NOT found in struct 'StatisticsManager'[0m
[0;36m[2025-10-18 17:58:33.373] [DEBUG] [AST] Visiting MemberAccessNode: member='shutdown'[0m
[0;36m[2025-10-18 17:58:33.373] [DEBUG] [AST] Visiting MemberAccessNode: member='heap'[0m
[0;36m[2025-10-18 17:58:33.373] [DEBUG] [AST] Set 'this' type to: RuntimeManager*[0m
[0;36m[2025-10-18 17:58:33.373] [DEBUG] [AST] Member 'heap' - using resolved type: RuntimeManager*[0m
[0;36m[2025-10-18 17:58:33.373] [DEBUG] [AST] Object type name: 'RuntimeManager*', kind: 7, checking if pointer[0m
[0;36m[2025-10-18 17:58:33.373] [DEBUG] [AST] Dereferencing pointer type to access member 'heap' on type 'RuntimeManager'[0m
[0;36m[2025-10-18 17:58:33.373] [DEBUG] [AST] Looking up field 'heap' in struct 'RuntimeManager'[0m
[0;36m[2025-10-18 17:58:33.373] [DEBUG] [AST] Found struct 'RuntimeManager' in _struct_fields with 4 fields[0m
[0;36m[2025-10-18 17:58:33.373] [DEBUG] [AST] Member 'shutdown' - using resolved type: HeapManager[0m
[0;36m[2025-10-18 17:58:33.373] [DEBUG] [AST] Object type name: 'HeapManager', kind: 10, checking if pointer[0m
[0;36m[2025-10-18 17:58:33.373] [DEBUG] [AST] Object type 'HeapManager' is not a pointer, kind: 10[0m
[0;36m[2025-10-18 17:58:33.373] [DEBUG] [AST] Looking up field 'shutdown' in struct 'HeapManager'[0m
[0;36m[2025-10-18 17:58:33.373] [DEBUG] [AST] Found struct 'HeapManager' in _struct_fields with 4 fields[0m
[0;36m[2025-10-18 17:58:33.373] [DEBUG] [AST] Field 'shutdown' NOT found in struct 'HeapManager'[0m
[0;36m[2025-10-18 17:58:33.373] [DEBUG] [AST] Visiting MemberAccessNode: member='state'[0m
[0;36m[2025-10-18 17:58:33.373] [DEBUG] [AST] Set 'this' type to: RuntimeManager*[0m
[0;36m[2025-10-18 17:58:33.373] [DEBUG] [AST] Member 'state' - using resolved type: RuntimeManager*[0m
[0;36m[2025-10-18 17:58:33.373] [DEBUG] [AST] Object type name: 'RuntimeManager*', kind: 7, checking if pointer[0m
[0;36m[2025-10-18 17:58:33.373] [DEBUG] [AST] Dereferencing pointer type to access member 'state' on type 'RuntimeManager'[0m
[0;36m[2025-10-18 17:58:33.373] [DEBUG] [AST] Looking up field 'state' in struct 'RuntimeManager'[0m
[0;36m[2025-10-18 17:58:33.373] [DEBUG] [AST] Found struct 'RuntimeManager' in _struct_fields with 4 fields[0m
[0;36m[2025-10-18 17:58:33.373] [DEBUG] [AST] Looking up scope symbol 'RuntimeState'[0m
[0;36m[2025-10-18 17:58:33.373] [DEBUG] [AST] Resolved namespace symbol: Intrinsics::__printf__ with generic type: unknown (context: std::Runtime)[0m
[0;33m[2025-10-18 17:58:33.373] [WARN] [AST] FunctionType: Avoiding virtual function calls due to potential Type corruption, using 'void'[0m
[0;36m[2025-10-18 17:58:33.373] [DEBUG] [AST] resolve_type_with_generic_context: 'RuntimeError'[0m
[0;36m[2025-10-18 17:58:33.373] [DEBUG] [AST] Attempting direct type lookup for 'RuntimeError'[0m
[0;36m[2025-10-18 17:58:33.373] [DEBUG] [AST] Trying TypeContext token-based parsing first...[0m
[0;36m[2025-10-18 17:58:33.373] [DEBUG] [AST] TypeContext::lookup_enum_type called with name=RuntimeError[0m
[0;36m[2025-10-18 17:58:33.373] [DEBUG] [AST] Found existing enum type for RuntimeError is_simple=1[0m
[0;36m[2025-10-18 17:58:33.373] [DEBUG] [AST] Attempted to create struct type for 'RuntimeError' but enum type already exists - returning enum type instead[0m
[0;36m[2025-10-18 17:58:33.373] [DEBUG] [AST] Token parsing result for 'RuntimeError': RuntimeError (kind=14)[0m
[0;36m[2025-10-18 17:58:33.373] [DEBUG] [AST] Successfully parsed 'RuntimeError' via TypeContext (token-based parsing)[0m
[0;33m[2025-10-18 17:58:33.373] [WARN] [AST] FunctionType: Avoiding virtual function calls due to potential Type corruption, using 'void'[0m
[0;36m[2025-10-18 17:58:33.373] [DEBUG] [AST] Created function type for 'get_last_error' - is_variadic: 0[0m
[0;36m[2025-10-18 17:58:33.373] [DEBUG] [AST] Not found in main symbols, checking namespaces...[0m
[0;36m[2025-10-18 17:58:33.374] [DEBUG] [AST] Resolved namespace symbol: Intrinsics::__printf__ with generic type: unknown (context: std::Runtime)[0m
[0;36m[2025-10-18 17:58:33.374] [DEBUG] [AST] Looking up scope symbol 'RuntimeError'[0m
[0;33m[2025-10-18 17:58:33.374] [WARN] [AST] FunctionType: Avoiding virtual function calls due to potential Type corruption, using 'void'[0m
[0;36m[2025-10-18 17:58:33.374] [DEBUG] [AST] resolve_type_with_generic_context: 'void'[0m
[0;36m[2025-10-18 17:58:33.374] [DEBUG] [AST] Attempting direct type lookup for 'void'[0m
[0;36m[2025-10-18 17:58:33.374] [DEBUG] [AST] Trying TypeContext token-based parsing first...[0m
[0;36m[2025-10-18 17:58:33.374] [DEBUG] [AST] Token parsing result for 'void': void (kind=0)[0m
[0;36m[2025-10-18 17:58:33.374] [DEBUG] [AST] Successfully parsed 'void' via TypeContext (token-based parsing)[0m
[0;36m[2025-10-18 17:58:33.374] [DEBUG] [AST] resolve_type_with_generic_context: 'RuntimeError'[0m
[0;36m[2025-10-18 17:58:33.374] [DEBUG] [AST] Attempting direct type lookup for 'RuntimeError'[0m
[0;36m[2025-10-18 17:58:33.374] [DEBUG] [AST] Trying TypeContext token-based parsing first...[0m
[0;36m[2025-10-18 17:58:33.374] [DEBUG] [AST] TypeContext::lookup_enum_type called with name=RuntimeError[0m
[0;36m[2025-10-18 17:58:33.374] [DEBUG] [AST] Found existing enum type for RuntimeError is_simple=1[0m
[0;36m[2025-10-18 17:58:33.374] [DEBUG] [AST] Attempted to create struct type for 'RuntimeError' but enum type already exists - returning enum type instead[0m
[0;36m[2025-10-18 17:58:33.374] [DEBUG] [AST] Token parsing result for 'RuntimeError': RuntimeError (kind=14)[0m
[0;36m[2025-10-18 17:58:33.374] [DEBUG] [AST] Successfully parsed 'RuntimeError' via TypeContext (token-based parsing)[0m
[0;33m[2025-10-18 17:58:33.374] [WARN] [AST] FunctionType: Avoiding virtual function calls on parameter type at index 0 due to potential Type corruption, using 'void'[0m
[0;33m[2025-10-18 17:58:33.374] [WARN] [AST] FunctionType: Avoiding virtual function calls due to potential Type corruption, using 'void'[0m
[0;36m[2025-10-18 17:58:33.374] [DEBUG] [AST] Created function type for 'set_error' - is_variadic: 0[0m
[0;36m[2025-10-18 17:58:33.374] [DEBUG] [AST] Not found in main symbols, checking namespaces...[0m
[0;36m[2025-10-18 17:58:33.374] [DEBUG] [AST] VariableDeclarationNode 'error' has type annotation: 'RuntimeError' (current_struct: 'RuntimeManager')[0m
[0;36m[2025-10-18 17:58:33.374] [DEBUG] [AST] resolve_type_with_generic_context: 'RuntimeError'[0m
[0;36m[2025-10-18 17:58:33.374] [DEBUG] [AST] Attempting direct type lookup for 'RuntimeError'[0m
[0;36m[2025-10-18 17:58:33.374] [DEBUG] [AST] Trying TypeContext token-based parsing first...[0m
[0;36m[2025-10-18 17:58:33.374] [DEBUG] [AST] TypeContext::lookup_enum_type called with name=RuntimeError[0m
[0;36m[2025-10-18 17:58:33.374] [DEBUG] [AST] Found existing enum type for RuntimeError is_simple=1[0m
[0;36m[2025-10-18 17:58:33.374] [DEBUG] [AST] Attempted to create struct type for 'RuntimeError' but enum type already exists - returning enum type instead[0m
[0;36m[2025-10-18 17:58:33.374] [DEBUG] [AST] Token parsing result for 'RuntimeError': RuntimeError (kind=14)[0m
[0;36m[2025-10-18 17:58:33.374] [DEBUG] [AST] Successfully parsed 'RuntimeError' via TypeContext (token-based parsing)[0m
[0;36m[2025-10-18 17:58:33.374] [DEBUG] [AST] SKIPPED field registration for 'error': function parameter in struct 'RuntimeManager' (in_function=1)[0m
[0;36m[2025-10-18 17:58:33.374] [DEBUG] [AST] Resolved namespace symbol: Intrinsics::__printf__ with generic type: unknown (context: std::Runtime)[0m
[0;36m[2025-10-18 17:58:33.374] [DEBUG] [AST] Visiting MemberAccessNode: member='set_error'[0m
[0;36m[2025-10-18 17:58:33.374] [DEBUG] [AST] Visiting MemberAccessNode: member='error'[0m
[0;36m[2025-10-18 17:58:33.374] [DEBUG] [AST] Set 'this' type to: RuntimeManager*[0m
[0;36m[2025-10-18 17:58:33.374] [DEBUG] [AST] Member 'error' - using resolved type: RuntimeManager*[0m
[0;36m[2025-10-18 17:58:33.374] [DEBUG] [AST] Object type name: 'RuntimeManager*', kind: 7, checking if pointer[0m
[0;36m[2025-10-18 17:58:33.374] [DEBUG] [AST] Dereferencing pointer type to access member 'error' on type 'RuntimeManager'[0m
[0;36m[2025-10-18 17:58:33.374] [DEBUG] [AST] Looking up field 'error' in struct 'RuntimeManager'[0m
[0;36m[2025-10-18 17:58:33.374] [DEBUG] [AST] Found struct 'RuntimeManager' in _struct_fields with 4 fields[0m
[0;36m[2025-10-18 17:58:33.374] [DEBUG] [AST] Member 'set_error' - using resolved type: ErrorManager[0m
[0;36m[2025-10-18 17:58:33.374] [DEBUG] [AST] Object type name: 'ErrorManager', kind: 10, checking if pointer[0m
[0;36m[2025-10-18 17:58:33.374] [DEBUG] [AST] Object type 'ErrorManager' is not a pointer, kind: 10[0m
[0;36m[2025-10-18 17:58:33.374] [DEBUG] [AST] Looking up field 'set_error' in struct 'ErrorManager'[0m
[0;36m[2025-10-18 17:58:33.374] [DEBUG] [AST] Found struct 'ErrorManager' in _struct_fields with 2 fields[0m
[0;36m[2025-10-18 17:58:33.374] [DEBUG] [AST] Field 'set_error' NOT found in struct 'ErrorManager'[0m
[0;33m[2025-10-18 17:58:33.374] [WARN] [AST] FunctionType: Avoiding virtual function calls on parameter type at index 0 due to potential Type corruption, using 'void'[0m
[0;33m[2025-10-18 17:58:33.374] [WARN] [AST] FunctionType: Avoiding virtual function calls due to potential Type corruption, using 'void'[0m
[0;36m[2025-10-18 17:58:33.374] [DEBUG] [AST] resolve_type_with_generic_context: 'void'[0m
[0;36m[2025-10-18 17:58:33.374] [DEBUG] [AST] Attempting direct type lookup for 'void'[0m
[0;36m[2025-10-18 17:58:33.374] [DEBUG] [AST] Trying TypeContext token-based parsing first...[0m
[0;36m[2025-10-18 17:58:33.374] [DEBUG] [AST] Token parsing result for 'void': void (kind=0)[0m
[0;36m[2025-10-18 17:58:33.374] [DEBUG] [AST] Successfully parsed 'void' via TypeContext (token-based parsing)[0m
[0;36m[2025-10-18 17:58:33.374] [DEBUG] [AST] resolve_type_with_generic_context: 'string'[0m
[0;36m[2025-10-18 17:58:33.374] [DEBUG] [AST] Attempting direct type lookup for 'string'[0m
[0;36m[2025-10-18 17:58:33.374] [DEBUG] [AST] Trying TypeContext token-based parsing first...[0m
[0;36m[2025-10-18 17:58:33.374] [DEBUG] [AST] Token parsing result for 'string': string (kind=5)[0m
[0;36m[2025-10-18 17:58:33.374] [DEBUG] [AST] Successfully parsed 'string' via TypeContext (token-based parsing)[0m
[0;36m[2025-10-18 17:58:33.374] [DEBUG] [AST] resolve_type_with_generic_context: 'string'[0m
[0;36m[2025-10-18 17:58:33.374] [DEBUG] [AST] Attempting direct type lookup for 'string'[0m
[0;36m[2025-10-18 17:58:33.374] [DEBUG] [AST] Trying TypeContext token-based parsing first...[0m
[0;36m[2025-10-18 17:58:33.374] [DEBUG] [AST] Token parsing result for 'string': string (kind=5)[0m
[0;36m[2025-10-18 17:58:33.374] [DEBUG] [AST] Successfully parsed 'string' via TypeContext (token-based parsing)[0m
[0;36m[2025-10-18 17:58:33.374] [DEBUG] [AST] resolve_type_with_generic_context: 'i32'[0m
[0;36m[2025-10-18 17:58:33.374] [DEBUG] [AST] Attempting direct type lookup for 'i32'[0m
[0;36m[2025-10-18 17:58:33.374] [DEBUG] [AST] Trying TypeContext token-based parsing first...[0m
[0;36m[2025-10-18 17:58:33.374] [DEBUG] [AST] TypeContext::get_integer_type() called with kind=i32 is_signed=1[0m
[0;36m[2025-10-18 17:58:33.374] [DEBUG] [AST] Token parsing result for 'i32': i32 (kind=2)[0m
[0;36m[2025-10-18 17:58:33.374] [DEBUG] [AST] Successfully parsed 'i32' via TypeContext (token-based parsing)[0m
[0;33m[2025-10-18 17:58:33.374] [WARN] [AST] FunctionType: Avoiding virtual function calls on parameter type at index 0 due to potential Type corruption, using 'void'[0m
[0;33m[2025-10-18 17:58:33.374] [WARN] [AST] FunctionType: Avoiding virtual function calls on parameter type at index 1 due to potential Type corruption, using 'void'[0m
[0;33m[2025-10-18 17:58:33.374] [WARN] [AST] FunctionType: Avoiding virtual function calls on parameter type at index 2 due to potential Type corruption, using 'void'[0m
[0;33m[2025-10-18 17:58:33.374] [WARN] [AST] FunctionType: Avoiding virtual function calls due to potential Type corruption, using 'void'[0m
[0;36m[2025-10-18 17:58:33.374] [DEBUG] [AST] Created function type for 'panic' - is_variadic: 0[0m
[0;36m[2025-10-18 17:58:33.374] [DEBUG] [AST] Not found in main symbols, checking namespaces...[0m
[0;36m[2025-10-18 17:58:33.375] [DEBUG] [AST] VariableDeclarationNode 'message' has type annotation: 'string' (current_struct: 'RuntimeManager')[0m
[0;36m[2025-10-18 17:58:33.375] [DEBUG] [AST] resolve_type_with_generic_context: 'string'[0m
[0;36m[2025-10-18 17:58:33.375] [DEBUG] [AST] Attempting direct type lookup for 'string'[0m
[0;36m[2025-10-18 17:58:33.375] [DEBUG] [AST] Trying TypeContext token-based parsing first...[0m
[0;36m[2025-10-18 17:58:33.375] [DEBUG] [AST] Token parsing result for 'string': string (kind=5)[0m
[0;36m[2025-10-18 17:58:33.375] [DEBUG] [AST] Successfully parsed 'string' via TypeContext (token-based parsing)[0m
[0;36m[2025-10-18 17:58:33.375] [DEBUG] [AST] SKIPPED field registration for 'message': function parameter in struct 'RuntimeManager' (in_function=1)[0m
[0;36m[2025-10-18 17:58:33.375] [DEBUG] [AST] VariableDeclarationNode 'file' has type annotation: 'string' (current_struct: 'RuntimeManager')[0m
[0;36m[2025-10-18 17:58:33.375] [DEBUG] [AST] resolve_type_with_generic_context: 'string'[0m
[0;36m[2025-10-18 17:58:33.375] [DEBUG] [AST] Attempting direct type lookup for 'string'[0m
[0;36m[2025-10-18 17:58:33.375] [DEBUG] [AST] Trying TypeContext token-based parsing first...[0m
[0;36m[2025-10-18 17:58:33.375] [DEBUG] [AST] Token parsing result for 'string': string (kind=5)[0m
[0;36m[2025-10-18 17:58:33.375] [DEBUG] [AST] Successfully parsed 'string' via TypeContext (token-based parsing)[0m
[0;36m[2025-10-18 17:58:33.375] [DEBUG] [AST] SKIPPED field registration for 'file': function parameter in struct 'RuntimeManager' (in_function=1)[0m
[0;36m[2025-10-18 17:58:33.375] [DEBUG] [AST] VariableDeclarationNode 'line' has type annotation: 'i32' (current_struct: 'RuntimeManager')[0m
[0;36m[2025-10-18 17:58:33.375] [DEBUG] [AST] resolve_type_with_generic_context: 'i32'[0m
[0;36m[2025-10-18 17:58:33.375] [DEBUG] [AST] Attempting direct type lookup for 'i32'[0m
[0;36m[2025-10-18 17:58:33.375] [DEBUG] [AST] Trying TypeContext token-based parsing first...[0m
[0;36m[2025-10-18 17:58:33.375] [DEBUG] [AST] TypeContext::get_integer_type() called with kind=i32 is_signed=1[0m
[0;36m[2025-10-18 17:58:33.375] [DEBUG] [AST] Token parsing result for 'i32': i32 (kind=2)[0m
[0;36m[2025-10-18 17:58:33.375] [DEBUG] [AST] Successfully parsed 'i32' via TypeContext (token-based parsing)[0m
[0;36m[2025-10-18 17:58:33.375] [DEBUG] [AST] SKIPPED field registration for 'line': function parameter in struct 'RuntimeManager' (in_function=1)[0m
[0;36m[2025-10-18 17:58:33.375] [DEBUG] [AST] Resolved namespace symbol: Intrinsics::__printf__ with generic type: unknown (context: std::Runtime)[0m
[0;36m[2025-10-18 17:58:33.375] [DEBUG] [AST] Visiting MemberAccessNode: member='panic'[0m
[0;36m[2025-10-18 17:58:33.375] [DEBUG] [AST] Visiting MemberAccessNode: member='error'[0m
[0;36m[2025-10-18 17:58:33.375] [DEBUG] [AST] Set 'this' type to: RuntimeManager*[0m
[0;36m[2025-10-18 17:58:33.375] [DEBUG] [AST] Member 'error' - using resolved type: RuntimeManager*[0m
[0;36m[2025-10-18 17:58:33.375] [DEBUG] [AST] Object type name: 'RuntimeManager*', kind: 7, checking if pointer[0m
[0;36m[2025-10-18 17:58:33.375] [DEBUG] [AST] Dereferencing pointer type to access member 'error' on type 'RuntimeManager'[0m
[0;36m[2025-10-18 17:58:33.375] [DEBUG] [AST] Looking up field 'error' in struct 'RuntimeManager'[0m
[0;36m[2025-10-18 17:58:33.375] [DEBUG] [AST] Found struct 'RuntimeManager' in _struct_fields with 4 fields[0m
[0;36m[2025-10-18 17:58:33.375] [DEBUG] [AST] Member 'panic' - using resolved type: ErrorManager[0m
[0;36m[2025-10-18 17:58:33.375] [DEBUG] [AST] Object type name: 'ErrorManager', kind: 10, checking if pointer[0m
[0;36m[2025-10-18 17:58:33.375] [DEBUG] [AST] Object type 'ErrorManager' is not a pointer, kind: 10[0m
[0;36m[2025-10-18 17:58:33.375] [DEBUG] [AST] Looking up field 'panic' in struct 'ErrorManager'[0m
[0;36m[2025-10-18 17:58:33.375] [DEBUG] [AST] Found struct 'ErrorManager' in _struct_fields with 2 fields[0m
[0;36m[2025-10-18 17:58:33.375] [DEBUG] [AST] Field 'panic' NOT found in struct 'ErrorManager'[0m
[0;36m[2025-10-18 17:58:33.375] [DEBUG] [AST] Resolved namespace symbol: Intrinsics::__syscall_exit__ with generic type: unknown (context: std::Runtime)[0m
[0;36m[2025-10-18 17:58:33.375] [DEBUG] [AST] TypeContext::get_integer_type() called with kind=int is_signed=1[0m
[0;33m[2025-10-18 17:58:33.375] [WARN] [AST] FunctionType: Avoiding virtual function calls on parameter type at index 0 due to potential Type corruption, using 'void'[0m
[0;33m[2025-10-18 17:58:33.375] [WARN] [AST] FunctionType: Avoiding virtual function calls on parameter type at index 1 due to potential Type corruption, using 'void'[0m
[0;33m[2025-10-18 17:58:33.375] [WARN] [AST] FunctionType: Avoiding virtual function calls on parameter type at index 2 due to potential Type corruption, using 'void'[0m
[0;33m[2025-10-18 17:58:33.375] [WARN] [AST] FunctionType: Avoiding virtual function calls due to potential Type corruption, using 'void'[0m
[0;36m[2025-10-18 17:58:33.375] [DEBUG] [AST] VariableDeclarationNode 'g_runtime_manager' has type annotation: 'RuntimeManager' (current_struct: '')[0m
[0;36m[2025-10-18 17:58:33.375] [DEBUG] [AST] resolve_type_with_generic_context: 'RuntimeManager'[0m
[0;36m[2025-10-18 17:58:33.375] [DEBUG] [AST] Attempting direct type lookup for 'RuntimeManager'[0m
[0;36m[2025-10-18 17:58:33.375] [DEBUG] [AST] Trying TypeContext token-based parsing first...[0m
[0;36m[2025-10-18 17:58:33.375] [DEBUG] [AST] Token parsing result for 'RuntimeManager': RuntimeManager (kind=10)[0m
[0;36m[2025-10-18 17:58:33.375] [DEBUG] [AST] Successfully parsed 'RuntimeManager' via TypeContext (token-based parsing)[0m
[0;36m[2025-10-18 17:58:33.375] [DEBUG] [AST] resolve_type_with_generic_context: 'void'[0m
[0;36m[2025-10-18 17:58:33.375] [DEBUG] [AST] Attempting direct type lookup for 'void'[0m
[0;36m[2025-10-18 17:58:33.375] [DEBUG] [AST] Trying TypeContext token-based parsing first...[0m
[0;36m[2025-10-18 17:58:33.375] [DEBUG] [AST] Token parsing result for 'void': void (kind=0)[0m
[0;36m[2025-10-18 17:58:33.375] [DEBUG] [AST] Successfully parsed 'void' via TypeContext (token-based parsing)[0m
[0;36m[2025-10-18 17:58:33.375] [DEBUG] [AST] resolve_type_with_generic_context: 'boolean'[0m
[0;36m[2025-10-18 17:58:33.375] [DEBUG] [AST] Attempting direct type lookup for 'boolean'[0m
[0;36m[2025-10-18 17:58:33.375] [DEBUG] [AST] Trying TypeContext token-based parsing first...[0m
[0;36m[2025-10-18 17:58:33.375] [DEBUG] [AST] Token parsing result for 'boolean': boolean (kind=1)[0m
[0;36m[2025-10-18 17:58:33.375] [DEBUG] [AST] Successfully parsed 'boolean' via TypeContext (token-based parsing)[0m
[0;36m[2025-10-18 17:58:33.375] [DEBUG] [AST] resolve_type_with_generic_context: 'string'[0m
[0;36m[2025-10-18 17:58:33.375] [DEBUG] [AST] Attempting direct type lookup for 'string'[0m
[0;36m[2025-10-18 17:58:33.375] [DEBUG] [AST] Trying TypeContext token-based parsing first...[0m
[0;36m[2025-10-18 17:58:33.375] [DEBUG] [AST] Token parsing result for 'string': string (kind=5)[0m
[0;36m[2025-10-18 17:58:33.375] [DEBUG] [AST] Successfully parsed 'string' via TypeContext (token-based parsing)[0m
[0;33m[2025-10-18 17:58:33.375] [WARN] [AST] FunctionType: Avoiding virtual function calls on parameter type at index 0 due to potential Type corruption, using 'void'[0m
[0;33m[2025-10-18 17:58:33.375] [WARN] [AST] FunctionType: Avoiding virtual function calls on parameter type at index 1 due to potential Type corruption, using 'void'[0m
[0;33m[2025-10-18 17:58:33.375] [WARN] [AST] FunctionType: Avoiding virtual function calls due to potential Type corruption, using 'void'[0m
[0;36m[2025-10-18 17:58:33.375] [DEBUG] [AST] Created function type for 'cryo_assert' - is_variadic: 0[0m
[0;36m[2025-10-18 17:58:33.375] [DEBUG] [AST] Function 'cryo_assert' already exists[0m
[0;36m[2025-10-18 17:58:33.375] [DEBUG] [AST] Existing type: (void, void) -> void[0m
[0;36m[2025-10-18 17:58:33.375] [DEBUG] [AST] New type: (void, void) -> void[0m
[0;36m[2025-10-18 17:58:33.375] [DEBUG] [AST] Types don't match - checking type equality more deeply[0m
[0;36m[2025-10-18 17:58:33.375] [DEBUG] [AST] Allowing redefinition for now[0m
[0;36m[2025-10-18 17:58:33.375] [DEBUG] [AST] Updating existing function 'cryo_assert' with AST node reference[0m
[0;36m[2025-10-18 17:58:33.375] [DEBUG] [AST] VariableDeclarationNode 'condition' has type annotation: 'boolean' (current_struct: '')[0m
[0;36m[2025-10-18 17:58:33.375] [DEBUG] [AST] resolve_type_with_generic_context: 'boolean'[0m
[0;36m[2025-10-18 17:58:33.375] [DEBUG] [AST] Attempting direct type lookup for 'boolean'[0m
[0;36m[2025-10-18 17:58:33.375] [DEBUG] [AST] Trying TypeContext token-based parsing first...[0m
[0;36m[2025-10-18 17:58:33.375] [DEBUG] [AST] Token parsing result for 'boolean': boolean (kind=1)[0m
[0;36m[2025-10-18 17:58:33.375] [DEBUG] [AST] Successfully parsed 'boolean' via TypeContext (token-based parsing)[0m
[0;36m[2025-10-18 17:58:33.376] [DEBUG] [AST] VariableDeclarationNode 'message' has type annotation: 'string' (current_struct: '')[0m
[0;36m[2025-10-18 17:58:33.376] [DEBUG] [AST] resolve_type_with_generic_context: 'string'[0m
[0;36m[2025-10-18 17:58:33.376] [DEBUG] [AST] Attempting direct type lookup for 'string'[0m
[0;36m[2025-10-18 17:58:33.376] [DEBUG] [AST] Trying TypeContext token-based parsing first...[0m
[0;36m[2025-10-18 17:58:33.376] [DEBUG] [AST] Token parsing result for 'string': string (kind=5)[0m
[0;36m[2025-10-18 17:58:33.376] [DEBUG] [AST] Successfully parsed 'string' via TypeContext (token-based parsing)[0m
[0;36m[2025-10-18 17:58:33.376] [DEBUG] [AST] Visiting MemberAccessNode: member='panic'[0m
[0;36m[2025-10-18 17:58:33.376] [DEBUG] [AST] Member 'panic' - using resolved type: RuntimeManager[0m
[0;36m[2025-10-18 17:58:33.376] [DEBUG] [AST] Object type name: 'RuntimeManager', kind: 10, checking if pointer[0m
[0;36m[2025-10-18 17:58:33.376] [DEBUG] [AST] Object type 'RuntimeManager' is not a pointer, kind: 10[0m
[0;36m[2025-10-18 17:58:33.376] [DEBUG] [AST] Looking up field 'panic' in struct 'RuntimeManager'[0m
[0;36m[2025-10-18 17:58:33.376] [DEBUG] [AST] Found struct 'RuntimeManager' in _struct_fields with 4 fields[0m
[0;36m[2025-10-18 17:58:33.376] [DEBUG] [AST] Field 'panic' NOT found in struct 'RuntimeManager'[0m
[0;36m[2025-10-18 17:58:33.376] [DEBUG] [AST] TypeContext::get_integer_type() called with kind=int is_signed=1[0m
[0;36m[2025-10-18 17:58:33.376] [DEBUG] [AST] resolve_type_with_generic_context: 'void*'[0m
[0;36m[2025-10-18 17:58:33.376] [DEBUG] [AST] Attempting direct type lookup for 'void*'[0m
[0;36m[2025-10-18 17:58:33.376] [DEBUG] [AST] Trying TypeContext token-based parsing first...[0m
[0;36m[2025-10-18 17:58:33.376] [DEBUG] [AST] Token parsing result for 'void*': void* (kind=7)[0m
[0;36m[2025-10-18 17:58:33.376] [DEBUG] [AST] Successfully parsed 'void*' via TypeContext (token-based parsing)[0m
[0;36m[2025-10-18 17:58:33.376] [DEBUG] [AST] resolve_type_with_generic_context: 'u64'[0m
[0;36m[2025-10-18 17:58:33.376] [DEBUG] [AST] Attempting direct type lookup for 'u64'[0m
[0;36m[2025-10-18 17:58:33.376] [DEBUG] [AST] Trying TypeContext token-based parsing first...[0m
[0;36m[2025-10-18 17:58:33.376] [DEBUG] [AST] TypeContext::get_integer_type() called with kind=u64 is_signed=0[0m
[0;36m[2025-10-18 17:58:33.376] [DEBUG] [AST] Token parsing result for 'u64': u64 (kind=2)[0m
[0;36m[2025-10-18 17:58:33.376] [DEBUG] [AST] Successfully parsed 'u64' via TypeContext (token-based parsing)[0m
[0;33m[2025-10-18 17:58:33.376] [WARN] [AST] FunctionType: Avoiding virtual function calls on parameter type at index 0 due to potential Type corruption, using 'void'[0m
[0;33m[2025-10-18 17:58:33.376] [WARN] [AST] FunctionType: Avoiding virtual function calls due to potential Type corruption, using 'void'[0m
[0;36m[2025-10-18 17:58:33.376] [DEBUG] [AST] Created function type for 'cryo_alloc' - is_variadic: 0[0m
[0;36m[2025-10-18 17:58:33.376] [DEBUG] [AST] Function 'cryo_alloc' already exists[0m
[0;36m[2025-10-18 17:58:33.376] [DEBUG] [AST] Existing type: (void) -> void[0m
[0;36m[2025-10-18 17:58:33.376] [DEBUG] [AST] New type: (void) -> void[0m
[0;36m[2025-10-18 17:58:33.376] [DEBUG] [AST] Types don't match - checking type equality more deeply[0m
[0;36m[2025-10-18 17:58:33.376] [DEBUG] [AST] Allowing redefinition for now[0m
[0;36m[2025-10-18 17:58:33.376] [DEBUG] [AST] Updating existing function 'cryo_alloc' with AST node reference[0m
[0;36m[2025-10-18 17:58:33.376] [DEBUG] [AST] VariableDeclarationNode 'size' has type annotation: 'u64' (current_struct: '')[0m
[0;36m[2025-10-18 17:58:33.376] [DEBUG] [AST] resolve_type_with_generic_context: 'u64'[0m
[0;36m[2025-10-18 17:58:33.376] [DEBUG] [AST] Attempting direct type lookup for 'u64'[0m
[0;36m[2025-10-18 17:58:33.376] [DEBUG] [AST] Trying TypeContext token-based parsing first...[0m
[0;36m[2025-10-18 17:58:33.376] [DEBUG] [AST] TypeContext::get_integer_type() called with kind=u64 is_signed=0[0m
[0;36m[2025-10-18 17:58:33.376] [DEBUG] [AST] Token parsing result for 'u64': u64 (kind=2)[0m
[0;36m[2025-10-18 17:58:33.376] [DEBUG] [AST] Successfully parsed 'u64' via TypeContext (token-based parsing)[0m
[0;36m[2025-10-18 17:58:33.376] [DEBUG] [AST] Resolved namespace symbol: Intrinsics::__printf__ with generic type: unknown (context: std::Runtime)[0m
[0;36m[2025-10-18 17:58:33.376] [DEBUG] [AST] VariableDeclarationNode 'ptr' has type annotation: 'void*' (current_struct: '')[0m
[0;36m[2025-10-18 17:58:33.376] [DEBUG] [AST] resolve_type_with_generic_context: 'void*'[0m
[0;36m[2025-10-18 17:58:33.376] [DEBUG] [AST] Attempting direct type lookup for 'void*'[0m
[0;36m[2025-10-18 17:58:33.376] [DEBUG] [AST] Trying TypeContext token-based parsing first...[0m
[0;36m[2025-10-18 17:58:33.376] [DEBUG] [AST] Token parsing result for 'void*': void* (kind=7)[0m
[0;36m[2025-10-18 17:58:33.376] [DEBUG] [AST] Successfully parsed 'void*' via TypeContext (token-based parsing)[0m
[0;36m[2025-10-18 17:58:33.376] [DEBUG] [AST] CORRECT TYPE: Variable 'ptr' with annotation 'void*' resolved to type 'void*' (kind=7)[0m
[0;36m[2025-10-18 17:58:33.376] [DEBUG] [AST] Visiting MemberAccessNode: member='allocate'[0m
[0;36m[2025-10-18 17:58:33.376] [DEBUG] [AST] Member 'allocate' - using resolved type: RuntimeManager[0m
[0;36m[2025-10-18 17:58:33.376] [DEBUG] [AST] Object type name: 'RuntimeManager', kind: 10, checking if pointer[0m
[0;36m[2025-10-18 17:58:33.376] [DEBUG] [AST] Object type 'RuntimeManager' is not a pointer, kind: 10[0m
[0;36m[2025-10-18 17:58:33.376] [DEBUG] [AST] Looking up field 'allocate' in struct 'RuntimeManager'[0m
[0;36m[2025-10-18 17:58:33.376] [DEBUG] [AST] Found struct 'RuntimeManager' in _struct_fields with 4 fields[0m
[0;36m[2025-10-18 17:58:33.376] [DEBUG] [AST] Field 'allocate' NOT found in struct 'RuntimeManager'[0m
[0;36m[2025-10-18 17:58:33.376] [DEBUG] [AST] Assignment compatibility check: void* = void* (TypeKinds: 7 vs 7)[0m
[0;36m[2025-10-18 17:58:33.376] [DEBUG] [AST] Checking pointer assignment: void* = void* (bases: 'void' vs 'void')[0m
[0;36m[2025-10-18 17:58:33.376] [DEBUG] [AST] Allowing assignment between same pointer types: void* = void*[0m
[0;36m[2025-10-18 17:58:33.376] [DEBUG] [AST] Assignment compatibility check: void* = void* (TypeKinds: 7 vs 7)[0m
[0;36m[2025-10-18 17:58:33.376] [DEBUG] [AST] Checking pointer assignment: void* = void* (bases: 'void' vs 'void')[0m
[0;36m[2025-10-18 17:58:33.376] [DEBUG] [AST] Allowing assignment between same pointer types: void* = void*[0m
[0;36m[2025-10-18 17:58:33.376] [DEBUG] [AST] resolve_type_with_generic_context: 'void*'[0m
[0;36m[2025-10-18 17:58:33.376] [DEBUG] [AST] Attempting direct type lookup for 'void*'[0m
[0;36m[2025-10-18 17:58:33.376] [DEBUG] [AST] Trying TypeContext token-based parsing first...[0m
[0;36m[2025-10-18 17:58:33.376] [DEBUG] [AST] Token parsing result for 'void*': void* (kind=7)[0m
[0;36m[2025-10-18 17:58:33.376] [DEBUG] [AST] Successfully parsed 'void*' via TypeContext (token-based parsing)[0m
[0;36m[2025-10-18 17:58:33.376] [DEBUG] [AST] resolve_type_with_generic_context: 'void*'[0m
[0;36m[2025-10-18 17:58:33.376] [DEBUG] [AST] Attempting direct type lookup for 'void*'[0m
[0;36m[2025-10-18 17:58:33.376] [DEBUG] [AST] Trying TypeContext token-based parsing first...[0m
[0;36m[2025-10-18 17:58:33.377] [DEBUG] [AST] Token parsing result for 'void*': void* (kind=7)[0m
[0;36m[2025-10-18 17:58:33.377] [DEBUG] [AST] Successfully parsed 'void*' via TypeContext (token-based parsing)[0m
[0;36m[2025-10-18 17:58:33.377] [DEBUG] [AST] resolve_type_with_generic_context: 'u64'[0m
[0;36m[2025-10-18 17:58:33.377] [DEBUG] [AST] Attempting direct type lookup for 'u64'[0m
[0;36m[2025-10-18 17:58:33.377] [DEBUG] [AST] Trying TypeContext token-based parsing first...[0m
[0;36m[2025-10-18 17:58:33.377] [DEBUG] [AST] TypeContext::get_integer_type() called with kind=u64 is_signed=0[0m
[0;36m[2025-10-18 17:58:33.377] [DEBUG] [AST] Token parsing result for 'u64': u64 (kind=2)[0m
[0;36m[2025-10-18 17:58:33.377] [DEBUG] [AST] Successfully parsed 'u64' via TypeContext (token-based parsing)[0m
[0;33m[2025-10-18 17:58:33.377] [WARN] [AST] FunctionType: Avoiding virtual function calls on parameter type at index 0 due to potential Type corruption, using 'void'[0m
[0;33m[2025-10-18 17:58:33.377] [WARN] [AST] FunctionType: Avoiding virtual function calls on parameter type at index 1 due to potential Type corruption, using 'void'[0m
[0;33m[2025-10-18 17:58:33.377] [WARN] [AST] FunctionType: Avoiding virtual function calls due to potential Type corruption, using 'void'[0m
[0;36m[2025-10-18 17:58:33.377] [DEBUG] [AST] Created function type for 'cryo_realloc' - is_variadic: 0[0m
[0;36m[2025-10-18 17:58:33.377] [DEBUG] [AST] Function 'cryo_realloc' already exists[0m
[0;36m[2025-10-18 17:58:33.377] [DEBUG] [AST] Existing type: (void, void) -> void[0m
[0;36m[2025-10-18 17:58:33.377] [DEBUG] [AST] New type: (void, void) -> void[0m
[0;36m[2025-10-18 17:58:33.377] [DEBUG] [AST] Types don't match - checking type equality more deeply[0m
[0;36m[2025-10-18 17:58:33.377] [DEBUG] [AST] Allowing redefinition for now[0m
[0;36m[2025-10-18 17:58:33.377] [DEBUG] [AST] Updating existing function 'cryo_realloc' with AST node reference[0m
[0;36m[2025-10-18 17:58:33.377] [DEBUG] [AST] VariableDeclarationNode 'ptr' has type annotation: 'void*' (current_struct: '')[0m
[0;36m[2025-10-18 17:58:33.377] [DEBUG] [AST] resolve_type_with_generic_context: 'void*'[0m
[0;36m[2025-10-18 17:58:33.377] [DEBUG] [AST] Attempting direct type lookup for 'void*'[0m
[0;36m[2025-10-18 17:58:33.377] [DEBUG] [AST] Trying TypeContext token-based parsing first...[0m
[0;36m[2025-10-18 17:58:33.377] [DEBUG] [AST] Token parsing result for 'void*': void* (kind=7)[0m
[0;36m[2025-10-18 17:58:33.377] [DEBUG] [AST] Successfully parsed 'void*' via TypeContext (token-based parsing)[0m
[0;36m[2025-10-18 17:58:33.377] [DEBUG] [AST] CORRECT TYPE: Variable 'ptr' with annotation 'void*' resolved to type 'void*' (kind=7)[0m
[0;36m[2025-10-18 17:58:33.377] [DEBUG] [AST] VariableDeclarationNode 'new_size' has type annotation: 'u64' (current_struct: '')[0m
[0;36m[2025-10-18 17:58:33.377] [DEBUG] [AST] resolve_type_with_generic_context: 'u64'[0m
[0;36m[2025-10-18 17:58:33.377] [DEBUG] [AST] Attempting direct type lookup for 'u64'[0m
[0;36m[2025-10-18 17:58:33.377] [DEBUG] [AST] Trying TypeContext token-based parsing first...[0m
[0;36m[2025-10-18 17:58:33.377] [DEBUG] [AST] TypeContext::get_integer_type() called with kind=u64 is_signed=0[0m
[0;36m[2025-10-18 17:58:33.377] [DEBUG] [AST] Token parsing result for 'u64': u64 (kind=2)[0m
[0;36m[2025-10-18 17:58:33.377] [DEBUG] [AST] Successfully parsed 'u64' via TypeContext (token-based parsing)[0m
[0;36m[2025-10-18 17:58:33.377] [DEBUG] [AST] Visiting MemberAccessNode: member='reallocate'[0m
[0;36m[2025-10-18 17:58:33.377] [DEBUG] [AST] Visiting MemberAccessNode: member='heap'[0m
[0;36m[2025-10-18 17:58:33.377] [DEBUG] [AST] Member 'heap' - using resolved type: RuntimeManager[0m
[0;36m[2025-10-18 17:58:33.377] [DEBUG] [AST] Object type name: 'RuntimeManager', kind: 10, checking if pointer[0m
[0;36m[2025-10-18 17:58:33.377] [DEBUG] [AST] Object type 'RuntimeManager' is not a pointer, kind: 10[0m
[0;36m[2025-10-18 17:58:33.377] [DEBUG] [AST] Looking up field 'heap' in struct 'RuntimeManager'[0m
[0;36m[2025-10-18 17:58:33.377] [DEBUG] [AST] Found struct 'RuntimeManager' in _struct_fields with 4 fields[0m
[0;36m[2025-10-18 17:58:33.377] [DEBUG] [AST] Member 'reallocate' - using resolved type: HeapManager[0m
[0;36m[2025-10-18 17:58:33.377] [DEBUG] [AST] Object type name: 'HeapManager', kind: 10, checking if pointer[0m
[0;36m[2025-10-18 17:58:33.377] [DEBUG] [AST] Object type 'HeapManager' is not a pointer, kind: 10[0m
[0;36m[2025-10-18 17:58:33.377] [DEBUG] [AST] Looking up field 'reallocate' in struct 'HeapManager'[0m
[0;36m[2025-10-18 17:58:33.377] [DEBUG] [AST] Found struct 'HeapManager' in _struct_fields with 4 fields[0m
[0;36m[2025-10-18 17:58:33.377] [DEBUG] [AST] Field 'reallocate' NOT found in struct 'HeapManager'[0m
[0;36m[2025-10-18 17:58:33.377] [DEBUG] [AST] Assignment compatibility check: void* = void* (TypeKinds: 7 vs 7)[0m
[0;36m[2025-10-18 17:58:33.377] [DEBUG] [AST] Checking pointer assignment: void* = void* (bases: 'void' vs 'void')[0m
[0;36m[2025-10-18 17:58:33.377] [DEBUG] [AST] Allowing assignment between same pointer types: void* = void*[0m
[0;36m[2025-10-18 17:58:33.377] [DEBUG] [AST] resolve_type_with_generic_context: 'void*'[0m
[0;36m[2025-10-18 17:58:33.377] [DEBUG] [AST] Attempting direct type lookup for 'void*'[0m
[0;36m[2025-10-18 17:58:33.377] [DEBUG] [AST] Trying TypeContext token-based parsing first...[0m
[0;36m[2025-10-18 17:58:33.377] [DEBUG] [AST] Token parsing result for 'void*': void* (kind=7)[0m
[0;36m[2025-10-18 17:58:33.377] [DEBUG] [AST] Successfully parsed 'void*' via TypeContext (token-based parsing)[0m
[0;36m[2025-10-18 17:58:33.377] [DEBUG] [AST] resolve_type_with_generic_context: 'void*'[0m
[0;36m[2025-10-18 17:58:33.377] [DEBUG] [AST] Attempting direct type lookup for 'void*'[0m
[0;36m[2025-10-18 17:58:33.377] [DEBUG] [AST] Trying TypeContext token-based parsing first...[0m
[0;36m[2025-10-18 17:58:33.377] [DEBUG] [AST] Token parsing result for 'void*': void* (kind=7)[0m
[0;36m[2025-10-18 17:58:33.377] [DEBUG] [AST] Successfully parsed 'void*' via TypeContext (token-based parsing)[0m
[0;36m[2025-10-18 17:58:33.377] [DEBUG] [AST] resolve_type_with_generic_context: 'void*'[0m
[0;36m[2025-10-18 17:58:33.377] [DEBUG] [AST] Attempting direct type lookup for 'void*'[0m
[0;36m[2025-10-18 17:58:33.377] [DEBUG] [AST] Trying TypeContext token-based parsing first...[0m
[0;36m[2025-10-18 17:58:33.377] [DEBUG] [AST] Token parsing result for 'void*': void* (kind=7)[0m
[0;36m[2025-10-18 17:58:33.377] [DEBUG] [AST] Successfully parsed 'void*' via TypeContext (token-based parsing)[0m
[0;36m[2025-10-18 17:58:33.377] [DEBUG] [AST] resolve_type_with_generic_context: 'u64'[0m
[0;36m[2025-10-18 17:58:33.377] [DEBUG] [AST] Attempting direct type lookup for 'u64'[0m
[0;36m[2025-10-18 17:58:33.377] [DEBUG] [AST] Trying TypeContext token-based parsing first...[0m
[0;36m[2025-10-18 17:58:33.377] [DEBUG] [AST] TypeContext::get_integer_type() called with kind=u64 is_signed=0[0m
[0;36m[2025-10-18 17:58:33.377] [DEBUG] [AST] Token parsing result for 'u64': u64 (kind=2)[0m
[0;36m[2025-10-18 17:58:33.377] [DEBUG] [AST] Successfully parsed 'u64' via TypeContext (token-based parsing)[0m
[0;33m[2025-10-18 17:58:33.377] [WARN] [AST] FunctionType: Avoiding virtual function calls on parameter type at index 0 due to potential Type corruption, using 'void'[0m
[0;33m[2025-10-18 17:58:33.377] [WARN] [AST] FunctionType: Avoiding virtual function calls on parameter type at index 1 due to potential Type corruption, using 'void'[0m
[0;33m[2025-10-18 17:58:33.377] [WARN] [AST] FunctionType: Avoiding virtual function calls on parameter type at index 2 due to potential Type corruption, using 'void'[0m
[0;33m[2025-10-18 17:58:33.377] [WARN] [AST] FunctionType: Avoiding virtual function calls due to potential Type corruption, using 'void'[0m
[0;36m[2025-10-18 17:58:33.377] [DEBUG] [AST] Created function type for 'cryo_memcpy' - is_variadic: 0[0m
[0;36m[2025-10-18 17:58:33.377] [DEBUG] [AST] Function 'cryo_memcpy' already exists[0m
[0;36m[2025-10-18 17:58:33.377] [DEBUG] [AST] Existing type: (void, void, void) -> void[0m
[0;36m[2025-10-18 17:58:33.377] [DEBUG] [AST] New type: (void, void, void) -> void[0m
[0;36m[2025-10-18 17:58:33.377] [DEBUG] [AST] Types don't match - checking type equality more deeply[0m
[0;36m[2025-10-18 17:58:33.377] [DEBUG] [AST] Allowing redefinition for now[0m
[0;36m[2025-10-18 17:58:33.377] [DEBUG] [AST] Updating existing function 'cryo_memcpy' with AST node reference[0m
[0;36m[2025-10-18 17:58:33.377] [DEBUG] [AST] VariableDeclarationNode 'dest' has type annotation: 'void*' (current_struct: '')[0m
[0;36m[2025-10-18 17:58:33.377] [DEBUG] [AST] resolve_type_with_generic_context: 'void*'[0m
[0;36m[2025-10-18 17:58:33.377] [DEBUG] [AST] Attempting direct type lookup for 'void*'[0m
[0;36m[2025-10-18 17:58:33.377] [DEBUG] [AST] Trying TypeContext token-based parsing first...[0m
[0;36m[2025-10-18 17:58:33.377] [DEBUG] [AST] Token parsing result for 'void*': void* (kind=7)[0m
[0;36m[2025-10-18 17:58:33.377] [DEBUG] [AST] Successfully parsed 'void*' via TypeContext (token-based parsing)[0m
[0;36m[2025-10-18 17:58:33.377] [DEBUG] [AST] CORRECT TYPE: Variable 'dest' with annotation 'void*' resolved to type 'void*' (kind=7)[0m
[0;36m[2025-10-18 17:58:33.378] [DEBUG] [AST] VariableDeclarationNode 'src' has type annotation: 'void*' (current_struct: '')[0m
[0;36m[2025-10-18 17:58:33.378] [DEBUG] [AST] resolve_type_with_generic_context: 'void*'[0m
[0;36m[2025-10-18 17:58:33.378] [DEBUG] [AST] Attempting direct type lookup for 'void*'[0m
[0;36m[2025-10-18 17:58:33.378] [DEBUG] [AST] Trying TypeContext token-based parsing first...[0m
[0;36m[2025-10-18 17:58:33.378] [DEBUG] [AST] Token parsing result for 'void*': void* (kind=7)[0m
[0;36m[2025-10-18 17:58:33.378] [DEBUG] [AST] Successfully parsed 'void*' via TypeContext (token-based parsing)[0m
[0;36m[2025-10-18 17:58:33.378] [DEBUG] [AST] CORRECT TYPE: Variable 'src' with annotation 'void*' resolved to type 'void*' (kind=7)[0m
[0;36m[2025-10-18 17:58:33.378] [DEBUG] [AST] VariableDeclarationNode 'size' has type annotation: 'u64' (current_struct: '')[0m
[0;36m[2025-10-18 17:58:33.378] [DEBUG] [AST] resolve_type_with_generic_context: 'u64'[0m
[0;36m[2025-10-18 17:58:33.378] [DEBUG] [AST] Attempting direct type lookup for 'u64'[0m
[0;36m[2025-10-18 17:58:33.378] [DEBUG] [AST] Trying TypeContext token-based parsing first...[0m
[0;36m[2025-10-18 17:58:33.378] [DEBUG] [AST] TypeContext::get_integer_type() called with kind=u64 is_signed=0[0m
[0;36m[2025-10-18 17:58:33.378] [DEBUG] [AST] Token parsing result for 'u64': u64 (kind=2)[0m
[0;36m[2025-10-18 17:58:33.378] [DEBUG] [AST] Successfully parsed 'u64' via TypeContext (token-based parsing)[0m
[0;36m[2025-10-18 17:58:33.378] [DEBUG] [AST] Assignment compatibility check: boolean = boolean (TypeKinds: 1 vs 1)[0m
[0;36m[2025-10-18 17:58:33.378] [DEBUG] [AST] Assignment compatibility check: string = string (TypeKinds: 5 vs 5)[0m
[0;36m[2025-10-18 17:58:33.378] [DEBUG] [AST] Assignment compatibility check: boolean = boolean (TypeKinds: 1 vs 1)[0m
[0;36m[2025-10-18 17:58:33.378] [DEBUG] [AST] Assignment compatibility check: string = string (TypeKinds: 5 vs 5)[0m
[0;36m[2025-10-18 17:58:33.378] [DEBUG] [AST] Resolved namespace symbol: Intrinsics::__memcpy__ with generic type: unknown (context: std::Runtime)[0m
[0;36m[2025-10-18 17:58:33.378] [DEBUG] [AST] Assignment compatibility check: void* = unknown (TypeKinds: 7 vs 28)[0m
[0;36m[2025-10-18 17:58:33.378] [DEBUG] [AST] resolve_type_with_generic_context: 'void'[0m
[0;36m[2025-10-18 17:58:33.378] [DEBUG] [AST] Attempting direct type lookup for 'void'[0m
[0;36m[2025-10-18 17:58:33.378] [DEBUG] [AST] Trying TypeContext token-based parsing first...[0m
[0;36m[2025-10-18 17:58:33.378] [DEBUG] [AST] Token parsing result for 'void': void (kind=0)[0m
[0;36m[2025-10-18 17:58:33.378] [DEBUG] [AST] Successfully parsed 'void' via TypeContext (token-based parsing)[0m
[0;36m[2025-10-18 17:58:33.378] [DEBUG] [AST] resolve_type_with_generic_context: 'void*'[0m
[0;36m[2025-10-18 17:58:33.378] [DEBUG] [AST] Attempting direct type lookup for 'void*'[0m
[0;36m[2025-10-18 17:58:33.378] [DEBUG] [AST] Trying TypeContext token-based parsing first...[0m
[0;36m[2025-10-18 17:58:33.378] [DEBUG] [AST] Token parsing result for 'void*': void* (kind=7)[0m
[0;36m[2025-10-18 17:58:33.378] [DEBUG] [AST] Successfully parsed 'void*' via TypeContext (token-based parsing)[0m
[0;33m[2025-10-18 17:58:33.378] [WARN] [AST] FunctionType: Avoiding virtual function calls on parameter type at index 0 due to potential Type corruption, using 'void'[0m
[0;33m[2025-10-18 17:58:33.378] [WARN] [AST] FunctionType: Avoiding virtual function calls due to potential Type corruption, using 'void'[0m
[0;36m[2025-10-18 17:58:33.378] [DEBUG] [AST] Created function type for 'cryo_free' - is_variadic: 0[0m
[0;36m[2025-10-18 17:58:33.378] [DEBUG] [AST] Function 'cryo_free' already exists[0m
[0;36m[2025-10-18 17:58:33.378] [DEBUG] [AST] Existing type: (void) -> void[0m
[0;36m[2025-10-18 17:58:33.378] [DEBUG] [AST] New type: (void) -> void[0m
[0;36m[2025-10-18 17:58:33.378] [DEBUG] [AST] Types don't match - checking type equality more deeply[0m
[0;36m[2025-10-18 17:58:33.378] [DEBUG] [AST] Allowing redefinition for now[0m
[0;36m[2025-10-18 17:58:33.378] [DEBUG] [AST] Updating existing function 'cryo_free' with AST node reference[0m
[0;36m[2025-10-18 17:58:33.378] [DEBUG] [AST] VariableDeclarationNode 'ptr' has type annotation: 'void*' (current_struct: '')[0m
[0;36m[2025-10-18 17:58:33.378] [DEBUG] [AST] resolve_type_with_generic_context: 'void*'[0m
[0;36m[2025-10-18 17:58:33.378] [DEBUG] [AST] Attempting direct type lookup for 'void*'[0m
[0;36m[2025-10-18 17:58:33.378] [DEBUG] [AST] Trying TypeContext token-based parsing first...[0m
[0;36m[2025-10-18 17:58:33.378] [DEBUG] [AST] Token parsing result for 'void*': void* (kind=7)[0m
[0;36m[2025-10-18 17:58:33.378] [DEBUG] [AST] Successfully parsed 'void*' via TypeContext (token-based parsing)[0m
[0;36m[2025-10-18 17:58:33.378] [DEBUG] [AST] CORRECT TYPE: Variable 'ptr' with annotation 'void*' resolved to type 'void*' (kind=7)[0m
[0;36m[2025-10-18 17:58:33.378] [DEBUG] [AST] Resolved namespace symbol: Intrinsics::__printf__ with generic type: unknown (context: std::Runtime)[0m
[0;36m[2025-10-18 17:58:33.378] [DEBUG] [AST] Visiting MemberAccessNode: member='deallocate'[0m
[0;36m[2025-10-18 17:58:33.378] [DEBUG] [AST] Member 'deallocate' - using resolved type: RuntimeManager[0m
[0;36m[2025-10-18 17:58:33.378] [DEBUG] [AST] Object type name: 'RuntimeManager', kind: 10, checking if pointer[0m
[0;36m[2025-10-18 17:58:33.378] [DEBUG] [AST] Object type 'RuntimeManager' is not a pointer, kind: 10[0m
[0;36m[2025-10-18 17:58:33.378] [DEBUG] [AST] Looking up field 'deallocate' in struct 'RuntimeManager'[0m
[0;36m[2025-10-18 17:58:33.378] [DEBUG] [AST] Found struct 'RuntimeManager' in _struct_fields with 4 fields[0m
[0;36m[2025-10-18 17:58:33.378] [DEBUG] [AST] Field 'deallocate' NOT found in struct 'RuntimeManager'[0m
[0;36m[2025-10-18 17:58:33.378] [DEBUG] [AST] resolve_type_with_generic_context: 'void'[0m
[0;36m[2025-10-18 17:58:33.378] [DEBUG] [AST] Attempting direct type lookup for 'void'[0m
[0;36m[2025-10-18 17:58:33.378] [DEBUG] [AST] Trying TypeContext token-based parsing first...[0m
[0;36m[2025-10-18 17:58:33.378] [DEBUG] [AST] Token parsing result for 'void': void (kind=0)[0m
[0;36m[2025-10-18 17:58:33.378] [DEBUG] [AST] Successfully parsed 'void' via TypeContext (token-based parsing)[0m
[0;36m[2025-10-18 17:58:33.378] [DEBUG] [AST] resolve_type_with_generic_context: 'string'[0m
[0;36m[2025-10-18 17:58:33.378] [DEBUG] [AST] Attempting direct type lookup for 'string'[0m
[0;36m[2025-10-18 17:58:33.378] [DEBUG] [AST] Trying TypeContext token-based parsing first...[0m
[0;36m[2025-10-18 17:58:33.378] [DEBUG] [AST] Token parsing result for 'string': string (kind=5)[0m
[0;36m[2025-10-18 17:58:33.378] [DEBUG] [AST] Successfully parsed 'string' via TypeContext (token-based parsing)[0m
[0;36m[2025-10-18 17:58:33.378] [DEBUG] [AST] resolve_type_with_generic_context: 'string'[0m
[0;36m[2025-10-18 17:58:33.378] [DEBUG] [AST] Attempting direct type lookup for 'string'[0m
[0;36m[2025-10-18 17:58:33.378] [DEBUG] [AST] Trying TypeContext token-based parsing first...[0m
[0;36m[2025-10-18 17:58:33.378] [DEBUG] [AST] Token parsing result for 'string': string (kind=5)[0m
[0;36m[2025-10-18 17:58:33.378] [DEBUG] [AST] Successfully parsed 'string' via TypeContext (token-based parsing)[0m
[0;36m[2025-10-18 17:58:33.378] [DEBUG] [AST] resolve_type_with_generic_context: 'i32'[0m
[0;36m[2025-10-18 17:58:33.378] [DEBUG] [AST] Attempting direct type lookup for 'i32'[0m
[0;36m[2025-10-18 17:58:33.378] [DEBUG] [AST] Trying TypeContext token-based parsing first...[0m
[0;36m[2025-10-18 17:58:33.378] [DEBUG] [AST] TypeContext::get_integer_type() called with kind=i32 is_signed=1[0m
[0;36m[2025-10-18 17:58:33.378] [DEBUG] [AST] Token parsing result for 'i32': i32 (kind=2)[0m
[0;36m[2025-10-18 17:58:33.378] [DEBUG] [AST] Successfully parsed 'i32' via TypeContext (token-based parsing)[0m
[0;33m[2025-10-18 17:58:33.378] [WARN] [AST] FunctionType: Avoiding virtual function calls on parameter type at index 0 due to potential Type corruption, using 'void'[0m
[0;33m[2025-10-18 17:58:33.378] [WARN] [AST] FunctionType: Avoiding virtual function calls on parameter type at index 1 due to potential Type corruption, using 'void'[0m
[0;33m[2025-10-18 17:58:33.378] [WARN] [AST] FunctionType: Avoiding virtual function calls on parameter type at index 2 due to potential Type corruption, using 'void'[0m
[0;33m[2025-10-18 17:58:33.378] [WARN] [AST] FunctionType: Avoiding virtual function calls due to potential Type corruption, using 'void'[0m
[0;36m[2025-10-18 17:58:33.378] [DEBUG] [AST] Created function type for 'cryo_panic' - is_variadic: 0[0m
[0;36m[2025-10-18 17:58:33.378] [DEBUG] [AST] Function 'cryo_panic' already exists[0m
[0;36m[2025-10-18 17:58:33.378] [DEBUG] [AST] Existing type: (void, void, void) -> void[0m
[0;36m[2025-10-18 17:58:33.378] [DEBUG] [AST] New type: (void, void, void) -> void[0m
[0;36m[2025-10-18 17:58:33.378] [DEBUG] [AST] Types don't match - checking type equality more deeply[0m
[0;36m[2025-10-18 17:58:33.378] [DEBUG] [AST] Allowing redefinition for now[0m
[0;36m[2025-10-18 17:58:33.378] [DEBUG] [AST] Updating existing function 'cryo_panic' with AST node reference[0m
[0;36m[2025-10-18 17:58:33.379] [DEBUG] [AST] VariableDeclarationNode 'message' has type annotation: 'string' (current_struct: '')[0m
[0;36m[2025-10-18 17:58:33.379] [DEBUG] [AST] resolve_type_with_generic_context: 'string'[0m
[0;36m[2025-10-18 17:58:33.379] [DEBUG] [AST] Attempting direct type lookup for 'string'[0m
[0;36m[2025-10-18 17:58:33.379] [DEBUG] [AST] Trying TypeContext token-based parsing first...[0m
[0;36m[2025-10-18 17:58:33.379] [DEBUG] [AST] Token parsing result for 'string': string (kind=5)[0m
[0;36m[2025-10-18 17:58:33.379] [DEBUG] [AST] Successfully parsed 'string' via TypeContext (token-based parsing)[0m
[0;36m[2025-10-18 17:58:33.379] [DEBUG] [AST] VariableDeclarationNode 'file' has type annotation: 'string' (current_struct: '')[0m
[0;36m[2025-10-18 17:58:33.379] [DEBUG] [AST] resolve_type_with_generic_context: 'string'[0m
[0;36m[2025-10-18 17:58:33.379] [DEBUG] [AST] Attempting direct type lookup for 'string'[0m
[0;36m[2025-10-18 17:58:33.379] [DEBUG] [AST] Trying TypeContext token-based parsing first...[0m
[0;36m[2025-10-18 17:58:33.379] [DEBUG] [AST] Token parsing result for 'string': string (kind=5)[0m
[0;36m[2025-10-18 17:58:33.379] [DEBUG] [AST] Successfully parsed 'string' via TypeContext (token-based parsing)[0m
[0;36m[2025-10-18 17:58:33.379] [DEBUG] [AST] VariableDeclarationNode 'line' has type annotation: 'i32' (current_struct: '')[0m
[0;36m[2025-10-18 17:58:33.379] [DEBUG] [AST] resolve_type_with_generic_context: 'i32'[0m
[0;36m[2025-10-18 17:58:33.379] [DEBUG] [AST] Attempting direct type lookup for 'i32'[0m
[0;36m[2025-10-18 17:58:33.379] [DEBUG] [AST] Trying TypeContext token-based parsing first...[0m
[0;36m[2025-10-18 17:58:33.379] [DEBUG] [AST] TypeContext::get_integer_type() called with kind=i32 is_signed=1[0m
[0;36m[2025-10-18 17:58:33.379] [DEBUG] [AST] Token parsing result for 'i32': i32 (kind=2)[0m
[0;36m[2025-10-18 17:58:33.379] [DEBUG] [AST] Successfully parsed 'i32' via TypeContext (token-based parsing)[0m
[0;36m[2025-10-18 17:58:33.379] [DEBUG] [AST] Visiting MemberAccessNode: member='panic'[0m
[0;36m[2025-10-18 17:58:33.379] [DEBUG] [AST] Member 'panic' - using resolved type: RuntimeManager[0m
[0;36m[2025-10-18 17:58:33.379] [DEBUG] [AST] Object type name: 'RuntimeManager', kind: 10, checking if pointer[0m
[0;36m[2025-10-18 17:58:33.379] [DEBUG] [AST] Object type 'RuntimeManager' is not a pointer, kind: 10[0m
[0;36m[2025-10-18 17:58:33.379] [DEBUG] [AST] Looking up field 'panic' in struct 'RuntimeManager'[0m
[0;36m[2025-10-18 17:58:33.379] [DEBUG] [AST] Found struct 'RuntimeManager' in _struct_fields with 4 fields[0m
[0;36m[2025-10-18 17:58:33.379] [DEBUG] [AST] Field 'panic' NOT found in struct 'RuntimeManager'[0m
[0;36m[2025-10-18 17:58:33.379] [DEBUG] [AST] resolve_type_with_generic_context: 'int'[0m
[0;36m[2025-10-18 17:58:33.379] [DEBUG] [AST] Attempting direct type lookup for 'int'[0m
[0;36m[2025-10-18 17:58:33.379] [DEBUG] [AST] Trying TypeContext token-based parsing first...[0m
[0;36m[2025-10-18 17:58:33.379] [DEBUG] [AST] TypeContext::get_integer_type() called with kind=int is_signed=1[0m
[0;36m[2025-10-18 17:58:33.379] [DEBUG] [AST] Token parsing result for 'int': int (kind=2)[0m
[0;36m[2025-10-18 17:58:33.379] [DEBUG] [AST] Successfully parsed 'int' via TypeContext (token-based parsing)[0m
[0;33m[2025-10-18 17:58:33.379] [WARN] [AST] FunctionType: Avoiding virtual function calls due to potential Type corruption, using 'void'[0m
[0;36m[2025-10-18 17:58:33.379] [DEBUG] [AST] Created function type for '_user_main_' - is_variadic: 0[0m
[0;36m[2025-10-18 17:58:33.379] [DEBUG] [AST] Function '_user_main_' already exists[0m
[0;36m[2025-10-18 17:58:33.379] [DEBUG] [AST] Existing type: () -> void[0m
[0;36m[2025-10-18 17:58:33.379] [DEBUG] [AST] New type: () -> void[0m
[0;36m[2025-10-18 17:58:33.379] [DEBUG] [AST] Types don't match - checking type equality more deeply[0m
[0;36m[2025-10-18 17:58:33.379] [DEBUG] [AST] Allowing redefinition for now[0m
[0;36m[2025-10-18 17:58:33.379] [DEBUG] [AST] Updating existing function '_user_main_' with AST node reference[0m
[0;36m[2025-10-18 17:58:33.379] [DEBUG] [AST] resolve_type_with_generic_context: 'int'[0m
[0;36m[2025-10-18 17:58:33.379] [DEBUG] [AST] Attempting direct type lookup for 'int'[0m
[0;36m[2025-10-18 17:58:33.379] [DEBUG] [AST] Trying TypeContext token-based parsing first...[0m
[0;36m[2025-10-18 17:58:33.379] [DEBUG] [AST] TypeContext::get_integer_type() called with kind=int is_signed=1[0m
[0;36m[2025-10-18 17:58:33.379] [DEBUG] [AST] Token parsing result for 'int': int (kind=2)[0m
[0;36m[2025-10-18 17:58:33.379] [DEBUG] [AST] Successfully parsed 'int' via TypeContext (token-based parsing)[0m
[0;33m[2025-10-18 17:58:33.379] [WARN] [AST] FunctionType: Avoiding virtual function calls due to potential Type corruption, using 'void'[0m
[0;36m[2025-10-18 17:58:33.379] [DEBUG] [AST] Created function type for 'main' - is_variadic: 0[0m
[0;36m[2025-10-18 17:58:33.379] [DEBUG] [AST] Function 'main' already exists[0m
[0;36m[2025-10-18 17:58:33.379] [DEBUG] [AST] Existing type: () -> void[0m
[0;36m[2025-10-18 17:58:33.379] [DEBUG] [AST] New type: () -> void[0m
[0;36m[2025-10-18 17:58:33.379] [DEBUG] [AST] Types don't match - checking type equality more deeply[0m
[0;36m[2025-10-18 17:58:33.379] [DEBUG] [AST] Allowing redefinition for now[0m
[0;36m[2025-10-18 17:58:33.379] [DEBUG] [AST] Updating existing function 'main' with AST node reference[0m
[0;36m[2025-10-18 17:58:33.379] [DEBUG] [AST] Resolved namespace symbol: Intrinsics::__printf__ with generic type: unknown (context: std::Runtime)[0m
[0;36m[2025-10-18 17:58:33.379] [DEBUG] [AST] VariableDeclarationNode 'init_result' has type annotation: 'RuntimeError' (current_struct: '')[0m
[0;36m[2025-10-18 17:58:33.379] [DEBUG] [AST] resolve_type_with_generic_context: 'RuntimeError'[0m
[0;36m[2025-10-18 17:58:33.379] [DEBUG] [AST] Attempting direct type lookup for 'RuntimeError'[0m
[0;36m[2025-10-18 17:58:33.379] [DEBUG] [AST] Trying TypeContext token-based parsing first...[0m
[0;36m[2025-10-18 17:58:33.379] [DEBUG] [AST] TypeContext::lookup_enum_type called with name=RuntimeError[0m
[0;36m[2025-10-18 17:58:33.379] [DEBUG] [AST] Found existing enum type for RuntimeError is_simple=1[0m
[0;36m[2025-10-18 17:58:33.379] [DEBUG] [AST] Attempted to create struct type for 'RuntimeError' but enum type already exists - returning enum type instead[0m
[0;36m[2025-10-18 17:58:33.379] [DEBUG] [AST] Token parsing result for 'RuntimeError': RuntimeError (kind=14)[0m
[0;36m[2025-10-18 17:58:33.379] [DEBUG] [AST] Successfully parsed 'RuntimeError' via TypeContext (token-based parsing)[0m
[0;36m[2025-10-18 17:58:33.379] [DEBUG] [AST] Visiting MemberAccessNode: member='initialize'[0m
[0;36m[2025-10-18 17:58:33.379] [DEBUG] [AST] Member 'initialize' - using resolved type: RuntimeManager[0m
[0;36m[2025-10-18 17:58:33.379] [DEBUG] [AST] Object type name: 'RuntimeManager', kind: 10, checking if pointer[0m
[0;36m[2025-10-18 17:58:33.379] [DEBUG] [AST] Object type 'RuntimeManager' is not a pointer, kind: 10[0m
[0;36m[2025-10-18 17:58:33.379] [DEBUG] [AST] Looking up field 'initialize' in struct 'RuntimeManager'[0m
[0;36m[2025-10-18 17:58:33.379] [DEBUG] [AST] Found struct 'RuntimeManager' in _struct_fields with 4 fields[0m
[0;36m[2025-10-18 17:58:33.379] [DEBUG] [AST] Field 'initialize' NOT found in struct 'RuntimeManager'[0m
[0;36m[2025-10-18 17:58:33.379] [DEBUG] [AST] Assignment compatibility check: RuntimeError = RuntimeError (TypeKinds: 14 vs 14)[0m
[0;36m[2025-10-18 17:58:33.379] [DEBUG] [AST] Looking up scope symbol 'RuntimeError'[0m
[0;36m[2025-10-18 17:58:33.379] [DEBUG] [AST] Resolved namespace symbol: Intrinsics::__printf__ with generic type: unknown (context: std::Runtime)[0m
[0;36m[2025-10-18 17:58:33.379] [DEBUG] [AST] TypeContext::get_integer_type() called with kind=int is_signed=1[0m
[0;36m[2025-10-18 17:58:33.380] [DEBUG] [AST] Assignment compatibility check: int = int (TypeKinds: 2 vs 2)[0m
[0;36m[2025-10-18 17:58:33.380] [DEBUG] [AST] Resolved namespace symbol: Intrinsics::__printf__ with generic type: unknown (context: std::Runtime)[0m
[0;36m[2025-10-18 17:58:33.380] [DEBUG] [AST] VariableDeclarationNode 'user_result' has type annotation: 'int' (current_struct: '')[0m
[0;36m[2025-10-18 17:58:33.380] [DEBUG] [AST] resolve_type_with_generic_context: 'int'[0m
[0;36m[2025-10-18 17:58:33.380] [DEBUG] [AST] Attempting direct type lookup for 'int'[0m
[0;36m[2025-10-18 17:58:33.380] [DEBUG] [AST] Trying TypeContext token-based parsing first...[0m
[0;36m[2025-10-18 17:58:33.380] [DEBUG] [AST] TypeContext::get_integer_type() called with kind=int is_signed=1[0m
[0;36m[2025-10-18 17:58:33.380] [DEBUG] [AST] Token parsing result for 'int': int (kind=2)[0m
[0;36m[2025-10-18 17:58:33.380] [DEBUG] [AST] Successfully parsed 'int' via TypeContext (token-based parsing)[0m
[0;36m[2025-10-18 17:58:33.380] [DEBUG] [AST] TypeContext::get_integer_type() called with kind=int is_signed=1[0m
[0;36m[2025-10-18 17:58:33.380] [DEBUG] [AST] Assignment compatibility check: int = int (TypeKinds: 2 vs 2)[0m
[0;36m[2025-10-18 17:58:33.380] [DEBUG] [AST] Assignment compatibility check: int = int (TypeKinds: 2 vs 2)[0m
[0;36m[2025-10-18 17:58:33.380] [DEBUG] [AST] Resolved namespace symbol: Intrinsics::__printf__ with generic type: unknown (context: std::Runtime)[0m
[0;36m[2025-10-18 17:58:33.380] [DEBUG] [AST] Visiting MemberAccessNode: member='shutdown'[0m
[0;36m[2025-10-18 17:58:33.380] [DEBUG] [AST] Member 'shutdown' - using resolved type: RuntimeManager[0m
[0;36m[2025-10-18 17:58:33.380] [DEBUG] [AST] Object type name: 'RuntimeManager', kind: 10, checking if pointer[0m
[0;36m[2025-10-18 17:58:33.380] [DEBUG] [AST] Object type 'RuntimeManager' is not a pointer, kind: 10[0m
[0;36m[2025-10-18 17:58:33.380] [DEBUG] [AST] Looking up field 'shutdown' in struct 'RuntimeManager'[0m
[0;36m[2025-10-18 17:58:33.380] [DEBUG] [AST] Found struct 'RuntimeManager' in _struct_fields with 4 fields[0m
[0;36m[2025-10-18 17:58:33.380] [DEBUG] [AST] Field 'shutdown' NOT found in struct 'RuntimeManager'[0m
[0;36m[2025-10-18 17:58:33.380] [DEBUG] [AST] Resolved namespace symbol: Intrinsics::__printf__ with generic type: unknown (context: std::Runtime)[0m
[0;36m[2025-10-18 17:58:33.380] [DEBUG] [AST] Assignment compatibility check: int = int (TypeKinds: 2 vs 2)[0m
[0;36m[2025-10-18 17:58:33.380] [DEBUG] [GENERAL] Checking for type errors...[0m
[0;36m[2025-10-18 17:58:33.380] [DEBUG] [GENERAL] Starting monomorphization pass...[0m
[0;36m[2025-10-18 17:58:33.380] [DEBUG] [GENERAL] No generic instantiations required, skipping monomorphization[0m
[0;36m[2025-10-18 17:58:33.380] [DEBUG] [GENERAL] Type checking completed successfully[0m
[0;36m[2025-10-18 17:58:33.380] [DEBUG] [GENERAL] Generating IR...[0m
[0;36m[2025-10-18 17:58:33.380] [DEBUG] [GENERAL] Setting source info for codegen...[0m
[0;36m[2025-10-18 17:58:33.380] [DEBUG] [GENERAL] Starting IR generation...[0m
[0;36m[2025-10-18 17:58:33.380] [DEBUG] [CODEGEN] CodegenVisitor::visit(ProgramNode) - stdlib_compilation_mode: true[0m
[0;32m[2025-10-18 17:58:33.380] [INFO] [CODEGEN] Using existing main module for stdlib compilation: 'std::Runtime'[0m
[0;36m[2025-10-18 17:58:33.380] [DEBUG] [CODEGEN] Processing main program with 26 statements[0m
[0;36m[2025-10-18 17:58:33.380] [DEBUG] [CODEGEN] Pass 1: Processing global variable declarations[0m
[0;36m[2025-10-18 17:58:33.380] [DEBUG] [CODEGEN] Processing global variable declaration 3/26[0m
[0;36m[2025-10-18 17:58:33.380] [DEBUG] [CODEGEN] VarDecl start: this=0x5bbf0eee2750, _value_context=0x5bbf0eee2a80[0m
[0;36m[2025-10-18 17:58:33.380] [DEBUG] [CODEGEN] Variable Declaration: name='DEFAULT_HEAP_SIZE', type='u64'[0m
[0;36m[2025-10-18 17:58:33.380] [DEBUG] [CODEGEN] TypeMapper::map_type() - successfully got kind: Integer (2)[0m
[0;36m[2025-10-18 17:58:33.380] [DEBUG] [CODEGEN] Creating global variable: DEFAULT_HEAP_SIZE[0m
[0;36m[2025-10-18 17:58:33.380] [DEBUG] [CODEGEN] Completed global variable declaration 3[0m
[0;36m[2025-10-18 17:58:33.380] [DEBUG] [CODEGEN] Processing global variable declaration 4/26[0m
[0;36m[2025-10-18 17:58:33.380] [DEBUG] [CODEGEN] VarDecl start: this=0x5bbf0eee2750, _value_context=0x5bbf0eee2a80[0m
[0;36m[2025-10-18 17:58:33.380] [DEBUG] [CODEGEN] Variable Declaration: name='MIN_BLOCK_SIZE', type='u64'[0m
[0;36m[2025-10-18 17:58:33.380] [DEBUG] [CODEGEN] TypeMapper::map_type() - successfully got kind: Integer (2)[0m
[0;36m[2025-10-18 17:58:33.380] [DEBUG] [CODEGEN] Creating global variable: MIN_BLOCK_SIZE[0m
[0;36m[2025-10-18 17:58:33.380] [DEBUG] [CODEGEN] Completed global variable declaration 4[0m
[0;36m[2025-10-18 17:58:33.380] [DEBUG] [CODEGEN] Processing global variable declaration 5/26[0m
[0;36m[2025-10-18 17:58:33.380] [DEBUG] [CODEGEN] VarDecl start: this=0x5bbf0eee2750, _value_context=0x5bbf0eee2a80[0m
[0;36m[2025-10-18 17:58:33.380] [DEBUG] [CODEGEN] Variable Declaration: name='BLOCK_ALIGNMENT', type='u64'[0m
[0;36m[2025-10-18 17:58:33.380] [DEBUG] [CODEGEN] TypeMapper::map_type() - successfully got kind: Integer (2)[0m
[0;36m[2025-10-18 17:58:33.380] [DEBUG] [CODEGEN] Creating global variable: BLOCK_ALIGNMENT[0m
[0;36m[2025-10-18 17:58:33.380] [DEBUG] [CODEGEN] Completed global variable declaration 5[0m
[0;36m[2025-10-18 17:58:33.380] [DEBUG] [CODEGEN] Processing global variable declaration 6/26[0m
[0;36m[2025-10-18 17:58:33.380] [DEBUG] [CODEGEN] VarDecl start: this=0x5bbf0eee2750, _value_context=0x5bbf0eee2a80[0m
[0;36m[2025-10-18 17:58:33.380] [DEBUG] [CODEGEN] Variable Declaration: name='HEAP_GUARD_SIZE', type='u64'[0m
[0;36m[2025-10-18 17:58:33.380] [DEBUG] [CODEGEN] TypeMapper::map_type() - successfully got kind: Integer (2)[0m
[0;36m[2025-10-18 17:58:33.380] [DEBUG] [CODEGEN] Creating global variable: HEAP_GUARD_SIZE[0m
[0;36m[2025-10-18 17:58:33.380] [DEBUG] [CODEGEN] Completed global variable declaration 6[0m
[0;36m[2025-10-18 17:58:33.380] [DEBUG] [CODEGEN] Processing global variable declaration 7/26[0m
[0;36m[2025-10-18 17:58:33.380] [DEBUG] [CODEGEN] VarDecl start: this=0x5bbf0eee2750, _value_context=0x5bbf0eee2a80[0m
[0;36m[2025-10-18 17:58:33.380] [DEBUG] [CODEGEN] Variable Declaration: name='BLOCK_FREE', type='u64'[0m
[0;36m[2025-10-18 17:58:33.380] [DEBUG] [CODEGEN] TypeMapper::map_type() - successfully got kind: Integer (2)[0m
[0;36m[2025-10-18 17:58:33.380] [DEBUG] [CODEGEN] Creating global variable: BLOCK_FREE[0m
[0;36m[2025-10-18 17:58:33.380] [DEBUG] [CODEGEN] Completed global variable declaration 7[0m
[0;36m[2025-10-18 17:58:33.380] [DEBUG] [CODEGEN] Processing global variable declaration 8/26[0m
[0;36m[2025-10-18 17:58:33.381] [DEBUG] [CODEGEN] VarDecl start: this=0x5bbf0eee2750, _value_context=0x5bbf0eee2a80[0m
[0;36m[2025-10-18 17:58:33.381] [DEBUG] [CODEGEN] Variable Declaration: name='BLOCK_ALLOCATED', type='u64'[0m
[0;36m[2025-10-18 17:58:33.381] [DEBUG] [CODEGEN] TypeMapper::map_type() - successfully got kind: Integer (2)[0m
[0;36m[2025-10-18 17:58:33.381] [DEBUG] [CODEGEN] Creating global variable: BLOCK_ALLOCATED[0m
[0;36m[2025-10-18 17:58:33.381] [DEBUG] [CODEGEN] Completed global variable declaration 8[0m
[0;36m[2025-10-18 17:58:33.381] [DEBUG] [CODEGEN] Processing global variable declaration 9/26[0m
[0;36m[2025-10-18 17:58:33.381] [DEBUG] [CODEGEN] VarDecl start: this=0x5bbf0eee2750, _value_context=0x5bbf0eee2a80[0m
[0;36m[2025-10-18 17:58:33.381] [DEBUG] [CODEGEN] Variable Declaration: name='BLOCK_MAGIC', type='u64'[0m
[0;36m[2025-10-18 17:58:33.381] [DEBUG] [CODEGEN] TypeMapper::map_type() - successfully got kind: Integer (2)[0m
[0;36m[2025-10-18 17:58:33.381] [DEBUG] [CODEGEN] Creating global variable: BLOCK_MAGIC[0m
[0;36m[2025-10-18 17:58:33.381] [DEBUG] [CODEGEN] Completed global variable declaration 9[0m
[0;36m[2025-10-18 17:58:33.381] [DEBUG] [CODEGEN] Processing global variable declaration 18/26[0m
[0;36m[2025-10-18 17:58:33.381] [DEBUG] [CODEGEN] VarDecl start: this=0x5bbf0eee2750, _value_context=0x5bbf0eee2a80[0m
[0;36m[2025-10-18 17:58:33.381] [DEBUG] [CODEGEN] Variable Declaration: name='g_runtime_manager', type='RuntimeManager'[0m
[0;36m[2025-10-18 17:58:33.381] [DEBUG] [CODEGEN] TypeMapper::map_type() - successfully got kind: Struct (10)[0m
[0;36m[2025-10-18 17:58:33.381] [DEBUG] [CODEGEN] TypeMapper::map_type() - successfully got kind: Struct (10)[0m
[0;36m[2025-10-18 17:58:33.381] [DEBUG] [CODEGEN] map_struct_type called for: RuntimeManager[0m
[0;36m[2025-10-18 17:58:33.381] [DEBUG] [CODEGEN] Found class AST node for struct: RuntimeManager, generating field types[0m
[0;36m[2025-10-18 17:58:33.381] [DEBUG] [CODEGEN] Class has 4 fields[0m
[0;36m[2025-10-18 17:58:33.381] [DEBUG] [CODEGEN] TypeMapper::map_type() - successfully got kind: Enum (14)[0m
[0;36m[2025-10-18 17:58:33.381] [DEBUG] [CODEGEN] TypeMapper::map_type() - successfully got kind: Enum (14)[0m
[0;36m[2025-10-18 17:58:33.381] [DEBUG] [CODEGEN] TypeMapper::map_type() - successfully got kind: Struct (10)[0m
[0;36m[2025-10-18 17:58:33.381] [DEBUG] [CODEGEN] TypeMapper::map_type() - successfully got kind: Struct (10)[0m
[0;36m[2025-10-18 17:58:33.381] [DEBUG] [CODEGEN] map_struct_type called for: HeapManager[0m
[0;36m[2025-10-18 17:58:33.381] [DEBUG] [CODEGEN] Found class AST node for struct: HeapManager, generating field types[0m
[0;36m[2025-10-18 17:58:33.381] [DEBUG] [CODEGEN] Class has 4 fields[0m
[0;36m[2025-10-18 17:58:33.381] [DEBUG] [CODEGEN] TypeMapper::map_type() - successfully got kind: Pointer (7)[0m
[0;36m[2025-10-18 17:58:33.381] [DEBUG] [CODEGEN] TypeMapper::map_type() - successfully got kind: Integer (2)[0m
[0;36m[2025-10-18 17:58:33.381] [DEBUG] [CODEGEN] TypeMapper::map_type() - successfully got kind: Struct (10)[0m
[0;36m[2025-10-18 17:58:33.381] [DEBUG] [CODEGEN] TypeMapper::map_type() - successfully got kind: Struct (10)[0m
[0;36m[2025-10-18 17:58:33.381] [DEBUG] [CODEGEN] map_struct_type called for: FreeListManager[0m
[0;36m[2025-10-18 17:58:33.381] [DEBUG] [CODEGEN] Found class AST node for struct: FreeListManager, generating field types[0m
[0;36m[2025-10-18 17:58:33.381] [DEBUG] [CODEGEN] Class has 1 fields[0m
[0;36m[2025-10-18 17:58:33.381] [DEBUG] [CODEGEN] TypeMapper::map_type() - successfully got kind: Pointer (7)[0m
[0;36m[2025-10-18 17:58:33.381] [DEBUG] [CODEGEN] Created struct type 'FreeListManager' with 1 fields[0m
[0;36m[2025-10-18 17:58:33.381] [DEBUG] [CODEGEN] TypeMapper::map_type() - successfully got kind: Boolean (1)[0m
[0;36m[2025-10-18 17:58:33.381] [DEBUG] [CODEGEN] Created struct type 'HeapManager' with 4 fields[0m
[0;36m[2025-10-18 17:58:33.381] [DEBUG] [CODEGEN] TypeMapper::map_type() - successfully got kind: Struct (10)[0m
[0;36m[2025-10-18 17:58:33.381] [DEBUG] [CODEGEN] TypeMapper::map_type() - successfully got kind: Struct (10)[0m
[0;36m[2025-10-18 17:58:33.381] [DEBUG] [CODEGEN] map_struct_type called for: StatisticsManager[0m
[0;36m[2025-10-18 17:58:33.381] [DEBUG] [CODEGEN] Found class AST node for struct: StatisticsManager, generating field types[0m
[0;36m[2025-10-18 17:58:33.381] [DEBUG] [CODEGEN] Class has 11 fields[0m
[0;36m[2025-10-18 17:58:33.381] [DEBUG] [CODEGEN] TypeMapper::map_type() - successfully got kind: Integer (2)[0m
[0;36m[2025-10-18 17:58:33.381] [DEBUG] [CODEGEN] TypeMapper::map_type() - successfully got kind: Integer (2)[0m
[0;36m[2025-10-18 17:58:33.381] [DEBUG] [CODEGEN] TypeMapper::map_type() - successfully got kind: Integer (2)[0m
[0;36m[2025-10-18 17:58:33.381] [DEBUG] [CODEGEN] TypeMapper::map_type() - successfully got kind: Integer (2)[0m
[0;36m[2025-10-18 17:58:33.381] [DEBUG] [CODEGEN] TypeMapper::map_type() - successfully got kind: Integer (2)[0m
[0;36m[2025-10-18 17:58:33.381] [DEBUG] [CODEGEN] TypeMapper::map_type() - successfully got kind: Integer (2)[0m
[0;36m[2025-10-18 17:58:33.381] [DEBUG] [CODEGEN] TypeMapper::map_type() - successfully got kind: Float (3)[0m
[0;36m[2025-10-18 17:58:33.381] [DEBUG] [CODEGEN] TypeMapper::map_type() - successfully got kind: Float (3)[0m
[0;36m[2025-10-18 17:58:33.381] [DEBUG] [CODEGEN] TypeMapper::map_type() - successfully got kind: Integer (2)[0m
[0;36m[2025-10-18 17:58:33.381] [DEBUG] [CODEGEN] TypeMapper::map_type() - successfully got kind: Integer (2)[0m
[0;36m[2025-10-18 17:58:33.381] [DEBUG] [CODEGEN] TypeMapper::map_type() - successfully got kind: Integer (2)[0m
[0;36m[2025-10-18 17:58:33.381] [DEBUG] [CODEGEN] TypeMapper::map_type() - successfully got kind: Integer (2)[0m
[0;36m[2025-10-18 17:58:33.381] [DEBUG] [CODEGEN] Created struct type 'StatisticsManager' with 11 fields[0m
[0;36m[2025-10-18 17:58:33.381] [DEBUG] [CODEGEN] TypeMapper::map_type() - successfully got kind: Struct (10)[0m
[0;36m[2025-10-18 17:58:33.381] [DEBUG] [CODEGEN] TypeMapper::map_type() - successfully got kind: Struct (10)[0m
[0;36m[2025-10-18 17:58:33.381] [DEBUG] [CODEGEN] map_struct_type called for: ErrorManager[0m
[0;36m[2025-10-18 17:58:33.381] [DEBUG] [CODEGEN] Found class AST node for struct: ErrorManager, generating field types[0m
[0;36m[2025-10-18 17:58:33.381] [DEBUG] [CODEGEN] Class has 2 fields[0m
[0;36m[2025-10-18 17:58:33.381] [DEBUG] [CODEGEN] TypeMapper::map_type() - successfully got kind: Enum (14)[0m
[0;36m[2025-10-18 17:58:33.381] [DEBUG] [CODEGEN] TypeMapper::map_type() - successfully got kind: Boolean (1)[0m
[0;36m[2025-10-18 17:58:33.381] [DEBUG] [CODEGEN] Created struct type 'ErrorManager' with 2 fields[0m
[0;36m[2025-10-18 17:58:33.381] [DEBUG] [CODEGEN] Created struct type 'RuntimeManager' with 4 fields[0m
[0;36m[2025-10-18 17:58:33.381] [DEBUG] [CODEGEN] Creating global variable: g_runtime_manager[0m
[0;36m[2025-10-18 17:58:33.381] [DEBUG] [CODEGEN] Completed global variable declaration 18[0m
[0;36m[2025-10-18 17:58:33.381] [DEBUG] [CODEGEN] Pass 2: Processing enum declarations[0m
[0;36m[2025-10-18 17:58:33.381] [DEBUG] [CODEGEN] Processing enum declaration 10/26[0m
[0;36m[2025-10-18 17:58:33.381] [DEBUG] [CODEGEN] Processing enum: RuntimeState[0m
[0;36m[2025-10-18 17:58:33.381] [DEBUG] [CODEGEN] Enum has 5 variants[0m
[0;36m[2025-10-18 17:58:33.381] [DEBUG] [CODEGEN] node.is_simple_enum() = 1[0m
[0;36m[2025-10-18 17:58:33.381] [DEBUG] [CODEGEN] Variant: UNINITIALIZED has 0 associated types is_simple_variant: 1[0m
[0;36m[2025-10-18 17:58:33.381] [DEBUG] [CODEGEN] Variant: INITIALIZING has 0 associated types is_simple_variant: 1[0m
[0;36m[2025-10-18 17:58:33.381] [DEBUG] [CODEGEN] Variant: RUNNING has 0 associated types is_simple_variant: 1[0m
[0;36m[2025-10-18 17:58:33.381] [DEBUG] [CODEGEN] Variant: SHUTTING_DOWN has 0 associated types is_simple_variant: 1[0m
[0;36m[2025-10-18 17:58:33.381] [DEBUG] [CODEGEN] Variant: TERMINATED has 0 associated types is_simple_variant: 1[0m
[0;36m[2025-10-18 17:58:33.381] [DEBUG] [AST] TypeContext::get_enum_type called with name=RuntimeState is_simple=1[0m
[0;36m[2025-10-18 17:58:33.382] [DEBUG] [AST] Call stack trace (simplified): TypeContext::get_enum_type[0m
[0;36m[2025-10-18 17:58:33.382] [DEBUG] [AST] Found existing enum type for RuntimeState existing is_simple=1[0m
[0;36m[2025-10-18 17:58:33.382] [DEBUG] [CODEGEN] Created EnumType, is_simple_enum(): 1[0m
[0;36m[2025-10-18 17:58:33.382] [DEBUG] [CODEGEN] Completed enum declaration 10[0m
[0;36m[2025-10-18 17:58:33.382] [DEBUG] [CODEGEN] Processing enum declaration 11/26[0m
[0;36m[2025-10-18 17:58:33.382] [DEBUG] [CODEGEN] Processing enum: RuntimeError[0m
[0;36m[2025-10-18 17:58:33.382] [DEBUG] [CODEGEN] Enum has 10 variants[0m
[0;36m[2025-10-18 17:58:33.382] [DEBUG] [CODEGEN] node.is_simple_enum() = 1[0m
[0;36m[2025-10-18 17:58:33.382] [DEBUG] [CODEGEN] Variant: SUCCESS has 0 associated types is_simple_variant: 1[0m
[0;36m[2025-10-18 17:58:33.382] [DEBUG] [CODEGEN] Variant: INITIALIZATION_FAILED has 0 associated types is_simple_variant: 1[0m
[0;36m[2025-10-18 17:58:33.382] [DEBUG] [CODEGEN] Variant: HEAP_NOT_INITIALIZED has 0 associated types is_simple_variant: 1[0m
[0;36m[2025-10-18 17:58:33.382] [DEBUG] [CODEGEN] Variant: OUT_OF_MEMORY has 0 associated types is_simple_variant: 1[0m
[0;36m[2025-10-18 17:58:33.382] [DEBUG] [CODEGEN] Variant: INVALID_POINTER has 0 associated types is_simple_variant: 1[0m
[0;36m[2025-10-18 17:58:33.382] [DEBUG] [CODEGEN] Variant: ALLOCATION_FAILED has 0 associated types is_simple_variant: 1[0m
[0;36m[2025-10-18 17:58:33.382] [DEBUG] [CODEGEN] Variant: DOUBLE_FREE has 0 associated types is_simple_variant: 1[0m
[0;36m[2025-10-18 17:58:33.382] [DEBUG] [CODEGEN] Variant: SYSTEM_ERROR has 0 associated types is_simple_variant: 1[0m
[0;36m[2025-10-18 17:58:33.382] [DEBUG] [CODEGEN] Variant: PANIC has 0 associated types is_simple_variant: 1[0m
[0;36m[2025-10-18 17:58:33.382] [DEBUG] [CODEGEN] Variant: UNKNOWN_ERROR has 0 associated types is_simple_variant: 1[0m
[0;36m[2025-10-18 17:58:33.382] [DEBUG] [AST] TypeContext::get_enum_type called with name=RuntimeError is_simple=1[0m
[0;36m[2025-10-18 17:58:33.382] [DEBUG] [AST] Call stack trace (simplified): TypeContext::get_enum_type[0m
[0;36m[2025-10-18 17:58:33.382] [DEBUG] [AST] Found existing enum type for RuntimeError existing is_simple=1[0m
[0;36m[2025-10-18 17:58:33.382] [DEBUG] [CODEGEN] Created EnumType, is_simple_enum(): 1[0m
[0;36m[2025-10-18 17:58:33.382] [DEBUG] [CODEGEN] Completed enum declaration 11[0m
[0;36m[2025-10-18 17:58:33.382] [DEBUG] [CODEGEN] Pass 3: Processing struct and class declarations[0m
[0;36m[2025-10-18 17:58:33.382] [DEBUG] [CODEGEN] Processing struct/class declaration 12/26[0m
[0;36m[2025-10-18 17:58:33.382] [DEBUG] [CODEGEN] Visiting ClassDeclarationNode: HeapBlock[0m
[0;36m[2025-10-18 17:58:33.382] [DEBUG] [CODEGEN] Registered AST node for class: HeapBlock[0m
[0;36m[2025-10-18 17:58:33.382] [DEBUG] [AST] TypeContext::get_class_type() called with name='HeapBlock'[0m
[0;36m[2025-10-18 17:58:33.382] [DEBUG] [CODEGEN] Created LLVM class type for HeapBlock[0m
[0;36m[2025-10-18 17:58:33.382] [DEBUG] [CODEGEN] Pass 1: Creating function declarations for all methods in HeapBlock[0m
[0;36m[2025-10-18 17:58:33.382] [DEBUG] [CODEGEN] Generating method declaration: HeapBlock::HeapBlock[0m
[0;36m[2025-10-18 17:58:33.382] [DEBUG] [CODEGEN] Full qualified method name: std::Runtime::HeapBlock::HeapBlock[0m
[0;36m[2025-10-18 17:58:33.382] [DEBUG] [CODEGEN] TypeMapper::map_type() - successfully got kind: Integer (2)[0m
[0;36m[2025-10-18 17:58:33.382] [DEBUG] [CODEGEN] TypeMapper::map_type() - successfully got kind: Integer (2)[0m
[0;36m[2025-10-18 17:58:33.382] [DEBUG] [CODEGEN] Method HeapBlock cryo_return_type=non-null kind=0[0m
[0;36m[2025-10-18 17:58:33.382] [DEBUG] [CODEGEN] Stored function 'std::Runtime::HeapBlock::HeapBlock' in module: std::Runtime[0m
[0;36m[2025-10-18 17:58:33.382] [DEBUG] [CODEGEN] Function name at store time: std::Runtime::HeapBlock::HeapBlock[0m
[0;36m[2025-10-18 17:58:33.382] [DEBUG] [CODEGEN] Function has parent module: YES[0m
[0;36m[2025-10-18 17:58:33.382] [DEBUG] [CODEGEN] Generating method declaration: HeapBlock::is_free[0m
[0;36m[2025-10-18 17:58:33.382] [DEBUG] [CODEGEN] Full qualified method name: std::Runtime::HeapBlock::is_free[0m
[0;36m[2025-10-18 17:58:33.382] [DEBUG] [CODEGEN] Method is_free cryo_return_type=non-null kind=1[0m
[0;36m[2025-10-18 17:58:33.382] [DEBUG] [CODEGEN] TypeMapper::map_type() - successfully got kind: Boolean (1)[0m
[0;36m[2025-10-18 17:58:33.382] [DEBUG] [CODEGEN] Stored function 'std::Runtime::HeapBlock::is_free' in module: std::Runtime[0m
[0;36m[2025-10-18 17:58:33.382] [DEBUG] [CODEGEN] Function name at store time: std::Runtime::HeapBlock::is_free[0m
[0;36m[2025-10-18 17:58:33.382] [DEBUG] [CODEGEN] Function has parent module: YES[0m
[0;36m[2025-10-18 17:58:33.382] [DEBUG] [CODEGEN] Generating method declaration: HeapBlock::is_allocated[0m
[0;36m[2025-10-18 17:58:33.382] [DEBUG] [CODEGEN] Full qualified method name: std::Runtime::HeapBlock::is_allocated[0m
[0;36m[2025-10-18 17:58:33.382] [DEBUG] [CODEGEN] Method is_allocated cryo_return_type=non-null kind=1[0m
[0;36m[2025-10-18 17:58:33.382] [DEBUG] [CODEGEN] TypeMapper::map_type() - successfully got kind: Boolean (1)[0m
[0;36m[2025-10-18 17:58:33.382] [DEBUG] [CODEGEN] Stored function 'std::Runtime::HeapBlock::is_allocated' in module: std::Runtime[0m
[0;36m[2025-10-18 17:58:33.382] [DEBUG] [CODEGEN] Function name at store time: std::Runtime::HeapBlock::is_allocated[0m
[0;36m[2025-10-18 17:58:33.382] [DEBUG] [CODEGEN] Function has parent module: YES[0m
[0;36m[2025-10-18 17:58:33.382] [DEBUG] [CODEGEN] Generating method declaration: HeapBlock::is_valid[0m
[0;36m[2025-10-18 17:58:33.382] [DEBUG] [CODEGEN] Full qualified method name: std::Runtime::HeapBlock::is_valid[0m
[0;36m[2025-10-18 17:58:33.382] [DEBUG] [CODEGEN] Method is_valid cryo_return_type=non-null kind=1[0m
[0;36m[2025-10-18 17:58:33.382] [DEBUG] [CODEGEN] TypeMapper::map_type() - successfully got kind: Boolean (1)[0m
[0;36m[2025-10-18 17:58:33.382] [DEBUG] [CODEGEN] Stored function 'std::Runtime::HeapBlock::is_valid' in module: std::Runtime[0m
[0;36m[2025-10-18 17:58:33.382] [DEBUG] [CODEGEN] Function name at store time: std::Runtime::HeapBlock::is_valid[0m
[0;36m[2025-10-18 17:58:33.382] [DEBUG] [CODEGEN] Function has parent module: YES[0m
[0;36m[2025-10-18 17:58:33.382] [DEBUG] [CODEGEN] Generating method declaration: HeapBlock::mark_allocated[0m
[0;36m[2025-10-18 17:58:33.382] [DEBUG] [CODEGEN] Full qualified method name: std::Runtime::HeapBlock::mark_allocated[0m
[0;36m[2025-10-18 17:58:33.382] [DEBUG] [CODEGEN] Method mark_allocated cryo_return_type=non-null kind=0[0m
[0;36m[2025-10-18 17:58:33.382] [DEBUG] [CODEGEN] Stored function 'std::Runtime::HeapBlock::mark_allocated' in module: std::Runtime[0m
[0;36m[2025-10-18 17:58:33.382] [DEBUG] [CODEGEN] Function name at store time: std::Runtime::HeapBlock::mark_allocated[0m
[0;36m[2025-10-18 17:58:33.383] [DEBUG] [CODEGEN] Function has parent module: YES[0m
[0;36m[2025-10-18 17:58:33.383] [DEBUG] [CODEGEN] Generating method declaration: HeapBlock::mark_free[0m
[0;36m[2025-10-18 17:58:33.383] [DEBUG] [CODEGEN] Full qualified method name: std::Runtime::HeapBlock::mark_free[0m
[0;36m[2025-10-18 17:58:33.383] [DEBUG] [CODEGEN] Method mark_free cryo_return_type=non-null kind=0[0m
[0;36m[2025-10-18 17:58:33.383] [DEBUG] [CODEGEN] Stored function 'std::Runtime::HeapBlock::mark_free' in module: std::Runtime[0m
[0;36m[2025-10-18 17:58:33.383] [DEBUG] [CODEGEN] Function name at store time: std::Runtime::HeapBlock::mark_free[0m
[0;36m[2025-10-18 17:58:33.383] [DEBUG] [CODEGEN] Function has parent module: YES[0m
[0;36m[2025-10-18 17:58:33.383] [DEBUG] [CODEGEN] Generating method declaration: HeapBlock::get_user_data_ptr[0m
[0;36m[2025-10-18 17:58:33.383] [DEBUG] [CODEGEN] Full qualified method name: std::Runtime::HeapBlock::get_user_data_ptr[0m
[0;36m[2025-10-18 17:58:33.383] [DEBUG] [CODEGEN] Method get_user_data_ptr cryo_return_type=non-null kind=7[0m
[0;36m[2025-10-18 17:58:33.383] [DEBUG] [CODEGEN] TypeMapper::map_type() - successfully got kind: Pointer (7)[0m
[0;36m[2025-10-18 17:58:33.383] [DEBUG] [CODEGEN] Stored function 'std::Runtime::HeapBlock::get_user_data_ptr' in module: std::Runtime[0m
[0;36m[2025-10-18 17:58:33.383] [DEBUG] [CODEGEN] Function name at store time: std::Runtime::HeapBlock::get_user_data_ptr[0m
[0;36m[2025-10-18 17:58:33.383] [DEBUG] [CODEGEN] Function has parent module: YES[0m
[0;36m[2025-10-18 17:58:33.383] [DEBUG] [CODEGEN] Generating method declaration: HeapBlock::split[0m
[0;36m[2025-10-18 17:58:33.383] [DEBUG] [CODEGEN] Full qualified method name: std::Runtime::HeapBlock::split[0m
[0;36m[2025-10-18 17:58:33.383] [DEBUG] [CODEGEN] TypeMapper::map_type() - successfully got kind: Integer (2)[0m
[0;36m[2025-10-18 17:58:33.383] [DEBUG] [CODEGEN] Method split cryo_return_type=non-null kind=7[0m
[0;36m[2025-10-18 17:58:33.383] [DEBUG] [CODEGEN] TypeMapper::map_type() - successfully got kind: Pointer (7)[0m
[0;36m[2025-10-18 17:58:33.383] [DEBUG] [CODEGEN] Stored function 'std::Runtime::HeapBlock::split' in module: std::Runtime[0m
[0;36m[2025-10-18 17:58:33.383] [DEBUG] [CODEGEN] Function name at store time: std::Runtime::HeapBlock::split[0m
[0;36m[2025-10-18 17:58:33.383] [DEBUG] [CODEGEN] Function has parent module: YES[0m
[0;36m[2025-10-18 17:58:33.383] [DEBUG] [CODEGEN] Pass 2: Generating function bodies for all methods in HeapBlock[0m
[0;36m[2025-10-18 17:58:33.383] [DEBUG] [CODEGEN] Generating method body: std::Runtime::HeapBlock::HeapBlock[0m
[0;36m[2025-10-18 17:58:33.383] [DEBUG] [CODEGEN] enter_scope: this=0x5bbf0eee2750, _value_context=0x5bbf0eee2a80[0m
[0;36m[2025-10-18 17:58:33.383] [DEBUG] [CODEGEN] Setting up 'this' parameter for class method[0m
[0;36m[2025-10-18 17:58:33.383] [DEBUG] [AST] TypeContext::get_class_type() called with name='HeapBlock'[0m
[0;36m[2025-10-18 17:58:33.383] [DEBUG] [CODEGEN] Stored 'this' parameter for class 'HeapBlock' with class type[0m
[0;36m[2025-10-18 17:58:33.383] [DEBUG] [CODEGEN] 'this' parameter set up successfully for class method[0m
[0;36m[2025-10-18 17:58:33.383] [DEBUG] [CODEGEN] TypeMapper::map_type() - successfully got kind: Integer (2)[0m
[0;36m[2025-10-18 17:58:33.383] [DEBUG] [CODEGEN] Stored parameter 'block_size' with type: u64[0m
[0;36m[2025-10-18 17:58:33.383] [DEBUG] [CODEGEN] TypeMapper::map_type() - successfully got kind: Integer (2)[0m
[0;36m[2025-10-18 17:58:33.383] [DEBUG] [CODEGEN] Stored parameter 'block_flags' with type: u64[0m
[0;36m[2025-10-18 17:58:33.383] [DEBUG] [CODEGEN] Visiting LiteralNode, kind: 104, value: null[0m
[0;36m[2025-10-18 17:58:33.383] [DEBUG] [CODEGEN] Visiting LiteralNode, kind: 104, value: null[0m
[0;36m[2025-10-18 17:58:33.383] [DEBUG] [CODEGEN] Generating method body: std::Runtime::HeapBlock::is_free[0m
[0;36m[2025-10-18 17:58:33.383] [DEBUG] [CODEGEN] enter_scope: this=0x5bbf0eee2750, _value_context=0x5bbf0eee2a80[0m
[0;36m[2025-10-18 17:58:33.383] [DEBUG] [CODEGEN] Setting up 'this' parameter for class method[0m
[0;36m[2025-10-18 17:58:33.383] [DEBUG] [AST] TypeContext::get_class_type() called with name='HeapBlock'[0m
[0;36m[2025-10-18 17:58:33.383] [DEBUG] [CODEGEN] Stored 'this' parameter for class 'HeapBlock' with class type[0m
[0;36m[2025-10-18 17:58:33.383] [DEBUG] [CODEGEN] 'this' parameter set up successfully for class method[0m
[0;36m[2025-10-18 17:58:33.383] [DEBUG] [CODEGEN] Delegating intrinsic call to Intrinsics module: __printf__[0m
[0;36m[2025-10-18 17:58:33.383] [DEBUG] [CODEGEN] Visiting LiteralNode, kind: 9, value: "[DEBUG::RUNTIME] {HeapBlocK::is_free} Checking if block is free: flags=0x%llx\n"[0m
[0;36m[2025-10-18 17:58:33.383] [DEBUG] [CODEGEN] Generating member access[0m
[0;36m[2025-10-18 17:58:33.383] [DEBUG] [CODEGEN] Looking for variable: this[0m
[0;36m[2025-10-18 17:58:33.383] [DEBUG] [CODEGEN] get_alloca result: found[0m
[0;36m[2025-10-18 17:58:33.383] [DEBUG] [CODEGEN] Accessing member: flags[0m
[0;36m[2025-10-18 17:58:33.383] [DEBUG] [CODEGEN] Trying direct type resolution from LLVM type[0m
[0;36m[2025-10-18 17:58:33.383] [DEBUG] [CODEGEN] Member access allocated_type: valid[0m
[0;36m[2025-10-18 17:58:33.383] [DEBUG] [CODEGEN] Member access: this is a pointer type, searching for matching struct[0m
[0;36m[2025-10-18 17:58:33.383] [DEBUG] [CODEGEN] Found matching struct type: HeapBlock, field index: 1[0m
[0;36m[2025-10-18 17:58:33.383] [DEBUG] [CODEGEN] Member access resolution successful: type_name='HeapBlock', member_name='flags', field_index=1[0m
[0;36m[2025-10-18 17:58:33.383] [DEBUG] [CODEGEN] Loaded struct pointer for member access[0m
[0;36m[2025-10-18 17:58:33.383] [DEBUG] [CODEGEN] About to access field index 1 in struct with 4 fields[0m
[0;36m[2025-10-18 17:58:33.383] [DEBUG] [CODEGEN] Created GEP for field access[0m
[0;36m[2025-10-18 17:58:33.383] [DEBUG] [CODEGEN] Successfully generated field access for: flags[0m
[0;36m[2025-10-18 17:58:33.383] [DEBUG] [CODEGEN] Generating intrinsic call: __printf__[0m
[0;36m[2025-10-18 17:58:33.383] [DEBUG] [CODEGEN] Generating member access[0m
[0;36m[2025-10-18 17:58:33.383] [DEBUG] [CODEGEN] Looking for variable: this[0m
[0;36m[2025-10-18 17:58:33.384] [DEBUG] [CODEGEN] get_alloca result: found[0m
[0;36m[2025-10-18 17:58:33.384] [DEBUG] [CODEGEN] Accessing member: flags[0m
[0;36m[2025-10-18 17:58:33.384] [DEBUG] [CODEGEN] Trying direct type resolution from LLVM type[0m
[0;36m[2025-10-18 17:58:33.384] [DEBUG] [CODEGEN] Member access allocated_type: valid[0m
[0;36m[2025-10-18 17:58:33.384] [DEBUG] [CODEGEN] Member access: this is a pointer type, searching for matching struct[0m
[0;36m[2025-10-18 17:58:33.384] [DEBUG] [CODEGEN] Found matching struct type: HeapBlock, field index: 1[0m
[0;36m[2025-10-18 17:58:33.384] [DEBUG] [CODEGEN] Member access resolution successful: type_name='HeapBlock', member_name='flags', field_index=1[0m
[0;36m[2025-10-18 17:58:33.384] [DEBUG] [CODEGEN] Loaded struct pointer for member access[0m
[0;36m[2025-10-18 17:58:33.384] [DEBUG] [CODEGEN] About to access field index 1 in struct with 4 fields[0m
[0;36m[2025-10-18 17:58:33.384] [DEBUG] [CODEGEN] Created GEP for field access[0m
[0;36m[2025-10-18 17:58:33.384] [DEBUG] [CODEGEN] Successfully generated field access for: flags[0m
[0;36m[2025-10-18 17:58:33.384] [DEBUG] [CODEGEN] Visiting LiteralNode, kind: 7, value: 0[0m
[0;36m[2025-10-18 17:58:33.384] [DEBUG] [AST] TypeContext::get_integer_type() called with kind=u64 is_signed=0[0m
[0;36m[2025-10-18 17:58:33.384] [DEBUG] [CODEGEN] TypeMapper::map_type() - successfully got kind: Integer (2)[0m
[0;36m[2025-10-18 17:58:33.384] [DEBUG] [CODEGEN] Return statement: return_value = valid[0m
[0;36m[2025-10-18 17:58:33.384] [DEBUG] [CODEGEN] Return value type: 12[0m
[0;36m[2025-10-18 17:58:33.384] [DEBUG] [CODEGEN] Using direct return[0m
[0;36m[2025-10-18 17:58:33.384] [DEBUG] [CODEGEN] Generating method body: std::Runtime::HeapBlock::is_allocated[0m
[0;36m[2025-10-18 17:58:33.384] [DEBUG] [CODEGEN] enter_scope: this=0x5bbf0eee2750, _value_context=0x5bbf0eee2a80[0m
[0;36m[2025-10-18 17:58:33.384] [DEBUG] [CODEGEN] Setting up 'this' parameter for class method[0m
[0;36m[2025-10-18 17:58:33.384] [DEBUG] [AST] TypeContext::get_class_type() called with name='HeapBlock'[0m
[0;36m[2025-10-18 17:58:33.384] [DEBUG] [CODEGEN] Stored 'this' parameter for class 'HeapBlock' with class type[0m
[0;36m[2025-10-18 17:58:33.384] [DEBUG] [CODEGEN] 'this' parameter set up successfully for class method[0m
[0;36m[2025-10-18 17:58:33.384] [DEBUG] [CODEGEN] Delegating intrinsic call to Intrinsics module: __printf__[0m
[0;36m[2025-10-18 17:58:33.384] [DEBUG] [CODEGEN] Visiting LiteralNode, kind: 9, value: "[DEBUG::RUNTIME] {HeapBlock::is_allocated} Checking if block is allocated: flags=0x%llx\n"[0m
[0;36m[2025-10-18 17:58:33.384] [DEBUG] [CODEGEN] Generating member access[0m
[0;36m[2025-10-18 17:58:33.384] [DEBUG] [CODEGEN] Looking for variable: this[0m
[0;36m[2025-10-18 17:58:33.384] [DEBUG] [CODEGEN] get_alloca result: found[0m
[0;36m[2025-10-18 17:58:33.384] [DEBUG] [CODEGEN] Accessing member: flags[0m
[0;36m[2025-10-18 17:58:33.384] [DEBUG] [CODEGEN] Trying direct type resolution from LLVM type[0m
[0;36m[2025-10-18 17:58:33.384] [DEBUG] [CODEGEN] Member access allocated_type: valid[0m
[0;36m[2025-10-18 17:58:33.384] [DEBUG] [CODEGEN] Member access: this is a pointer type, searching for matching struct[0m
[0;36m[2025-10-18 17:58:33.384] [DEBUG] [CODEGEN] Found matching struct type: HeapBlock, field index: 1[0m
[0;36m[2025-10-18 17:58:33.384] [DEBUG] [CODEGEN] Member access resolution successful: type_name='HeapBlock', member_name='flags', field_index=1[0m
[0;36m[2025-10-18 17:58:33.384] [DEBUG] [CODEGEN] Loaded struct pointer for member access[0m
[0;36m[2025-10-18 17:58:33.384] [DEBUG] [CODEGEN] About to access field index 1 in struct with 4 fields[0m
[0;36m[2025-10-18 17:58:33.384] [DEBUG] [CODEGEN] Created GEP for field access[0m
[0;36m[2025-10-18 17:58:33.384] [DEBUG] [CODEGEN] Successfully generated field access for: flags[0m
[0;36m[2025-10-18 17:58:33.384] [DEBUG] [CODEGEN] Generating intrinsic call: __printf__[0m
[0;36m[2025-10-18 17:58:33.384] [DEBUG] [CODEGEN] Generating member access[0m
[0;36m[2025-10-18 17:58:33.384] [DEBUG] [CODEGEN] Looking for variable: this[0m
[0;36m[2025-10-18 17:58:33.384] [DEBUG] [CODEGEN] get_alloca result: found[0m
[0;36m[2025-10-18 17:58:33.384] [DEBUG] [CODEGEN] Accessing member: flags[0m
[0;36m[2025-10-18 17:58:33.384] [DEBUG] [CODEGEN] Trying direct type resolution from LLVM type[0m
[0;36m[2025-10-18 17:58:33.384] [DEBUG] [CODEGEN] Member access allocated_type: valid[0m
[0;36m[2025-10-18 17:58:33.384] [DEBUG] [CODEGEN] Member access: this is a pointer type, searching for matching struct[0m
[0;36m[2025-10-18 17:58:33.384] [DEBUG] [CODEGEN] Found matching struct type: HeapBlock, field index: 1[0m
[0;36m[2025-10-18 17:58:33.384] [DEBUG] [CODEGEN] Member access resolution successful: type_name='HeapBlock', member_name='flags', field_index=1[0m
[0;36m[2025-10-18 17:58:33.384] [DEBUG] [CODEGEN] Loaded struct pointer for member access[0m
[0;36m[2025-10-18 17:58:33.384] [DEBUG] [CODEGEN] About to access field index 1 in struct with 4 fields[0m
[0;36m[2025-10-18 17:58:33.384] [DEBUG] [CODEGEN] Created GEP for field access[0m
[0;36m[2025-10-18 17:58:33.384] [DEBUG] [CODEGEN] Successfully generated field access for: flags[0m
[0;36m[2025-10-18 17:58:33.384] [DEBUG] [CODEGEN] Visiting LiteralNode, kind: 7, value: 0[0m
[0;36m[2025-10-18 17:58:33.384] [DEBUG] [AST] TypeContext::get_integer_type() called with kind=u64 is_signed=0[0m
[0;36m[2025-10-18 17:58:33.384] [DEBUG] [CODEGEN] TypeMapper::map_type() - successfully got kind: Integer (2)[0m
[0;36m[2025-10-18 17:58:33.384] [DEBUG] [CODEGEN] Return statement: return_value = valid[0m
[0;36m[2025-10-18 17:58:33.384] [DEBUG] [CODEGEN] Return value type: 12[0m
[0;36m[2025-10-18 17:58:33.384] [DEBUG] [CODEGEN] Using direct return[0m
[0;36m[2025-10-18 17:58:33.384] [DEBUG] [CODEGEN] Generating method body: std::Runtime::HeapBlock::is_valid[0m
[0;36m[2025-10-18 17:58:33.384] [DEBUG] [CODEGEN] enter_scope: this=0x5bbf0eee2750, _value_context=0x5bbf0eee2a80[0m
[0;36m[2025-10-18 17:58:33.384] [DEBUG] [CODEGEN] Setting up 'this' parameter for class method[0m
[0;36m[2025-10-18 17:58:33.384] [DEBUG] [AST] TypeContext::get_class_type() called with name='HeapBlock'[0m
[0;36m[2025-10-18 17:58:33.384] [DEBUG] [CODEGEN] Stored 'this' parameter for class 'HeapBlock' with class type[0m
[0;36m[2025-10-18 17:58:33.384] [DEBUG] [CODEGEN] 'this' parameter set up successfully for class method[0m
[0;36m[2025-10-18 17:58:33.384] [DEBUG] [CODEGEN] Delegating intrinsic call to Intrinsics module: __printf__[0m
[0;36m[2025-10-18 17:58:33.384] [DEBUG] [CODEGEN] Visiting LiteralNode, kind: 9, value: "[DEBUG::RUNTIME] {HeapBlock::is_valid} Validating block magic: flags=0x%llx\n"[0m
[0;36m[2025-10-18 17:58:33.384] [DEBUG] [CODEGEN] Generating member access[0m
[0;36m[2025-10-18 17:58:33.384] [DEBUG] [CODEGEN] Looking for variable: this[0m
[0;36m[2025-10-18 17:58:33.384] [DEBUG] [CODEGEN] get_alloca result: found[0m
[0;36m[2025-10-18 17:58:33.384] [DEBUG] [CODEGEN] Accessing member: flags[0m
[0;36m[2025-10-18 17:58:33.385] [DEBUG] [CODEGEN] Trying direct type resolution from LLVM type[0m
[0;36m[2025-10-18 17:58:33.385] [DEBUG] [CODEGEN] Member access allocated_type: valid[0m
[0;36m[2025-10-18 17:58:33.385] [DEBUG] [CODEGEN] Member access: this is a pointer type, searching for matching struct[0m
[0;36m[2025-10-18 17:58:33.385] [DEBUG] [CODEGEN] Found matching struct type: HeapBlock, field index: 1[0m
[0;36m[2025-10-18 17:58:33.385] [DEBUG] [CODEGEN] Member access resolution successful: type_name='HeapBlock', member_name='flags', field_index=1[0m
[0;36m[2025-10-18 17:58:33.385] [DEBUG] [CODEGEN] Loaded struct pointer for member access[0m
[0;36m[2025-10-18 17:58:33.385] [DEBUG] [CODEGEN] About to access field index 1 in struct with 4 fields[0m
[0;36m[2025-10-18 17:58:33.385] [DEBUG] [CODEGEN] Created GEP for field access[0m
[0;36m[2025-10-18 17:58:33.385] [DEBUG] [CODEGEN] Successfully generated field access for: flags[0m
[0;36m[2025-10-18 17:58:33.385] [DEBUG] [CODEGEN] Generating intrinsic call: __printf__[0m
[0;36m[2025-10-18 17:58:33.385] [DEBUG] [CODEGEN] VarDecl start: this=0x5bbf0eee2750, _value_context=0x5bbf0eee2a80[0m
[0;36m[2025-10-18 17:58:33.385] [DEBUG] [CODEGEN] Variable Declaration: name='magic_check', type='u64'[0m
[0;36m[2025-10-18 17:58:33.385] [DEBUG] [CODEGEN] TypeMapper::map_type() - successfully got kind: Integer (2)[0m
[0;36m[2025-10-18 17:58:33.385] [DEBUG] [CODEGEN] Creating local variable: magic_check[0m
[0;36m[2025-10-18 17:58:33.385] [DEBUG] [CODEGEN] Generating member access[0m
[0;36m[2025-10-18 17:58:33.385] [DEBUG] [CODEGEN] Looking for variable: this[0m
[0;36m[2025-10-18 17:58:33.385] [DEBUG] [CODEGEN] get_alloca result: found[0m
[0;36m[2025-10-18 17:58:33.385] [DEBUG] [CODEGEN] Accessing member: flags[0m
[0;36m[2025-10-18 17:58:33.385] [DEBUG] [CODEGEN] Trying direct type resolution from LLVM type[0m
[0;36m[2025-10-18 17:58:33.385] [DEBUG] [CODEGEN] Member access allocated_type: valid[0m
[0;36m[2025-10-18 17:58:33.385] [DEBUG] [CODEGEN] Member access: this is a pointer type, searching for matching struct[0m
[0;36m[2025-10-18 17:58:33.385] [DEBUG] [CODEGEN] Found matching struct type: HeapBlock, field index: 1[0m
[0;36m[2025-10-18 17:58:33.385] [DEBUG] [CODEGEN] Member access resolution successful: type_name='HeapBlock', member_name='flags', field_index=1[0m
[0;36m[2025-10-18 17:58:33.385] [DEBUG] [CODEGEN] Loaded struct pointer for member access[0m
[0;36m[2025-10-18 17:58:33.385] [DEBUG] [CODEGEN] About to access field index 1 in struct with 4 fields[0m
[0;36m[2025-10-18 17:58:33.385] [DEBUG] [CODEGEN] Created GEP for field access[0m
[0;36m[2025-10-18 17:58:33.385] [DEBUG] [CODEGEN] Successfully generated field access for: flags[0m
[0;36m[2025-10-18 17:58:33.385] [DEBUG] [CODEGEN] Return statement: return_value = valid[0m
[0;36m[2025-10-18 17:58:33.385] [DEBUG] [CODEGEN] Return value type: 12[0m
[0;36m[2025-10-18 17:58:33.385] [DEBUG] [CODEGEN] Using direct return[0m
[0;36m[2025-10-18 17:58:33.385] [DEBUG] [CODEGEN] Generating method body: std::Runtime::HeapBlock::mark_allocated[0m
[0;36m[2025-10-18 17:58:33.385] [DEBUG] [CODEGEN] enter_scope: this=0x5bbf0eee2750, _value_context=0x5bbf0eee2a80[0m
[0;36m[2025-10-18 17:58:33.385] [DEBUG] [CODEGEN] Setting up 'this' parameter for class method[0m
[0;36m[2025-10-18 17:58:33.385] [DEBUG] [AST] TypeContext::get_class_type() called with name='HeapBlock'[0m
[0;36m[2025-10-18 17:58:33.385] [DEBUG] [CODEGEN] Stored 'this' parameter for class 'HeapBlock' with class type[0m
[0;36m[2025-10-18 17:58:33.385] [DEBUG] [CODEGEN] 'this' parameter set up successfully for class method[0m
[0;36m[2025-10-18 17:58:33.385] [DEBUG] [CODEGEN] Delegating intrinsic call to Intrinsics module: __printf__[0m
[0;36m[2025-10-18 17:58:33.385] [DEBUG] [CODEGEN] Visiting LiteralNode, kind: 9, value: "[DEBUG::RUNTIME] {HeapBlock::mark_allocated} Marking block as allocated: flags=0x%llx\n"[0m
[0;36m[2025-10-18 17:58:33.385] [DEBUG] [CODEGEN] Generating member access[0m
[0;36m[2025-10-18 17:58:33.385] [DEBUG] [CODEGEN] Looking for variable: this[0m
[0;36m[2025-10-18 17:58:33.385] [DEBUG] [CODEGEN] get_alloca result: found[0m
[0;36m[2025-10-18 17:58:33.385] [DEBUG] [CODEGEN] Accessing member: flags[0m
[0;36m[2025-10-18 17:58:33.385] [DEBUG] [CODEGEN] Trying direct type resolution from LLVM type[0m
[0;36m[2025-10-18 17:58:33.385] [DEBUG] [CODEGEN] Member access allocated_type: valid[0m
[0;36m[2025-10-18 17:58:33.385] [DEBUG] [CODEGEN] Member access: this is a pointer type, searching for matching struct[0m
[0;36m[2025-10-18 17:58:33.385] [DEBUG] [CODEGEN] Found matching struct type: HeapBlock, field index: 1[0m
[0;36m[2025-10-18 17:58:33.385] [DEBUG] [CODEGEN] Member access resolution successful: type_name='HeapBlock', member_name='flags', field_index=1[0m
[0;36m[2025-10-18 17:58:33.385] [DEBUG] [CODEGEN] Loaded struct pointer for member access[0m
[0;36m[2025-10-18 17:58:33.385] [DEBUG] [CODEGEN] About to access field index 1 in struct with 4 fields[0m
[0;36m[2025-10-18 17:58:33.385] [DEBUG] [CODEGEN] Created GEP for field access[0m
[0;36m[2025-10-18 17:58:33.385] [DEBUG] [CODEGEN] Successfully generated field access for: flags[0m
[0;36m[2025-10-18 17:58:33.385] [DEBUG] [CODEGEN] Generating intrinsic call: __printf__[0m
[0;36m[2025-10-18 17:58:33.385] [DEBUG] [CODEGEN] Generating method body: std::Runtime::HeapBlock::mark_free[0m
[0;36m[2025-10-18 17:58:33.385] [DEBUG] [CODEGEN] enter_scope: this=0x5bbf0eee2750, _value_context=0x5bbf0eee2a80[0m
[0;36m[2025-10-18 17:58:33.385] [DEBUG] [CODEGEN] Setting up 'this' parameter for class method[0m
[0;36m[2025-10-18 17:58:33.385] [DEBUG] [AST] TypeContext::get_class_type() called with name='HeapBlock'[0m
[0;36m[2025-10-18 17:58:33.385] [DEBUG] [CODEGEN] Stored 'this' parameter for class 'HeapBlock' with class type[0m
[0;36m[2025-10-18 17:58:33.385] [DEBUG] [CODEGEN] 'this' parameter set up successfully for class method[0m
[0;36m[2025-10-18 17:58:33.385] [DEBUG] [CODEGEN] Delegating intrinsic call to Intrinsics module: __printf__[0m
[0;36m[2025-10-18 17:58:33.385] [DEBUG] [CODEGEN] Visiting LiteralNode, kind: 9, value: "[DEBUG::RUNTIME] {HeapBlock::mark_free} Marking block as free: this=%p flags=0x%llx\n"[0m
[0;36m[2025-10-18 17:58:33.385] [DEBUG] [CODEGEN] Generating member access[0m
[0;36m[2025-10-18 17:58:33.385] [DEBUG] [CODEGEN] Looking for variable: this[0m
[0;36m[2025-10-18 17:58:33.385] [DEBUG] [CODEGEN] get_alloca result: found[0m
[0;36m[2025-10-18 17:58:33.385] [DEBUG] [CODEGEN] Accessing member: flags[0m
[0;36m[2025-10-18 17:58:33.385] [DEBUG] [CODEGEN] Trying direct type resolution from LLVM type[0m
[0;36m[2025-10-18 17:58:33.385] [DEBUG] [CODEGEN] Member access allocated_type: valid[0m
[0;36m[2025-10-18 17:58:33.385] [DEBUG] [CODEGEN] Member access: this is a pointer type, searching for matching struct[0m
[0;36m[2025-10-18 17:58:33.385] [DEBUG] [CODEGEN] Found matching struct type: HeapBlock, field index: 1[0m
[0;36m[2025-10-18 17:58:33.385] [DEBUG] [CODEGEN] Member access resolution successful: type_name='HeapBlock', member_name='flags', field_index=1[0m
[0;36m[2025-10-18 17:58:33.385] [DEBUG] [CODEGEN] Loaded struct pointer for member access[0m
[0;36m[2025-10-18 17:58:33.386] [DEBUG] [CODEGEN] About to access field index 1 in struct with 4 fields[0m
[0;36m[2025-10-18 17:58:33.386] [DEBUG] [CODEGEN] Created GEP for field access[0m
[0;36m[2025-10-18 17:58:33.386] [DEBUG] [CODEGEN] Successfully generated field access for: flags[0m
[0;36m[2025-10-18 17:58:33.386] [DEBUG] [CODEGEN] Generating intrinsic call: __printf__[0m
[0;36m[2025-10-18 17:58:33.386] [DEBUG] [CODEGEN] Delegating intrinsic call to Intrinsics module: __printf__[0m
[0;36m[2025-10-18 17:58:33.386] [DEBUG] [CODEGEN] Visiting LiteralNode, kind: 9, value: "[DEBUG::RUNTIME] {HeapBlock::mark_free} BLOCK_FREE=0x%llx, BLOCK_MAGIC=0x%llx\n"[0m
[0;36m[2025-10-18 17:58:33.386] [DEBUG] [CODEGEN] Generating intrinsic call: __printf__[0m
[0;36m[2025-10-18 17:58:33.386] [DEBUG] [CODEGEN] VarDecl start: this=0x5bbf0eee2750, _value_context=0x5bbf0eee2a80[0m
[0;36m[2025-10-18 17:58:33.386] [DEBUG] [CODEGEN] Variable Declaration: name='combined', type='u64'[0m
[0;36m[2025-10-18 17:58:33.386] [DEBUG] [CODEGEN] TypeMapper::map_type() - successfully got kind: Integer (2)[0m
[0;36m[2025-10-18 17:58:33.386] [DEBUG] [CODEGEN] Creating local variable: combined[0m
[0;36m[2025-10-18 17:58:33.386] [DEBUG] [CODEGEN] Delegating intrinsic call to Intrinsics module: __printf__[0m
[0;36m[2025-10-18 17:58:33.386] [DEBUG] [CODEGEN] Visiting LiteralNode, kind: 9, value: "[DEBUG::RUNTIME] {HeapBlock::mark_free} Combined flags=0x%llx\n"[0m
[0;36m[2025-10-18 17:58:33.386] [DEBUG] [CODEGEN] Generating intrinsic call: __printf__[0m
[0;36m[2025-10-18 17:58:33.386] [DEBUG] [CODEGEN] Delegating intrinsic call to Intrinsics module: __printf__[0m
[0;36m[2025-10-18 17:58:33.386] [DEBUG] [CODEGEN] Visiting LiteralNode, kind: 9, value: "[DEBUG::RUNTIME] {HeapBlock::mark_free} After setting: this=%p flags=0x%llx\n"[0m
[0;36m[2025-10-18 17:58:33.386] [DEBUG] [CODEGEN] Generating member access[0m
[0;36m[2025-10-18 17:58:33.386] [DEBUG] [CODEGEN] Looking for variable: this[0m
[0;36m[2025-10-18 17:58:33.386] [DEBUG] [CODEGEN] get_alloca result: found[0m
[0;36m[2025-10-18 17:58:33.386] [DEBUG] [CODEGEN] Accessing member: flags[0m
[0;36m[2025-10-18 17:58:33.386] [DEBUG] [CODEGEN] Trying direct type resolution from LLVM type[0m
[0;36m[2025-10-18 17:58:33.386] [DEBUG] [CODEGEN] Member access allocated_type: valid[0m
[0;36m[2025-10-18 17:58:33.386] [DEBUG] [CODEGEN] Member access: this is a pointer type, searching for matching struct[0m
[0;36m[2025-10-18 17:58:33.386] [DEBUG] [CODEGEN] Found matching struct type: HeapBlock, field index: 1[0m
[0;36m[2025-10-18 17:58:33.386] [DEBUG] [CODEGEN] Member access resolution successful: type_name='HeapBlock', member_name='flags', field_index=1[0m
[0;36m[2025-10-18 17:58:33.386] [DEBUG] [CODEGEN] Loaded struct pointer for member access[0m
[0;36m[2025-10-18 17:58:33.386] [DEBUG] [CODEGEN] About to access field index 1 in struct with 4 fields[0m
[0;36m[2025-10-18 17:58:33.386] [DEBUG] [CODEGEN] Created GEP for field access[0m
[0;36m[2025-10-18 17:58:33.386] [DEBUG] [CODEGEN] Successfully generated field access for: flags[0m
[0;36m[2025-10-18 17:58:33.386] [DEBUG] [CODEGEN] Generating intrinsic call: __printf__[0m
[0;36m[2025-10-18 17:58:33.386] [DEBUG] [CODEGEN] Generating method body: std::Runtime::HeapBlock::get_user_data_ptr[0m
[0;36m[2025-10-18 17:58:33.386] [DEBUG] [CODEGEN] enter_scope: this=0x5bbf0eee2750, _value_context=0x5bbf0eee2a80[0m
[0;36m[2025-10-18 17:58:33.386] [DEBUG] [CODEGEN] Setting up 'this' parameter for class method[0m
[0;36m[2025-10-18 17:58:33.386] [DEBUG] [AST] TypeContext::get_class_type() called with name='HeapBlock'[0m
[0;36m[2025-10-18 17:58:33.386] [DEBUG] [CODEGEN] Stored 'this' parameter for class 'HeapBlock' with class type[0m
[0;36m[2025-10-18 17:58:33.386] [DEBUG] [CODEGEN] 'this' parameter set up successfully for class method[0m
[0;36m[2025-10-18 17:58:33.386] [DEBUG] [CODEGEN] Delegating intrinsic call to Intrinsics module: __printf__[0m
[0;36m[2025-10-18 17:58:33.386] [DEBUG] [CODEGEN] Visiting LiteralNode, kind: 9, value: "[DEBUG::RUNTIME] {HeapBlock::get_user_data_ptr} Getting user data pointer: flags=0x%llx\n"[0m
[0;36m[2025-10-18 17:58:33.386] [DEBUG] [CODEGEN] Generating member access[0m
[0;36m[2025-10-18 17:58:33.386] [DEBUG] [CODEGEN] Looking for variable: this[0m
[0;36m[2025-10-18 17:58:33.386] [DEBUG] [CODEGEN] get_alloca result: found[0m
[0;36m[2025-10-18 17:58:33.386] [DEBUG] [CODEGEN] Accessing member: flags[0m
[0;36m[2025-10-18 17:58:33.386] [DEBUG] [CODEGEN] Trying direct type resolution from LLVM type[0m
[0;36m[2025-10-18 17:58:33.386] [DEBUG] [CODEGEN] Member access allocated_type: valid[0m
[0;36m[2025-10-18 17:58:33.386] [DEBUG] [CODEGEN] Member access: this is a pointer type, searching for matching struct[0m
[0;36m[2025-10-18 17:58:33.386] [DEBUG] [CODEGEN] Found matching struct type: HeapBlock, field index: 1[0m
[0;36m[2025-10-18 17:58:33.386] [DEBUG] [CODEGEN] Member access resolution successful: type_name='HeapBlock', member_name='flags', field_index=1[0m
[0;36m[2025-10-18 17:58:33.386] [DEBUG] [CODEGEN] Loaded struct pointer for member access[0m
[0;36m[2025-10-18 17:58:33.386] [DEBUG] [CODEGEN] About to access field index 1 in struct with 4 fields[0m
[0;36m[2025-10-18 17:58:33.386] [DEBUG] [CODEGEN] Created GEP for field access[0m
[0;36m[2025-10-18 17:58:33.386] [DEBUG] [CODEGEN] Successfully generated field access for: flags[0m
[0;36m[2025-10-18 17:58:33.386] [DEBUG] [CODEGEN] Generating intrinsic call: __printf__[0m
[0;36m[2025-10-18 17:58:33.386] [DEBUG] [CODEGEN] VarDecl start: this=0x5bbf0eee2750, _value_context=0x5bbf0eee2a80[0m
[0;36m[2025-10-18 17:58:33.386] [DEBUG] [CODEGEN] Variable Declaration: name='header_size', type='u64'[0m
[0;36m[2025-10-18 17:58:33.386] [DEBUG] [CODEGEN] TypeMapper::map_type() - successfully got kind: Integer (2)[0m
[0;36m[2025-10-18 17:58:33.386] [DEBUG] [CODEGEN] Creating local variable: header_size[0m
[0;36m[2025-10-18 17:58:33.387] [DEBUG] [CODEGEN] Generating sizeof expression[0m
[0;36m[2025-10-18 17:58:33.387] [DEBUG] [CODEGEN] Delegating intrinsic call to Intrinsics module: __ptr_add__[0m
[0;36m[2025-10-18 17:58:33.387] [DEBUG] [CODEGEN] Generating intrinsic call: __ptr_add__[0m
[0;36m[2025-10-18 17:58:33.387] [DEBUG] [CODEGEN] Return statement: return_value = valid[0m
[0;36m[2025-10-18 17:58:33.387] [DEBUG] [CODEGEN] Return value type: 14[0m
[0;36m[2025-10-18 17:58:33.387] [DEBUG] [CODEGEN] Using direct return[0m
[0;36m[2025-10-18 17:58:33.387] [DEBUG] [CODEGEN] Generating method body: std::Runtime::HeapBlock::split[0m
[0;36m[2025-10-18 17:58:33.387] [DEBUG] [CODEGEN] enter_scope: this=0x5bbf0eee2750, _value_context=0x5bbf0eee2a80[0m
[0;36m[2025-10-18 17:58:33.387] [DEBUG] [CODEGEN] Setting up 'this' parameter for class method[0m
[0;36m[2025-10-18 17:58:33.387] [DEBUG] [AST] TypeContext::get_class_type() called with name='HeapBlock'[0m
[0;36m[2025-10-18 17:58:33.387] [DEBUG] [CODEGEN] Stored 'this' parameter for class 'HeapBlock' with class type[0m
[0;36m[2025-10-18 17:58:33.387] [DEBUG] [CODEGEN] 'this' parameter set up successfully for class method[0m
[0;36m[2025-10-18 17:58:33.387] [DEBUG] [CODEGEN] TypeMapper::map_type() - successfully got kind: Integer (2)[0m
[0;36m[2025-10-18 17:58:33.387] [DEBUG] [CODEGEN] Stored parameter 'requested_size' with type: u64[0m
[0;36m[2025-10-18 17:58:33.387] [DEBUG] [CODEGEN] Delegating intrinsic call to Intrinsics module: __printf__[0m
[0;36m[2025-10-18 17:58:33.387] [DEBUG] [CODEGEN] Visiting LiteralNode, kind: 9, value: "[DEBUG::RUNTIME] {HeapBlock::split} Splitting block: ptr=%p, current_size=%llu bytes, requested_size=%llu bytes\n"[0m
[0;36m[2025-10-18 17:58:33.387] [DEBUG] [CODEGEN] Generating member access[0m
[0;36m[2025-10-18 17:58:33.387] [DEBUG] [CODEGEN] Looking for variable: this[0m
[0;36m[2025-10-18 17:58:33.387] [DEBUG] [CODEGEN] get_alloca result: found[0m
[0;36m[2025-10-18 17:58:33.387] [DEBUG] [CODEGEN] Accessing member: size[0m
[0;36m[2025-10-18 17:58:33.387] [DEBUG] [CODEGEN] Trying direct type resolution from LLVM type[0m
[0;36m[2025-10-18 17:58:33.387] [DEBUG] [CODEGEN] Member access allocated_type: valid[0m
[0;36m[2025-10-18 17:58:33.387] [DEBUG] [CODEGEN] Member access: this is a pointer type, searching for matching struct[0m
[0;36m[2025-10-18 17:58:33.387] [DEBUG] [CODEGEN] Found matching struct type: HeapBlock, field index: 0[0m
[0;36m[2025-10-18 17:58:33.387] [DEBUG] [CODEGEN] Member access resolution successful: type_name='HeapBlock', member_name='size', field_index=0[0m
[0;36m[2025-10-18 17:58:33.387] [DEBUG] [CODEGEN] Loaded struct pointer for member access[0m
[0;36m[2025-10-18 17:58:33.387] [DEBUG] [CODEGEN] About to access field index 0 in struct with 4 fields[0m
[0;36m[2025-10-18 17:58:33.387] [DEBUG] [CODEGEN] Created GEP for field access[0m
[0;36m[2025-10-18 17:58:33.387] [DEBUG] [CODEGEN] Successfully generated field access for: size[0m
[0;36m[2025-10-18 17:58:33.387] [DEBUG] [CODEGEN] Generating intrinsic call: __printf__[0m
[0;36m[2025-10-18 17:58:33.387] [DEBUG] [CODEGEN] IF-STATEMENT ENTRY: Current block before anything: entry[0m
[0;36m[2025-10-18 17:58:33.387] [DEBUG] [CODEGEN] Generating member access[0m
[0;36m[2025-10-18 17:58:33.387] [DEBUG] [CODEGEN] Looking for variable: this[0m
[0;36m[2025-10-18 17:58:33.387] [DEBUG] [CODEGEN] get_alloca result: found[0m
[0;36m[2025-10-18 17:58:33.387] [DEBUG] [CODEGEN] Accessing member: size[0m
[0;36m[2025-10-18 17:58:33.387] [DEBUG] [CODEGEN] Trying direct type resolution from LLVM type[0m
[0;36m[2025-10-18 17:58:33.387] [DEBUG] [CODEGEN] Member access allocated_type: valid[0m
[0;36m[2025-10-18 17:58:33.387] [DEBUG] [CODEGEN] Member access: this is a pointer type, searching for matching struct[0m
[0;36m[2025-10-18 17:58:33.387] [DEBUG] [CODEGEN] Found matching struct type: HeapBlock, field index: 0[0m
[0;36m[2025-10-18 17:58:33.387] [DEBUG] [CODEGEN] Member access resolution successful: type_name='HeapBlock', member_name='size', field_index=0[0m
[0;36m[2025-10-18 17:58:33.387] [DEBUG] [CODEGEN] Loaded struct pointer for member access[0m
[0;36m[2025-10-18 17:58:33.387] [DEBUG] [CODEGEN] About to access field index 0 in struct with 4 fields[0m
[0;36m[2025-10-18 17:58:33.387] [DEBUG] [CODEGEN] Created GEP for field access[0m
[0;36m[2025-10-18 17:58:33.387] [DEBUG] [CODEGEN] Successfully generated field access for: size[0m
[0;36m[2025-10-18 17:58:33.387] [DEBUG] [CODEGEN] Generating sizeof expression[0m
[0;36m[2025-10-18 17:58:33.387] [DEBUG] [CODEGEN] IF-STATEMENT: About to create branch from block: entry (ptr=0x5bbf0ef59a50), has terminator before branch: 0[0m
[0;36m[2025-10-18 17:58:33.387] [DEBUG] [CODEGEN] IF-STATEMENT: After creating branch, block entry (ptr=0x5bbf0ef59a50) has terminator: 1[0m
[0;36m[2025-10-18 17:58:33.387] [DEBUG] [CODEGEN] IF-STATEMENT: Branch target: then_block=if.then (ptr=0x5bbf0ef59d60)[0m
[0;36m[2025-10-18 17:58:33.387] [DEBUG] [CODEGEN] IF-STATEMENT: Generating then block, insert point: if.then[0m
[0;36m[2025-10-18 17:58:33.387] [DEBUG] [CODEGEN] IF-STATEMENT: then_block is empty: 1[0m
[0;36m[2025-10-18 17:58:33.387] [DEBUG] [CODEGEN] enter_scope: this=0x5bbf0eee2750, _value_context=0x5bbf0eee2a80[0m
[0;36m[2025-10-18 17:58:33.387] [DEBUG] [CODEGEN] Delegating intrinsic call to Intrinsics module: __printf__[0m
[0;36m[2025-10-18 17:58:33.387] [DEBUG] [CODEGEN] Visiting LiteralNode, kind: 9, value: "[DEBUG::RUNTIME] {HeapBlock::split} Cannot split, block too small\n"[0m
[0;36m[2025-10-18 17:58:33.387] [DEBUG] [CODEGEN] Generating intrinsic call: __printf__[0m
[0;36m[2025-10-18 17:58:33.387] [DEBUG] [CODEGEN] Visiting LiteralNode, kind: 104, value: null[0m
[0;36m[2025-10-18 17:58:33.387] [DEBUG] [CODEGEN] Return statement: return_value = valid[0m
[0;36m[2025-10-18 17:58:33.387] [DEBUG] [CODEGEN] Return value type: 14[0m
[0;36m[2025-10-18 17:58:33.387] [DEBUG] [CODEGEN] Using direct return[0m
[0;36m[2025-10-18 17:58:33.387] [DEBUG] [CODEGEN] IF-STATEMENT: After then body generation, current block: if.then[0m
[0;36m[2025-10-18 17:58:33.387] [DEBUG] [CODEGEN] IF-STATEMENT: then_block is empty: 0[0m
[0;36m[2025-10-18 17:58:33.387] [DEBUG] [CODEGEN] IF-STATEMENT: then_block has terminator: 1[0m
[0;36m[2025-10-18 17:58:33.387] [DEBUG] [CODEGEN] IF-STATEMENT: Checking terminator for block: if.then, has terminator: 1[0m
[0;36m[2025-10-18 17:58:33.387] [DEBUG] [CODEGEN] IF-STATEMENT CLEANUP: then_block=if.then, has_term=1, is_empty=0[0m
[0;36m[2025-10-18 17:58:33.388] [DEBUG] [CODEGEN] VarDecl start: this=0x5bbf0eee2750, _value_context=0x5bbf0eee2a80[0m
[0;36m[2025-10-18 17:58:33.388] [DEBUG] [CODEGEN] Variable Declaration: name='header_size', type='u64'[0m
[0;36m[2025-10-18 17:58:33.388] [DEBUG] [CODEGEN] TypeMapper::map_type() - successfully got kind: Integer (2)[0m
[0;36m[2025-10-18 17:58:33.388] [DEBUG] [CODEGEN] Creating local variable: header_size[0m
[0;36m[2025-10-18 17:58:33.388] [DEBUG] [CODEGEN] Generating sizeof expression[0m
[0;36m[2025-10-18 17:58:33.388] [DEBUG] [CODEGEN] VarDecl start: this=0x5bbf0eee2750, _value_context=0x5bbf0eee2a80[0m
[0;36m[2025-10-18 17:58:33.388] [DEBUG] [CODEGEN] Variable Declaration: name='new_block_ptr', type='void*'[0m
[0;36m[2025-10-18 17:58:33.388] [DEBUG] [CODEGEN] TypeMapper::map_type() - successfully got kind: Pointer (7)[0m
[0;36m[2025-10-18 17:58:33.388] [DEBUG] [CODEGEN] Creating local variable: new_block_ptr[0m
[0;36m[2025-10-18 17:58:33.388] [DEBUG] [CODEGEN] Pointer variable 'new_block_ptr' type 'void*'[0m
[0;36m[2025-10-18 17:58:33.388] [DEBUG] [CODEGEN] Pointer element type set to full pointer type[0m
[0;36m[2025-10-18 17:58:33.388] [DEBUG] [CODEGEN] Delegating intrinsic call to Intrinsics module: __ptr_add__[0m
[0;36m[2025-10-18 17:58:33.388] [DEBUG] [CODEGEN] Generating intrinsic call: __ptr_add__[0m
[0;36m[2025-10-18 17:58:33.388] [DEBUG] [CODEGEN] VarDecl start: this=0x5bbf0eee2750, _value_context=0x5bbf0eee2a80[0m
[0;36m[2025-10-18 17:58:33.388] [DEBUG] [CODEGEN] Variable Declaration: name='new_block', type='HeapBlock*'[0m
[0;36m[2025-10-18 17:58:33.388] [DEBUG] [CODEGEN] TypeMapper::map_type() - successfully got kind: Pointer (7)[0m
[0;36m[2025-10-18 17:58:33.388] [DEBUG] [CODEGEN] Creating local variable: new_block[0m
[0;36m[2025-10-18 17:58:33.388] [DEBUG] [CODEGEN] Pointer variable 'new_block' type 'HeapBlock*'[0m
[0;36m[2025-10-18 17:58:33.388] [DEBUG] [CODEGEN] Pointer element type set to full pointer type[0m
[0;36m[2025-10-18 17:58:33.388] [DEBUG] [CODEGEN] VarDecl start: this=0x5bbf0eee2750, _value_context=0x5bbf0eee2a80[0m
[0;36m[2025-10-18 17:58:33.388] [DEBUG] [CODEGEN] Variable Declaration: name='remaining_size', type='u64'[0m
[0;36m[2025-10-18 17:58:33.388] [DEBUG] [CODEGEN] TypeMapper::map_type() - successfully got kind: Integer (2)[0m
[0;36m[2025-10-18 17:58:33.388] [DEBUG] [CODEGEN] Creating local variable: remaining_size[0m
[0;36m[2025-10-18 17:58:33.388] [DEBUG] [CODEGEN] Generating member access[0m
[0;36m[2025-10-18 17:58:33.388] [DEBUG] [CODEGEN] Looking for variable: this[0m
[0;36m[2025-10-18 17:58:33.388] [DEBUG] [CODEGEN] get_alloca result: found[0m
[0;36m[2025-10-18 17:58:33.388] [DEBUG] [CODEGEN] Accessing member: size[0m
[0;36m[2025-10-18 17:58:33.388] [DEBUG] [CODEGEN] Trying direct type resolution from LLVM type[0m
[0;36m[2025-10-18 17:58:33.388] [DEBUG] [CODEGEN] Member access allocated_type: valid[0m
[0;36m[2025-10-18 17:58:33.388] [DEBUG] [CODEGEN] Member access: this is a pointer type, searching for matching struct[0m
[0;36m[2025-10-18 17:58:33.388] [DEBUG] [CODEGEN] Found matching struct type: HeapBlock, field index: 0[0m
[0;36m[2025-10-18 17:58:33.388] [DEBUG] [CODEGEN] Member access resolution successful: type_name='HeapBlock', member_name='size', field_index=0[0m
[0;36m[2025-10-18 17:58:33.388] [DEBUG] [CODEGEN] Loaded struct pointer for member access[0m
[0;36m[2025-10-18 17:58:33.388] [DEBUG] [CODEGEN] About to access field index 0 in struct with 4 fields[0m
[0;36m[2025-10-18 17:58:33.388] [DEBUG] [CODEGEN] Created GEP for field access[0m
[0;36m[2025-10-18 17:58:33.388] [DEBUG] [CODEGEN] Successfully generated field access for: size[0m
[0;36m[2025-10-18 17:58:33.388] [DEBUG] [CODEGEN] TypeMapper::map_type() - successfully got kind: Struct (10)[0m
[0;36m[2025-10-18 17:58:33.388] [DEBUG] [CODEGEN] Member assignment using Cryo type tracking: var='new_block' type='HeapBlock'[0m
[0;36m[2025-10-18 17:58:33.388] [DEBUG] [CODEGEN] TypeMapper::map_type() - successfully got kind: Struct (10)[0m
[0;36m[2025-10-18 17:58:33.388] [DEBUG] [CODEGEN] Member assignment using Cryo type tracking: var='new_block' type='HeapBlock'[0m
[0;36m[2025-10-18 17:58:33.388] [DEBUG] [CODEGEN] TypeMapper::map_type() - successfully got kind: Struct (10)[0m
[0;36m[2025-10-18 17:58:33.388] [DEBUG] [CODEGEN] Member assignment using Cryo type tracking: var='new_block' type='HeapBlock'[0m
[0;36m[2025-10-18 17:58:33.388] [DEBUG] [CODEGEN] Generating member access[0m
[0;36m[2025-10-18 17:58:33.388] [DEBUG] [CODEGEN] Looking for variable: this[0m
[0;36m[2025-10-18 17:58:33.388] [DEBUG] [CODEGEN] get_alloca result: found[0m
[0;36m[2025-10-18 17:58:33.388] [DEBUG] [CODEGEN] Accessing member: next[0m
[0;36m[2025-10-18 17:58:33.388] [DEBUG] [CODEGEN] Trying direct type resolution from LLVM type[0m
[0;36m[2025-10-18 17:58:33.388] [DEBUG] [CODEGEN] Member access allocated_type: valid[0m
[0;36m[2025-10-18 17:58:33.388] [DEBUG] [CODEGEN] Member access: this is a pointer type, searching for matching struct[0m
[0;36m[2025-10-18 17:58:33.388] [DEBUG] [CODEGEN] Found matching struct type: HeapBlock, field index: 2[0m
[0;36m[2025-10-18 17:58:33.388] [DEBUG] [CODEGEN] Member access resolution successful: type_name='HeapBlock', member_name='next', field_index=2[0m
[0;36m[2025-10-18 17:58:33.388] [DEBUG] [CODEGEN] Loaded struct pointer for member access[0m
[0;36m[2025-10-18 17:58:33.388] [DEBUG] [CODEGEN] About to access field index 2 in struct with 4 fields[0m
[0;36m[2025-10-18 17:58:33.388] [DEBUG] [CODEGEN] Created GEP for field access[0m
[0;36m[2025-10-18 17:58:33.388] [DEBUG] [CODEGEN] Successfully generated field access for: next[0m
[0;36m[2025-10-18 17:58:33.388] [DEBUG] [CODEGEN] TypeMapper::map_type() - successfully got kind: Struct (10)[0m
[0;36m[2025-10-18 17:58:33.388] [DEBUG] [CODEGEN] Member assignment using Cryo type tracking: var='new_block' type='HeapBlock'[0m
[0;36m[2025-10-18 17:58:33.388] [DEBUG] [CODEGEN] Delegating intrinsic call to Intrinsics module: __printf__[0m
[0;36m[2025-10-18 17:58:33.388] [DEBUG] [CODEGEN] Visiting LiteralNode, kind: 9, value: "[DEBUG::RUNTIME] {HeapBlock::split} Created new block: ptr=%p, size=%llu bytes\n"[0m
[0;36m[2025-10-18 17:58:33.388] [DEBUG] [CODEGEN] Generating member access[0m
[0;36m[2025-10-18 17:58:33.388] [DEBUG] [CODEGEN] Looking for variable: new_block[0m
[0;36m[2025-10-18 17:58:33.388] [DEBUG] [CODEGEN] get_alloca result: found[0m
[0;36m[2025-10-18 17:58:33.388] [DEBUG] [CODEGEN] Accessing member: size[0m
[0;36m[2025-10-18 17:58:33.388] [DEBUG] [CODEGEN] TypeMapper::map_type() - successfully got kind: Struct (10)[0m
[0;36m[2025-10-18 17:58:33.389] [DEBUG] [CODEGEN] Member access using Cryo type tracking: var='new_block' type='HeapBlock' field_index=0[0m
[0;36m[2025-10-18 17:58:33.389] [DEBUG] [CODEGEN] Member access resolution successful: type_name='HeapBlock', member_name='size', field_index=0[0m
[0;36m[2025-10-18 17:58:33.389] [DEBUG] [CODEGEN] Loaded struct pointer for member access[0m
[0;36m[2025-10-18 17:58:33.389] [DEBUG] [CODEGEN] About to access field index 0 in struct with 4 fields[0m
[0;36m[2025-10-18 17:58:33.389] [DEBUG] [CODEGEN] Created GEP for field access[0m
[0;36m[2025-10-18 17:58:33.389] [DEBUG] [CODEGEN] Successfully generated field access for: size[0m
[0;36m[2025-10-18 17:58:33.389] [DEBUG] [CODEGEN] Generating intrinsic call: __printf__[0m
[0;36m[2025-10-18 17:58:33.389] [DEBUG] [CODEGEN] Return statement: return_value = valid[0m
[0;36m[2025-10-18 17:58:33.389] [DEBUG] [CODEGEN] Return value type: 14[0m
[0;36m[2025-10-18 17:58:33.389] [DEBUG] [CODEGEN] Using direct return[0m
[0;36m[2025-10-18 17:58:33.389] [DEBUG] [CODEGEN] Completed struct/class declaration 12[0m
[0;36m[2025-10-18 17:58:33.389] [DEBUG] [CODEGEN] Processing struct/class declaration 13/26[0m
[0;36m[2025-10-18 17:58:33.389] [DEBUG] [CODEGEN] Visiting ClassDeclarationNode: FreeListManager[0m
[0;36m[2025-10-18 17:58:33.389] [DEBUG] [CODEGEN] Registered AST node for class: FreeListManager[0m
[0;36m[2025-10-18 17:58:33.389] [DEBUG] [AST] TypeContext::get_class_type() called with name='FreeListManager'[0m
[0;36m[2025-10-18 17:58:33.389] [DEBUG] [CODEGEN] Created LLVM class type for FreeListManager[0m
[0;36m[2025-10-18 17:58:33.389] [DEBUG] [CODEGEN] Pass 1: Creating function declarations for all methods in FreeListManager[0m
[0;36m[2025-10-18 17:58:33.389] [DEBUG] [CODEGEN] Generating method declaration: FreeListManager::FreeListManager[0m
[0;36m[2025-10-18 17:58:33.389] [DEBUG] [CODEGEN] Full qualified method name: std::Runtime::FreeListManager::FreeListManager[0m
[0;36m[2025-10-18 17:58:33.389] [DEBUG] [CODEGEN] Method FreeListManager cryo_return_type=non-null kind=0[0m
[0;36m[2025-10-18 17:58:33.389] [DEBUG] [CODEGEN] Stored function 'std::Runtime::FreeListManager::FreeListManager' in module: std::Runtime[0m
[0;36m[2025-10-18 17:58:33.389] [DEBUG] [CODEGEN] Function name at store time: std::Runtime::FreeListManager::FreeListManager[0m
[0;36m[2025-10-18 17:58:33.389] [DEBUG] [CODEGEN] Function has parent module: YES[0m
[0;36m[2025-10-18 17:58:33.389] [DEBUG] [CODEGEN] Generating method declaration: FreeListManager::add_block[0m
[0;36m[2025-10-18 17:58:33.389] [DEBUG] [CODEGEN] Full qualified method name: std::Runtime::FreeListManager::add_block[0m
[0;36m[2025-10-18 17:58:33.389] [DEBUG] [CODEGEN] TypeMapper::map_type() - successfully got kind: Pointer (7)[0m
[0;36m[2025-10-18 17:58:33.389] [DEBUG] [CODEGEN] Method add_block cryo_return_type=non-null kind=0[0m
[0;36m[2025-10-18 17:58:33.389] [DEBUG] [CODEGEN] Stored function 'std::Runtime::FreeListManager::add_block' in module: std::Runtime[0m
[0;36m[2025-10-18 17:58:33.389] [DEBUG] [CODEGEN] Function name at store time: std::Runtime::FreeListManager::add_block[0m
[0;36m[2025-10-18 17:58:33.389] [DEBUG] [CODEGEN] Function has parent module: YES[0m
[0;36m[2025-10-18 17:58:33.389] [DEBUG] [CODEGEN] Generating method declaration: FreeListManager::remove_block[0m
[0;36m[2025-10-18 17:58:33.389] [DEBUG] [CODEGEN] Full qualified method name: std::Runtime::FreeListManager::remove_block[0m
[0;36m[2025-10-18 17:58:33.389] [DEBUG] [CODEGEN] TypeMapper::map_type() - successfully got kind: Pointer (7)[0m
[0;36m[2025-10-18 17:58:33.389] [DEBUG] [CODEGEN] Method remove_block cryo_return_type=non-null kind=0[0m
[0;36m[2025-10-18 17:58:33.389] [DEBUG] [CODEGEN] Stored function 'std::Runtime::FreeListManager::remove_block' in module: std::Runtime[0m
[0;36m[2025-10-18 17:58:33.389] [DEBUG] [CODEGEN] Function name at store time: std::Runtime::FreeListManager::remove_block[0m
[0;36m[2025-10-18 17:58:33.389] [DEBUG] [CODEGEN] Function has parent module: YES[0m
[0;36m[2025-10-18 17:58:33.389] [DEBUG] [CODEGEN] Generating method declaration: FreeListManager::find_free_block[0m
[0;36m[2025-10-18 17:58:33.389] [DEBUG] [CODEGEN] Full qualified method name: std::Runtime::FreeListManager::find_free_block[0m
[0;36m[2025-10-18 17:58:33.389] [DEBUG] [CODEGEN] TypeMapper::map_type() - successfully got kind: Integer (2)[0m
[0;36m[2025-10-18 17:58:33.389] [DEBUG] [CODEGEN] Method find_free_block cryo_return_type=non-null kind=7[0m
[0;36m[2025-10-18 17:58:33.389] [DEBUG] [CODEGEN] TypeMapper::map_type() - successfully got kind: Pointer (7)[0m
[0;36m[2025-10-18 17:58:33.389] [DEBUG] [CODEGEN] Stored function 'std::Runtime::FreeListManager::find_free_block' in module: std::Runtime[0m
[0;36m[2025-10-18 17:58:33.389] [DEBUG] [CODEGEN] Function name at store time: std::Runtime::FreeListManager::find_free_block[0m
[0;36m[2025-10-18 17:58:33.389] [DEBUG] [CODEGEN] Function has parent module: YES[0m
[0;36m[2025-10-18 17:58:33.389] [DEBUG] [CODEGEN] Pass 2: Generating function bodies for all methods in FreeListManager[0m
[0;36m[2025-10-18 17:58:33.389] [DEBUG] [CODEGEN] Generating method body: std::Runtime::FreeListManager::FreeListManager[0m
[0;36m[2025-10-18 17:58:33.389] [DEBUG] [CODEGEN] enter_scope: this=0x5bbf0eee2750, _value_context=0x5bbf0eee2a80[0m
[0;36m[2025-10-18 17:58:33.389] [DEBUG] [CODEGEN] Setting up 'this' parameter for class method[0m
[0;36m[2025-10-18 17:58:33.389] [DEBUG] [AST] TypeContext::get_class_type() called with name='FreeListManager'[0m
[0;36m[2025-10-18 17:58:33.389] [DEBUG] [CODEGEN] Stored 'this' parameter for class 'FreeListManager' with class type[0m
[0;36m[2025-10-18 17:58:33.389] [DEBUG] [CODEGEN] 'this' parameter set up successfully for class method[0m
[0;36m[2025-10-18 17:58:33.389] [DEBUG] [CODEGEN] Delegating intrinsic call to Intrinsics module: __printf__[0m
[0;36m[2025-10-18 17:58:33.389] [DEBUG] [CODEGEN] Visiting LiteralNode, kind: 9, value: "[DEBUG::RUNTIME] {FreeListManager::constructor} Initializing FreeListManager\n"[0m
[0;36m[2025-10-18 17:58:33.389] [DEBUG] [CODEGEN] Generating intrinsic call: __printf__[0m
[0;36m[2025-10-18 17:58:33.389] [DEBUG] [CODEGEN] Visiting LiteralNode, kind: 104, value: null[0m
[0;36m[2025-10-18 17:58:33.389] [DEBUG] [CODEGEN] Generating method body: std::Runtime::FreeListManager::add_block[0m
[0;36m[2025-10-18 17:58:33.389] [DEBUG] [CODEGEN] enter_scope: this=0x5bbf0eee2750, _value_context=0x5bbf0eee2a80[0m
[0;36m[2025-10-18 17:58:33.389] [DEBUG] [CODEGEN] Setting up 'this' parameter for class method[0m
[0;36m[2025-10-18 17:58:33.389] [DEBUG] [AST] TypeContext::get_class_type() called with name='FreeListManager'[0m
[0;36m[2025-10-18 17:58:33.389] [DEBUG] [CODEGEN] Stored 'this' parameter for class 'FreeListManager' with class type[0m
[0;36m[2025-10-18 17:58:33.389] [DEBUG] [CODEGEN] 'this' parameter set up successfully for class method[0m
[0;36m[2025-10-18 17:58:33.389] [DEBUG] [CODEGEN] TypeMapper::map_type() - successfully got kind: Pointer (7)[0m
[0;36m[2025-10-18 17:58:33.390] [DEBUG] [CODEGEN] Stored parameter 'block' with type: HeapBlock*[0m
[0;36m[2025-10-18 17:58:33.390] [DEBUG] [CODEGEN] Delegating intrinsic call to Intrinsics module: __printf__[0m
[0;36m[2025-10-18 17:58:33.390] [DEBUG] [CODEGEN] Visiting LiteralNode, kind: 9, value: "[DEBUG::RUNTIME] {FreeListManager::add_block} Adding block to free list: ptr=%p\n"[0m
[0;36m[2025-10-18 17:58:33.390] [DEBUG] [CODEGEN] Checking member access object type for method: get_user_data_ptr[0m
[0;36m[2025-10-18 17:58:33.390] [DEBUG] [CODEGEN]   Object is IdentifierNode[0m
[0;36m[2025-10-18 17:58:33.390] [DEBUG] [CODEGEN] Member access with object identifier: 'block'[0m
[0;36m[2025-10-18 17:58:33.390] [DEBUG] [CODEGEN] Object value found, proceeding with struct method call[0m
[0;36m[2025-10-18 17:58:33.390] [DEBUG] [CODEGEN] Using type name 'HeapBlock*' for method lookup[0m
[0;36m[2025-10-18 17:58:33.390] [DEBUG] [CODEGEN] About to build method name with type: 'HeapBlock*', member: 'get_user_data_ptr'[0m
[0;36m[2025-10-18 17:58:33.390] [DEBUG] [CODEGEN] Stripped pointer asterisk: 'HeapBlock*' -> 'HeapBlock'[0m
[0;36m[2025-10-18 17:58:33.390] [DEBUG] [CODEGEN] Built method name: 'std::Runtime::HeapBlock::get_user_data_ptr'[0m
[0;36m[2025-10-18 17:58:33.390] [DEBUG] [CODEGEN] Found method: std::Runtime::HeapBlock::get_user_data_ptr[0m
[0;36m[2025-10-18 17:58:33.390] [DEBUG] [CODEGEN] Method function type: 1 params[0m
[0;36m[2025-10-18 17:58:33.390] [DEBUG] [CODEGEN] Loaded pointer for struct method call[0m
[0;36m[2025-10-18 17:58:33.390] [DEBUG] [CODEGEN] Calling method with 1 arguments[0m
[0;36m[2025-10-18 17:58:33.390] [DEBUG] [CODEGEN] Generating intrinsic call: __printf__[0m
[0;36m[2025-10-18 17:58:33.390] [DEBUG] [CODEGEN] TypeMapper::map_type() - successfully got kind: Struct (10)[0m
[0;36m[2025-10-18 17:58:33.390] [DEBUG] [CODEGEN] Member assignment using Cryo type tracking: var='block' type='HeapBlock'[0m
[0;36m[2025-10-18 17:58:33.390] [DEBUG] [CODEGEN] Generating member access[0m
[0;36m[2025-10-18 17:58:33.390] [DEBUG] [CODEGEN] Looking for variable: this[0m
[0;36m[2025-10-18 17:58:33.390] [DEBUG] [CODEGEN] get_alloca result: found[0m
[0;36m[2025-10-18 17:58:33.390] [DEBUG] [CODEGEN] Accessing member: head[0m
[0;36m[2025-10-18 17:58:33.390] [DEBUG] [CODEGEN] Trying direct type resolution from LLVM type[0m
[0;36m[2025-10-18 17:58:33.390] [DEBUG] [CODEGEN] Member access allocated_type: valid[0m
[0;36m[2025-10-18 17:58:33.390] [DEBUG] [CODEGEN] Member access: this is a pointer type, searching for matching struct[0m
[0;36m[2025-10-18 17:58:33.390] [DEBUG] [CODEGEN] Found matching struct type: FreeListManager, field index: 0[0m
[0;36m[2025-10-18 17:58:33.390] [DEBUG] [CODEGEN] Member access resolution successful: type_name='FreeListManager', member_name='head', field_index=0[0m
[0;36m[2025-10-18 17:58:33.390] [DEBUG] [CODEGEN] Loaded struct pointer for member access[0m
[0;36m[2025-10-18 17:58:33.390] [DEBUG] [CODEGEN] About to access field index 0 in struct with 1 fields[0m
[0;36m[2025-10-18 17:58:33.390] [DEBUG] [CODEGEN] Created GEP for field access[0m
[0;36m[2025-10-18 17:58:33.390] [DEBUG] [CODEGEN] Successfully generated field access for: head[0m
[0;36m[2025-10-18 17:58:33.390] [DEBUG] [CODEGEN] TypeMapper::map_type() - successfully got kind: Struct (10)[0m
[0;36m[2025-10-18 17:58:33.390] [DEBUG] [CODEGEN] Member assignment using Cryo type tracking: var='block' type='HeapBlock'[0m
[0;36m[2025-10-18 17:58:33.390] [DEBUG] [CODEGEN] Visiting LiteralNode, kind: 104, value: null[0m
[0;36m[2025-10-18 17:58:33.390] [DEBUG] [CODEGEN] IF-STATEMENT ENTRY: Current block before anything: entry[0m
[0;36m[2025-10-18 17:58:33.390] [DEBUG] [CODEGEN] Generating member access[0m
[0;36m[2025-10-18 17:58:33.390] [DEBUG] [CODEGEN] Looking for variable: this[0m
[0;36m[2025-10-18 17:58:33.390] [DEBUG] [CODEGEN] get_alloca result: found[0m
[0;36m[2025-10-18 17:58:33.390] [DEBUG] [CODEGEN] Accessing member: head[0m
[0;36m[2025-10-18 17:58:33.390] [DEBUG] [CODEGEN] Trying direct type resolution from LLVM type[0m
[0;36m[2025-10-18 17:58:33.390] [DEBUG] [CODEGEN] Member access allocated_type: valid[0m
[0;36m[2025-10-18 17:58:33.390] [DEBUG] [CODEGEN] Member access: this is a pointer type, searching for matching struct[0m
[0;36m[2025-10-18 17:58:33.390] [DEBUG] [CODEGEN] Found matching struct type: FreeListManager, field index: 0[0m
[0;36m[2025-10-18 17:58:33.390] [DEBUG] [CODEGEN] Member access resolution successful: type_name='FreeListManager', member_name='head', field_index=0[0m
[0;36m[2025-10-18 17:58:33.390] [DEBUG] [CODEGEN] Loaded struct pointer for member access[0m
[0;36m[2025-10-18 17:58:33.390] [DEBUG] [CODEGEN] About to access field index 0 in struct with 1 fields[0m
[0;36m[2025-10-18 17:58:33.390] [DEBUG] [CODEGEN] Created GEP for field access[0m
[0;36m[2025-10-18 17:58:33.390] [DEBUG] [CODEGEN] Successfully generated field access for: head[0m
[0;36m[2025-10-18 17:58:33.390] [DEBUG] [CODEGEN] Visiting LiteralNode, kind: 104, value: null[0m
[0;36m[2025-10-18 17:58:33.390] [DEBUG] [CODEGEN] IF-STATEMENT: About to create branch from block: entry (ptr=0x5bbf0ef60e60), has terminator before branch: 0[0m
[0;36m[2025-10-18 17:58:33.390] [DEBUG] [CODEGEN] IF-STATEMENT: After creating branch, block entry (ptr=0x5bbf0ef60e60) has terminator: 1[0m
[0;36m[2025-10-18 17:58:33.390] [DEBUG] [CODEGEN] IF-STATEMENT: Branch target: then_block=if.then (ptr=0x5bbf0ef60ec0)[0m
[0;36m[2025-10-18 17:58:33.390] [DEBUG] [CODEGEN] IF-STATEMENT: Generating then block, insert point: if.then[0m
[0;36m[2025-10-18 17:58:33.390] [DEBUG] [CODEGEN] IF-STATEMENT: then_block is empty: 1[0m
[0;36m[2025-10-18 17:58:33.390] [DEBUG] [CODEGEN] enter_scope: this=0x5bbf0eee2750, _value_context=0x5bbf0eee2a80[0m
[0;36m[2025-10-18 17:58:33.390] [DEBUG] [CODEGEN] Delegating intrinsic call to Intrinsics module: __printf__[0m
[0;36m[2025-10-18 17:58:33.390] [DEBUG] [CODEGEN] Visiting LiteralNode, kind: 9, value: "[DEBUG::RUNTIME] {FreeListManager::add_block} Updating previous head's prev pointer\n"[0m
[0;36m[2025-10-18 17:58:33.390] [DEBUG] [CODEGEN] Generating intrinsic call: __printf__[0m
[0;36m[2025-10-18 17:58:33.390] [DEBUG] [CODEGEN] Generating member access[0m
[0;36m[2025-10-18 17:58:33.390] [DEBUG] [CODEGEN] Looking for variable: this[0m
[0;36m[2025-10-18 17:58:33.390] [DEBUG] [CODEGEN] get_alloca result: found[0m
[0;36m[2025-10-18 17:58:33.390] [DEBUG] [CODEGEN] Accessing member: head[0m
[0;36m[2025-10-18 17:58:33.390] [DEBUG] [CODEGEN] Trying direct type resolution from LLVM type[0m
[0;36m[2025-10-18 17:58:33.390] [DEBUG] [CODEGEN] Member access allocated_type: valid[0m
[0;36m[2025-10-18 17:58:33.390] [DEBUG] [CODEGEN] Member access: this is a pointer type, searching for matching struct[0m
[0;36m[2025-10-18 17:58:33.391] [DEBUG] [CODEGEN] Found matching struct type: FreeListManager, field index: 0[0m
[0;36m[2025-10-18 17:58:33.391] [DEBUG] [CODEGEN] Member access resolution successful: type_name='FreeListManager', member_name='head', field_index=0[0m
[0;36m[2025-10-18 17:58:33.391] [DEBUG] [CODEGEN] Loaded struct pointer for member access[0m
[0;36m[2025-10-18 17:58:33.391] [DEBUG] [CODEGEN] About to access field index 0 in struct with 1 fields[0m
[0;36m[2025-10-18 17:58:33.391] [DEBUG] [CODEGEN] Created GEP for field access[0m
[0;36m[2025-10-18 17:58:33.391] [DEBUG] [CODEGEN] Successfully generated field access for: head[0m
[0;36m[2025-10-18 17:58:33.391] [DEBUG] [CODEGEN] Chained member assignment detected this.head.* pattern, using HeapBlock type[0m
[0;36m[2025-10-18 17:58:33.391] [DEBUG] [CODEGEN] IF-STATEMENT: After then body generation, current block: if.then[0m
[0;36m[2025-10-18 17:58:33.391] [DEBUG] [CODEGEN] IF-STATEMENT: then_block is empty: 0[0m
[0;36m[2025-10-18 17:58:33.391] [DEBUG] [CODEGEN] IF-STATEMENT: then_block has terminator: 0[0m
[0;36m[2025-10-18 17:58:33.391] [DEBUG] [CODEGEN] IF-STATEMENT: Checking terminator for block: if.then, has terminator: 0[0m
[0;36m[2025-10-18 17:58:33.391] [DEBUG] [CODEGEN] IF-STATEMENT: Adding branch to merge block from current block[0m
[0;36m[2025-10-18 17:58:33.391] [DEBUG] [CODEGEN] IF-STATEMENT CLEANUP: then_block=if.then, has_term=1, is_empty=0[0m
[0;36m[2025-10-18 17:58:33.391] [DEBUG] [CODEGEN] Generating method body: std::Runtime::FreeListManager::remove_block[0m
[0;36m[2025-10-18 17:58:33.391] [DEBUG] [CODEGEN] enter_scope: this=0x5bbf0eee2750, _value_context=0x5bbf0eee2a80[0m
[0;36m[2025-10-18 17:58:33.391] [DEBUG] [CODEGEN] Setting up 'this' parameter for class method[0m
[0;36m[2025-10-18 17:58:33.391] [DEBUG] [AST] TypeContext::get_class_type() called with name='FreeListManager'[0m
[0;36m[2025-10-18 17:58:33.391] [DEBUG] [CODEGEN] Stored 'this' parameter for class 'FreeListManager' with class type[0m
[0;36m[2025-10-18 17:58:33.391] [DEBUG] [CODEGEN] 'this' parameter set up successfully for class method[0m
[0;36m[2025-10-18 17:58:33.391] [DEBUG] [CODEGEN] TypeMapper::map_type() - successfully got kind: Pointer (7)[0m
[0;36m[2025-10-18 17:58:33.391] [DEBUG] [CODEGEN] Stored parameter 'block' with type: HeapBlock*[0m
[0;36m[2025-10-18 17:58:33.391] [DEBUG] [CODEGEN] VarDecl start: this=0x5bbf0eee2750, _value_context=0x5bbf0eee2a80[0m
[0;36m[2025-10-18 17:58:33.391] [DEBUG] [CODEGEN] Variable Declaration: name='user_ptr', type='void*'[0m
[0;36m[2025-10-18 17:58:33.391] [DEBUG] [CODEGEN] TypeMapper::map_type() - successfully got kind: Pointer (7)[0m
[0;36m[2025-10-18 17:58:33.391] [DEBUG] [CODEGEN] Creating local variable: user_ptr[0m
[0;36m[2025-10-18 17:58:33.391] [DEBUG] [CODEGEN] Pointer variable 'user_ptr' type 'void*'[0m
[0;36m[2025-10-18 17:58:33.391] [DEBUG] [CODEGEN] Pointer element type set to full pointer type[0m
[0;36m[2025-10-18 17:58:33.391] [DEBUG] [CODEGEN] Delegating intrinsic call to Intrinsics module: __ptr_add__[0m
[0;36m[2025-10-18 17:58:33.391] [DEBUG] [CODEGEN] Visiting LiteralNode, kind: 7, value: 32[0m
[0;36m[2025-10-18 17:58:33.391] [DEBUG] [AST] TypeContext::get_integer_type() called with kind=u64 is_signed=0[0m
[0;36m[2025-10-18 17:58:33.391] [DEBUG] [CODEGEN] TypeMapper::map_type() - successfully got kind: Integer (2)[0m
[0;36m[2025-10-18 17:58:33.391] [DEBUG] [CODEGEN] Generating intrinsic call: __ptr_add__[0m
[0;36m[2025-10-18 17:58:33.391] [DEBUG] [CODEGEN] Delegating intrinsic call to Intrinsics module: __printf__[0m
[0;36m[2025-10-18 17:58:33.391] [DEBUG] [CODEGEN] Visiting LiteralNode, kind: 9, value: "[DEBUG::RUNTIME] {FreeListManager::remove_block} Removing block from free list: ptr=%p\n"[0m
[0;36m[2025-10-18 17:58:33.391] [DEBUG] [CODEGEN] Generating intrinsic call: __printf__[0m
[0;36m[2025-10-18 17:58:33.391] [DEBUG] [CODEGEN] IF-STATEMENT ENTRY: Current block before anything: entry[0m
[0;36m[2025-10-18 17:58:33.391] [DEBUG] [CODEGEN] Generating member access[0m
[0;36m[2025-10-18 17:58:33.391] [DEBUG] [CODEGEN] Looking for variable: block[0m
[0;36m[2025-10-18 17:58:33.391] [DEBUG] [CODEGEN] get_alloca result: found[0m
[0;36m[2025-10-18 17:58:33.391] [DEBUG] [CODEGEN] Accessing member: prev[0m
[0;36m[2025-10-18 17:58:33.391] [DEBUG] [CODEGEN] TypeMapper::map_type() - successfully got kind: Struct (10)[0m
[0;36m[2025-10-18 17:58:33.391] [DEBUG] [CODEGEN] Member access using Cryo type tracking: var='block' type='HeapBlock' field_index=3[0m
[0;36m[2025-10-18 17:58:33.391] [DEBUG] [CODEGEN] Member access resolution successful: type_name='HeapBlock', member_name='prev', field_index=3[0m
[0;36m[2025-10-18 17:58:33.391] [DEBUG] [CODEGEN] Loaded struct pointer for member access[0m
[0;36m[2025-10-18 17:58:33.391] [DEBUG] [CODEGEN] About to access field index 3 in struct with 4 fields[0m
[0;36m[2025-10-18 17:58:33.391] [DEBUG] [CODEGEN] Created GEP for field access[0m
[0;36m[2025-10-18 17:58:33.391] [DEBUG] [CODEGEN] Successfully generated field access for: prev[0m
[0;36m[2025-10-18 17:58:33.391] [DEBUG] [CODEGEN] Visiting LiteralNode, kind: 104, value: null[0m
[0;36m[2025-10-18 17:58:33.391] [DEBUG] [CODEGEN] IF-STATEMENT: About to create branch from block: entry (ptr=0x5bbf0ef629f0), has terminator before branch: 0[0m
[0;36m[2025-10-18 17:58:33.391] [DEBUG] [CODEGEN] IF-STATEMENT: After creating branch, block entry (ptr=0x5bbf0ef629f0) has terminator: 1[0m
[0;36m[2025-10-18 17:58:33.391] [DEBUG] [CODEGEN] IF-STATEMENT: Branch target: then_block=if.then (ptr=0x5bbf0ef62a90)[0m
[0;36m[2025-10-18 17:58:33.391] [DEBUG] [CODEGEN] IF-STATEMENT: Generating then block, insert point: if.then[0m
[0;36m[2025-10-18 17:58:33.391] [DEBUG] [CODEGEN] IF-STATEMENT: then_block is empty: 1[0m
[0;36m[2025-10-18 17:58:33.391] [DEBUG] [CODEGEN] enter_scope: this=0x5bbf0eee2750, _value_context=0x5bbf0eee2a80[0m
[0;36m[2025-10-18 17:58:33.391] [DEBUG] [CODEGEN] Delegating intrinsic call to Intrinsics module: __printf__[0m
[0;36m[2025-10-18 17:58:33.391] [DEBUG] [CODEGEN] Visiting LiteralNode, kind: 9, value: "[DEBUG::RUNTIME] {FreeListManager::remove_block} Updating previous block's next pointer\n"[0m
[0;36m[2025-10-18 17:58:33.391] [DEBUG] [CODEGEN] Generating intrinsic call: __printf__[0m
[0;36m[2025-10-18 17:58:33.391] [DEBUG] [CODEGEN] Generating member access[0m
[0;36m[2025-10-18 17:58:33.391] [DEBUG] [CODEGEN] Looking for variable: block[0m
[0;36m[2025-10-18 17:58:33.391] [DEBUG] [CODEGEN] get_alloca result: found[0m
[0;36m[2025-10-18 17:58:33.391] [DEBUG] [CODEGEN] Accessing member: prev[0m
[0;36m[2025-10-18 17:58:33.391] [DEBUG] [CODEGEN] TypeMapper::map_type() - successfully got kind: Struct (10)[0m
[0;36m[2025-10-18 17:58:33.392] [DEBUG] [CODEGEN] Member access using Cryo type tracking: var='block' type='HeapBlock' field_index=3[0m
[0;36m[2025-10-18 17:58:33.392] [DEBUG] [CODEGEN] Member access resolution successful: type_name='HeapBlock', member_name='prev', field_index=3[0m
[0;36m[2025-10-18 17:58:33.392] [DEBUG] [CODEGEN] Loaded struct pointer for member access[0m
[0;36m[2025-10-18 17:58:33.392] [DEBUG] [CODEGEN] About to access field index 3 in struct with 4 fields[0m
[0;36m[2025-10-18 17:58:33.392] [DEBUG] [CODEGEN] Created GEP for field access[0m
[0;36m[2025-10-18 17:58:33.392] [DEBUG] [CODEGEN] Successfully generated field access for: prev[0m
[0;36m[2025-10-18 17:58:33.392] [DEBUG] [CODEGEN] Chained member assignment detected block.prev.* pattern, using HeapBlock type[0m
[0;36m[2025-10-18 17:58:33.392] [DEBUG] [CODEGEN] Generating member access[0m
[0;36m[2025-10-18 17:58:33.392] [DEBUG] [CODEGEN] Looking for variable: block[0m
[0;36m[2025-10-18 17:58:33.392] [DEBUG] [CODEGEN] get_alloca result: found[0m
[0;36m[2025-10-18 17:58:33.392] [DEBUG] [CODEGEN] Accessing member: next[0m
[0;36m[2025-10-18 17:58:33.392] [DEBUG] [CODEGEN] TypeMapper::map_type() - successfully got kind: Struct (10)[0m
[0;36m[2025-10-18 17:58:33.392] [DEBUG] [CODEGEN] Member access using Cryo type tracking: var='block' type='HeapBlock' field_index=2[0m
[0;36m[2025-10-18 17:58:33.392] [DEBUG] [CODEGEN] Member access resolution successful: type_name='HeapBlock', member_name='next', field_index=2[0m
[0;36m[2025-10-18 17:58:33.392] [DEBUG] [CODEGEN] Loaded struct pointer for member access[0m
[0;36m[2025-10-18 17:58:33.392] [DEBUG] [CODEGEN] About to access field index 2 in struct with 4 fields[0m
[0;36m[2025-10-18 17:58:33.392] [DEBUG] [CODEGEN] Created GEP for field access[0m
[0;36m[2025-10-18 17:58:33.392] [DEBUG] [CODEGEN] Successfully generated field access for: next[0m
[0;36m[2025-10-18 17:58:33.392] [DEBUG] [CODEGEN] IF-STATEMENT: After then body generation, current block: if.then[0m
[0;36m[2025-10-18 17:58:33.392] [DEBUG] [CODEGEN] IF-STATEMENT: then_block is empty: 0[0m
[0;36m[2025-10-18 17:58:33.392] [DEBUG] [CODEGEN] IF-STATEMENT: then_block has terminator: 0[0m
[0;36m[2025-10-18 17:58:33.392] [DEBUG] [CODEGEN] IF-STATEMENT: Checking terminator for block: if.then, has terminator: 0[0m
[0;36m[2025-10-18 17:58:33.392] [DEBUG] [CODEGEN] IF-STATEMENT: Adding branch to merge block from current block[0m
[0;36m[2025-10-18 17:58:33.392] [DEBUG] [CODEGEN] enter_scope: this=0x5bbf0eee2750, _value_context=0x5bbf0eee2a80[0m
[0;36m[2025-10-18 17:58:33.392] [DEBUG] [CODEGEN] Delegating intrinsic call to Intrinsics module: __printf__[0m
[0;36m[2025-10-18 17:58:33.392] [DEBUG] [CODEGEN] Visiting LiteralNode, kind: 9, value: "[DEBUG::RUNTIME] {FreeListManager::remove_block} Updating head pointer\n"[0m
[0;36m[2025-10-18 17:58:33.392] [DEBUG] [CODEGEN] Generating intrinsic call: __printf__[0m
[0;36m[2025-10-18 17:58:33.392] [DEBUG] [CODEGEN] Generating member access[0m
[0;36m[2025-10-18 17:58:33.392] [DEBUG] [CODEGEN] Looking for variable: block[0m
[0;36m[2025-10-18 17:58:33.392] [DEBUG] [CODEGEN] get_alloca result: found[0m
[0;36m[2025-10-18 17:58:33.392] [DEBUG] [CODEGEN] Accessing member: next[0m
[0;36m[2025-10-18 17:58:33.392] [DEBUG] [CODEGEN] TypeMapper::map_type() - successfully got kind: Struct (10)[0m
[0;36m[2025-10-18 17:58:33.392] [DEBUG] [CODEGEN] Member access using Cryo type tracking: var='block' type='HeapBlock' field_index=2[0m
[0;36m[2025-10-18 17:58:33.392] [DEBUG] [CODEGEN] Member access resolution successful: type_name='HeapBlock', member_name='next', field_index=2[0m
[0;36m[2025-10-18 17:58:33.392] [DEBUG] [CODEGEN] Loaded struct pointer for member access[0m
[0;36m[2025-10-18 17:58:33.392] [DEBUG] [CODEGEN] About to access field index 2 in struct with 4 fields[0m
[0;36m[2025-10-18 17:58:33.392] [DEBUG] [CODEGEN] Created GEP for field access[0m
[0;36m[2025-10-18 17:58:33.392] [DEBUG] [CODEGEN] Successfully generated field access for: next[0m
[0;36m[2025-10-18 17:58:33.392] [DEBUG] [CODEGEN] IF-STATEMENT CLEANUP: then_block=if.then, has_term=1, is_empty=0[0m
[0;36m[2025-10-18 17:58:33.392] [DEBUG] [CODEGEN] IF-STATEMENT ENTRY: Current block before anything: if.end[0m
[0;36m[2025-10-18 17:58:33.392] [DEBUG] [CODEGEN] Generating member access[0m
[0;36m[2025-10-18 17:58:33.392] [DEBUG] [CODEGEN] Looking for variable: block[0m
[0;36m[2025-10-18 17:58:33.392] [DEBUG] [CODEGEN] get_alloca result: found[0m
[0;36m[2025-10-18 17:58:33.392] [DEBUG] [CODEGEN] Accessing member: next[0m
[0;36m[2025-10-18 17:58:33.392] [DEBUG] [CODEGEN] TypeMapper::map_type() - successfully got kind: Struct (10)[0m
[0;36m[2025-10-18 17:58:33.392] [DEBUG] [CODEGEN] Member access using Cryo type tracking: var='block' type='HeapBlock' field_index=2[0m
[0;36m[2025-10-18 17:58:33.392] [DEBUG] [CODEGEN] Member access resolution successful: type_name='HeapBlock', member_name='next', field_index=2[0m
[0;36m[2025-10-18 17:58:33.392] [DEBUG] [CODEGEN] Loaded struct pointer for member access[0m
[0;36m[2025-10-18 17:58:33.392] [DEBUG] [CODEGEN] About to access field index 2 in struct with 4 fields[0m
[0;36m[2025-10-18 17:58:33.392] [DEBUG] [CODEGEN] Created GEP for field access[0m
[0;36m[2025-10-18 17:58:33.392] [DEBUG] [CODEGEN] Successfully generated field access for: next[0m
[0;36m[2025-10-18 17:58:33.392] [DEBUG] [CODEGEN] Visiting LiteralNode, kind: 104, value: null[0m
[0;36m[2025-10-18 17:58:33.392] [DEBUG] [CODEGEN] IF-STATEMENT: About to create branch from block: if.end (ptr=0x5bbf0ef64280), has terminator before branch: 0[0m
[0;36m[2025-10-18 17:58:33.392] [DEBUG] [CODEGEN] IF-STATEMENT: After creating branch, block if.end (ptr=0x5bbf0ef64280) has terminator: 1[0m
[0;36m[2025-10-18 17:58:33.392] [DEBUG] [CODEGEN] IF-STATEMENT: Branch target: then_block=if.then18 (ptr=0x5bbf0ef649b0)[0m
[0;36m[2025-10-18 17:58:33.392] [DEBUG] [CODEGEN] IF-STATEMENT: Generating then block, insert point: if.then18[0m
[0;36m[2025-10-18 17:58:33.392] [DEBUG] [CODEGEN] IF-STATEMENT: then_block is empty: 1[0m
[0;36m[2025-10-18 17:58:33.392] [DEBUG] [CODEGEN] enter_scope: this=0x5bbf0eee2750, _value_context=0x5bbf0eee2a80[0m
[0;36m[2025-10-18 17:58:33.392] [DEBUG] [CODEGEN] Delegating intrinsic call to Intrinsics module: __printf__[0m
[0;36m[2025-10-18 17:58:33.392] [DEBUG] [CODEGEN] Visiting LiteralNode, kind: 9, value: "[DEBUG::RUNTIME] {FreeListManager::remove_block} Updating next block's previous pointer\n"[0m
[0;36m[2025-10-18 17:58:33.392] [DEBUG] [CODEGEN] Generating intrinsic call: __printf__[0m
[0;36m[2025-10-18 17:58:33.392] [DEBUG] [CODEGEN] Generating member access[0m
[0;36m[2025-10-18 17:58:33.392] [DEBUG] [CODEGEN] Looking for variable: block[0m
[0;36m[2025-10-18 17:58:33.392] [DEBUG] [CODEGEN] get_alloca result: found[0m
[0;36m[2025-10-18 17:58:33.392] [DEBUG] [CODEGEN] Accessing member: next[0m
[0;36m[2025-10-18 17:58:33.392] [DEBUG] [CODEGEN] TypeMapper::map_type() - successfully got kind: Struct (10)[0m
[0;36m[2025-10-18 17:58:33.393] [DEBUG] [CODEGEN] Member access using Cryo type tracking: var='block' type='HeapBlock' field_index=2[0m
[0;36m[2025-10-18 17:58:33.393] [DEBUG] [CODEGEN] Member access resolution successful: type_name='HeapBlock', member_name='next', field_index=2[0m
[0;36m[2025-10-18 17:58:33.393] [DEBUG] [CODEGEN] Loaded struct pointer for member access[0m
[0;36m[2025-10-18 17:58:33.393] [DEBUG] [CODEGEN] About to access field index 2 in struct with 4 fields[0m
[0;36m[2025-10-18 17:58:33.393] [DEBUG] [CODEGEN] Created GEP for field access[0m
[0;36m[2025-10-18 17:58:33.393] [DEBUG] [CODEGEN] Successfully generated field access for: next[0m
[0;36m[2025-10-18 17:58:33.393] [DEBUG] [CODEGEN] Chained member assignment detected block.next.* pattern, using HeapBlock type[0m
[0;36m[2025-10-18 17:58:33.393] [DEBUG] [CODEGEN] Generating member access[0m
[0;36m[2025-10-18 17:58:33.393] [DEBUG] [CODEGEN] Looking for variable: block[0m
[0;36m[2025-10-18 17:58:33.393] [DEBUG] [CODEGEN] get_alloca result: found[0m
[0;36m[2025-10-18 17:58:33.393] [DEBUG] [CODEGEN] Accessing member: prev[0m
[0;36m[2025-10-18 17:58:33.393] [DEBUG] [CODEGEN] TypeMapper::map_type() - successfully got kind: Struct (10)[0m
[0;36m[2025-10-18 17:58:33.393] [DEBUG] [CODEGEN] Member access using Cryo type tracking: var='block' type='HeapBlock' field_index=3[0m
[0;36m[2025-10-18 17:58:33.393] [DEBUG] [CODEGEN] Member access resolution successful: type_name='HeapBlock', member_name='prev', field_index=3[0m
[0;36m[2025-10-18 17:58:33.393] [DEBUG] [CODEGEN] Loaded struct pointer for member access[0m
[0;36m[2025-10-18 17:58:33.393] [DEBUG] [CODEGEN] About to access field index 3 in struct with 4 fields[0m
[0;36m[2025-10-18 17:58:33.393] [DEBUG] [CODEGEN] Created GEP for field access[0m
[0;36m[2025-10-18 17:58:33.393] [DEBUG] [CODEGEN] Successfully generated field access for: prev[0m
[0;36m[2025-10-18 17:58:33.393] [DEBUG] [CODEGEN] IF-STATEMENT: After then body generation, current block: if.then18[0m
[0;36m[2025-10-18 17:58:33.393] [DEBUG] [CODEGEN] IF-STATEMENT: then_block is empty: 0[0m
[0;36m[2025-10-18 17:58:33.393] [DEBUG] [CODEGEN] IF-STATEMENT: then_block has terminator: 0[0m
[0;36m[2025-10-18 17:58:33.393] [DEBUG] [CODEGEN] IF-STATEMENT: Checking terminator for block: if.then18, has terminator: 0[0m
[0;36m[2025-10-18 17:58:33.393] [DEBUG] [CODEGEN] IF-STATEMENT: Adding branch to merge block from current block[0m
[0;36m[2025-10-18 17:58:33.393] [DEBUG] [CODEGEN] IF-STATEMENT CLEANUP: then_block=if.then18, has_term=1, is_empty=0[0m
[0;36m[2025-10-18 17:58:33.393] [DEBUG] [CODEGEN] TypeMapper::map_type() - successfully got kind: Struct (10)[0m
[0;36m[2025-10-18 17:58:33.393] [DEBUG] [CODEGEN] Member assignment using Cryo type tracking: var='block' type='HeapBlock'[0m
[0;36m[2025-10-18 17:58:33.393] [DEBUG] [CODEGEN] Visiting LiteralNode, kind: 104, value: null[0m
[0;36m[2025-10-18 17:58:33.393] [DEBUG] [CODEGEN] TypeMapper::map_type() - successfully got kind: Struct (10)[0m
[0;36m[2025-10-18 17:58:33.393] [DEBUG] [CODEGEN] Member assignment using Cryo type tracking: var='block' type='HeapBlock'[0m
[0;36m[2025-10-18 17:58:33.393] [DEBUG] [CODEGEN] Visiting LiteralNode, kind: 104, value: null[0m
[0;36m[2025-10-18 17:58:33.393] [DEBUG] [CODEGEN] Generating method body: std::Runtime::FreeListManager::find_free_block[0m
[0;36m[2025-10-18 17:58:33.393] [DEBUG] [CODEGEN] enter_scope: this=0x5bbf0eee2750, _value_context=0x5bbf0eee2a80[0m
[0;36m[2025-10-18 17:58:33.393] [DEBUG] [CODEGEN] Setting up 'this' parameter for class method[0m
[0;36m[2025-10-18 17:58:33.393] [DEBUG] [AST] TypeContext::get_class_type() called with name='FreeListManager'[0m
[0;36m[2025-10-18 17:58:33.393] [DEBUG] [CODEGEN] Stored 'this' parameter for class 'FreeListManager' with class type[0m
[0;36m[2025-10-18 17:58:33.393] [DEBUG] [CODEGEN] 'this' parameter set up successfully for class method[0m
[0;36m[2025-10-18 17:58:33.393] [DEBUG] [CODEGEN] TypeMapper::map_type() - successfully got kind: Integer (2)[0m
[0;36m[2025-10-18 17:58:33.393] [DEBUG] [CODEGEN] Stored parameter 'size' with type: u64[0m
[0;36m[2025-10-18 17:58:33.393] [DEBUG] [CODEGEN] Delegating intrinsic call to Intrinsics module: __printf__[0m
[0;36m[2025-10-18 17:58:33.393] [DEBUG] [CODEGEN] Visiting LiteralNode, kind: 9, value: "[DEBUG::RUNTIME] {FreeListManager::find_free_block} Finding free block: size=%llu bytes\n"[0m
[0;36m[2025-10-18 17:58:33.393] [DEBUG] [CODEGEN] Generating intrinsic call: __printf__[0m
[0;36m[2025-10-18 17:58:33.393] [DEBUG] [CODEGEN] Delegating intrinsic call to Intrinsics module: __printf__[0m
[0;36m[2025-10-18 17:58:33.393] [DEBUG] [CODEGEN] Visiting LiteralNode, kind: 9, value: "[DEBUG::RUNTIME] {FreeListManager::find_free_block} Free list head: %p\n"[0m
[0;36m[2025-10-18 17:58:33.393] [DEBUG] [CODEGEN] Generating member access[0m
[0;36m[2025-10-18 17:58:33.393] [DEBUG] [CODEGEN] Looking for variable: this[0m
[0;36m[2025-10-18 17:58:33.393] [DEBUG] [CODEGEN] get_alloca result: found[0m
[0;36m[2025-10-18 17:58:33.393] [DEBUG] [CODEGEN] Accessing member: head[0m
[0;36m[2025-10-18 17:58:33.393] [DEBUG] [CODEGEN] Trying direct type resolution from LLVM type[0m
[0;36m[2025-10-18 17:58:33.393] [DEBUG] [CODEGEN] Member access allocated_type: valid[0m
[0;36m[2025-10-18 17:58:33.393] [DEBUG] [CODEGEN] Member access: this is a pointer type, searching for matching struct[0m
[0;36m[2025-10-18 17:58:33.393] [DEBUG] [CODEGEN] Found matching struct type: FreeListManager, field index: 0[0m
[0;36m[2025-10-18 17:58:33.393] [DEBUG] [CODEGEN] Member access resolution successful: type_name='FreeListManager', member_name='head', field_index=0[0m
[0;36m[2025-10-18 17:58:33.393] [DEBUG] [CODEGEN] Loaded struct pointer for member access[0m
[0;36m[2025-10-18 17:58:33.393] [DEBUG] [CODEGEN] About to access field index 0 in struct with 1 fields[0m
[0;36m[2025-10-18 17:58:33.393] [DEBUG] [CODEGEN] Created GEP for field access[0m
[0;36m[2025-10-18 17:58:33.393] [DEBUG] [CODEGEN] Successfully generated field access for: head[0m
[0;36m[2025-10-18 17:58:33.393] [DEBUG] [CODEGEN] Generating intrinsic call: __printf__[0m
[0;36m[2025-10-18 17:58:33.393] [DEBUG] [CODEGEN] VarDecl start: this=0x5bbf0eee2750, _value_context=0x5bbf0eee2a80[0m
[0;36m[2025-10-18 17:58:33.393] [DEBUG] [CODEGEN] Variable Declaration: name='current', type='HeapBlock*'[0m
[0;36m[2025-10-18 17:58:33.393] [DEBUG] [CODEGEN] TypeMapper::map_type() - successfully got kind: Pointer (7)[0m
[0;36m[2025-10-18 17:58:33.393] [DEBUG] [CODEGEN] Creating local variable: current[0m
[0;36m[2025-10-18 17:58:33.393] [DEBUG] [CODEGEN] Pointer variable 'current' type 'HeapBlock*'[0m
[0;36m[2025-10-18 17:58:33.393] [DEBUG] [CODEGEN] Pointer element type set to full pointer type[0m
[0;36m[2025-10-18 17:58:33.393] [DEBUG] [CODEGEN] Generating member access[0m
[0;36m[2025-10-18 17:58:33.393] [DEBUG] [CODEGEN] Looking for variable: this[0m
[0;36m[2025-10-18 17:58:33.393] [DEBUG] [CODEGEN] get_alloca result: found[0m
[0;36m[2025-10-18 17:58:33.394] [DEBUG] [CODEGEN] Accessing member: head[0m
[0;36m[2025-10-18 17:58:33.394] [DEBUG] [CODEGEN] Trying direct type resolution from LLVM type[0m
[0;36m[2025-10-18 17:58:33.394] [DEBUG] [CODEGEN] Member access allocated_type: valid[0m
[0;36m[2025-10-18 17:58:33.394] [DEBUG] [CODEGEN] Member access: this is a pointer type, searching for matching struct[0m
[0;36m[2025-10-18 17:58:33.394] [DEBUG] [CODEGEN] Found matching struct type: FreeListManager, field index: 0[0m
[0;36m[2025-10-18 17:58:33.394] [DEBUG] [CODEGEN] Member access resolution successful: type_name='FreeListManager', member_name='head', field_index=0[0m
[0;36m[2025-10-18 17:58:33.394] [DEBUG] [CODEGEN] Loaded struct pointer for member access[0m
[0;36m[2025-10-18 17:58:33.394] [DEBUG] [CODEGEN] About to access field index 0 in struct with 1 fields[0m
[0;36m[2025-10-18 17:58:33.394] [DEBUG] [CODEGEN] Created GEP for field access[0m
[0;36m[2025-10-18 17:58:33.394] [DEBUG] [CODEGEN] Successfully generated field access for: head[0m
[0;36m[2025-10-18 17:58:33.394] [DEBUG] [CODEGEN] Visiting LiteralNode, kind: 104, value: null[0m
[0;36m[2025-10-18 17:58:33.394] [DEBUG] [CODEGEN] enter_scope: this=0x5bbf0eee2750, _value_context=0x5bbf0eee2a80[0m
[0;36m[2025-10-18 17:58:33.394] [DEBUG] [CODEGEN] Delegating intrinsic call to Intrinsics module: __printf__[0m
[0;36m[2025-10-18 17:58:33.394] [DEBUG] [CODEGEN] Visiting LiteralNode, kind: 9, value: "[DEBUG::RUNTIME] {FreeListManager::find_free_block} Checking block: ptr=%p, size=%llu bytes\n"[0m
[0;36m[2025-10-18 17:58:33.394] [DEBUG] [CODEGEN] Checking member access object type for method: get_user_data_ptr[0m
[0;36m[2025-10-18 17:58:33.394] [DEBUG] [CODEGEN]   Object is IdentifierNode[0m
[0;36m[2025-10-18 17:58:33.394] [DEBUG] [CODEGEN] Member access with object identifier: 'current'[0m
[0;36m[2025-10-18 17:58:33.394] [DEBUG] [CODEGEN] Object value found, proceeding with struct method call[0m
[0;36m[2025-10-18 17:58:33.394] [DEBUG] [CODEGEN] Using type name 'HeapBlock*' for method lookup[0m
[0;36m[2025-10-18 17:58:33.394] [DEBUG] [CODEGEN] About to build method name with type: 'HeapBlock*', member: 'get_user_data_ptr'[0m
[0;36m[2025-10-18 17:58:33.394] [DEBUG] [CODEGEN] Stripped pointer asterisk: 'HeapBlock*' -> 'HeapBlock'[0m
[0;36m[2025-10-18 17:58:33.394] [DEBUG] [CODEGEN] Built method name: 'std::Runtime::HeapBlock::get_user_data_ptr'[0m
[0;36m[2025-10-18 17:58:33.394] [DEBUG] [CODEGEN] Found method: std::Runtime::HeapBlock::get_user_data_ptr[0m
[0;36m[2025-10-18 17:58:33.394] [DEBUG] [CODEGEN] Method function type: 1 params[0m
[0;36m[2025-10-18 17:58:33.394] [DEBUG] [CODEGEN] Loaded pointer for struct method call[0m
[0;36m[2025-10-18 17:58:33.394] [DEBUG] [CODEGEN] Calling method with 1 arguments[0m
[0;36m[2025-10-18 17:58:33.394] [DEBUG] [CODEGEN] Generating member access[0m
[0;36m[2025-10-18 17:58:33.394] [DEBUG] [CODEGEN] Looking for variable: current[0m
[0;36m[2025-10-18 17:58:33.394] [DEBUG] [CODEGEN] get_alloca result: found[0m
[0;36m[2025-10-18 17:58:33.394] [DEBUG] [CODEGEN] Accessing member: size[0m
[0;36m[2025-10-18 17:58:33.394] [DEBUG] [CODEGEN] TypeMapper::map_type() - successfully got kind: Struct (10)[0m
[0;36m[2025-10-18 17:58:33.394] [DEBUG] [CODEGEN] Member access using Cryo type tracking: var='current' type='HeapBlock' field_index=0[0m
[0;36m[2025-10-18 17:58:33.394] [DEBUG] [CODEGEN] Member access resolution successful: type_name='HeapBlock', member_name='size', field_index=0[0m
[0;36m[2025-10-18 17:58:33.394] [DEBUG] [CODEGEN] Loaded struct pointer for member access[0m
[0;36m[2025-10-18 17:58:33.394] [DEBUG] [CODEGEN] About to access field index 0 in struct with 4 fields[0m
[0;36m[2025-10-18 17:58:33.394] [DEBUG] [CODEGEN] Created GEP for field access[0m
[0;36m[2025-10-18 17:58:33.394] [DEBUG] [CODEGEN] Successfully generated field access for: size[0m
[0;36m[2025-10-18 17:58:33.394] [DEBUG] [CODEGEN] Generating intrinsic call: __printf__[0m
[0;36m[2025-10-18 17:58:33.394] [DEBUG] [CODEGEN] IF-STATEMENT ENTRY: Current block before anything: while.body[0m
[0;36m[2025-10-18 17:58:33.394] [DEBUG] [CODEGEN] Generating member access[0m
[0;36m[2025-10-18 17:58:33.394] [DEBUG] [CODEGEN] Looking for variable: current[0m
[0;36m[2025-10-18 17:58:33.394] [DEBUG] [CODEGEN] get_alloca result: found[0m
[0;36m[2025-10-18 17:58:33.394] [DEBUG] [CODEGEN] Accessing member: size[0m
[0;36m[2025-10-18 17:58:33.394] [DEBUG] [CODEGEN] TypeMapper::map_type() - successfully got kind: Struct (10)[0m
[0;36m[2025-10-18 17:58:33.394] [DEBUG] [CODEGEN] Member access using Cryo type tracking: var='current' type='HeapBlock' field_index=0[0m
[0;36m[2025-10-18 17:58:33.394] [DEBUG] [CODEGEN] Member access resolution successful: type_name='HeapBlock', member_name='size', field_index=0[0m
[0;36m[2025-10-18 17:58:33.394] [DEBUG] [CODEGEN] Loaded struct pointer for member access[0m
[0;36m[2025-10-18 17:58:33.394] [DEBUG] [CODEGEN] About to access field index 0 in struct with 4 fields[0m
[0;36m[2025-10-18 17:58:33.394] [DEBUG] [CODEGEN] Created GEP for field access[0m
[0;36m[2025-10-18 17:58:33.394] [DEBUG] [CODEGEN] Successfully generated field access for: size[0m
[0;36m[2025-10-18 17:58:33.394] [DEBUG] [CODEGEN] IF-STATEMENT: About to create branch from block: while.body (ptr=0x5bbf0ef67ee0), has terminator before branch: 0[0m
[0;36m[2025-10-18 17:58:33.394] [DEBUG] [CODEGEN] IF-STATEMENT: After creating branch, block while.body (ptr=0x5bbf0ef67ee0) has terminator: 1[0m
[0;36m[2025-10-18 17:58:33.394] [DEBUG] [CODEGEN] IF-STATEMENT: Branch target: then_block=if.then (ptr=0x5bbf0ef68ea0)[0m
[0;36m[2025-10-18 17:58:33.394] [DEBUG] [CODEGEN] IF-STATEMENT: Generating then block, insert point: if.then[0m
[0;36m[2025-10-18 17:58:33.394] [DEBUG] [CODEGEN] IF-STATEMENT: then_block is empty: 1[0m
[0;36m[2025-10-18 17:58:33.394] [DEBUG] [CODEGEN] enter_scope: this=0x5bbf0eee2750, _value_context=0x5bbf0eee2a80[0m
[0;36m[2025-10-18 17:58:33.394] [DEBUG] [CODEGEN] Delegating intrinsic call to Intrinsics module: __printf__[0m
[0;36m[2025-10-18 17:58:33.394] [DEBUG] [CODEGEN] Visiting LiteralNode, kind: 9, value: "[DEBUG::RUNTIME] {FreeListManager::find_free_block} Found suitable block: ptr=%p, size=%llu bytes\n"[0m
[0;36m[2025-10-18 17:58:33.394] [DEBUG] [CODEGEN] Checking member access object type for method: get_user_data_ptr[0m
[0;36m[2025-10-18 17:58:33.394] [DEBUG] [CODEGEN]   Object is IdentifierNode[0m
[0;36m[2025-10-18 17:58:33.394] [DEBUG] [CODEGEN] Member access with object identifier: 'current'[0m
[0;36m[2025-10-18 17:58:33.394] [DEBUG] [CODEGEN] Object value found, proceeding with struct method call[0m
[0;36m[2025-10-18 17:58:33.394] [DEBUG] [CODEGEN] Using type name 'HeapBlock*' for method lookup[0m
[0;36m[2025-10-18 17:58:33.394] [DEBUG] [CODEGEN] About to build method name with type: 'HeapBlock*', member: 'get_user_data_ptr'[0m
[0;36m[2025-10-18 17:58:33.394] [DEBUG] [CODEGEN] Stripped pointer asterisk: 'HeapBlock*' -> 'HeapBlock'[0m
[0;36m[2025-10-18 17:58:33.395] [DEBUG] [CODEGEN] Built method name: 'std::Runtime::HeapBlock::get_user_data_ptr'[0m
[0;36m[2025-10-18 17:58:33.395] [DEBUG] [CODEGEN] Found method: std::Runtime::HeapBlock::get_user_data_ptr[0m
[0;36m[2025-10-18 17:58:33.395] [DEBUG] [CODEGEN] Method function type: 1 params[0m
[0;36m[2025-10-18 17:58:33.395] [DEBUG] [CODEGEN] Loaded pointer for struct method call[0m
[0;36m[2025-10-18 17:58:33.395] [DEBUG] [CODEGEN] Calling method with 1 arguments[0m
[0;36m[2025-10-18 17:58:33.395] [DEBUG] [CODEGEN] Generating member access[0m
[0;36m[2025-10-18 17:58:33.395] [DEBUG] [CODEGEN] Looking for variable: current[0m
[0;36m[2025-10-18 17:58:33.395] [DEBUG] [CODEGEN] get_alloca result: found[0m
[0;36m[2025-10-18 17:58:33.395] [DEBUG] [CODEGEN] Accessing member: size[0m
[0;36m[2025-10-18 17:58:33.395] [DEBUG] [CODEGEN] TypeMapper::map_type() - successfully got kind: Struct (10)[0m
[0;36m[2025-10-18 17:58:33.395] [DEBUG] [CODEGEN] Member access using Cryo type tracking: var='current' type='HeapBlock' field_index=0[0m
[0;36m[2025-10-18 17:58:33.395] [DEBUG] [CODEGEN] Member access resolution successful: type_name='HeapBlock', member_name='size', field_index=0[0m
[0;36m[2025-10-18 17:58:33.395] [DEBUG] [CODEGEN] Loaded struct pointer for member access[0m
[0;36m[2025-10-18 17:58:33.395] [DEBUG] [CODEGEN] About to access field index 0 in struct with 4 fields[0m
[0;36m[2025-10-18 17:58:33.395] [DEBUG] [CODEGEN] Created GEP for field access[0m
[0;36m[2025-10-18 17:58:33.395] [DEBUG] [CODEGEN] Successfully generated field access for: size[0m
[0;36m[2025-10-18 17:58:33.395] [DEBUG] [CODEGEN] Generating intrinsic call: __printf__[0m
[0;36m[2025-10-18 17:58:33.395] [DEBUG] [CODEGEN] Return statement: return_value = valid[0m
[0;36m[2025-10-18 17:58:33.395] [DEBUG] [CODEGEN] Return value type: 14[0m
[0;36m[2025-10-18 17:58:33.395] [DEBUG] [CODEGEN] Using direct return[0m
[0;36m[2025-10-18 17:58:33.395] [DEBUG] [CODEGEN] IF-STATEMENT: After then body generation, current block: if.then[0m
[0;36m[2025-10-18 17:58:33.395] [DEBUG] [CODEGEN] IF-STATEMENT: then_block is empty: 0[0m
[0;36m[2025-10-18 17:58:33.395] [DEBUG] [CODEGEN] IF-STATEMENT: then_block has terminator: 1[0m
[0;36m[2025-10-18 17:58:33.395] [DEBUG] [CODEGEN] IF-STATEMENT: Checking terminator for block: if.then, has terminator: 1[0m
[0;36m[2025-10-18 17:58:33.395] [DEBUG] [CODEGEN] IF-STATEMENT CLEANUP: then_block=if.then, has_term=1, is_empty=0[0m
[0;36m[2025-10-18 17:58:33.395] [DEBUG] [CODEGEN] Found local variable for assignment: current[0m
[0;36m[2025-10-18 17:58:33.395] [DEBUG] [CODEGEN] Generating member access[0m
[0;36m[2025-10-18 17:58:33.395] [DEBUG] [CODEGEN] Looking for variable: current[0m
[0;36m[2025-10-18 17:58:33.395] [DEBUG] [CODEGEN] get_alloca result: found[0m
[0;36m[2025-10-18 17:58:33.395] [DEBUG] [CODEGEN] Accessing member: next[0m
[0;36m[2025-10-18 17:58:33.395] [DEBUG] [CODEGEN] TypeMapper::map_type() - successfully got kind: Struct (10)[0m
[0;36m[2025-10-18 17:58:33.395] [DEBUG] [CODEGEN] Member access using Cryo type tracking: var='current' type='HeapBlock' field_index=2[0m
[0;36m[2025-10-18 17:58:33.395] [DEBUG] [CODEGEN] Member access resolution successful: type_name='HeapBlock', member_name='next', field_index=2[0m
[0;36m[2025-10-18 17:58:33.395] [DEBUG] [CODEGEN] Loaded struct pointer for member access[0m
[0;36m[2025-10-18 17:58:33.395] [DEBUG] [CODEGEN] About to access field index 2 in struct with 4 fields[0m
[0;36m[2025-10-18 17:58:33.395] [DEBUG] [CODEGEN] Created GEP for field access[0m
[0;36m[2025-10-18 17:58:33.395] [DEBUG] [CODEGEN] Successfully generated field access for: next[0m
[0;36m[2025-10-18 17:58:33.395] [DEBUG] [CODEGEN] Delegating intrinsic call to Intrinsics module: __printf__[0m
[0;36m[2025-10-18 17:58:33.395] [DEBUG] [CODEGEN] Visiting LiteralNode, kind: 9, value: "[DEBUG::RUNTIME] {FreeListManager::find_free_block} No suitable free block found\n"[0m
[0;36m[2025-10-18 17:58:33.395] [DEBUG] [CODEGEN] Generating intrinsic call: __printf__[0m
[0;36m[2025-10-18 17:58:33.395] [DEBUG] [CODEGEN] Visiting LiteralNode, kind: 104, value: null[0m
[0;36m[2025-10-18 17:58:33.395] [DEBUG] [CODEGEN] Return statement: return_value = valid[0m
[0;36m[2025-10-18 17:58:33.395] [DEBUG] [CODEGEN] Return value type: 14[0m
[0;36m[2025-10-18 17:58:33.395] [DEBUG] [CODEGEN] Using direct return[0m
[0;36m[2025-10-18 17:58:33.395] [DEBUG] [CODEGEN] Completed struct/class declaration 13[0m
[0;36m[2025-10-18 17:58:33.395] [DEBUG] [CODEGEN] Processing struct/class declaration 14/26[0m
[0;36m[2025-10-18 17:58:33.395] [DEBUG] [CODEGEN] Visiting ClassDeclarationNode: HeapManager[0m
[0;36m[2025-10-18 17:58:33.395] [DEBUG] [CODEGEN] Registered AST node for class: HeapManager[0m
[0;36m[2025-10-18 17:58:33.395] [DEBUG] [AST] TypeContext::get_class_type() called with name='HeapManager'[0m
[0;36m[2025-10-18 17:58:33.395] [DEBUG] [CODEGEN] Created LLVM class type for HeapManager[0m
[0;36m[2025-10-18 17:58:33.395] [DEBUG] [CODEGEN] Pass 1: Creating function declarations for all methods in HeapManager[0m
[0;36m[2025-10-18 17:58:33.395] [DEBUG] [CODEGEN] Generating method declaration: HeapManager::HeapManager[0m
[0;36m[2025-10-18 17:58:33.395] [DEBUG] [CODEGEN] Full qualified method name: std::Runtime::HeapManager::HeapManager[0m
[0;36m[2025-10-18 17:58:33.395] [DEBUG] [CODEGEN] Method HeapManager cryo_return_type=non-null kind=0[0m
[0;36m[2025-10-18 17:58:33.395] [DEBUG] [CODEGEN] Stored function 'std::Runtime::HeapManager::HeapManager' in module: std::Runtime[0m
[0;36m[2025-10-18 17:58:33.395] [DEBUG] [CODEGEN] Function name at store time: std::Runtime::HeapManager::HeapManager[0m
[0;36m[2025-10-18 17:58:33.395] [DEBUG] [CODEGEN] Function has parent module: YES[0m
[0;36m[2025-10-18 17:58:33.395] [DEBUG] [CODEGEN] Generating method declaration: HeapManager::initialize[0m
[0;36m[2025-10-18 17:58:33.395] [DEBUG] [CODEGEN] Full qualified method name: std::Runtime::HeapManager::initialize[0m
[0;36m[2025-10-18 17:58:33.395] [DEBUG] [CODEGEN] TypeMapper::map_type() - successfully got kind: Integer (2)[0m
[0;36m[2025-10-18 17:58:33.395] [DEBUG] [CODEGEN] Method initialize cryo_return_type=non-null kind=14[0m
[0;36m[2025-10-18 17:58:33.395] [DEBUG] [CODEGEN] TypeMapper::map_type() - successfully got kind: Enum (14)[0m
[0;36m[2025-10-18 17:58:33.395] [DEBUG] [CODEGEN] Stored function 'std::Runtime::HeapManager::initialize' in module: std::Runtime[0m
[0;36m[2025-10-18 17:58:33.395] [DEBUG] [CODEGEN] Function name at store time: std::Runtime::HeapManager::initialize[0m
[0;36m[2025-10-18 17:58:33.395] [DEBUG] [CODEGEN] Function has parent module: YES[0m
[0;36m[2025-10-18 17:58:33.396] [DEBUG] [CODEGEN] Generating method declaration: HeapManager::allocate[0m
[0;36m[2025-10-18 17:58:33.396] [DEBUG] [CODEGEN] Full qualified method name: std::Runtime::HeapManager::allocate[0m
[0;36m[2025-10-18 17:58:33.396] [DEBUG] [CODEGEN] TypeMapper::map_type() - successfully got kind: Integer (2)[0m
[0;36m[2025-10-18 17:58:33.396] [DEBUG] [CODEGEN] Method allocate cryo_return_type=non-null kind=7[0m
[0;36m[2025-10-18 17:58:33.396] [DEBUG] [CODEGEN] TypeMapper::map_type() - successfully got kind: Pointer (7)[0m
[0;36m[2025-10-18 17:58:33.396] [DEBUG] [CODEGEN] Stored function 'std::Runtime::HeapManager::allocate' in module: std::Runtime[0m
[0;36m[2025-10-18 17:58:33.396] [DEBUG] [CODEGEN] Function name at store time: std::Runtime::HeapManager::allocate[0m
[0;36m[2025-10-18 17:58:33.396] [DEBUG] [CODEGEN] Function has parent module: YES[0m
[0;36m[2025-10-18 17:58:33.396] [DEBUG] [CODEGEN] Generating method declaration: HeapManager::reallocate[0m
[0;36m[2025-10-18 17:58:33.396] [DEBUG] [CODEGEN] Full qualified method name: std::Runtime::HeapManager::reallocate[0m
[0;36m[2025-10-18 17:58:33.396] [DEBUG] [CODEGEN] TypeMapper::map_type() - successfully got kind: Pointer (7)[0m
[0;36m[2025-10-18 17:58:33.396] [DEBUG] [CODEGEN] TypeMapper::map_type() - successfully got kind: Integer (2)[0m
[0;36m[2025-10-18 17:58:33.396] [DEBUG] [CODEGEN] Method reallocate cryo_return_type=non-null kind=7[0m
[0;36m[2025-10-18 17:58:33.396] [DEBUG] [CODEGEN] TypeMapper::map_type() - successfully got kind: Pointer (7)[0m
[0;36m[2025-10-18 17:58:33.396] [DEBUG] [CODEGEN] Stored function 'std::Runtime::HeapManager::reallocate' in module: std::Runtime[0m
[0;36m[2025-10-18 17:58:33.396] [DEBUG] [CODEGEN] Function name at store time: std::Runtime::HeapManager::reallocate[0m
[0;36m[2025-10-18 17:58:33.396] [DEBUG] [CODEGEN] Function has parent module: YES[0m
[0;36m[2025-10-18 17:58:33.396] [DEBUG] [CODEGEN] Generating method declaration: HeapManager::deallocate[0m
[0;36m[2025-10-18 17:58:33.396] [DEBUG] [CODEGEN] Full qualified method name: std::Runtime::HeapManager::deallocate[0m
[0;36m[2025-10-18 17:58:33.396] [DEBUG] [CODEGEN] TypeMapper::map_type() - successfully got kind: Pointer (7)[0m
[0;36m[2025-10-18 17:58:33.396] [DEBUG] [CODEGEN] Method deallocate cryo_return_type=non-null kind=2[0m
[0;36m[2025-10-18 17:58:33.396] [DEBUG] [CODEGEN] TypeMapper::map_type() - successfully got kind: Integer (2)[0m
[0;36m[2025-10-18 17:58:33.396] [DEBUG] [CODEGEN] Stored function 'std::Runtime::HeapManager::deallocate' in module: std::Runtime[0m
[0;36m[2025-10-18 17:58:33.396] [DEBUG] [CODEGEN] Function name at store time: std::Runtime::HeapManager::deallocate[0m
[0;36m[2025-10-18 17:58:33.396] [DEBUG] [CODEGEN] Function has parent module: YES[0m
[0;36m[2025-10-18 17:58:33.396] [DEBUG] [CODEGEN] Generating method declaration: HeapManager::shutdown[0m
[0;36m[2025-10-18 17:58:33.396] [DEBUG] [CODEGEN] Full qualified method name: std::Runtime::HeapManager::shutdown[0m
[0;36m[2025-10-18 17:58:33.396] [DEBUG] [CODEGEN] Method shutdown cryo_return_type=non-null kind=0[0m
[0;36m[2025-10-18 17:58:33.396] [DEBUG] [CODEGEN] Stored function 'std::Runtime::HeapManager::shutdown' in module: std::Runtime[0m
[0;36m[2025-10-18 17:58:33.396] [DEBUG] [CODEGEN] Function name at store time: std::Runtime::HeapManager::shutdown[0m
[0;36m[2025-10-18 17:58:33.396] [DEBUG] [CODEGEN] Function has parent module: YES[0m
[0;36m[2025-10-18 17:58:33.396] [DEBUG] [CODEGEN] Generating method declaration: HeapManager::align_size[0m
[0;36m[2025-10-18 17:58:33.396] [DEBUG] [CODEGEN] Full qualified method name: std::Runtime::HeapManager::align_size[0m
[0;36m[2025-10-18 17:58:33.396] [DEBUG] [CODEGEN] TypeMapper::map_type() - successfully got kind: Integer (2)[0m
[0;36m[2025-10-18 17:58:33.396] [DEBUG] [CODEGEN] TypeMapper::map_type() - successfully got kind: Integer (2)[0m
[0;36m[2025-10-18 17:58:33.396] [DEBUG] [CODEGEN] Method align_size cryo_return_type=non-null kind=2[0m
[0;36m[2025-10-18 17:58:33.396] [DEBUG] [CODEGEN] TypeMapper::map_type() - successfully got kind: Integer (2)[0m
[0;36m[2025-10-18 17:58:33.396] [DEBUG] [CODEGEN] Stored function 'std::Runtime::HeapManager::align_size' in module: std::Runtime[0m
[0;36m[2025-10-18 17:58:33.396] [DEBUG] [CODEGEN] Function name at store time: std::Runtime::HeapManager::align_size[0m
[0;36m[2025-10-18 17:58:33.396] [DEBUG] [CODEGEN] Function has parent module: YES[0m
[0;36m[2025-10-18 17:58:33.396] [DEBUG] [CODEGEN] Generating method declaration: HeapManager::get_block_from_ptr[0m
[0;36m[2025-10-18 17:58:33.396] [DEBUG] [CODEGEN] Full qualified method name: std::Runtime::HeapManager::get_block_from_ptr[0m
[0;36m[2025-10-18 17:58:33.396] [DEBUG] [CODEGEN] TypeMapper::map_type() - successfully got kind: Pointer (7)[0m
[0;36m[2025-10-18 17:58:33.396] [DEBUG] [CODEGEN] Method get_block_from_ptr cryo_return_type=non-null kind=7[0m
[0;36m[2025-10-18 17:58:33.396] [DEBUG] [CODEGEN] TypeMapper::map_type() - successfully got kind: Pointer (7)[0m
[0;36m[2025-10-18 17:58:33.396] [DEBUG] [CODEGEN] Stored function 'std::Runtime::HeapManager::get_block_from_ptr' in module: std::Runtime[0m
[0;36m[2025-10-18 17:58:33.396] [DEBUG] [CODEGEN] Function name at store time: std::Runtime::HeapManager::get_block_from_ptr[0m
[0;36m[2025-10-18 17:58:33.396] [DEBUG] [CODEGEN] Function has parent module: YES[0m
[0;36m[2025-10-18 17:58:33.396] [DEBUG] [CODEGEN] Generating method declaration: HeapManager::coalesce_block[0m
[0;36m[2025-10-18 17:58:33.396] [DEBUG] [CODEGEN] Full qualified method name: std::Runtime::HeapManager::coalesce_block[0m
[0;36m[2025-10-18 17:58:33.396] [DEBUG] [CODEGEN] TypeMapper::map_type() - successfully got kind: Pointer (7)[0m
[0;36m[2025-10-18 17:58:33.396] [DEBUG] [CODEGEN] Method coalesce_block cryo_return_type=non-null kind=0[0m
[0;36m[2025-10-18 17:58:33.396] [DEBUG] [CODEGEN] Stored function 'std::Runtime::HeapManager::coalesce_block' in module: std::Runtime[0m
[0;36m[2025-10-18 17:58:33.396] [DEBUG] [CODEGEN] Function name at store time: std::Runtime::HeapManager::coalesce_block[0m
[0;36m[2025-10-18 17:58:33.396] [DEBUG] [CODEGEN] Function has parent module: YES[0m
[0;36m[2025-10-18 17:58:33.396] [DEBUG] [CODEGEN] Pass 2: Generating function bodies for all methods in HeapManager[0m
[0;36m[2025-10-18 17:58:33.396] [DEBUG] [CODEGEN] Generating method body: std::Runtime::HeapManager::HeapManager[0m
[0;36m[2025-10-18 17:58:33.396] [DEBUG] [CODEGEN] enter_scope: this=0x5bbf0eee2750, _value_context=0x5bbf0eee2a80[0m
[0;36m[2025-10-18 17:58:33.396] [DEBUG] [CODEGEN] Setting up 'this' parameter for class method[0m
[0;36m[2025-10-18 17:58:33.396] [DEBUG] [AST] TypeContext::get_class_type() called with name='HeapManager'[0m
[0;36m[2025-10-18 17:58:33.396] [DEBUG] [CODEGEN] Stored 'this' parameter for class 'HeapManager' with class type[0m
[0;36m[2025-10-18 17:58:33.396] [DEBUG] [CODEGEN] 'this' parameter set up successfully for class method[0m
[0;36m[2025-10-18 17:58:33.396] [DEBUG] [CODEGEN] Delegating intrinsic call to Intrinsics module: __printf__[0m
[0;36m[2025-10-18 17:58:33.396] [DEBUG] [CODEGEN] Visiting LiteralNode, kind: 9, value: "[DEBUG::RUNTIME] {HeapManager::constructor} Initializing HeapManager\n"[0m
[0;36m[2025-10-18 17:58:33.397] [DEBUG] [CODEGEN] Generating intrinsic call: __printf__[0m
[0;36m[2025-10-18 17:58:33.397] [DEBUG] [CODEGEN] Visiting LiteralNode, kind: 104, value: null[0m
[0;36m[2025-10-18 17:58:33.397] [DEBUG] [CODEGEN] Visiting LiteralNode, kind: 7, value: 64[0m
[0;36m[2025-10-18 17:58:33.397] [DEBUG] [AST] TypeContext::get_integer_type() called with kind=u64 is_signed=0[0m
[0;36m[2025-10-18 17:58:33.397] [DEBUG] [CODEGEN] TypeMapper::map_type() - successfully got kind: Integer (2)[0m
[0;36m[2025-10-18 17:58:33.397] [DEBUG] [CODEGEN] Generating new expression[0m
[0;36m[2025-10-18 17:58:33.397] [DEBUG] [CODEGEN] Creating new instance of type: FreeListManager[0m
[0;36m[2025-10-18 17:58:33.397] [DEBUG] [CODEGEN] Visiting LiteralNode, kind: 103, value: false[0m
[0;36m[2025-10-18 17:58:33.397] [DEBUG] [CODEGEN] Generating method body: std::Runtime::HeapManager::initialize[0m
[0;36m[2025-10-18 17:58:33.397] [DEBUG] [CODEGEN] enter_scope: this=0x5bbf0eee2750, _value_context=0x5bbf0eee2a80[0m
[0;36m[2025-10-18 17:58:33.397] [DEBUG] [CODEGEN] Setting up 'this' parameter for class method[0m
[0;36m[2025-10-18 17:58:33.397] [DEBUG] [AST] TypeContext::get_class_type() called with name='HeapManager'[0m
[0;36m[2025-10-18 17:58:33.397] [DEBUG] [CODEGEN] Stored 'this' parameter for class 'HeapManager' with class type[0m
[0;36m[2025-10-18 17:58:33.397] [DEBUG] [CODEGEN] 'this' parameter set up successfully for class method[0m
[0;36m[2025-10-18 17:58:33.397] [DEBUG] [CODEGEN] TypeMapper::map_type() - successfully got kind: Integer (2)[0m
[0;36m[2025-10-18 17:58:33.397] [DEBUG] [CODEGEN] Stored parameter 'heap_size' with type: u64[0m
[0;36m[2025-10-18 17:58:33.397] [DEBUG] [CODEGEN] Delegating intrinsic call to Intrinsics module: __printf__[0m
[0;36m[2025-10-18 17:58:33.397] [DEBUG] [CODEGEN] Visiting LiteralNode, kind: 9, value: "[DEBUG::RUNTIME] {HeapManager::initialize} Initializing heap with size: %llu bytes\n"[0m
[0;36m[2025-10-18 17:58:33.397] [DEBUG] [CODEGEN] Generating intrinsic call: __printf__[0m
[0;36m[2025-10-18 17:58:33.397] [DEBUG] [CODEGEN] Delegating intrinsic call to Intrinsics module: __mmap__[0m
[0;36m[2025-10-18 17:58:33.397] [DEBUG] [CODEGEN] Generating intrinsic call: __mmap__[0m
[0;36m[2025-10-18 17:58:33.397] [DEBUG] [CODEGEN] IF-STATEMENT ENTRY: Current block before anything: entry[0m
[0;36m[2025-10-18 17:58:33.397] [DEBUG] [CODEGEN] Generating member access[0m
[0;36m[2025-10-18 17:58:33.397] [DEBUG] [CODEGEN] Looking for variable: this[0m
[0;36m[2025-10-18 17:58:33.397] [DEBUG] [CODEGEN] get_alloca result: found[0m
[0;36m[2025-10-18 17:58:33.397] [DEBUG] [CODEGEN] Accessing member: heap_base[0m
[0;36m[2025-10-18 17:58:33.397] [DEBUG] [CODEGEN] Trying direct type resolution from LLVM type[0m
[0;36m[2025-10-18 17:58:33.397] [DEBUG] [CODEGEN] Member access allocated_type: valid[0m
[0;36m[2025-10-18 17:58:33.397] [DEBUG] [CODEGEN] Member access: this is a pointer type, searching for matching struct[0m
[0;36m[2025-10-18 17:58:33.397] [DEBUG] [CODEGEN] Found matching struct type: HeapManager, field index: 0[0m
[0;36m[2025-10-18 17:58:33.397] [DEBUG] [CODEGEN] Member access resolution successful: type_name='HeapManager', member_name='heap_base', field_index=0[0m
[0;36m[2025-10-18 17:58:33.397] [DEBUG] [CODEGEN] Loaded struct pointer for member access[0m
[0;36m[2025-10-18 17:58:33.397] [DEBUG] [CODEGEN] About to access field index 0 in struct with 4 fields[0m
[0;36m[2025-10-18 17:58:33.397] [DEBUG] [CODEGEN] Created GEP for field access[0m
[0;36m[2025-10-18 17:58:33.397] [DEBUG] [CODEGEN] Successfully generated field access for: heap_base[0m
[0;36m[2025-10-18 17:58:33.397] [DEBUG] [CODEGEN] Visiting LiteralNode, kind: 104, value: null[0m
[0;36m[2025-10-18 17:58:33.397] [DEBUG] [CODEGEN] IF-STATEMENT: About to create branch from block: entry (ptr=0x5bbf0ef61000), has terminator before branch: 0[0m
[0;36m[2025-10-18 17:58:33.397] [DEBUG] [CODEGEN] IF-STATEMENT: After creating branch, block entry (ptr=0x5bbf0ef61000) has terminator: 1[0m
[0;36m[2025-10-18 17:58:33.397] [DEBUG] [CODEGEN] IF-STATEMENT: Branch target: then_block=if.then (ptr=0x5bbf0ef5d4c0)[0m
[0;36m[2025-10-18 17:58:33.397] [DEBUG] [CODEGEN] IF-STATEMENT: Generating then block, insert point: if.then[0m
[0;36m[2025-10-18 17:58:33.397] [DEBUG] [CODEGEN] IF-STATEMENT: then_block is empty: 1[0m
[0;36m[2025-10-18 17:58:33.397] [DEBUG] [CODEGEN] enter_scope: this=0x5bbf0eee2750, _value_context=0x5bbf0eee2a80[0m
[0;36m[2025-10-18 17:58:33.397] [DEBUG] [CODEGEN] Delegating intrinsic call to Intrinsics module: __printf__[0m
[0;36m[2025-10-18 17:58:33.397] [DEBUG] [CODEGEN] Visiting LiteralNode, kind: 9, value: "[DEBUG::RUNTIME] {HeapManager::initialize} Heap initialization failed: mmap returned null\n"[0m
[0;36m[2025-10-18 17:58:33.397] [DEBUG] [CODEGEN] Generating intrinsic call: __printf__[0m
[0;36m[2025-10-18 17:58:33.397] [DEBUG] [CODEGEN] Return statement: return_value = valid[0m
[0;36m[2025-10-18 17:58:33.397] [DEBUG] [CODEGEN] Return value type: 12[0m
[0;36m[2025-10-18 17:58:33.397] [DEBUG] [CODEGEN] Using direct return[0m
[0;36m[2025-10-18 17:58:33.397] [DEBUG] [CODEGEN] IF-STATEMENT: After then body generation, current block: if.then[0m
[0;36m[2025-10-18 17:58:33.397] [DEBUG] [CODEGEN] IF-STATEMENT: then_block is empty: 0[0m
[0;36m[2025-10-18 17:58:33.397] [DEBUG] [CODEGEN] IF-STATEMENT: then_block has terminator: 1[0m
[0;36m[2025-10-18 17:58:33.397] [DEBUG] [CODEGEN] IF-STATEMENT: Checking terminator for block: if.then, has terminator: 1[0m
[0;36m[2025-10-18 17:58:33.397] [DEBUG] [CODEGEN] IF-STATEMENT CLEANUP: then_block=if.then, has_term=1, is_empty=0[0m
[0;36m[2025-10-18 17:58:33.397] [DEBUG] [CODEGEN] Visiting LiteralNode, kind: 102, value: true[0m
[0;36m[2025-10-18 17:58:33.397] [DEBUG] [CODEGEN] VarDecl start: this=0x5bbf0eee2750, _value_context=0x5bbf0eee2a80[0m
[0;36m[2025-10-18 17:58:33.397] [DEBUG] [CODEGEN] Variable Declaration: name='initial_block', type='HeapBlock*'[0m
[0;36m[2025-10-18 17:58:33.397] [DEBUG] [CODEGEN] TypeMapper::map_type() - successfully got kind: Pointer (7)[0m
[0;36m[2025-10-18 17:58:33.397] [DEBUG] [CODEGEN] Creating local variable: initial_block[0m
[0;36m[2025-10-18 17:58:33.397] [DEBUG] [CODEGEN] Pointer variable 'initial_block' type 'HeapBlock*'[0m
[0;36m[2025-10-18 17:58:33.397] [DEBUG] [CODEGEN] Pointer element type set to full pointer type[0m
[0;36m[2025-10-18 17:58:33.398] [DEBUG] [CODEGEN] Generating member access[0m
[0;36m[2025-10-18 17:58:33.398] [DEBUG] [CODEGEN] Looking for variable: this[0m
[0;36m[2025-10-18 17:58:33.398] [DEBUG] [CODEGEN] get_alloca result: found[0m
[0;36m[2025-10-18 17:58:33.398] [DEBUG] [CODEGEN] Accessing member: heap_base[0m
[0;36m[2025-10-18 17:58:33.398] [DEBUG] [CODEGEN] Trying direct type resolution from LLVM type[0m
[0;36m[2025-10-18 17:58:33.398] [DEBUG] [CODEGEN] Member access allocated_type: valid[0m
[0;36m[2025-10-18 17:58:33.398] [DEBUG] [CODEGEN] Member access: this is a pointer type, searching for matching struct[0m
[0;36m[2025-10-18 17:58:33.398] [DEBUG] [CODEGEN] Found matching struct type: HeapManager, field index: 0[0m
[0;36m[2025-10-18 17:58:33.398] [DEBUG] [CODEGEN] Member access resolution successful: type_name='HeapManager', member_name='heap_base', field_index=0[0m
[0;36m[2025-10-18 17:58:33.398] [DEBUG] [CODEGEN] Loaded struct pointer for member access[0m
[0;36m[2025-10-18 17:58:33.398] [DEBUG] [CODEGEN] About to access field index 0 in struct with 4 fields[0m
[0;36m[2025-10-18 17:58:33.398] [DEBUG] [CODEGEN] Created GEP for field access[0m
[0;36m[2025-10-18 17:58:33.398] [DEBUG] [CODEGEN] Successfully generated field access for: heap_base[0m
[0;36m[2025-10-18 17:58:33.398] [DEBUG] [CODEGEN] Delegating intrinsic call to Intrinsics module: __printf__[0m
[0;36m[2025-10-18 17:58:33.398] [DEBUG] [CODEGEN] Visiting LiteralNode, kind: 9, value: "[DEBUG::RUNTIME] {HeapManager::initialize} Initial block at: %p\n"[0m
[0;36m[2025-10-18 17:58:33.398] [DEBUG] [CODEGEN] Generating intrinsic call: __printf__[0m
[0;36m[2025-10-18 17:58:33.398] [DEBUG] [CODEGEN] VarDecl start: this=0x5bbf0eee2750, _value_context=0x5bbf0eee2a80[0m
[0;36m[2025-10-18 17:58:33.398] [DEBUG] [CODEGEN] Variable Declaration: name='header_size', type='u64'[0m
[0;36m[2025-10-18 17:58:33.398] [DEBUG] [CODEGEN] TypeMapper::map_type() - successfully got kind: Integer (2)[0m
[0;36m[2025-10-18 17:58:33.398] [DEBUG] [CODEGEN] Creating local variable: header_size[0m
[0;36m[2025-10-18 17:58:33.398] [DEBUG] [CODEGEN] Generating sizeof expression[0m
[0;36m[2025-10-18 17:58:33.398] [DEBUG] [CODEGEN] Delegating intrinsic call to Intrinsics module: __printf__[0m
[0;36m[2025-10-18 17:58:33.398] [DEBUG] [CODEGEN] Visiting LiteralNode, kind: 9, value: "[DEBUG::RUNTIME] {HeapManager::initialize} sizeof(HeapBlock)=%llu bytes\n"[0m
[0;36m[2025-10-18 17:58:33.398] [DEBUG] [CODEGEN] Generating intrinsic call: __printf__[0m
[0;36m[2025-10-18 17:58:33.398] [DEBUG] [CODEGEN] TypeMapper::map_type() - successfully got kind: Struct (10)[0m
[0;36m[2025-10-18 17:58:33.398] [DEBUG] [CODEGEN] Member assignment using Cryo type tracking: var='initial_block' type='HeapBlock'[0m
[0;36m[2025-10-18 17:58:33.398] [DEBUG] [CODEGEN] Delegating intrinsic call to Intrinsics module: __printf__[0m
[0;36m[2025-10-18 17:58:33.398] [DEBUG] [CODEGEN] Visiting LiteralNode, kind: 9, value: "[DEBUG::RUNTIME] {HeapManager::initialize} Setting initial block size to %llu bytes\n"[0m
[0;36m[2025-10-18 17:58:33.398] [DEBUG] [CODEGEN] Generating member access[0m
[0;36m[2025-10-18 17:58:33.398] [DEBUG] [CODEGEN] Looking for variable: initial_block[0m
[0;36m[2025-10-18 17:58:33.398] [DEBUG] [CODEGEN] get_alloca result: found[0m
[0;36m[2025-10-18 17:58:33.398] [DEBUG] [CODEGEN] Accessing member: size[0m
[0;36m[2025-10-18 17:58:33.398] [DEBUG] [CODEGEN] TypeMapper::map_type() - successfully got kind: Struct (10)[0m
[0;36m[2025-10-18 17:58:33.398] [DEBUG] [CODEGEN] Member access using Cryo type tracking: var='initial_block' type='HeapBlock' field_index=0[0m
[0;36m[2025-10-18 17:58:33.398] [DEBUG] [CODEGEN] Member access resolution successful: type_name='HeapBlock', member_name='size', field_index=0[0m
[0;36m[2025-10-18 17:58:33.398] [DEBUG] [CODEGEN] Loaded struct pointer for member access[0m
[0;36m[2025-10-18 17:58:33.398] [DEBUG] [CODEGEN] About to access field index 0 in struct with 4 fields[0m
[0;36m[2025-10-18 17:58:33.398] [DEBUG] [CODEGEN] Created GEP for field access[0m
[0;36m[2025-10-18 17:58:33.398] [DEBUG] [CODEGEN] Successfully generated field access for: size[0m
[0;36m[2025-10-18 17:58:33.398] [DEBUG] [CODEGEN] Generating intrinsic call: __printf__[0m
[0;36m[2025-10-18 17:58:33.398] [DEBUG] [CODEGEN] Delegating intrinsic call to Intrinsics module: __printf__[0m
[0;36m[2025-10-18 17:58:33.398] [DEBUG] [CODEGEN] Visiting LiteralNode, kind: 9, value: "[DEBUG::RUNTIME] {HeapManager::initialize} Before mark_free: initial_block=%p\n"[0m
[0;36m[2025-10-18 17:58:33.398] [DEBUG] [CODEGEN] Generating intrinsic call: __printf__[0m
[0;36m[2025-10-18 17:58:33.398] [DEBUG] [CODEGEN] Delegating intrinsic call to Intrinsics module: __printf__[0m
[0;36m[2025-10-18 17:58:33.398] [DEBUG] [CODEGEN] Visiting LiteralNode, kind: 9, value: "[DEBUG::RUNTIME] {HeapManager::initialize} Testing field assignment: initial_block=%p\n"[0m
[0;36m[2025-10-18 17:58:33.398] [DEBUG] [CODEGEN] Generating intrinsic call: __printf__[0m
[0;36m[2025-10-18 17:58:33.398] [DEBUG] [CODEGEN] Delegating intrinsic call to Intrinsics module: __printf__[0m
[0;36m[2025-10-18 17:58:33.398] [DEBUG] [CODEGEN] Visiting LiteralNode, kind: 9, value: "[DEBUG::RUNTIME] {HeapManager::initialize} Before field assignment: flags=0x%llx\n"[0m
[0;36m[2025-10-18 17:58:33.398] [DEBUG] [CODEGEN] Generating member access[0m
[0;36m[2025-10-18 17:58:33.398] [DEBUG] [CODEGEN] Looking for variable: initial_block[0m
[0;36m[2025-10-18 17:58:33.398] [DEBUG] [CODEGEN] get_alloca result: found[0m
[0;36m[2025-10-18 17:58:33.398] [DEBUG] [CODEGEN] Accessing member: flags[0m
[0;36m[2025-10-18 17:58:33.398] [DEBUG] [CODEGEN] TypeMapper::map_type() - successfully got kind: Struct (10)[0m
[0;36m[2025-10-18 17:58:33.398] [DEBUG] [CODEGEN] Member access using Cryo type tracking: var='initial_block' type='HeapBlock' field_index=1[0m
[0;36m[2025-10-18 17:58:33.398] [DEBUG] [CODEGEN] Member access resolution successful: type_name='HeapBlock', member_name='flags', field_index=1[0m
[0;36m[2025-10-18 17:58:33.398] [DEBUG] [CODEGEN] Loaded struct pointer for member access[0m
[0;36m[2025-10-18 17:58:33.398] [DEBUG] [CODEGEN] About to access field index 1 in struct with 4 fields[0m
[0;36m[2025-10-18 17:58:33.398] [DEBUG] [CODEGEN] Created GEP for field access[0m
[0;36m[2025-10-18 17:58:33.398] [DEBUG] [CODEGEN] Successfully generated field access for: flags[0m
[0;36m[2025-10-18 17:58:33.398] [DEBUG] [CODEGEN] Generating intrinsic call: __printf__[0m
[0;36m[2025-10-18 17:58:33.398] [DEBUG] [CODEGEN] TypeMapper::map_type() - successfully got kind: Struct (10)[0m
[0;36m[2025-10-18 17:58:33.398] [DEBUG] [CODEGEN] Member assignment using Cryo type tracking: var='initial_block' type='HeapBlock'[0m
[0;36m[2025-10-18 17:58:33.398] [DEBUG] [CODEGEN] Visiting LiteralNode, kind: 7, value: 0xdeadbeef00000001[0m
[0;36m[2025-10-18 17:58:33.398] [DEBUG] [AST] TypeContext::get_integer_type() called with kind=u64 is_signed=0[0m
[0;36m[2025-10-18 17:58:33.398] [DEBUG] [CODEGEN] TypeMapper::map_type() - successfully got kind: Integer (2)[0m
[0;36m[2025-10-18 17:58:33.399] [DEBUG] [CODEGEN] Delegating intrinsic call to Intrinsics module: __printf__[0m
[0;36m[2025-10-18 17:58:33.399] [DEBUG] [CODEGEN] Visiting LiteralNode, kind: 9, value: "[DEBUG::RUNTIME] {HeapManager::initialize} After field assignment: flags=0x%llx\n"[0m
[0;36m[2025-10-18 17:58:33.399] [DEBUG] [CODEGEN] Generating member access[0m
[0;36m[2025-10-18 17:58:33.399] [DEBUG] [CODEGEN] Looking for variable: initial_block[0m
[0;36m[2025-10-18 17:58:33.399] [DEBUG] [CODEGEN] get_alloca result: found[0m
[0;36m[2025-10-18 17:58:33.399] [DEBUG] [CODEGEN] Accessing member: flags[0m
[0;36m[2025-10-18 17:58:33.399] [DEBUG] [CODEGEN] TypeMapper::map_type() - successfully got kind: Struct (10)[0m
[0;36m[2025-10-18 17:58:33.399] [DEBUG] [CODEGEN] Member access using Cryo type tracking: var='initial_block' type='HeapBlock' field_index=1[0m
[0;36m[2025-10-18 17:58:33.399] [DEBUG] [CODEGEN] Member access resolution successful: type_name='HeapBlock', member_name='flags', field_index=1[0m
[0;36m[2025-10-18 17:58:33.399] [DEBUG] [CODEGEN] Loaded struct pointer for member access[0m
[0;36m[2025-10-18 17:58:33.399] [DEBUG] [CODEGEN] About to access field index 1 in struct with 4 fields[0m
[0;36m[2025-10-18 17:58:33.399] [DEBUG] [CODEGEN] Created GEP for field access[0m
[0;36m[2025-10-18 17:58:33.399] [DEBUG] [CODEGEN] Successfully generated field access for: flags[0m
[0;36m[2025-10-18 17:58:33.399] [DEBUG] [CODEGEN] Generating intrinsic call: __printf__[0m
[0;36m[2025-10-18 17:58:33.399] [DEBUG] [CODEGEN] Delegating intrinsic call to Intrinsics module: __printf__[0m
[0;36m[2025-10-18 17:58:33.399] [DEBUG] [CODEGEN] Visiting LiteralNode, kind: 9, value: "[DEBUG::RUNTIME] {HeapManager::initialize} IMMEDIATE after mark_free call\n"[0m
[0;36m[2025-10-18 17:58:33.399] [DEBUG] [CODEGEN] Generating intrinsic call: __printf__[0m
[0;36m[2025-10-18 17:58:33.399] [DEBUG] [CODEGEN] Delegating intrinsic call to Intrinsics module: __printf__[0m
[0;36m[2025-10-18 17:58:33.399] [DEBUG] [CODEGEN] Visiting LiteralNode, kind: 9, value: "[DEBUG::RUNTIME] {HeapManager::initialize} After mark_free: initial_block=%p\n"[0m
[0;36m[2025-10-18 17:58:33.399] [DEBUG] [CODEGEN] Generating intrinsic call: __printf__[0m
[0;36m[2025-10-18 17:58:33.399] [DEBUG] [CODEGEN] Delegating intrinsic call to Intrinsics module: __printf__[0m
[0;36m[2025-10-18 17:58:33.399] [DEBUG] [CODEGEN] Visiting LiteralNode, kind: 9, value: "[DEBUG::RUNTIME] {HeapManager::initialize} Reading flags: initial_block=%p flags=0x%llx\n"[0m
[0;36m[2025-10-18 17:58:33.399] [DEBUG] [CODEGEN] Generating member access[0m
[0;36m[2025-10-18 17:58:33.399] [DEBUG] [CODEGEN] Looking for variable: initial_block[0m
[0;36m[2025-10-18 17:58:33.399] [DEBUG] [CODEGEN] get_alloca result: found[0m
[0;36m[2025-10-18 17:58:33.399] [DEBUG] [CODEGEN] Accessing member: flags[0m
[0;36m[2025-10-18 17:58:33.399] [DEBUG] [CODEGEN] TypeMapper::map_type() - successfully got kind: Struct (10)[0m
[0;36m[2025-10-18 17:58:33.399] [DEBUG] [CODEGEN] Member access using Cryo type tracking: var='initial_block' type='HeapBlock' field_index=1[0m
[0;36m[2025-10-18 17:58:33.399] [DEBUG] [CODEGEN] Member access resolution successful: type_name='HeapBlock', member_name='flags', field_index=1[0m
[0;36m[2025-10-18 17:58:33.399] [DEBUG] [CODEGEN] Loaded struct pointer for member access[0m
[0;36m[2025-10-18 17:58:33.399] [DEBUG] [CODEGEN] About to access field index 1 in struct with 4 fields[0m
[0;36m[2025-10-18 17:58:33.399] [DEBUG] [CODEGEN] Created GEP for field access[0m
[0;36m[2025-10-18 17:58:33.399] [DEBUG] [CODEGEN] Successfully generated field access for: flags[0m
[0;36m[2025-10-18 17:58:33.399] [DEBUG] [CODEGEN] Generating intrinsic call: __printf__[0m
[0;36m[2025-10-18 17:58:33.399] [DEBUG] [CODEGEN] TypeMapper::map_type() - successfully got kind: Struct (10)[0m
[0;36m[2025-10-18 17:58:33.399] [DEBUG] [CODEGEN] Member assignment using Cryo type tracking: var='initial_block' type='HeapBlock'[0m
[0;36m[2025-10-18 17:58:33.399] [DEBUG] [CODEGEN] Visiting LiteralNode, kind: 104, value: null[0m
[0;36m[2025-10-18 17:58:33.399] [DEBUG] [CODEGEN] TypeMapper::map_type() - successfully got kind: Struct (10)[0m
[0;36m[2025-10-18 17:58:33.399] [DEBUG] [CODEGEN] Member assignment using Cryo type tracking: var='initial_block' type='HeapBlock'[0m
[0;36m[2025-10-18 17:58:33.399] [DEBUG] [CODEGEN] Visiting LiteralNode, kind: 104, value: null[0m
[0;36m[2025-10-18 17:58:33.399] [DEBUG] [CODEGEN] Checking member access object type for method: add_block[0m
[0;36m[2025-10-18 17:58:33.399] [DEBUG] [CODEGEN]   Object is MemberAccessNode (NESTED ACCESS)[0m
[0;36m[2025-10-18 17:58:33.399] [DEBUG] [CODEGEN] Found nested member access: object is also a MemberAccessNode[0m
[0;36m[2025-10-18 17:58:33.399] [DEBUG] [CODEGEN] Nested member access resolved type from TypeChecker: FreeListManager[0m
[0;36m[2025-10-18 17:58:33.399] [DEBUG] [CODEGEN] Nested object type: 'FreeListManager'[0m
[0;36m[2025-10-18 17:58:33.399] [DEBUG] [CODEGEN] Looking up nested method: 'std::Runtime::FreeListManager::add_block'[0m
[0;36m[2025-10-18 17:58:33.399] [DEBUG] [CODEGEN] Found nested method: std::Runtime::FreeListManager::add_block[0m
[0;36m[2025-10-18 17:58:33.399] [DEBUG] [CODEGEN] Generating member access[0m
[0;36m[2025-10-18 17:58:33.399] [DEBUG] [CODEGEN] Looking for variable: this[0m
[0;36m[2025-10-18 17:58:33.399] [DEBUG] [CODEGEN] get_alloca result: found[0m
[0;36m[2025-10-18 17:58:33.399] [DEBUG] [CODEGEN] Accessing member: free_list[0m
[0;36m[2025-10-18 17:58:33.399] [DEBUG] [CODEGEN] Trying direct type resolution from LLVM type[0m
[0;36m[2025-10-18 17:58:33.399] [DEBUG] [CODEGEN] Member access allocated_type: valid[0m
[0;36m[2025-10-18 17:58:33.399] [DEBUG] [CODEGEN] Member access: this is a pointer type, searching for matching struct[0m
[0;36m[2025-10-18 17:58:33.399] [DEBUG] [CODEGEN] Found matching struct type: HeapManager, field index: 2[0m
[0;36m[2025-10-18 17:58:33.399] [DEBUG] [CODEGEN] Member access resolution successful: type_name='HeapManager', member_name='free_list', field_index=2[0m
[0;36m[2025-10-18 17:58:33.399] [DEBUG] [CODEGEN] Loaded struct pointer for member access[0m
[0;36m[2025-10-18 17:58:33.399] [DEBUG] [CODEGEN] About to access field index 2 in struct with 4 fields[0m
[0;36m[2025-10-18 17:58:33.399] [DEBUG] [CODEGEN] Created GEP for field access[0m
[0;36m[2025-10-18 17:58:33.399] [DEBUG] [CODEGEN] Successfully generated field access for: free_list[0m
[0;36m[2025-10-18 17:58:33.399] [DEBUG] [CODEGEN] Using field pointer for nested object method call[0m
[0;36m[2025-10-18 17:58:33.399] [DEBUG] [CODEGEN] Generated nested object pointer: SUCCESS[0m
[0;36m[2025-10-18 17:58:33.399] [DEBUG] [CODEGEN] Calling nested method with 2 arguments[0m
[0;36m[2025-10-18 17:58:33.399] [DEBUG] [CODEGEN] Delegating intrinsic call to Intrinsics module: __printf__[0m
[0;36m[2025-10-18 17:58:33.400] [DEBUG] [CODEGEN] Visiting LiteralNode, kind: 9, value: "[DEBUG::RUNTIME] {HeapManager::initialize} Heap initialized: base=%p, size=%llu bytes\n"[0m
[0;36m[2025-10-18 17:58:33.400] [DEBUG] [CODEGEN] Generating member access[0m
[0;36m[2025-10-18 17:58:33.400] [DEBUG] [CODEGEN] Looking for variable: this[0m
[0;36m[2025-10-18 17:58:33.400] [DEBUG] [CODEGEN] get_alloca result: found[0m
[0;36m[2025-10-18 17:58:33.400] [DEBUG] [CODEGEN] Accessing member: heap_base[0m
[0;36m[2025-10-18 17:58:33.400] [DEBUG] [CODEGEN] Trying direct type resolution from LLVM type[0m
[0;36m[2025-10-18 17:58:33.400] [DEBUG] [CODEGEN] Member access allocated_type: valid[0m
[0;36m[2025-10-18 17:58:33.400] [DEBUG] [CODEGEN] Member access: this is a pointer type, searching for matching struct[0m
[0;36m[2025-10-18 17:58:33.400] [DEBUG] [CODEGEN] Found matching struct type: HeapManager, field index: 0[0m
[0;36m[2025-10-18 17:58:33.400] [DEBUG] [CODEGEN] Member access resolution successful: type_name='HeapManager', member_name='heap_base', field_index=0[0m
[0;36m[2025-10-18 17:58:33.400] [DEBUG] [CODEGEN] Loaded struct pointer for member access[0m
[0;36m[2025-10-18 17:58:33.400] [DEBUG] [CODEGEN] About to access field index 0 in struct with 4 fields[0m
[0;36m[2025-10-18 17:58:33.400] [DEBUG] [CODEGEN] Created GEP for field access[0m
[0;36m[2025-10-18 17:58:33.400] [DEBUG] [CODEGEN] Successfully generated field access for: heap_base[0m
[0;36m[2025-10-18 17:58:33.400] [DEBUG] [CODEGEN] Generating member access[0m
[0;36m[2025-10-18 17:58:33.400] [DEBUG] [CODEGEN] Looking for variable: this[0m
[0;36m[2025-10-18 17:58:33.400] [DEBUG] [CODEGEN] get_alloca result: found[0m
[0;36m[2025-10-18 17:58:33.400] [DEBUG] [CODEGEN] Accessing member: heap_size[0m
[0;36m[2025-10-18 17:58:33.400] [DEBUG] [CODEGEN] Trying direct type resolution from LLVM type[0m
[0;36m[2025-10-18 17:58:33.400] [DEBUG] [CODEGEN] Member access allocated_type: valid[0m
[0;36m[2025-10-18 17:58:33.400] [DEBUG] [CODEGEN] Member access: this is a pointer type, searching for matching struct[0m
[0;36m[2025-10-18 17:58:33.400] [DEBUG] [CODEGEN] Found matching struct type: HeapManager, field index: 1[0m
[0;36m[2025-10-18 17:58:33.400] [DEBUG] [CODEGEN] Member access resolution successful: type_name='HeapManager', member_name='heap_size', field_index=1[0m
[0;36m[2025-10-18 17:58:33.400] [DEBUG] [CODEGEN] Loaded struct pointer for member access[0m
[0;36m[2025-10-18 17:58:33.400] [DEBUG] [CODEGEN] About to access field index 1 in struct with 4 fields[0m
[0;36m[2025-10-18 17:58:33.400] [DEBUG] [CODEGEN] Created GEP for field access[0m
[0;36m[2025-10-18 17:58:33.400] [DEBUG] [CODEGEN] Successfully generated field access for: heap_size[0m
[0;36m[2025-10-18 17:58:33.400] [DEBUG] [CODEGEN] Generating intrinsic call: __printf__[0m
[0;36m[2025-10-18 17:58:33.400] [DEBUG] [CODEGEN] Return statement: return_value = valid[0m
[0;36m[2025-10-18 17:58:33.400] [DEBUG] [CODEGEN] Return value type: 12[0m
[0;36m[2025-10-18 17:58:33.400] [DEBUG] [CODEGEN] Using direct return[0m
[0;36m[2025-10-18 17:58:33.400] [DEBUG] [CODEGEN] Generating method body: std::Runtime::HeapManager::allocate[0m
[0;36m[2025-10-18 17:58:33.400] [DEBUG] [CODEGEN] enter_scope: this=0x5bbf0eee2750, _value_context=0x5bbf0eee2a80[0m
[0;36m[2025-10-18 17:58:33.400] [DEBUG] [CODEGEN] Setting up 'this' parameter for class method[0m
[0;36m[2025-10-18 17:58:33.400] [DEBUG] [AST] TypeContext::get_class_type() called with name='HeapManager'[0m
[0;36m[2025-10-18 17:58:33.400] [DEBUG] [CODEGEN] Stored 'this' parameter for class 'HeapManager' with class type[0m
[0;36m[2025-10-18 17:58:33.400] [DEBUG] [CODEGEN] 'this' parameter set up successfully for class method[0m
[0;36m[2025-10-18 17:58:33.400] [DEBUG] [CODEGEN] TypeMapper::map_type() - successfully got kind: Integer (2)[0m
[0;36m[2025-10-18 17:58:33.400] [DEBUG] [CODEGEN] Stored parameter 'size' with type: u64[0m
[0;36m[2025-10-18 17:58:33.400] [DEBUG] [CODEGEN] Delegating intrinsic call to Intrinsics module: __printf__[0m
[0;36m[2025-10-18 17:58:33.400] [DEBUG] [CODEGEN] Visiting LiteralNode, kind: 9, value: "[DEBUG::RUNTIME] {HeapManager::allocate} Allocating memory: size=%llu bytes\n"[0m
[0;36m[2025-10-18 17:58:33.400] [DEBUG] [CODEGEN] Generating intrinsic call: __printf__[0m
[0;36m[2025-10-18 17:58:33.400] [DEBUG] [CODEGEN] IF-STATEMENT ENTRY: Current block before anything: entry[0m
[0;36m[2025-10-18 17:58:33.400] [DEBUG] [CODEGEN] Generating member access[0m
[0;36m[2025-10-18 17:58:33.400] [DEBUG] [CODEGEN] Looking for variable: this[0m
[0;36m[2025-10-18 17:58:33.400] [DEBUG] [CODEGEN] get_alloca result: found[0m
[0;36m[2025-10-18 17:58:33.400] [DEBUG] [CODEGEN] Accessing member: is_initialized[0m
[0;36m[2025-10-18 17:58:33.400] [DEBUG] [CODEGEN] Trying direct type resolution from LLVM type[0m
[0;36m[2025-10-18 17:58:33.400] [DEBUG] [CODEGEN] Member access allocated_type: valid[0m
[0;36m[2025-10-18 17:58:33.400] [DEBUG] [CODEGEN] Member access: this is a pointer type, searching for matching struct[0m
[0;36m[2025-10-18 17:58:33.400] [DEBUG] [CODEGEN] Found matching struct type: HeapManager, field index: 3[0m
[0;36m[2025-10-18 17:58:33.400] [DEBUG] [CODEGEN] Member access resolution successful: type_name='HeapManager', member_name='is_initialized', field_index=3[0m
[0;36m[2025-10-18 17:58:33.400] [DEBUG] [CODEGEN] Loaded struct pointer for member access[0m
[0;36m[2025-10-18 17:58:33.400] [DEBUG] [CODEGEN] About to access field index 3 in struct with 4 fields[0m
[0;36m[2025-10-18 17:58:33.400] [DEBUG] [CODEGEN] Created GEP for field access[0m
[0;36m[2025-10-18 17:58:33.400] [DEBUG] [CODEGEN] Successfully generated field access for: is_initialized[0m
[0;36m[2025-10-18 17:58:33.400] [DEBUG] [CODEGEN] IF-STATEMENT: About to create branch from block: entry (ptr=0x5bbf0ef70d20), has terminator before branch: 0[0m
[0;36m[2025-10-18 17:58:33.400] [DEBUG] [CODEGEN] IF-STATEMENT: After creating branch, block entry (ptr=0x5bbf0ef70d20) has terminator: 1[0m
[0;36m[2025-10-18 17:58:33.400] [DEBUG] [CODEGEN] IF-STATEMENT: Branch target: then_block=if.then (ptr=0x5bbf0ef72bb0)[0m
[0;36m[2025-10-18 17:58:33.400] [DEBUG] [CODEGEN] IF-STATEMENT: Generating then block, insert point: if.then[0m
[0;36m[2025-10-18 17:58:33.400] [DEBUG] [CODEGEN] IF-STATEMENT: then_block is empty: 1[0m
[0;36m[2025-10-18 17:58:33.400] [DEBUG] [CODEGEN] enter_scope: this=0x5bbf0eee2750, _value_context=0x5bbf0eee2a80[0m
[0;36m[2025-10-18 17:58:33.400] [DEBUG] [CODEGEN] Delegating intrinsic call to Intrinsics module: __printf__[0m
[0;36m[2025-10-18 17:58:33.400] [DEBUG] [CODEGEN] Visiting LiteralNode, kind: 9, value: "[DEBUG::RUNTIME] {HeapManager::allocate} Heap not initialized\n"[0m
[0;36m[2025-10-18 17:58:33.400] [DEBUG] [CODEGEN] Generating intrinsic call: __printf__[0m
[0;36m[2025-10-18 17:58:33.400] [DEBUG] [CODEGEN] Visiting LiteralNode, kind: 104, value: null[0m
[0;36m[2025-10-18 17:58:33.401] [DEBUG] [CODEGEN] Return statement: return_value = valid[0m
[0;36m[2025-10-18 17:58:33.401] [DEBUG] [CODEGEN] Return value type: 14[0m
[0;36m[2025-10-18 17:58:33.401] [DEBUG] [CODEGEN] Using direct return[0m
[0;36m[2025-10-18 17:58:33.401] [DEBUG] [CODEGEN] IF-STATEMENT: After then body generation, current block: if.then[0m
[0;36m[2025-10-18 17:58:33.401] [DEBUG] [CODEGEN] IF-STATEMENT: then_block is empty: 0[0m
[0;36m[2025-10-18 17:58:33.401] [DEBUG] [CODEGEN] IF-STATEMENT: then_block has terminator: 1[0m
[0;36m[2025-10-18 17:58:33.401] [DEBUG] [CODEGEN] IF-STATEMENT: Checking terminator for block: if.then, has terminator: 1[0m
[0;36m[2025-10-18 17:58:33.401] [DEBUG] [CODEGEN] IF-STATEMENT CLEANUP: then_block=if.then, has_term=1, is_empty=0[0m
[0;36m[2025-10-18 17:58:33.401] [DEBUG] [CODEGEN] IF-STATEMENT ENTRY: Current block before anything: if.end[0m
[0;36m[2025-10-18 17:58:33.401] [DEBUG] [CODEGEN] Visiting LiteralNode, kind: 7, value: 0[0m
[0;36m[2025-10-18 17:58:33.401] [DEBUG] [AST] TypeContext::get_integer_type() called with kind=u64 is_signed=0[0m
[0;36m[2025-10-18 17:58:33.401] [DEBUG] [CODEGEN] TypeMapper::map_type() - successfully got kind: Integer (2)[0m
[0;36m[2025-10-18 17:58:33.401] [DEBUG] [CODEGEN] IF-STATEMENT: About to create branch from block: if.end (ptr=0x5bbf0ef77100), has terminator before branch: 0[0m
[0;36m[2025-10-18 17:58:33.401] [DEBUG] [CODEGEN] IF-STATEMENT: After creating branch, block if.end (ptr=0x5bbf0ef77100) has terminator: 1[0m
[0;36m[2025-10-18 17:58:33.401] [DEBUG] [CODEGEN] IF-STATEMENT: Branch target: then_block=if.then5 (ptr=0x5bbf0ef779a0)[0m
[0;36m[2025-10-18 17:58:33.401] [DEBUG] [CODEGEN] IF-STATEMENT: Generating then block, insert point: if.then5[0m
[0;36m[2025-10-18 17:58:33.401] [DEBUG] [CODEGEN] IF-STATEMENT: then_block is empty: 1[0m
[0;36m[2025-10-18 17:58:33.401] [DEBUG] [CODEGEN] enter_scope: this=0x5bbf0eee2750, _value_context=0x5bbf0eee2a80[0m
[0;36m[2025-10-18 17:58:33.401] [DEBUG] [CODEGEN] Delegating intrinsic call to Intrinsics module: __printf__[0m
[0;36m[2025-10-18 17:58:33.401] [DEBUG] [CODEGEN] Visiting LiteralNode, kind: 9, value: "[DEBUG::RUNTIME] {HeapManager::allocate} Invalid allocation size: 0 bytes\n"[0m
[0;36m[2025-10-18 17:58:33.401] [DEBUG] [CODEGEN] Generating intrinsic call: __printf__[0m
[0;36m[2025-10-18 17:58:33.401] [DEBUG] [CODEGEN] Visiting LiteralNode, kind: 104, value: null[0m
[0;36m[2025-10-18 17:58:33.401] [DEBUG] [CODEGEN] Return statement: return_value = valid[0m
[0;36m[2025-10-18 17:58:33.401] [DEBUG] [CODEGEN] Return value type: 14[0m
[0;36m[2025-10-18 17:58:33.401] [DEBUG] [CODEGEN] Using direct return[0m
[0;36m[2025-10-18 17:58:33.401] [DEBUG] [CODEGEN] IF-STATEMENT: After then body generation, current block: if.then5[0m
[0;36m[2025-10-18 17:58:33.401] [DEBUG] [CODEGEN] IF-STATEMENT: then_block is empty: 0[0m
[0;36m[2025-10-18 17:58:33.401] [DEBUG] [CODEGEN] IF-STATEMENT: then_block has terminator: 1[0m
[0;36m[2025-10-18 17:58:33.401] [DEBUG] [CODEGEN] IF-STATEMENT: Checking terminator for block: if.then5, has terminator: 1[0m
[0;36m[2025-10-18 17:58:33.401] [DEBUG] [CODEGEN] IF-STATEMENT CLEANUP: then_block=if.then5, has_term=1, is_empty=0[0m
[0;36m[2025-10-18 17:58:33.401] [DEBUG] [CODEGEN] VarDecl start: this=0x5bbf0eee2750, _value_context=0x5bbf0eee2a80[0m
[0;36m[2025-10-18 17:58:33.401] [DEBUG] [CODEGEN] Variable Declaration: name='aligned_size', type='u64'[0m
[0;36m[2025-10-18 17:58:33.401] [DEBUG] [CODEGEN] TypeMapper::map_type() - successfully got kind: Integer (2)[0m
[0;36m[2025-10-18 17:58:33.401] [DEBUG] [CODEGEN] Creating local variable: aligned_size[0m
[0;36m[2025-10-18 17:58:33.401] [DEBUG] [CODEGEN] Checking member access object type for method: align_size[0m
[0;36m[2025-10-18 17:58:33.401] [DEBUG] [CODEGEN]   Object is IdentifierNode[0m
[0;36m[2025-10-18 17:58:33.401] [DEBUG] [CODEGEN] Member access with object identifier: 'this'[0m
[0;36m[2025-10-18 17:58:33.401] [DEBUG] [CODEGEN] Object value found, proceeding with struct method call[0m
[0;36m[2025-10-18 17:58:33.401] [DEBUG] [CODEGEN] Using type name 'HeapManager' for method lookup[0m
[0;36m[2025-10-18 17:58:33.401] [DEBUG] [CODEGEN] About to build method name with type: 'HeapManager', member: 'align_size'[0m
[0;36m[2025-10-18 17:58:33.401] [DEBUG] [CODEGEN] Built method name: 'std::Runtime::HeapManager::align_size'[0m
[0;36m[2025-10-18 17:58:33.401] [DEBUG] [CODEGEN] Found method: std::Runtime::HeapManager::align_size[0m
[0;36m[2025-10-18 17:58:33.401] [DEBUG] [CODEGEN] Method function type: 3 params[0m
[0;36m[2025-10-18 17:58:33.401] [DEBUG] [CODEGEN] Loaded pointer for struct method call[0m
[0;36m[2025-10-18 17:58:33.401] [DEBUG] [CODEGEN] Calling method with 3 arguments[0m
[0;36m[2025-10-18 17:58:33.401] [DEBUG] [CODEGEN] Delegating intrinsic call to Intrinsics module: __printf__[0m
[0;36m[2025-10-18 17:58:33.401] [DEBUG] [CODEGEN] Visiting LiteralNode, kind: 9, value: "[DEBUG::RUNTIME] {HeapManager::allocate} Aligned size: %llu bytes\n"[0m
[0;36m[2025-10-18 17:58:33.401] [DEBUG] [CODEGEN] Generating intrinsic call: __printf__[0m
[0;36m[2025-10-18 17:58:33.401] [DEBUG] [CODEGEN] VarDecl start: this=0x5bbf0eee2750, _value_context=0x5bbf0eee2a80[0m
[0;36m[2025-10-18 17:58:33.401] [DEBUG] [CODEGEN] Variable Declaration: name='block', type='HeapBlock*'[0m
[0;36m[2025-10-18 17:58:33.401] [DEBUG] [CODEGEN] TypeMapper::map_type() - successfully got kind: Pointer (7)[0m
[0;36m[2025-10-18 17:58:33.401] [DEBUG] [CODEGEN] Creating local variable: block[0m
[0;36m[2025-10-18 17:58:33.401] [DEBUG] [CODEGEN] Pointer variable 'block' type 'HeapBlock*'[0m
[0;36m[2025-10-18 17:58:33.401] [DEBUG] [CODEGEN] Pointer element type set to full pointer type[0m
[0;36m[2025-10-18 17:58:33.401] [DEBUG] [CODEGEN] Checking member access object type for method: find_free_block[0m
[0;36m[2025-10-18 17:58:33.401] [DEBUG] [CODEGEN]   Object is MemberAccessNode (NESTED ACCESS)[0m
[0;36m[2025-10-18 17:58:33.401] [DEBUG] [CODEGEN] Found nested member access: object is also a MemberAccessNode[0m
[0;36m[2025-10-18 17:58:33.401] [DEBUG] [CODEGEN] Nested member access resolved type from TypeChecker: FreeListManager[0m
[0;36m[2025-10-18 17:58:33.401] [DEBUG] [CODEGEN] Nested object type: 'FreeListManager'[0m
[0;36m[2025-10-18 17:58:33.401] [DEBUG] [CODEGEN] Looking up nested method: 'std::Runtime::FreeListManager::find_free_block'[0m
[0;36m[2025-10-18 17:58:33.401] [DEBUG] [CODEGEN] Found nested method: std::Runtime::FreeListManager::find_free_block[0m
[0;36m[2025-10-18 17:58:33.401] [DEBUG] [CODEGEN] Generating member access[0m
[0;36m[2025-10-18 17:58:33.402] [DEBUG] [CODEGEN] Looking for variable: this[0m
[0;36m[2025-10-18 17:58:33.402] [DEBUG] [CODEGEN] get_alloca result: found[0m
[0;36m[2025-10-18 17:58:33.402] [DEBUG] [CODEGEN] Accessing member: free_list[0m
[0;36m[2025-10-18 17:58:33.402] [DEBUG] [CODEGEN] Trying direct type resolution from LLVM type[0m
[0;36m[2025-10-18 17:58:33.402] [DEBUG] [CODEGEN] Member access allocated_type: valid[0m
[0;36m[2025-10-18 17:58:33.402] [DEBUG] [CODEGEN] Member access: this is a pointer type, searching for matching struct[0m
[0;36m[2025-10-18 17:58:33.402] [DEBUG] [CODEGEN] Found matching struct type: HeapManager, field index: 2[0m
[0;36m[2025-10-18 17:58:33.402] [DEBUG] [CODEGEN] Member access resolution successful: type_name='HeapManager', member_name='free_list', field_index=2[0m
[0;36m[2025-10-18 17:58:33.402] [DEBUG] [CODEGEN] Loaded struct pointer for member access[0m
[0;36m[2025-10-18 17:58:33.402] [DEBUG] [CODEGEN] About to access field index 2 in struct with 4 fields[0m
[0;36m[2025-10-18 17:58:33.402] [DEBUG] [CODEGEN] Created GEP for field access[0m
[0;36m[2025-10-18 17:58:33.402] [DEBUG] [CODEGEN] Successfully generated field access for: free_list[0m
[0;36m[2025-10-18 17:58:33.402] [DEBUG] [CODEGEN] Using field pointer for nested object method call[0m
[0;36m[2025-10-18 17:58:33.402] [DEBUG] [CODEGEN] Generated nested object pointer: SUCCESS[0m
[0;36m[2025-10-18 17:58:33.402] [DEBUG] [CODEGEN] Calling nested method with 2 arguments[0m
[0;36m[2025-10-18 17:58:33.402] [DEBUG] [CODEGEN] IF-STATEMENT ENTRY: Current block before anything: if.end6[0m
[0;36m[2025-10-18 17:58:33.402] [DEBUG] [CODEGEN] Visiting LiteralNode, kind: 104, value: null[0m
[0;36m[2025-10-18 17:58:33.402] [DEBUG] [CODEGEN] IF-STATEMENT: About to create branch from block: if.end6 (ptr=0x5bbf0ef77d00), has terminator before branch: 0[0m
[0;36m[2025-10-18 17:58:33.402] [DEBUG] [CODEGEN] IF-STATEMENT: After creating branch, block if.end6 (ptr=0x5bbf0ef77d00) has terminator: 1[0m
[0;36m[2025-10-18 17:58:33.402] [DEBUG] [CODEGEN] IF-STATEMENT: Branch target: then_block=if.then13 (ptr=0x5bbf0ef77fe0)[0m
[0;36m[2025-10-18 17:58:33.402] [DEBUG] [CODEGEN] IF-STATEMENT: Generating then block, insert point: if.then13[0m
[0;36m[2025-10-18 17:58:33.402] [DEBUG] [CODEGEN] IF-STATEMENT: then_block is empty: 1[0m
[0;36m[2025-10-18 17:58:33.402] [DEBUG] [CODEGEN] enter_scope: this=0x5bbf0eee2750, _value_context=0x5bbf0eee2a80[0m
[0;36m[2025-10-18 17:58:33.402] [DEBUG] [CODEGEN] Delegating intrinsic call to Intrinsics module: __printf__[0m
[0;36m[2025-10-18 17:58:33.402] [DEBUG] [CODEGEN] Visiting LiteralNode, kind: 9, value: "[DEBUG::RUNTIME] {HeapManager::allocate} No suitable free block found\n"[0m
[0;36m[2025-10-18 17:58:33.402] [DEBUG] [CODEGEN] Generating intrinsic call: __printf__[0m
[0;36m[2025-10-18 17:58:33.402] [DEBUG] [CODEGEN] Visiting LiteralNode, kind: 104, value: null[0m
[0;36m[2025-10-18 17:58:33.402] [DEBUG] [CODEGEN] Return statement: return_value = valid[0m
[0;36m[2025-10-18 17:58:33.402] [DEBUG] [CODEGEN] Return value type: 14[0m
[0;36m[2025-10-18 17:58:33.402] [DEBUG] [CODEGEN] Using direct return[0m
[0;36m[2025-10-18 17:58:33.402] [DEBUG] [CODEGEN] IF-STATEMENT: After then body generation, current block: if.then13[0m
[0;36m[2025-10-18 17:58:33.402] [DEBUG] [CODEGEN] IF-STATEMENT: then_block is empty: 0[0m
[0;36m[2025-10-18 17:58:33.402] [DEBUG] [CODEGEN] IF-STATEMENT: then_block has terminator: 1[0m
[0;36m[2025-10-18 17:58:33.402] [DEBUG] [CODEGEN] IF-STATEMENT: Checking terminator for block: if.then13, has terminator: 1[0m
[0;36m[2025-10-18 17:58:33.402] [DEBUG] [CODEGEN] IF-STATEMENT CLEANUP: then_block=if.then13, has_term=1, is_empty=0[0m
[0;36m[2025-10-18 17:58:33.402] [DEBUG] [CODEGEN] IF-STATEMENT ENTRY: Current block before anything: if.end14[0m
[0;36m[2025-10-18 17:58:33.402] [DEBUG] [CODEGEN] Generating member access[0m
[0;36m[2025-10-18 17:58:33.402] [DEBUG] [CODEGEN] Looking for variable: block[0m
[0;36m[2025-10-18 17:58:33.402] [DEBUG] [CODEGEN] get_alloca result: found[0m
[0;36m[2025-10-18 17:58:33.402] [DEBUG] [CODEGEN] Accessing member: size[0m
[0;36m[2025-10-18 17:58:33.402] [DEBUG] [CODEGEN] TypeMapper::map_type() - successfully got kind: Struct (10)[0m
[0;36m[2025-10-18 17:58:33.402] [DEBUG] [CODEGEN] Member access using Cryo type tracking: var='block' type='HeapBlock' field_index=0[0m
[0;36m[2025-10-18 17:58:33.402] [DEBUG] [CODEGEN] Member access resolution successful: type_name='HeapBlock', member_name='size', field_index=0[0m
[0;36m[2025-10-18 17:58:33.402] [DEBUG] [CODEGEN] Loaded struct pointer for member access[0m
[0;36m[2025-10-18 17:58:33.402] [DEBUG] [CODEGEN] About to access field index 0 in struct with 4 fields[0m
[0;36m[2025-10-18 17:58:33.402] [DEBUG] [CODEGEN] Created GEP for field access[0m
[0;36m[2025-10-18 17:58:33.402] [DEBUG] [CODEGEN] Successfully generated field access for: size[0m
[0;36m[2025-10-18 17:58:33.402] [DEBUG] [CODEGEN] Generating sizeof expression[0m
[0;36m[2025-10-18 17:58:33.402] [DEBUG] [CODEGEN] IF-STATEMENT: About to create branch from block: if.end14 (ptr=0x5bbf0ef79120), has terminator before branch: 0[0m
[0;36m[2025-10-18 17:58:33.402] [DEBUG] [CODEGEN] IF-STATEMENT: After creating branch, block if.end14 (ptr=0x5bbf0ef79120) has terminator: 1[0m
[0;36m[2025-10-18 17:58:33.402] [DEBUG] [CODEGEN] IF-STATEMENT: Branch target: then_block=if.then19 (ptr=0x5bbf0ef794a0)[0m
[0;36m[2025-10-18 17:58:33.402] [DEBUG] [CODEGEN] IF-STATEMENT: Generating then block, insert point: if.then19[0m
[0;36m[2025-10-18 17:58:33.402] [DEBUG] [CODEGEN] IF-STATEMENT: then_block is empty: 1[0m
[0;36m[2025-10-18 17:58:33.402] [DEBUG] [CODEGEN] enter_scope: this=0x5bbf0eee2750, _value_context=0x5bbf0eee2a80[0m
[0;36m[2025-10-18 17:58:33.402] [DEBUG] [CODEGEN] Delegating intrinsic call to Intrinsics module: __printf__[0m
[0;36m[2025-10-18 17:58:33.402] [DEBUG] [CODEGEN] Visiting LiteralNode, kind: 9, value: "[DEBUG::RUNTIME] {HeapManager::allocate} Splitting block: ptr=%p\n"[0m
[0;36m[2025-10-18 17:58:33.402] [DEBUG] [CODEGEN] Checking member access object type for method: get_user_data_ptr[0m
[0;36m[2025-10-18 17:58:33.402] [DEBUG] [CODEGEN]   Object is IdentifierNode[0m
[0;36m[2025-10-18 17:58:33.402] [DEBUG] [CODEGEN] Member access with object identifier: 'block'[0m
[0;36m[2025-10-18 17:58:33.402] [DEBUG] [CODEGEN] Object value found, proceeding with struct method call[0m
[0;36m[2025-10-18 17:58:33.402] [DEBUG] [CODEGEN] Using type name 'HeapBlock*' for method lookup[0m
[0;36m[2025-10-18 17:58:33.402] [DEBUG] [CODEGEN] About to build method name with type: 'HeapBlock*', member: 'get_user_data_ptr'[0m
[0;36m[2025-10-18 17:58:33.402] [DEBUG] [CODEGEN] Stripped pointer asterisk: 'HeapBlock*' -> 'HeapBlock'[0m
[0;36m[2025-10-18 17:58:33.402] [DEBUG] [CODEGEN] Built method name: 'std::Runtime::HeapBlock::get_user_data_ptr'[0m
[0;36m[2025-10-18 17:58:33.402] [DEBUG] [CODEGEN] Found method: std::Runtime::HeapBlock::get_user_data_ptr[0m
[0;36m[2025-10-18 17:58:33.402] [DEBUG] [CODEGEN] Method function type: 1 params[0m
[0;36m[2025-10-18 17:58:33.402] [DEBUG] [CODEGEN] Loaded pointer for struct method call[0m
[0;36m[2025-10-18 17:58:33.402] [DEBUG] [CODEGEN] Calling method with 1 arguments[0m
[0;36m[2025-10-18 17:58:33.402] [DEBUG] [CODEGEN] Generating intrinsic call: __printf__[0m
[0;36m[2025-10-18 17:58:33.402] [DEBUG] [CODEGEN] VarDecl start: this=0x5bbf0eee2750, _value_context=0x5bbf0eee2a80[0m
[0;36m[2025-10-18 17:58:33.403] [DEBUG] [CODEGEN] Variable Declaration: name='new_block', type='HeapBlock*'[0m
[0;36m[2025-10-18 17:58:33.403] [DEBUG] [CODEGEN] TypeMapper::map_type() - successfully got kind: Pointer (7)[0m
[0;36m[2025-10-18 17:58:33.403] [DEBUG] [CODEGEN] Creating local variable: new_block[0m
[0;36m[2025-10-18 17:58:33.403] [DEBUG] [CODEGEN] Pointer variable 'new_block' type 'HeapBlock*'[0m
[0;36m[2025-10-18 17:58:33.403] [DEBUG] [CODEGEN] Pointer element type set to full pointer type[0m
[0;36m[2025-10-18 17:58:33.403] [DEBUG] [CODEGEN] Checking member access object type for method: split[0m
[0;36m[2025-10-18 17:58:33.403] [DEBUG] [CODEGEN]   Object is IdentifierNode[0m
[0;36m[2025-10-18 17:58:33.403] [DEBUG] [CODEGEN] Member access with object identifier: 'block'[0m
[0;36m[2025-10-18 17:58:33.403] [DEBUG] [CODEGEN] Object value found, proceeding with struct method call[0m
[0;36m[2025-10-18 17:58:33.403] [DEBUG] [CODEGEN] Using type name 'HeapBlock*' for method lookup[0m
[0;36m[2025-10-18 17:58:33.403] [DEBUG] [CODEGEN] About to build method name with type: 'HeapBlock*', member: 'split'[0m
[0;36m[2025-10-18 17:58:33.403] [DEBUG] [CODEGEN] Stripped pointer asterisk: 'HeapBlock*' -> 'HeapBlock'[0m
[0;36m[2025-10-18 17:58:33.403] [DEBUG] [CODEGEN] Built method name: 'std::Runtime::HeapBlock::split'[0m
[0;36m[2025-10-18 17:58:33.403] [DEBUG] [CODEGEN] Found method: std::Runtime::HeapBlock::split[0m
[0;36m[2025-10-18 17:58:33.403] [DEBUG] [CODEGEN] Method function type: 2 params[0m
[0;36m[2025-10-18 17:58:33.403] [DEBUG] [CODEGEN] Loaded pointer for struct method call[0m
[0;36m[2025-10-18 17:58:33.403] [DEBUG] [CODEGEN] Calling method with 2 arguments[0m
[0;36m[2025-10-18 17:58:33.403] [DEBUG] [CODEGEN] IF-STATEMENT ENTRY: Current block before anything: if.then19[0m
[0;36m[2025-10-18 17:58:33.403] [DEBUG] [CODEGEN] Visiting LiteralNode, kind: 104, value: null[0m
[0;36m[2025-10-18 17:58:33.403] [DEBUG] [CODEGEN] IF-STATEMENT: About to create branch from block: if.then19 (ptr=0x5bbf0ef794a0), has terminator before branch: 0[0m
[0;36m[2025-10-18 17:58:33.403] [DEBUG] [CODEGEN] IF-STATEMENT: After creating branch, block if.then19 (ptr=0x5bbf0ef794a0) has terminator: 1[0m
[0;36m[2025-10-18 17:58:33.403] [DEBUG] [CODEGEN] IF-STATEMENT: Branch target: then_block=if.then25 (ptr=0x5bbf0ef7a0c0)[0m
[0;36m[2025-10-18 17:58:33.403] [DEBUG] [CODEGEN] IF-STATEMENT: Generating then block, insert point: if.then25[0m
[0;36m[2025-10-18 17:58:33.403] [DEBUG] [CODEGEN] IF-STATEMENT: then_block is empty: 1[0m
[0;36m[2025-10-18 17:58:33.403] [DEBUG] [CODEGEN] enter_scope: this=0x5bbf0eee2750, _value_context=0x5bbf0eee2a80[0m
[0;36m[2025-10-18 17:58:33.403] [DEBUG] [CODEGEN] Checking member access object type for method: add_block[0m
[0;36m[2025-10-18 17:58:33.403] [DEBUG] [CODEGEN]   Object is MemberAccessNode (NESTED ACCESS)[0m
[0;36m[2025-10-18 17:58:33.403] [DEBUG] [CODEGEN] Found nested member access: object is also a MemberAccessNode[0m
[0;36m[2025-10-18 17:58:33.403] [DEBUG] [CODEGEN] Nested member access resolved type from TypeChecker: FreeListManager[0m
[0;36m[2025-10-18 17:58:33.403] [DEBUG] [CODEGEN] Nested object type: 'FreeListManager'[0m
[0;36m[2025-10-18 17:58:33.403] [DEBUG] [CODEGEN] Looking up nested method: 'std::Runtime::FreeListManager::add_block'[0m
[0;36m[2025-10-18 17:58:33.403] [DEBUG] [CODEGEN] Found nested method: std::Runtime::FreeListManager::add_block[0m
[0;36m[2025-10-18 17:58:33.403] [DEBUG] [CODEGEN] Generating member access[0m
[0;36m[2025-10-18 17:58:33.403] [DEBUG] [CODEGEN] Looking for variable: this[0m
[0;36m[2025-10-18 17:58:33.403] [DEBUG] [CODEGEN] get_alloca result: found[0m
[0;36m[2025-10-18 17:58:33.403] [DEBUG] [CODEGEN] Accessing member: free_list[0m
[0;36m[2025-10-18 17:58:33.403] [DEBUG] [CODEGEN] Trying direct type resolution from LLVM type[0m
[0;36m[2025-10-18 17:58:33.403] [DEBUG] [CODEGEN] Member access allocated_type: valid[0m
[0;36m[2025-10-18 17:58:33.403] [DEBUG] [CODEGEN] Member access: this is a pointer type, searching for matching struct[0m
[0;36m[2025-10-18 17:58:33.403] [DEBUG] [CODEGEN] Found matching struct type: HeapManager, field index: 2[0m
[0;36m[2025-10-18 17:58:33.403] [DEBUG] [CODEGEN] Member access resolution successful: type_name='HeapManager', member_name='free_list', field_index=2[0m
[0;36m[2025-10-18 17:58:33.403] [DEBUG] [CODEGEN] Loaded struct pointer for member access[0m
[0;36m[2025-10-18 17:58:33.403] [DEBUG] [CODEGEN] About to access field index 2 in struct with 4 fields[0m
[0;36m[2025-10-18 17:58:33.403] [DEBUG] [CODEGEN] Created GEP for field access[0m
[0;36m[2025-10-18 17:58:33.403] [DEBUG] [CODEGEN] Successfully generated field access for: free_list[0m
[0;36m[2025-10-18 17:58:33.403] [DEBUG] [CODEGEN] Using field pointer for nested object method call[0m
[0;36m[2025-10-18 17:58:33.403] [DEBUG] [CODEGEN] Generated nested object pointer: SUCCESS[0m
[0;36m[2025-10-18 17:58:33.403] [DEBUG] [CODEGEN] Calling nested method with 2 arguments[0m
[0;36m[2025-10-18 17:58:33.403] [DEBUG] [CODEGEN] IF-STATEMENT: After then body generation, current block: if.then25[0m
[0;36m[2025-10-18 17:58:33.403] [DEBUG] [CODEGEN] IF-STATEMENT: then_block is empty: 0[0m
[0;36m[2025-10-18 17:58:33.403] [DEBUG] [CODEGEN] IF-STATEMENT: then_block has terminator: 0[0m
[0;36m[2025-10-18 17:58:33.403] [DEBUG] [CODEGEN] IF-STATEMENT: Checking terminator for block: if.then25, has terminator: 0[0m
[0;36m[2025-10-18 17:58:33.403] [DEBUG] [CODEGEN] IF-STATEMENT: Adding branch to merge block from current block[0m
[0;36m[2025-10-18 17:58:33.403] [DEBUG] [CODEGEN] IF-STATEMENT CLEANUP: then_block=if.then25, has_term=1, is_empty=0[0m
[0;36m[2025-10-18 17:58:33.403] [DEBUG] [CODEGEN] IF-STATEMENT: After then body generation, current block: if.end26[0m
[0;36m[2025-10-18 17:58:33.403] [DEBUG] [CODEGEN] IF-STATEMENT: then_block is empty: 0[0m
[0;36m[2025-10-18 17:58:33.403] [DEBUG] [CODEGEN] IF-STATEMENT: then_block has terminator: 1[0m
[0;36m[2025-10-18 17:58:33.403] [DEBUG] [CODEGEN] IF-STATEMENT: Checking terminator for block: if.end26, has terminator: 0[0m
[0;36m[2025-10-18 17:58:33.403] [DEBUG] [CODEGEN] IF-STATEMENT: Adding branch to merge block from current block[0m
[0;36m[2025-10-18 17:58:33.403] [DEBUG] [CODEGEN] IF-STATEMENT CLEANUP: then_block=if.then19, has_term=1, is_empty=0[0m
[0;36m[2025-10-18 17:58:33.403] [DEBUG] [CODEGEN] Checking member access object type for method: remove_block[0m
[0;36m[2025-10-18 17:58:33.403] [DEBUG] [CODEGEN]   Object is MemberAccessNode (NESTED ACCESS)[0m
[0;36m[2025-10-18 17:58:33.403] [DEBUG] [CODEGEN] Found nested member access: object is also a MemberAccessNode[0m
[0;36m[2025-10-18 17:58:33.403] [DEBUG] [CODEGEN] Nested member access resolved type from TypeChecker: FreeListManager[0m
[0;36m[2025-10-18 17:58:33.403] [DEBUG] [CODEGEN] Nested object type: 'FreeListManager'[0m
[0;36m[2025-10-18 17:58:33.403] [DEBUG] [CODEGEN] Looking up nested method: 'std::Runtime::FreeListManager::remove_block'[0m
[0;36m[2025-10-18 17:58:33.403] [DEBUG] [CODEGEN] Found nested method: std::Runtime::FreeListManager::remove_block[0m
[0;36m[2025-10-18 17:58:33.403] [DEBUG] [CODEGEN] Generating member access[0m
[0;36m[2025-10-18 17:58:33.403] [DEBUG] [CODEGEN] Looking for variable: this[0m
[0;36m[2025-10-18 17:58:33.403] [DEBUG] [CODEGEN] get_alloca result: found[0m
[0;36m[2025-10-18 17:58:33.403] [DEBUG] [CODEGEN] Accessing member: free_list[0m
[0;36m[2025-10-18 17:58:33.403] [DEBUG] [CODEGEN] Trying direct type resolution from LLVM type[0m
[0;36m[2025-10-18 17:58:33.403] [DEBUG] [CODEGEN] Member access allocated_type: valid[0m
[0;36m[2025-10-18 17:58:33.403] [DEBUG] [CODEGEN] Member access: this is a pointer type, searching for matching struct[0m
[0;36m[2025-10-18 17:58:33.403] [DEBUG] [CODEGEN] Found matching struct type: HeapManager, field index: 2[0m
[0;36m[2025-10-18 17:58:33.403] [DEBUG] [CODEGEN] Member access resolution successful: type_name='HeapManager', member_name='free_list', field_index=2[0m
[0;36m[2025-10-18 17:58:33.403] [DEBUG] [CODEGEN] Loaded struct pointer for member access[0m
[0;36m[2025-10-18 17:58:33.403] [DEBUG] [CODEGEN] About to access field index 2 in struct with 4 fields[0m
[0;36m[2025-10-18 17:58:33.403] [DEBUG] [CODEGEN] Created GEP for field access[0m
[0;36m[2025-10-18 17:58:33.404] [DEBUG] [CODEGEN] Successfully generated field access for: free_list[0m
[0;36m[2025-10-18 17:58:33.404] [DEBUG] [CODEGEN] Using field pointer for nested object method call[0m
[0;36m[2025-10-18 17:58:33.404] [DEBUG] [CODEGEN] Generated nested object pointer: SUCCESS[0m
[0;36m[2025-10-18 17:58:33.404] [DEBUG] [CODEGEN] Calling nested method with 2 arguments[0m
[0;36m[2025-10-18 17:58:33.404] [DEBUG] [CODEGEN] Checking member access object type for method: mark_allocated[0m
[0;36m[2025-10-18 17:58:33.404] [DEBUG] [CODEGEN]   Object is IdentifierNode[0m
[0;36m[2025-10-18 17:58:33.404] [DEBUG] [CODEGEN] Member access with object identifier: 'block'[0m
[0;36m[2025-10-18 17:58:33.404] [DEBUG] [CODEGEN] Object value found, proceeding with struct method call[0m
[0;36m[2025-10-18 17:58:33.404] [DEBUG] [CODEGEN] Using type name 'HeapBlock*' for method lookup[0m
[0;36m[2025-10-18 17:58:33.404] [DEBUG] [CODEGEN] About to build method name with type: 'HeapBlock*', member: 'mark_allocated'[0m
[0;36m[2025-10-18 17:58:33.404] [DEBUG] [CODEGEN] Stripped pointer asterisk: 'HeapBlock*' -> 'HeapBlock'[0m
[0;36m[2025-10-18 17:58:33.404] [DEBUG] [CODEGEN] Built method name: 'std::Runtime::HeapBlock::mark_allocated'[0m
[0;36m[2025-10-18 17:58:33.404] [DEBUG] [CODEGEN] Found method: std::Runtime::HeapBlock::mark_allocated[0m
[0;36m[2025-10-18 17:58:33.404] [DEBUG] [CODEGEN] Method function type: 1 params[0m
[0;36m[2025-10-18 17:58:33.404] [DEBUG] [CODEGEN] Loaded pointer for struct method call[0m
[0;36m[2025-10-18 17:58:33.404] [DEBUG] [CODEGEN] Calling method with 1 arguments[0m
[0;36m[2025-10-18 17:58:33.404] [DEBUG] [CODEGEN] Delegating intrinsic call to Intrinsics module: __printf__[0m
[0;36m[2025-10-18 17:58:33.404] [DEBUG] [CODEGEN] Visiting LiteralNode, kind: 9, value: "[DEBUG::RUNTIME] {HeapManager::allocate} Allocated memory: ptr=%p, size=%llu bytes\n"[0m
[0;36m[2025-10-18 17:58:33.404] [DEBUG] [CODEGEN] Checking member access object type for method: get_user_data_ptr[0m
[0;36m[2025-10-18 17:58:33.404] [DEBUG] [CODEGEN]   Object is IdentifierNode[0m
[0;36m[2025-10-18 17:58:33.404] [DEBUG] [CODEGEN] Member access with object identifier: 'block'[0m
[0;36m[2025-10-18 17:58:33.404] [DEBUG] [CODEGEN] Object value found, proceeding with struct method call[0m
[0;36m[2025-10-18 17:58:33.404] [DEBUG] [CODEGEN] Using type name 'HeapBlock*' for method lookup[0m
[0;36m[2025-10-18 17:58:33.404] [DEBUG] [CODEGEN] About to build method name with type: 'HeapBlock*', member: 'get_user_data_ptr'[0m
[0;36m[2025-10-18 17:58:33.404] [DEBUG] [CODEGEN] Stripped pointer asterisk: 'HeapBlock*' -> 'HeapBlock'[0m
[0;36m[2025-10-18 17:58:33.404] [DEBUG] [CODEGEN] Built method name: 'std::Runtime::HeapBlock::get_user_data_ptr'[0m
[0;36m[2025-10-18 17:58:33.404] [DEBUG] [CODEGEN] Found method: std::Runtime::HeapBlock::get_user_data_ptr[0m
[0;36m[2025-10-18 17:58:33.404] [DEBUG] [CODEGEN] Method function type: 1 params[0m
[0;36m[2025-10-18 17:58:33.404] [DEBUG] [CODEGEN] Loaded pointer for struct method call[0m
[0;36m[2025-10-18 17:58:33.404] [DEBUG] [CODEGEN] Calling method with 1 arguments[0m
[0;36m[2025-10-18 17:58:33.404] [DEBUG] [CODEGEN] Generating member access[0m
[0;36m[2025-10-18 17:58:33.404] [DEBUG] [CODEGEN] Looking for variable: block[0m
[0;36m[2025-10-18 17:58:33.404] [DEBUG] [CODEGEN] get_alloca result: found[0m
[0;36m[2025-10-18 17:58:33.404] [DEBUG] [CODEGEN] Accessing member: size[0m
[0;36m[2025-10-18 17:58:33.404] [DEBUG] [CODEGEN] TypeMapper::map_type() - successfully got kind: Struct (10)[0m
[0;36m[2025-10-18 17:58:33.404] [DEBUG] [CODEGEN] Member access using Cryo type tracking: var='block' type='HeapBlock' field_index=0[0m
[0;36m[2025-10-18 17:58:33.404] [DEBUG] [CODEGEN] Member access resolution successful: type_name='HeapBlock', member_name='size', field_index=0[0m
[0;36m[2025-10-18 17:58:33.404] [DEBUG] [CODEGEN] Loaded struct pointer for member access[0m
[0;36m[2025-10-18 17:58:33.404] [DEBUG] [CODEGEN] About to access field index 0 in struct with 4 fields[0m
[0;36m[2025-10-18 17:58:33.404] [DEBUG] [CODEGEN] Created GEP for field access[0m
[0;36m[2025-10-18 17:58:33.404] [DEBUG] [CODEGEN] Successfully generated field access for: size[0m
[0;36m[2025-10-18 17:58:33.404] [DEBUG] [CODEGEN] Generating intrinsic call: __printf__[0m
[0;36m[2025-10-18 17:58:33.404] [DEBUG] [CODEGEN] Checking member access object type for method: get_user_data_ptr[0m
[0;36m[2025-10-18 17:58:33.404] [DEBUG] [CODEGEN]   Object is IdentifierNode[0m
[0;36m[2025-10-18 17:58:33.404] [DEBUG] [CODEGEN] Member access with object identifier: 'block'[0m
[0;36m[2025-10-18 17:58:33.404] [DEBUG] [CODEGEN] Object value found, proceeding with struct method call[0m
[0;36m[2025-10-18 17:58:33.404] [DEBUG] [CODEGEN] Using type name 'HeapBlock*' for method lookup[0m
[0;36m[2025-10-18 17:58:33.404] [DEBUG] [CODEGEN] About to build method name with type: 'HeapBlock*', member: 'get_user_data_ptr'[0m
[0;36m[2025-10-18 17:58:33.404] [DEBUG] [CODEGEN] Stripped pointer asterisk: 'HeapBlock*' -> 'HeapBlock'[0m
[0;36m[2025-10-18 17:58:33.404] [DEBUG] [CODEGEN] Built method name: 'std::Runtime::HeapBlock::get_user_data_ptr'[0m
[0;36m[2025-10-18 17:58:33.404] [DEBUG] [CODEGEN] Found method: std::Runtime::HeapBlock::get_user_data_ptr[0m
[0;36m[2025-10-18 17:58:33.404] [DEBUG] [CODEGEN] Method function type: 1 params[0m
[0;36m[2025-10-18 17:58:33.404] [DEBUG] [CODEGEN] Loaded pointer for struct method call[0m
[0;36m[2025-10-18 17:58:33.404] [DEBUG] [CODEGEN] Calling method with 1 arguments[0m
[0;36m[2025-10-18 17:58:33.404] [DEBUG] [CODEGEN] Return statement: return_value = valid[0m
[0;36m[2025-10-18 17:58:33.404] [DEBUG] [CODEGEN] Return value type: 14[0m
[0;36m[2025-10-18 17:58:33.404] [DEBUG] [CODEGEN] Using direct return[0m
[0;36m[2025-10-18 17:58:33.404] [DEBUG] [CODEGEN] Generating method body: std::Runtime::HeapManager::reallocate[0m
[0;36m[2025-10-18 17:58:33.404] [DEBUG] [CODEGEN] enter_scope: this=0x5bbf0eee2750, _value_context=0x5bbf0eee2a80[0m
[0;36m[2025-10-18 17:58:33.404] [DEBUG] [CODEGEN] Setting up 'this' parameter for class method[0m
[0;36m[2025-10-18 17:58:33.404] [DEBUG] [AST] TypeContext::get_class_type() called with name='HeapManager'[0m
[0;36m[2025-10-18 17:58:33.404] [DEBUG] [CODEGEN] Stored 'this' parameter for class 'HeapManager' with class type[0m
[0;36m[2025-10-18 17:58:33.404] [DEBUG] [CODEGEN] 'this' parameter set up successfully for class method[0m
[0;36m[2025-10-18 17:58:33.404] [DEBUG] [CODEGEN] TypeMapper::map_type() - successfully got kind: Pointer (7)[0m
[0;36m[2025-10-18 17:58:33.405] [DEBUG] [CODEGEN] Stored parameter 'ptr' with type: void*[0m
[0;36m[2025-10-18 17:58:33.405] [DEBUG] [CODEGEN] TypeMapper::map_type() - successfully got kind: Integer (2)[0m
[0;36m[2025-10-18 17:58:33.405] [DEBUG] [CODEGEN] Stored parameter 'new_size' with type: u64[0m
[0;36m[2025-10-18 17:58:33.405] [DEBUG] [CODEGEN] IF-STATEMENT ENTRY: Current block before anything: entry[0m
[0;36m[2025-10-18 17:58:33.405] [DEBUG] [CODEGEN] Visiting LiteralNode, kind: 104, value: null[0m
[0;36m[2025-10-18 17:58:33.405] [DEBUG] [CODEGEN] IF-STATEMENT: About to create branch from block: entry (ptr=0x5bbf0ef7b0a0), has terminator before branch: 0[0m
[0;36m[2025-10-18 17:58:33.405] [DEBUG] [CODEGEN] IF-STATEMENT: After creating branch, block entry (ptr=0x5bbf0ef7b0a0) has terminator: 1[0m
[0;36m[2025-10-18 17:58:33.405] [DEBUG] [CODEGEN] IF-STATEMENT: Branch target: then_block=if.then (ptr=0x5bbf0ef7bcf0)[0m
[0;36m[2025-10-18 17:58:33.405] [DEBUG] [CODEGEN] IF-STATEMENT: Generating then block, insert point: if.then[0m
[0;36m[2025-10-18 17:58:33.405] [DEBUG] [CODEGEN] IF-STATEMENT: then_block is empty: 1[0m
[0;36m[2025-10-18 17:58:33.405] [DEBUG] [CODEGEN] enter_scope: this=0x5bbf0eee2750, _value_context=0x5bbf0eee2a80[0m
[0;36m[2025-10-18 17:58:33.405] [DEBUG] [CODEGEN] Checking member access object type for method: allocate[0m
[0;36m[2025-10-18 17:58:33.405] [DEBUG] [CODEGEN]   Object is IdentifierNode[0m
[0;36m[2025-10-18 17:58:33.405] [DEBUG] [CODEGEN] Member access with object identifier: 'this'[0m
[0;36m[2025-10-18 17:58:33.405] [DEBUG] [CODEGEN] Object value found, proceeding with struct method call[0m
[0;36m[2025-10-18 17:58:33.405] [DEBUG] [CODEGEN] Using type name 'HeapManager' for method lookup[0m
[0;36m[2025-10-18 17:58:33.405] [DEBUG] [CODEGEN] About to build method name with type: 'HeapManager', member: 'allocate'[0m
[0;36m[2025-10-18 17:58:33.405] [DEBUG] [CODEGEN] Built method name: 'std::Runtime::HeapManager::allocate'[0m
[0;36m[2025-10-18 17:58:33.405] [DEBUG] [CODEGEN] Found method: std::Runtime::HeapManager::allocate[0m
[0;36m[2025-10-18 17:58:33.405] [DEBUG] [CODEGEN] Method function type: 2 params[0m
[0;36m[2025-10-18 17:58:33.405] [DEBUG] [CODEGEN] Loaded pointer for struct method call[0m
[0;36m[2025-10-18 17:58:33.405] [DEBUG] [CODEGEN] Calling method with 2 arguments[0m
[0;36m[2025-10-18 17:58:33.405] [DEBUG] [CODEGEN] Return statement: return_value = valid[0m
[0;36m[2025-10-18 17:58:33.405] [DEBUG] [CODEGEN] Return value type: 14[0m
[0;36m[2025-10-18 17:58:33.405] [DEBUG] [CODEGEN] Using direct return[0m
[0;36m[2025-10-18 17:58:33.405] [DEBUG] [CODEGEN] IF-STATEMENT: After then body generation, current block: if.then[0m
[0;36m[2025-10-18 17:58:33.405] [DEBUG] [CODEGEN] IF-STATEMENT: then_block is empty: 0[0m
[0;36m[2025-10-18 17:58:33.405] [DEBUG] [CODEGEN] IF-STATEMENT: then_block has terminator: 1[0m
[0;36m[2025-10-18 17:58:33.405] [DEBUG] [CODEGEN] IF-STATEMENT: Checking terminator for block: if.then, has terminator: 1[0m
[0;36m[2025-10-18 17:58:33.405] [DEBUG] [CODEGEN] IF-STATEMENT CLEANUP: then_block=if.then, has_term=1, is_empty=0[0m
[0;36m[2025-10-18 17:58:33.405] [DEBUG] [CODEGEN] IF-STATEMENT ENTRY: Current block before anything: if.end[0m
[0;36m[2025-10-18 17:58:33.405] [DEBUG] [CODEGEN] Visiting LiteralNode, kind: 7, value: 0[0m
[0;36m[2025-10-18 17:58:33.405] [DEBUG] [CODEGEN] IF-STATEMENT: About to create branch from block: if.end (ptr=0x5bbf0ef7c880), has terminator before branch: 0[0m
[0;36m[2025-10-18 17:58:33.405] [DEBUG] [CODEGEN] IF-STATEMENT: After creating branch, block if.end (ptr=0x5bbf0ef7c880) has terminator: 1[0m
[0;36m[2025-10-18 17:58:33.405] [DEBUG] [CODEGEN] IF-STATEMENT: Branch target: then_block=if.then5 (ptr=0x5bbf0ef7ca30)[0m
[0;36m[2025-10-18 17:58:33.405] [DEBUG] [CODEGEN] IF-STATEMENT: Generating then block, insert point: if.then5[0m
[0;36m[2025-10-18 17:58:33.405] [DEBUG] [CODEGEN] IF-STATEMENT: then_block is empty: 1[0m
[0;36m[2025-10-18 17:58:33.405] [DEBUG] [CODEGEN] enter_scope: this=0x5bbf0eee2750, _value_context=0x5bbf0eee2a80[0m
[0;36m[2025-10-18 17:58:33.405] [DEBUG] [CODEGEN] Checking member access object type for method: deallocate[0m
[0;36m[2025-10-18 17:58:33.405] [DEBUG] [CODEGEN]   Object is IdentifierNode[0m
[0;36m[2025-10-18 17:58:33.405] [DEBUG] [CODEGEN] Member access with object identifier: 'this'[0m
[0;36m[2025-10-18 17:58:33.405] [DEBUG] [CODEGEN] Object value found, proceeding with struct method call[0m
[0;36m[2025-10-18 17:58:33.405] [DEBUG] [CODEGEN] Using type name 'HeapManager' for method lookup[0m
[0;36m[2025-10-18 17:58:33.405] [DEBUG] [CODEGEN] About to build method name with type: 'HeapManager', member: 'deallocate'[0m
[0;36m[2025-10-18 17:58:33.405] [DEBUG] [CODEGEN] Built method name: 'std::Runtime::HeapManager::deallocate'[0m
[0;36m[2025-10-18 17:58:33.405] [DEBUG] [CODEGEN] Found method: std::Runtime::HeapManager::deallocate[0m
[0;36m[2025-10-18 17:58:33.405] [DEBUG] [CODEGEN] Method function type: 2 params[0m
[0;36m[2025-10-18 17:58:33.405] [DEBUG] [CODEGEN] Loaded pointer for struct method call[0m
[0;36m[2025-10-18 17:58:33.405] [DEBUG] [CODEGEN] Calling method with 2 arguments[0m
[0;36m[2025-10-18 17:58:33.405] [DEBUG] [CODEGEN] Visiting LiteralNode, kind: 104, value: null[0m
[0;36m[2025-10-18 17:58:33.405] [DEBUG] [CODEGEN] Return statement: return_value = valid[0m
[0;36m[2025-10-18 17:58:33.405] [DEBUG] [CODEGEN] Return value type: 14[0m
[0;36m[2025-10-18 17:58:33.405] [DEBUG] [CODEGEN] Using direct return[0m
[0;36m[2025-10-18 17:58:33.405] [DEBUG] [CODEGEN] IF-STATEMENT: After then body generation, current block: if.then5[0m
[0;36m[2025-10-18 17:58:33.405] [DEBUG] [CODEGEN] IF-STATEMENT: then_block is empty: 0[0m
[0;36m[2025-10-18 17:58:33.405] [DEBUG] [CODEGEN] IF-STATEMENT: then_block has terminator: 1[0m
[0;36m[2025-10-18 17:58:33.405] [DEBUG] [CODEGEN] IF-STATEMENT: Checking terminator for block: if.then5, has terminator: 1[0m
[0;36m[2025-10-18 17:58:33.405] [DEBUG] [CODEGEN] IF-STATEMENT CLEANUP: then_block=if.then5, has_term=1, is_empty=0[0m
[0;36m[2025-10-18 17:58:33.405] [DEBUG] [CODEGEN] VarDecl start: this=0x5bbf0eee2750, _value_context=0x5bbf0eee2a80[0m
[0;36m[2025-10-18 17:58:33.405] [DEBUG] [CODEGEN] Variable Declaration: name='block', type='HeapBlock*'[0m
[0;36m[2025-10-18 17:58:33.405] [DEBUG] [CODEGEN] TypeMapper::map_type() - successfully got kind: Pointer (7)[0m
[0;36m[2025-10-18 17:58:33.405] [DEBUG] [CODEGEN] Creating local variable: block[0m
[0;36m[2025-10-18 17:58:33.405] [DEBUG] [CODEGEN] Pointer variable 'block' type 'HeapBlock*'[0m
[0;36m[2025-10-18 17:58:33.405] [DEBUG] [CODEGEN] Pointer element type set to full pointer type[0m
[0;36m[2025-10-18 17:58:33.405] [DEBUG] [CODEGEN] Checking member access object type for method: get_block_from_ptr[0m
[0;36m[2025-10-18 17:58:33.406] [DEBUG] [CODEGEN]   Object is IdentifierNode[0m
[0;36m[2025-10-18 17:58:33.406] [DEBUG] [CODEGEN] Member access with object identifier: 'this'[0m
[0;36m[2025-10-18 17:58:33.406] [DEBUG] [CODEGEN] Object value found, proceeding with struct method call[0m
[0;36m[2025-10-18 17:58:33.406] [DEBUG] [CODEGEN] Using type name 'HeapManager' for method lookup[0m
[0;36m[2025-10-18 17:58:33.406] [DEBUG] [CODEGEN] About to build method name with type: 'HeapManager', member: 'get_block_from_ptr'[0m
[0;36m[2025-10-18 17:58:33.406] [DEBUG] [CODEGEN] Built method name: 'std::Runtime::HeapManager::get_block_from_ptr'[0m
[0;36m[2025-10-18 17:58:33.406] [DEBUG] [CODEGEN] Found method: std::Runtime::HeapManager::get_block_from_ptr[0m
[0;36m[2025-10-18 17:58:33.406] [DEBUG] [CODEGEN] Method function type: 2 params[0m
[0;36m[2025-10-18 17:58:33.406] [DEBUG] [CODEGEN] Loaded pointer for struct method call[0m
[0;36m[2025-10-18 17:58:33.406] [DEBUG] [CODEGEN] Calling method with 2 arguments[0m
[0;36m[2025-10-18 17:58:33.406] [DEBUG] [CODEGEN] VarDecl start: this=0x5bbf0eee2750, _value_context=0x5bbf0eee2a80[0m
[0;36m[2025-10-18 17:58:33.406] [DEBUG] [CODEGEN] Variable Declaration: name='aligned_new_size', type='u64'[0m
[0;36m[2025-10-18 17:58:33.406] [DEBUG] [CODEGEN] TypeMapper::map_type() - successfully got kind: Integer (2)[0m
[0;36m[2025-10-18 17:58:33.406] [DEBUG] [CODEGEN] Creating local variable: aligned_new_size[0m
[0;36m[2025-10-18 17:58:33.406] [DEBUG] [CODEGEN] Checking member access object type for method: align_size[0m
[0;36m[2025-10-18 17:58:33.406] [DEBUG] [CODEGEN]   Object is IdentifierNode[0m
[0;36m[2025-10-18 17:58:33.406] [DEBUG] [CODEGEN] Member access with object identifier: 'this'[0m
[0;36m[2025-10-18 17:58:33.406] [DEBUG] [CODEGEN] Object value found, proceeding with struct method call[0m
[0;36m[2025-10-18 17:58:33.406] [DEBUG] [CODEGEN] Using type name 'HeapManager' for method lookup[0m
[0;36m[2025-10-18 17:58:33.406] [DEBUG] [CODEGEN] About to build method name with type: 'HeapManager', member: 'align_size'[0m
[0;36m[2025-10-18 17:58:33.406] [DEBUG] [CODEGEN] Built method name: 'std::Runtime::HeapManager::align_size'[0m
[0;36m[2025-10-18 17:58:33.406] [DEBUG] [CODEGEN] Found method: std::Runtime::HeapManager::align_size[0m
[0;36m[2025-10-18 17:58:33.406] [DEBUG] [CODEGEN] Method function type: 3 params[0m
[0;36m[2025-10-18 17:58:33.406] [DEBUG] [CODEGEN] Loaded pointer for struct method call[0m
[0;36m[2025-10-18 17:58:33.406] [DEBUG] [CODEGEN] Calling method with 3 arguments[0m
[0;36m[2025-10-18 17:58:33.406] [DEBUG] [CODEGEN] IF-STATEMENT ENTRY: Current block before anything: if.end6[0m
[0;36m[2025-10-18 17:58:33.406] [DEBUG] [CODEGEN] Generating member access[0m
[0;36m[2025-10-18 17:58:33.406] [DEBUG] [CODEGEN] Looking for variable: block[0m
[0;36m[2025-10-18 17:58:33.406] [DEBUG] [CODEGEN] get_alloca result: found[0m
[0;36m[2025-10-18 17:58:33.406] [DEBUG] [CODEGEN] Accessing member: size[0m
[0;36m[2025-10-18 17:58:33.406] [DEBUG] [CODEGEN] TypeMapper::map_type() - successfully got kind: Struct (10)[0m
[0;36m[2025-10-18 17:58:33.406] [DEBUG] [CODEGEN] Member access using Cryo type tracking: var='block' type='HeapBlock' field_index=0[0m
[0;36m[2025-10-18 17:58:33.406] [DEBUG] [CODEGEN] Member access resolution successful: type_name='HeapBlock', member_name='size', field_index=0[0m
[0;36m[2025-10-18 17:58:33.406] [DEBUG] [CODEGEN] Loaded struct pointer for member access[0m
[0;36m[2025-10-18 17:58:33.406] [DEBUG] [CODEGEN] About to access field index 0 in struct with 4 fields[0m
[0;36m[2025-10-18 17:58:33.406] [DEBUG] [CODEGEN] Created GEP for field access[0m
[0;36m[2025-10-18 17:58:33.406] [DEBUG] [CODEGEN] Successfully generated field access for: size[0m
[0;36m[2025-10-18 17:58:33.406] [DEBUG] [CODEGEN] IF-STATEMENT: About to create branch from block: if.end6 (ptr=0x5bbf0ef7cad0), has terminator before branch: 0[0m
[0;36m[2025-10-18 17:58:33.406] [DEBUG] [CODEGEN] IF-STATEMENT: After creating branch, block if.end6 (ptr=0x5bbf0ef7cad0) has terminator: 1[0m
[0;36m[2025-10-18 17:58:33.406] [DEBUG] [CODEGEN] IF-STATEMENT: Branch target: then_block=if.then14 (ptr=0x5bbf0ef7d1d0)[0m
[0;36m[2025-10-18 17:58:33.406] [DEBUG] [CODEGEN] IF-STATEMENT: Generating then block, insert point: if.then14[0m
[0;36m[2025-10-18 17:58:33.406] [DEBUG] [CODEGEN] IF-STATEMENT: then_block is empty: 1[0m
[0;36m[2025-10-18 17:58:33.406] [DEBUG] [CODEGEN] enter_scope: this=0x5bbf0eee2750, _value_context=0x5bbf0eee2a80[0m
[0;36m[2025-10-18 17:58:33.406] [DEBUG] [CODEGEN] Delegating intrinsic call to Intrinsics module: __printf__[0m
[0;36m[2025-10-18 17:58:33.406] [DEBUG] [CODEGEN] Visiting LiteralNode, kind: 9, value: "[DEBUG::RUNTIME] {HeapManager::reallocate} Reusing existing block\n"[0m
[0;36m[2025-10-18 17:58:33.406] [DEBUG] [CODEGEN] Generating intrinsic call: __printf__[0m
[0;36m[2025-10-18 17:58:33.406] [DEBUG] [CODEGEN] Return statement: return_value = valid[0m
[0;36m[2025-10-18 17:58:33.406] [DEBUG] [CODEGEN] Return value type: 14[0m
[0;36m[2025-10-18 17:58:33.406] [DEBUG] [CODEGEN] Using direct return[0m
[0;36m[2025-10-18 17:58:33.406] [DEBUG] [CODEGEN] IF-STATEMENT: After then body generation, current block: if.then14[0m
[0;36m[2025-10-18 17:58:33.406] [DEBUG] [CODEGEN] IF-STATEMENT: then_block is empty: 0[0m
[0;36m[2025-10-18 17:58:33.406] [DEBUG] [CODEGEN] IF-STATEMENT: then_block has terminator: 1[0m
[0;36m[2025-10-18 17:58:33.406] [DEBUG] [CODEGEN] IF-STATEMENT: Checking terminator for block: if.then14, has terminator: 1[0m
[0;36m[2025-10-18 17:58:33.406] [DEBUG] [CODEGEN] IF-STATEMENT CLEANUP: then_block=if.then14, has_term=1, is_empty=0[0m
[0;36m[2025-10-18 17:58:33.406] [DEBUG] [CODEGEN] VarDecl start: this=0x5bbf0eee2750, _value_context=0x5bbf0eee2a80[0m
[0;36m[2025-10-18 17:58:33.406] [DEBUG] [CODEGEN] Variable Declaration: name='new_ptr', type='void*'[0m
[0;36m[2025-10-18 17:58:33.406] [DEBUG] [CODEGEN] TypeMapper::map_type() - successfully got kind: Pointer (7)[0m
[0;36m[2025-10-18 17:58:33.406] [DEBUG] [CODEGEN] Creating local variable: new_ptr[0m
[0;36m[2025-10-18 17:58:33.406] [DEBUG] [CODEGEN] Pointer variable 'new_ptr' type 'void*'[0m
[0;36m[2025-10-18 17:58:33.406] [DEBUG] [CODEGEN] Pointer element type set to full pointer type[0m
[0;36m[2025-10-18 17:58:33.406] [DEBUG] [CODEGEN] Checking member access object type for method: allocate[0m
[0;36m[2025-10-18 17:58:33.406] [DEBUG] [CODEGEN]   Object is IdentifierNode[0m
[0;36m[2025-10-18 17:58:33.406] [DEBUG] [CODEGEN] Member access with object identifier: 'this'[0m
[0;36m[2025-10-18 17:58:33.406] [DEBUG] [CODEGEN] Object value found, proceeding with struct method call[0m
[0;36m[2025-10-18 17:58:33.406] [DEBUG] [CODEGEN] Using type name 'HeapManager' for method lookup[0m
[0;36m[2025-10-18 17:58:33.406] [DEBUG] [CODEGEN] About to build method name with type: 'HeapManager', member: 'allocate'[0m
[0;36m[2025-10-18 17:58:33.406] [DEBUG] [CODEGEN] Built method name: 'std::Runtime::HeapManager::allocate'[0m
[0;36m[2025-10-18 17:58:33.406] [DEBUG] [CODEGEN] Found method: std::Runtime::HeapManager::allocate[0m
[0;36m[2025-10-18 17:58:33.406] [DEBUG] [CODEGEN] Method function type: 2 params[0m
[0;36m[2025-10-18 17:58:33.406] [DEBUG] [CODEGEN] Loaded pointer for struct method call[0m
[0;36m[2025-10-18 17:58:33.406] [DEBUG] [CODEGEN] Calling method with 2 arguments[0m
[0;36m[2025-10-18 17:58:33.406] [DEBUG] [CODEGEN] IF-STATEMENT ENTRY: Current block before anything: if.end15[0m
[0;36m[2025-10-18 17:58:33.406] [DEBUG] [CODEGEN] Visiting LiteralNode, kind: 104, value: null[0m
[0;36m[2025-10-18 17:58:33.406] [DEBUG] [CODEGEN] IF-STATEMENT: About to create branch from block: if.end15 (ptr=0x5bbf0ef7df90), has terminator before branch: 0[0m
[0;36m[2025-10-18 17:58:33.406] [DEBUG] [CODEGEN] IF-STATEMENT: After creating branch, block if.end15 (ptr=0x5bbf0ef7df90) has terminator: 1[0m
[0;36m[2025-10-18 17:58:33.407] [DEBUG] [CODEGEN] IF-STATEMENT: Branch target: then_block=if.then20 (ptr=0x5bbf0ef7e660)[0m
[0;36m[2025-10-18 17:58:33.407] [DEBUG] [CODEGEN] IF-STATEMENT: Generating then block, insert point: if.then20[0m
[0;36m[2025-10-18 17:58:33.407] [DEBUG] [CODEGEN] IF-STATEMENT: then_block is empty: 1[0m
[0;36m[2025-10-18 17:58:33.407] [DEBUG] [CODEGEN] enter_scope: this=0x5bbf0eee2750, _value_context=0x5bbf0eee2a80[0m
[0;36m[2025-10-18 17:58:33.407] [DEBUG] [CODEGEN] Visiting LiteralNode, kind: 104, value: null[0m
[0;36m[2025-10-18 17:58:33.407] [DEBUG] [CODEGEN] Return statement: return_value = valid[0m
[0;36m[2025-10-18 17:58:33.407] [DEBUG] [CODEGEN] Return value type: 14[0m
[0;36m[2025-10-18 17:58:33.407] [DEBUG] [CODEGEN] Using direct return[0m
[0;36m[2025-10-18 17:58:33.407] [DEBUG] [CODEGEN] IF-STATEMENT: After then body generation, current block: if.then20[0m
[0;36m[2025-10-18 17:58:33.407] [DEBUG] [CODEGEN] IF-STATEMENT: then_block is empty: 0[0m
[0;36m[2025-10-18 17:58:33.407] [DEBUG] [CODEGEN] IF-STATEMENT: then_block has terminator: 1[0m
[0;36m[2025-10-18 17:58:33.407] [DEBUG] [CODEGEN] IF-STATEMENT: Checking terminator for block: if.then20, has terminator: 1[0m
[0;36m[2025-10-18 17:58:33.407] [DEBUG] [CODEGEN] IF-STATEMENT CLEANUP: then_block=if.then20, has_term=1, is_empty=0[0m
[0;36m[2025-10-18 17:58:33.407] [DEBUG] [CODEGEN] Processing function call: cryo_memcpy[0m
[0;36m[2025-10-18 17:58:33.407] [DEBUG] [CODEGEN] About to check template enum constructor for: cryo_memcpy[0m
[0;36m[2025-10-18 17:58:33.407] [DEBUG] [CODEGEN] Found function in symbol table: cryo_memcpy -> cryo_memcpy[0m
[0;36m[2025-10-18 17:58:33.407] [DEBUG] [CODEGEN] Generating member access[0m
[0;36m[2025-10-18 17:58:33.407] [DEBUG] [CODEGEN] Looking for variable: block[0m
[0;36m[2025-10-18 17:58:33.407] [DEBUG] [CODEGEN] get_alloca result: found[0m
[0;36m[2025-10-18 17:58:33.407] [DEBUG] [CODEGEN] Accessing member: size[0m
[0;36m[2025-10-18 17:58:33.407] [DEBUG] [CODEGEN] TypeMapper::map_type() - successfully got kind: Struct (10)[0m
[0;36m[2025-10-18 17:58:33.407] [DEBUG] [CODEGEN] Member access using Cryo type tracking: var='block' type='HeapBlock' field_index=0[0m
[0;36m[2025-10-18 17:58:33.407] [DEBUG] [CODEGEN] Member access resolution successful: type_name='HeapBlock', member_name='size', field_index=0[0m
[0;36m[2025-10-18 17:58:33.407] [DEBUG] [CODEGEN] Loaded struct pointer for member access[0m
[0;36m[2025-10-18 17:58:33.407] [DEBUG] [CODEGEN] About to access field index 0 in struct with 4 fields[0m
[0;36m[2025-10-18 17:58:33.407] [DEBUG] [CODEGEN] Created GEP for field access[0m
[0;36m[2025-10-18 17:58:33.407] [DEBUG] [CODEGEN] Successfully generated field access for: size[0m
[0;36m[2025-10-18 17:58:33.407] [DEBUG] [CODEGEN] Checking member access object type for method: deallocate[0m
[0;36m[2025-10-18 17:58:33.407] [DEBUG] [CODEGEN]   Object is IdentifierNode[0m
[0;36m[2025-10-18 17:58:33.407] [DEBUG] [CODEGEN] Member access with object identifier: 'this'[0m
[0;36m[2025-10-18 17:58:33.407] [DEBUG] [CODEGEN] Object value found, proceeding with struct method call[0m
[0;36m[2025-10-18 17:58:33.407] [DEBUG] [CODEGEN] Using type name 'HeapManager' for method lookup[0m
[0;36m[2025-10-18 17:58:33.407] [DEBUG] [CODEGEN] About to build method name with type: 'HeapManager', member: 'deallocate'[0m
[0;36m[2025-10-18 17:58:33.407] [DEBUG] [CODEGEN] Built method name: 'std::Runtime::HeapManager::deallocate'[0m
[0;36m[2025-10-18 17:58:33.407] [DEBUG] [CODEGEN] Found method: std::Runtime::HeapManager::deallocate[0m
[0;36m[2025-10-18 17:58:33.407] [DEBUG] [CODEGEN] Method function type: 2 params[0m
[0;36m[2025-10-18 17:58:33.407] [DEBUG] [CODEGEN] Loaded pointer for struct method call[0m
[0;36m[2025-10-18 17:58:33.407] [DEBUG] [CODEGEN] Calling method with 2 arguments[0m
[0;36m[2025-10-18 17:58:33.407] [DEBUG] [CODEGEN] Return statement: return_value = valid[0m
[0;36m[2025-10-18 17:58:33.407] [DEBUG] [CODEGEN] Return value type: 14[0m
[0;36m[2025-10-18 17:58:33.407] [DEBUG] [CODEGEN] Using direct return[0m
[0;36m[2025-10-18 17:58:33.407] [DEBUG] [CODEGEN] Generating method body: std::Runtime::HeapManager::deallocate[0m
[0;36m[2025-10-18 17:58:33.407] [DEBUG] [CODEGEN] enter_scope: this=0x5bbf0eee2750, _value_context=0x5bbf0eee2a80[0m
[0;36m[2025-10-18 17:58:33.407] [DEBUG] [CODEGEN] Setting up 'this' parameter for class method[0m
[0;36m[2025-10-18 17:58:33.407] [DEBUG] [AST] TypeContext::get_class_type() called with name='HeapManager'[0m
[0;36m[2025-10-18 17:58:33.407] [DEBUG] [CODEGEN] Stored 'this' parameter for class 'HeapManager' with class type[0m
[0;36m[2025-10-18 17:58:33.407] [DEBUG] [CODEGEN] 'this' parameter set up successfully for class method[0m
[0;36m[2025-10-18 17:58:33.407] [DEBUG] [CODEGEN] TypeMapper::map_type() - successfully got kind: Pointer (7)[0m
[0;36m[2025-10-18 17:58:33.407] [DEBUG] [CODEGEN] Stored parameter '_ptr' with type: void*[0m
[0;36m[2025-10-18 17:58:33.407] [DEBUG] [CODEGEN] Delegating intrinsic call to Intrinsics module: __printf__[0m
[0;36m[2025-10-18 17:58:33.407] [DEBUG] [CODEGEN] Visiting LiteralNode, kind: 9, value: "[DEBUG::RUNTIME] {HeapManager::deallocate} Freeing memory: ptr=%p\n"[0m
[0;36m[2025-10-18 17:58:33.407] [DEBUG] [CODEGEN] Generating intrinsic call: __printf__[0m
[0;36m[2025-10-18 17:58:33.407] [DEBUG] [CODEGEN] IF-STATEMENT ENTRY: Current block before anything: entry[0m
[0;36m[2025-10-18 17:58:33.407] [DEBUG] [CODEGEN] Visiting LiteralNode, kind: 104, value: null[0m
[0;36m[2025-10-18 17:58:33.407] [DEBUG] [CODEGEN] IF-STATEMENT: About to create branch from block: entry (ptr=0x5bbf0ef7f030), has terminator before branch: 0[0m
[0;36m[2025-10-18 17:58:33.407] [DEBUG] [CODEGEN] IF-STATEMENT: After creating branch, block entry (ptr=0x5bbf0ef7f030) has terminator: 1[0m
[0;36m[2025-10-18 17:58:33.407] [DEBUG] [CODEGEN] IF-STATEMENT: Branch target: then_block=if.then (ptr=0x5bbf0ef80260)[0m
[0;36m[2025-10-18 17:58:33.407] [DEBUG] [CODEGEN] IF-STATEMENT: Generating then block, insert point: if.then[0m
[0;36m[2025-10-18 17:58:33.407] [DEBUG] [CODEGEN] IF-STATEMENT: then_block is empty: 1[0m
[0;36m[2025-10-18 17:58:33.407] [DEBUG] [CODEGEN] enter_scope: this=0x5bbf0eee2750, _value_context=0x5bbf0eee2a80[0m
[0;36m[2025-10-18 17:58:33.407] [DEBUG] [CODEGEN] Delegating intrinsic call to Intrinsics module: __printf__[0m
[0;36m[2025-10-18 17:58:33.407] [DEBUG] [CODEGEN] Visiting LiteralNode, kind: 9, value: "[DEBUG::RUNTIME] {HeapManager::deallocate} Invalid pointer: null\n"[0m
[0;36m[2025-10-18 17:58:33.407] [DEBUG] [CODEGEN] Generating intrinsic call: __printf__[0m
[0;36m[2025-10-18 17:58:33.407] [DEBUG] [CODEGEN] Visiting LiteralNode, kind: 7, value: 0[0m
[0;36m[2025-10-18 17:58:33.407] [DEBUG] [AST] TypeContext::get_integer_type() called with kind=u64 is_signed=0[0m
[0;36m[2025-10-18 17:58:33.408] [DEBUG] [CODEGEN] TypeMapper::map_type() - successfully got kind: Integer (2)[0m
[0;36m[2025-10-18 17:58:33.408] [DEBUG] [CODEGEN] Return statement: return_value = valid[0m
[0;36m[2025-10-18 17:58:33.408] [DEBUG] [CODEGEN] Return value type: 12[0m
[0;36m[2025-10-18 17:58:33.408] [DEBUG] [CODEGEN] Using direct return[0m
[0;36m[2025-10-18 17:58:33.408] [DEBUG] [CODEGEN] IF-STATEMENT: After then body generation, current block: if.then[0m
[0;36m[2025-10-18 17:58:33.408] [DEBUG] [CODEGEN] IF-STATEMENT: then_block is empty: 0[0m
[0;36m[2025-10-18 17:58:33.408] [DEBUG] [CODEGEN] IF-STATEMENT: then_block has terminator: 1[0m
[0;36m[2025-10-18 17:58:33.408] [DEBUG] [CODEGEN] IF-STATEMENT: Checking terminator for block: if.then, has terminator: 1[0m
[0;36m[2025-10-18 17:58:33.408] [DEBUG] [CODEGEN] IF-STATEMENT CLEANUP: then_block=if.then, has_term=1, is_empty=0[0m
[0;36m[2025-10-18 17:58:33.408] [DEBUG] [CODEGEN] VarDecl start: this=0x5bbf0eee2750, _value_context=0x5bbf0eee2a80[0m
[0;36m[2025-10-18 17:58:33.408] [DEBUG] [CODEGEN] Variable Declaration: name='block', type='HeapBlock*'[0m
[0;36m[2025-10-18 17:58:33.408] [DEBUG] [CODEGEN] TypeMapper::map_type() - successfully got kind: Pointer (7)[0m
[0;36m[2025-10-18 17:58:33.408] [DEBUG] [CODEGEN] Creating local variable: block[0m
[0;36m[2025-10-18 17:58:33.408] [DEBUG] [CODEGEN] Pointer variable 'block' type 'HeapBlock*'[0m
[0;36m[2025-10-18 17:58:33.408] [DEBUG] [CODEGEN] Pointer element type set to full pointer type[0m
[0;36m[2025-10-18 17:58:33.408] [DEBUG] [CODEGEN] Checking member access object type for method: get_block_from_ptr[0m
[0;36m[2025-10-18 17:58:33.408] [DEBUG] [CODEGEN]   Object is IdentifierNode[0m
[0;36m[2025-10-18 17:58:33.408] [DEBUG] [CODEGEN] Member access with object identifier: 'this'[0m
[0;36m[2025-10-18 17:58:33.408] [DEBUG] [CODEGEN] Object value found, proceeding with struct method call[0m
[0;36m[2025-10-18 17:58:33.408] [DEBUG] [CODEGEN] Using type name 'HeapManager' for method lookup[0m
[0;36m[2025-10-18 17:58:33.408] [DEBUG] [CODEGEN] About to build method name with type: 'HeapManager', member: 'get_block_from_ptr'[0m
[0;36m[2025-10-18 17:58:33.408] [DEBUG] [CODEGEN] Built method name: 'std::Runtime::HeapManager::get_block_from_ptr'[0m
[0;36m[2025-10-18 17:58:33.408] [DEBUG] [CODEGEN] Found method: std::Runtime::HeapManager::get_block_from_ptr[0m
[0;36m[2025-10-18 17:58:33.408] [DEBUG] [CODEGEN] Method function type: 2 params[0m
[0;36m[2025-10-18 17:58:33.408] [DEBUG] [CODEGEN] Loaded pointer for struct method call[0m
[0;36m[2025-10-18 17:58:33.408] [DEBUG] [CODEGEN] Calling method with 2 arguments[0m
[0;36m[2025-10-18 17:58:33.408] [DEBUG] [CODEGEN] IF-STATEMENT ENTRY: Current block before anything: if.end[0m
[0;36m[2025-10-18 17:58:33.408] [DEBUG] [CODEGEN] Checking member access object type for method: is_valid[0m
[0;36m[2025-10-18 17:58:33.408] [DEBUG] [CODEGEN]   Object is IdentifierNode[0m
[0;36m[2025-10-18 17:58:33.408] [DEBUG] [CODEGEN] Member access with object identifier: 'block'[0m
[0;36m[2025-10-18 17:58:33.408] [DEBUG] [CODEGEN] Object value found, proceeding with struct method call[0m
[0;36m[2025-10-18 17:58:33.408] [DEBUG] [CODEGEN] Using type name 'HeapBlock*' for method lookup[0m
[0;36m[2025-10-18 17:58:33.408] [DEBUG] [CODEGEN] About to build method name with type: 'HeapBlock*', member: 'is_valid'[0m
[0;36m[2025-10-18 17:58:33.408] [DEBUG] [CODEGEN] Stripped pointer asterisk: 'HeapBlock*' -> 'HeapBlock'[0m
[0;36m[2025-10-18 17:58:33.408] [DEBUG] [CODEGEN] Built method name: 'std::Runtime::HeapBlock::is_valid'[0m
[0;36m[2025-10-18 17:58:33.408] [DEBUG] [CODEGEN] Found method: std::Runtime::HeapBlock::is_valid[0m
[0;36m[2025-10-18 17:58:33.408] [DEBUG] [CODEGEN] Method function type: 1 params[0m
[0;36m[2025-10-18 17:58:33.408] [DEBUG] [CODEGEN] Loaded pointer for struct method call[0m
[0;36m[2025-10-18 17:58:33.408] [DEBUG] [CODEGEN] Calling method with 1 arguments[0m
[0;36m[2025-10-18 17:58:33.408] [DEBUG] [CODEGEN] IF-STATEMENT: About to create branch from block: if.end (ptr=0x5bbf0ef80480), has terminator before branch: 0[0m
[0;36m[2025-10-18 17:58:33.408] [DEBUG] [CODEGEN] IF-STATEMENT: After creating branch, block if.end (ptr=0x5bbf0ef80480) has terminator: 1[0m
[0;36m[2025-10-18 17:58:33.408] [DEBUG] [CODEGEN] IF-STATEMENT: Branch target: then_block=if.then7 (ptr=0x5bbf0ef80700)[0m
[0;36m[2025-10-18 17:58:33.408] [DEBUG] [CODEGEN] IF-STATEMENT: Generating then block, insert point: if.then7[0m
[0;36m[2025-10-18 17:58:33.408] [DEBUG] [CODEGEN] IF-STATEMENT: then_block is empty: 1[0m
[0;36m[2025-10-18 17:58:33.408] [DEBUG] [CODEGEN] enter_scope: this=0x5bbf0eee2750, _value_context=0x5bbf0eee2a80[0m
[0;36m[2025-10-18 17:58:33.408] [DEBUG] [CODEGEN] Delegating intrinsic call to Intrinsics module: __printf__[0m
[0;36m[2025-10-18 17:58:33.408] [DEBUG] [CODEGEN] Visiting LiteralNode, kind: 9, value: "[DEBUG::RUNTIME] {HeapManager::deallocate} Invalid block detected during free: ptr=%p\n"[0m
[0;36m[2025-10-18 17:58:33.408] [DEBUG] [CODEGEN] Generating intrinsic call: __printf__[0m
[0;36m[2025-10-18 17:58:33.408] [DEBUG] [CODEGEN] Visiting LiteralNode, kind: 7, value: 0[0m
[0;36m[2025-10-18 17:58:33.408] [DEBUG] [AST] TypeContext::get_integer_type() called with kind=u64 is_signed=0[0m
[0;36m[2025-10-18 17:58:33.408] [DEBUG] [CODEGEN] TypeMapper::map_type() - successfully got kind: Integer (2)[0m
[0;36m[2025-10-18 17:58:33.408] [DEBUG] [CODEGEN] Return statement: return_value = valid[0m
[0;36m[2025-10-18 17:58:33.408] [DEBUG] [CODEGEN] Return value type: 12[0m
[0;36m[2025-10-18 17:58:33.408] [DEBUG] [CODEGEN] Using direct return[0m
[0;36m[2025-10-18 17:58:33.408] [DEBUG] [CODEGEN] IF-STATEMENT: After then body generation, current block: if.then7[0m
[0;36m[2025-10-18 17:58:33.408] [DEBUG] [CODEGEN] IF-STATEMENT: then_block is empty: 0[0m
[0;36m[2025-10-18 17:58:33.408] [DEBUG] [CODEGEN] IF-STATEMENT: then_block has terminator: 1[0m
[0;36m[2025-10-18 17:58:33.408] [DEBUG] [CODEGEN] IF-STATEMENT: Checking terminator for block: if.then7, has terminator: 1[0m
[0;36m[2025-10-18 17:58:33.408] [DEBUG] [CODEGEN] IF-STATEMENT CLEANUP: then_block=if.then7, has_term=1, is_empty=0[0m
[0;36m[2025-10-18 17:58:33.409] [DEBUG] [CODEGEN] IF-STATEMENT ENTRY: Current block before anything: if.end8[0m
[0;36m[2025-10-18 17:58:33.409] [DEBUG] [CODEGEN] Checking member access object type for method: is_free[0m
[0;36m[2025-10-18 17:58:33.409] [DEBUG] [CODEGEN]   Object is IdentifierNode[0m
[0;36m[2025-10-18 17:58:33.409] [DEBUG] [CODEGEN] Member access with object identifier: 'block'[0m
[0;36m[2025-10-18 17:58:33.409] [DEBUG] [CODEGEN] Object value found, proceeding with struct method call[0m
[0;36m[2025-10-18 17:58:33.409] [DEBUG] [CODEGEN] Using type name 'HeapBlock*' for method lookup[0m
[0;36m[2025-10-18 17:58:33.409] [DEBUG] [CODEGEN] About to build method name with type: 'HeapBlock*', member: 'is_free'[0m
[0;36m[2025-10-18 17:58:33.409] [DEBUG] [CODEGEN] Stripped pointer asterisk: 'HeapBlock*' -> 'HeapBlock'[0m
[0;36m[2025-10-18 17:58:33.409] [DEBUG] [CODEGEN] Built method name: 'std::Runtime::HeapBlock::is_free'[0m
[0;36m[2025-10-18 17:58:33.409] [DEBUG] [CODEGEN] Found method: std::Runtime::HeapBlock::is_free[0m
[0;36m[2025-10-18 17:58:33.409] [DEBUG] [CODEGEN] Method function type: 1 params[0m
[0;36m[2025-10-18 17:58:33.409] [DEBUG] [CODEGEN] Loaded pointer for struct method call[0m
[0;36m[2025-10-18 17:58:33.409] [DEBUG] [CODEGEN] Calling method with 1 arguments[0m
[0;36m[2025-10-18 17:58:33.409] [DEBUG] [CODEGEN] IF-STATEMENT: About to create branch from block: if.end8 (ptr=0x5bbf0ef81080), has terminator before branch: 0[0m
[0;36m[2025-10-18 17:58:33.409] [DEBUG] [CODEGEN] IF-STATEMENT: After creating branch, block if.end8 (ptr=0x5bbf0ef81080) has terminator: 1[0m
[0;36m[2025-10-18 17:58:33.409] [DEBUG] [CODEGEN] IF-STATEMENT: Branch target: then_block=if.then12 (ptr=0x5bbf0ef813c0)[0m
[0;36m[2025-10-18 17:58:33.409] [DEBUG] [CODEGEN] IF-STATEMENT: Generating then block, insert point: if.then12[0m
[0;36m[2025-10-18 17:58:33.409] [DEBUG] [CODEGEN] IF-STATEMENT: then_block is empty: 1[0m
[0;36m[2025-10-18 17:58:33.409] [DEBUG] [CODEGEN] enter_scope: this=0x5bbf0eee2750, _value_context=0x5bbf0eee2a80[0m
[0;36m[2025-10-18 17:58:33.409] [DEBUG] [CODEGEN] Delegating intrinsic call to Intrinsics module: __printf__[0m
[0;36m[2025-10-18 17:58:33.409] [DEBUG] [CODEGEN] Visiting LiteralNode, kind: 9, value: "[DEBUG::RUNTIME] {HeapManager::deallocate} Double free detected: ptr=%p\n"[0m
[0;36m[2025-10-18 17:58:33.409] [DEBUG] [CODEGEN] Generating intrinsic call: __printf__[0m
[0;36m[2025-10-18 17:58:33.409] [DEBUG] [CODEGEN] Delegating intrinsic call to Intrinsics module: __panic__[0m
[0;36m[2025-10-18 17:58:33.409] [DEBUG] [CODEGEN] Visiting LiteralNode, kind: 9, value: "{HeapManager::deallocate} Double free detected"[0m
[0;36m[2025-10-18 17:58:33.409] [DEBUG] [CODEGEN] Generating intrinsic call: __panic__[0m
[0;36m[2025-10-18 17:58:33.409] [DEBUG] [CODEGEN] Visiting LiteralNode, kind: 7, value: 0[0m
[0;36m[2025-10-18 17:58:33.409] [DEBUG] [AST] TypeContext::get_integer_type() called with kind=u64 is_signed=0[0m
[0;36m[2025-10-18 17:58:33.409] [DEBUG] [CODEGEN] TypeMapper::map_type() - successfully got kind: Integer (2)[0m
[0;36m[2025-10-18 17:58:33.409] [DEBUG] [CODEGEN] Return statement: return_value = valid[0m
[0;36m[2025-10-18 17:58:33.409] [DEBUG] [CODEGEN] Return value type: 12[0m
[0;36m[2025-10-18 17:58:33.409] [DEBUG] [CODEGEN] Using direct return[0m
[0;36m[2025-10-18 17:58:33.409] [DEBUG] [CODEGEN] IF-STATEMENT: After then body generation, current block: if.then12[0m
[0;36m[2025-10-18 17:58:33.409] [DEBUG] [CODEGEN] IF-STATEMENT: then_block is empty: 0[0m
[0;36m[2025-10-18 17:58:33.409] [DEBUG] [CODEGEN] IF-STATEMENT: then_block has terminator: 1[0m
[0;36m[2025-10-18 17:58:33.409] [DEBUG] [CODEGEN] IF-STATEMENT: Checking terminator for block: if.then12, has terminator: 1[0m
[0;36m[2025-10-18 17:58:33.409] [DEBUG] [CODEGEN] IF-STATEMENT CLEANUP: then_block=if.then12, has_term=1, is_empty=0[0m
[0;36m[2025-10-18 17:58:33.409] [DEBUG] [CODEGEN] VarDecl start: this=0x5bbf0eee2750, _value_context=0x5bbf0eee2a80[0m
[0;36m[2025-10-18 17:58:33.409] [DEBUG] [CODEGEN] Variable Declaration: name='block_size', type='u64'[0m
[0;36m[2025-10-18 17:58:33.409] [DEBUG] [CODEGEN] TypeMapper::map_type() - successfully got kind: Integer (2)[0m
[0;36m[2025-10-18 17:58:33.409] [DEBUG] [CODEGEN] Creating local variable: block_size[0m
[0;36m[2025-10-18 17:58:33.409] [DEBUG] [CODEGEN] Generating member access[0m
[0;36m[2025-10-18 17:58:33.409] [DEBUG] [CODEGEN] Looking for variable: block[0m
[0;36m[2025-10-18 17:58:33.409] [DEBUG] [CODEGEN] get_alloca result: found[0m
[0;36m[2025-10-18 17:58:33.409] [DEBUG] [CODEGEN] Accessing member: size[0m
[0;36m[2025-10-18 17:58:33.409] [DEBUG] [CODEGEN] TypeMapper::map_type() - successfully got kind: Struct (10)[0m
[0;36m[2025-10-18 17:58:33.409] [DEBUG] [CODEGEN] Member access using Cryo type tracking: var='block' type='HeapBlock' field_index=0[0m
[0;36m[2025-10-18 17:58:33.409] [DEBUG] [CODEGEN] Member access resolution successful: type_name='HeapBlock', member_name='size', field_index=0[0m
[0;36m[2025-10-18 17:58:33.409] [DEBUG] [CODEGEN] Loaded struct pointer for member access[0m
[0;36m[2025-10-18 17:58:33.409] [DEBUG] [CODEGEN] About to access field index 0 in struct with 4 fields[0m
[0;36m[2025-10-18 17:58:33.409] [DEBUG] [CODEGEN] Created GEP for field access[0m
[0;36m[2025-10-18 17:58:33.409] [DEBUG] [CODEGEN] Successfully generated field access for: size[0m
[0;36m[2025-10-18 17:58:33.409] [DEBUG] [CODEGEN] Checking member access object type for method: mark_free[0m
[0;36m[2025-10-18 17:58:33.409] [DEBUG] [CODEGEN]   Object is IdentifierNode[0m
[0;36m[2025-10-18 17:58:33.409] [DEBUG] [CODEGEN] Member access with object identifier: 'block'[0m
[0;36m[2025-10-18 17:58:33.409] [DEBUG] [CODEGEN] Object value found, proceeding with struct method call[0m
[0;36m[2025-10-18 17:58:33.409] [DEBUG] [CODEGEN] Using type name 'HeapBlock*' for method lookup[0m
[0;36m[2025-10-18 17:58:33.409] [DEBUG] [CODEGEN] About to build method name with type: 'HeapBlock*', member: 'mark_free'[0m
[0;36m[2025-10-18 17:58:33.409] [DEBUG] [CODEGEN] Stripped pointer asterisk: 'HeapBlock*' -> 'HeapBlock'[0m
[0;36m[2025-10-18 17:58:33.409] [DEBUG] [CODEGEN] Built method name: 'std::Runtime::HeapBlock::mark_free'[0m
[0;36m[2025-10-18 17:58:33.409] [DEBUG] [CODEGEN] Found method: std::Runtime::HeapBlock::mark_free[0m
[0;36m[2025-10-18 17:58:33.410] [DEBUG] [CODEGEN] Method function type: 1 params[0m
[0;36m[2025-10-18 17:58:33.410] [DEBUG] [CODEGEN] Loaded pointer for struct method call[0m
[0;36m[2025-10-18 17:58:33.410] [DEBUG] [CODEGEN] Calling method with 1 arguments[0m
[0;36m[2025-10-18 17:58:33.410] [DEBUG] [CODEGEN] Checking member access object type for method: add_block[0m
[0;36m[2025-10-18 17:58:33.410] [DEBUG] [CODEGEN]   Object is MemberAccessNode (NESTED ACCESS)[0m
[0;36m[2025-10-18 17:58:33.410] [DEBUG] [CODEGEN] Found nested member access: object is also a MemberAccessNode[0m
[0;36m[2025-10-18 17:58:33.410] [DEBUG] [CODEGEN] Nested member access resolved type from TypeChecker: FreeListManager[0m
[0;36m[2025-10-18 17:58:33.410] [DEBUG] [CODEGEN] Nested object type: 'FreeListManager'[0m
[0;36m[2025-10-18 17:58:33.410] [DEBUG] [CODEGEN] Looking up nested method: 'std::Runtime::FreeListManager::add_block'[0m
[0;36m[2025-10-18 17:58:33.410] [DEBUG] [CODEGEN] Found nested method: std::Runtime::FreeListManager::add_block[0m
[0;36m[2025-10-18 17:58:33.410] [DEBUG] [CODEGEN] Generating member access[0m
[0;36m[2025-10-18 17:58:33.410] [DEBUG] [CODEGEN] Looking for variable: this[0m
[0;36m[2025-10-18 17:58:33.410] [DEBUG] [CODEGEN] get_alloca result: found[0m
[0;36m[2025-10-18 17:58:33.410] [DEBUG] [CODEGEN] Accessing member: free_list[0m
[0;36m[2025-10-18 17:58:33.410] [DEBUG] [CODEGEN] Trying direct type resolution from LLVM type[0m
[0;36m[2025-10-18 17:58:33.410] [DEBUG] [CODEGEN] Member access allocated_type: valid[0m
[0;36m[2025-10-18 17:58:33.410] [DEBUG] [CODEGEN] Member access: this is a pointer type, searching for matching struct[0m
[0;36m[2025-10-18 17:58:33.410] [DEBUG] [CODEGEN] Found matching struct type: HeapManager, field index: 2[0m
[0;36m[2025-10-18 17:58:33.410] [DEBUG] [CODEGEN] Member access resolution successful: type_name='HeapManager', member_name='free_list', field_index=2[0m
[0;36m[2025-10-18 17:58:33.410] [DEBUG] [CODEGEN] Loaded struct pointer for member access[0m
[0;36m[2025-10-18 17:58:33.410] [DEBUG] [CODEGEN] About to access field index 2 in struct with 4 fields[0m
[0;36m[2025-10-18 17:58:33.410] [DEBUG] [CODEGEN] Created GEP for field access[0m
[0;36m[2025-10-18 17:58:33.410] [DEBUG] [CODEGEN] Successfully generated field access for: free_list[0m
[0;36m[2025-10-18 17:58:33.410] [DEBUG] [CODEGEN] Using field pointer for nested object method call[0m
[0;36m[2025-10-18 17:58:33.410] [DEBUG] [CODEGEN] Generated nested object pointer: SUCCESS[0m
[0;36m[2025-10-18 17:58:33.410] [DEBUG] [CODEGEN] Calling nested method with 2 arguments[0m
[0;36m[2025-10-18 17:58:33.410] [DEBUG] [CODEGEN] Checking member access object type for method: coalesce_block[0m
[0;36m[2025-10-18 17:58:33.410] [DEBUG] [CODEGEN]   Object is IdentifierNode[0m
[0;36m[2025-10-18 17:58:33.410] [DEBUG] [CODEGEN] Member access with object identifier: 'this'[0m
[0;36m[2025-10-18 17:58:33.410] [DEBUG] [CODEGEN] Object value found, proceeding with struct method call[0m
[0;36m[2025-10-18 17:58:33.410] [DEBUG] [CODEGEN] Using type name 'HeapManager' for method lookup[0m
[0;36m[2025-10-18 17:58:33.410] [DEBUG] [CODEGEN] About to build method name with type: 'HeapManager', member: 'coalesce_block'[0m
[0;36m[2025-10-18 17:58:33.410] [DEBUG] [CODEGEN] Built method name: 'std::Runtime::HeapManager::coalesce_block'[0m
[0;36m[2025-10-18 17:58:33.410] [DEBUG] [CODEGEN] Found method: std::Runtime::HeapManager::coalesce_block[0m
[0;36m[2025-10-18 17:58:33.410] [DEBUG] [CODEGEN] Method function type: 2 params[0m
[0;36m[2025-10-18 17:58:33.410] [DEBUG] [CODEGEN] Loaded pointer for struct method call[0m
[0;36m[2025-10-18 17:58:33.410] [DEBUG] [CODEGEN] Calling method with 2 arguments[0m
[0;36m[2025-10-18 17:58:33.410] [DEBUG] [CODEGEN] Delegating intrinsic call to Intrinsics module: __printf__[0m
[0;36m[2025-10-18 17:58:33.410] [DEBUG] [CODEGEN] Visiting LiteralNode, kind: 9, value: "[DEBUG::RUNTIME] {HeapManager::deallocate} Memory freed: ptr=%p\n"[0m
[0;36m[2025-10-18 17:58:33.410] [DEBUG] [CODEGEN] Generating intrinsic call: __printf__[0m
[0;36m[2025-10-18 17:58:33.410] [DEBUG] [CODEGEN] Return statement: return_value = valid[0m
[0;36m[2025-10-18 17:58:33.410] [DEBUG] [CODEGEN] Return value type: 12[0m
[0;36m[2025-10-18 17:58:33.410] [DEBUG] [CODEGEN] Using direct return[0m
[0;36m[2025-10-18 17:58:33.410] [DEBUG] [CODEGEN] Generating method body: std::Runtime::HeapManager::shutdown[0m
[0;36m[2025-10-18 17:58:33.410] [DEBUG] [CODEGEN] enter_scope: this=0x5bbf0eee2750, _value_context=0x5bbf0eee2a80[0m
[0;36m[2025-10-18 17:58:33.410] [DEBUG] [CODEGEN] Setting up 'this' parameter for class method[0m
[0;36m[2025-10-18 17:58:33.410] [DEBUG] [AST] TypeContext::get_class_type() called with name='HeapManager'[0m
[0;36m[2025-10-18 17:58:33.410] [DEBUG] [CODEGEN] Stored 'this' parameter for class 'HeapManager' with class type[0m
[0;36m[2025-10-18 17:58:33.410] [DEBUG] [CODEGEN] 'this' parameter set up successfully for class method[0m
[0;36m[2025-10-18 17:58:33.410] [DEBUG] [CODEGEN] IF-STATEMENT ENTRY: Current block before anything: entry[0m
[0;36m[2025-10-18 17:58:33.410] [DEBUG] [CODEGEN] Generating member access[0m
[0;36m[2025-10-18 17:58:33.410] [DEBUG] [CODEGEN] Looking for variable: this[0m
[0;36m[2025-10-18 17:58:33.410] [DEBUG] [CODEGEN] get_alloca result: found[0m
[0;36m[2025-10-18 17:58:33.410] [DEBUG] [CODEGEN] Accessing member: is_initialized[0m
[0;36m[2025-10-18 17:58:33.410] [DEBUG] [CODEGEN] Trying direct type resolution from LLVM type[0m
[0;36m[2025-10-18 17:58:33.410] [DEBUG] [CODEGEN] Member access allocated_type: valid[0m
[0;36m[2025-10-18 17:58:33.410] [DEBUG] [CODEGEN] Member access: this is a pointer type, searching for matching struct[0m
[0;36m[2025-10-18 17:58:33.410] [DEBUG] [CODEGEN] Found matching struct type: HeapManager, field index: 3[0m
[0;36m[2025-10-18 17:58:33.410] [DEBUG] [CODEGEN] Member access resolution successful: type_name='HeapManager', member_name='is_initialized', field_index=3[0m
[0;36m[2025-10-18 17:58:33.410] [DEBUG] [CODEGEN] Loaded struct pointer for member access[0m
[0;36m[2025-10-18 17:58:33.410] [DEBUG] [CODEGEN] About to access field index 3 in struct with 4 fields[0m
[0;36m[2025-10-18 17:58:33.410] [DEBUG] [CODEGEN] Created GEP for field access[0m
[0;36m[2025-10-18 17:58:33.410] [DEBUG] [CODEGEN] Successfully generated field access for: is_initialized[0m
[0;36m[2025-10-18 17:58:33.410] [DEBUG] [CODEGEN] SHORT-CIRCUIT: Entering short-circuit evaluation for operator: &&[0m
[0;36m[2025-10-18 17:58:33.410] [DEBUG] [CODEGEN] Short-circuit AND: About to evaluate right operand[0m
[0;36m[2025-10-18 17:58:33.410] [DEBUG] [CODEGEN] Generating member access[0m
[0;36m[2025-10-18 17:58:33.410] [DEBUG] [CODEGEN] Looking for variable: this[0m
[0;36m[2025-10-18 17:58:33.411] [DEBUG] [CODEGEN] get_alloca result: found[0m
[0;36m[2025-10-18 17:58:33.411] [DEBUG] [CODEGEN] Accessing member: heap_base[0m
[0;36m[2025-10-18 17:58:33.411] [DEBUG] [CODEGEN] Trying direct type resolution from LLVM type[0m
[0;36m[2025-10-18 17:58:33.411] [DEBUG] [CODEGEN] Member access allocated_type: valid[0m
[0;36m[2025-10-18 17:58:33.411] [DEBUG] [CODEGEN] Member access: this is a pointer type, searching for matching struct[0m
[0;36m[2025-10-18 17:58:33.411] [DEBUG] [CODEGEN] Found matching struct type: HeapManager, field index: 0[0m
[0;36m[2025-10-18 17:58:33.411] [DEBUG] [CODEGEN] Member access resolution successful: type_name='HeapManager', member_name='heap_base', field_index=0[0m
[0;36m[2025-10-18 17:58:33.411] [DEBUG] [CODEGEN] Loaded struct pointer for member access[0m
[0;36m[2025-10-18 17:58:33.411] [DEBUG] [CODEGEN] About to access field index 0 in struct with 4 fields[0m
[0;36m[2025-10-18 17:58:33.411] [DEBUG] [CODEGEN] Created GEP for field access[0m
[0;36m[2025-10-18 17:58:33.411] [DEBUG] [CODEGEN] Successfully generated field access for: heap_base[0m
[0;36m[2025-10-18 17:58:33.411] [DEBUG] [CODEGEN] Visiting LiteralNode, kind: 104, value: null[0m
[0;36m[2025-10-18 17:58:33.411] [DEBUG] [CODEGEN] Short-circuit AND: Right operand evaluated, right_val=non-null, builder now in block: land.rhs[0m
[0;36m[2025-10-18 17:58:33.411] [DEBUG] [CODEGEN] Short-circuit AND: right_val type: i1[0m
[0;36m[2025-10-18 17:58:33.411] [DEBUG] [CODEGEN] Short-circuit AND: right_val is already i1, no conversion needed[0m
[0;36m[2025-10-18 17:58:33.411] [DEBUG] [CODEGEN] Short-circuit AND: About to create branch to land_end[0m
[0;36m[2025-10-18 17:58:33.411] [DEBUG] [CODEGEN] Short-circuit AND: Branch created[0m
[0;36m[2025-10-18 17:58:33.411] [DEBUG] [CODEGEN] Short-circuit AND: land_lhs name=entry, land_rhs name=land.rhs, land_end name=land.end[0m
[0;36m[2025-10-18 17:58:33.411] [DEBUG] [CODEGEN] Short-circuit AND: land_lhs terminator=1, land_rhs terminator=1, land_end terminator=0[0m
[0;36m[2025-10-18 17:58:33.411] [DEBUG] [CODEGEN] Short-circuit AND: Builder position after setting to land_end: land.end[0m
[0;36m[2025-10-18 17:58:33.411] [DEBUG] [CODEGEN] IF-STATEMENT: About to create branch from block: land.end (ptr=0x5bbf0ef83bc0), has terminator before branch: 0[0m
[0;36m[2025-10-18 17:58:33.411] [DEBUG] [CODEGEN] IF-STATEMENT: After creating branch, block land.end (ptr=0x5bbf0ef83bc0) has terminator: 1[0m
[0;36m[2025-10-18 17:58:33.411] [DEBUG] [CODEGEN] IF-STATEMENT: Branch target: then_block=if.then (ptr=0x5bbf0ef84300)[0m
[0;36m[2025-10-18 17:58:33.411] [DEBUG] [CODEGEN] IF-STATEMENT: Generating then block, insert point: if.then[0m
[0;36m[2025-10-18 17:58:33.411] [DEBUG] [CODEGEN] IF-STATEMENT: then_block is empty: 1[0m
[0;36m[2025-10-18 17:58:33.411] [DEBUG] [CODEGEN] enter_scope: this=0x5bbf0eee2750, _value_context=0x5bbf0eee2a80[0m
[0;36m[2025-10-18 17:58:33.411] [DEBUG] [CODEGEN] Delegating intrinsic call to Intrinsics module: __munmap__[0m
[0;36m[2025-10-18 17:58:33.411] [DEBUG] [CODEGEN] Generating member access[0m
[0;36m[2025-10-18 17:58:33.411] [DEBUG] [CODEGEN] Looking for variable: this[0m
[0;36m[2025-10-18 17:58:33.411] [DEBUG] [CODEGEN] get_alloca result: found[0m
[0;36m[2025-10-18 17:58:33.411] [DEBUG] [CODEGEN] Accessing member: heap_base[0m
[0;36m[2025-10-18 17:58:33.411] [DEBUG] [CODEGEN] Trying direct type resolution from LLVM type[0m
[0;36m[2025-10-18 17:58:33.411] [DEBUG] [CODEGEN] Member access allocated_type: valid[0m
[0;36m[2025-10-18 17:58:33.411] [DEBUG] [CODEGEN] Member access: this is a pointer type, searching for matching struct[0m
[0;36m[2025-10-18 17:58:33.411] [DEBUG] [CODEGEN] Found matching struct type: HeapManager, field index: 0[0m
[0;36m[2025-10-18 17:58:33.411] [DEBUG] [CODEGEN] Member access resolution successful: type_name='HeapManager', member_name='heap_base', field_index=0[0m
[0;36m[2025-10-18 17:58:33.411] [DEBUG] [CODEGEN] Loaded struct pointer for member access[0m
[0;36m[2025-10-18 17:58:33.411] [DEBUG] [CODEGEN] About to access field index 0 in struct with 4 fields[0m
[0;36m[2025-10-18 17:58:33.411] [DEBUG] [CODEGEN] Created GEP for field access[0m
[0;36m[2025-10-18 17:58:33.411] [DEBUG] [CODEGEN] Successfully generated field access for: heap_base[0m
[0;36m[2025-10-18 17:58:33.411] [DEBUG] [CODEGEN] Generating member access[0m
[0;36m[2025-10-18 17:58:33.411] [DEBUG] [CODEGEN] Looking for variable: this[0m
[0;36m[2025-10-18 17:58:33.411] [DEBUG] [CODEGEN] get_alloca result: found[0m
[0;36m[2025-10-18 17:58:33.411] [DEBUG] [CODEGEN] Accessing member: heap_size[0m
[0;36m[2025-10-18 17:58:33.411] [DEBUG] [CODEGEN] Trying direct type resolution from LLVM type[0m
[0;36m[2025-10-18 17:58:33.411] [DEBUG] [CODEGEN] Member access allocated_type: valid[0m
[0;36m[2025-10-18 17:58:33.411] [DEBUG] [CODEGEN] Member access: this is a pointer type, searching for matching struct[0m
[0;36m[2025-10-18 17:58:33.411] [DEBUG] [CODEGEN] Found matching struct type: HeapManager, field index: 1[0m
[0;36m[2025-10-18 17:58:33.411] [DEBUG] [CODEGEN] Member access resolution successful: type_name='HeapManager', member_name='heap_size', field_index=1[0m
[0;36m[2025-10-18 17:58:33.411] [DEBUG] [CODEGEN] Loaded struct pointer for member access[0m
[0;36m[2025-10-18 17:58:33.411] [DEBUG] [CODEGEN] About to access field index 1 in struct with 4 fields[0m
[0;36m[2025-10-18 17:58:33.411] [DEBUG] [CODEGEN] Created GEP for field access[0m
[0;36m[2025-10-18 17:58:33.411] [DEBUG] [CODEGEN] Successfully generated field access for: heap_size[0m
[0;36m[2025-10-18 17:58:33.411] [DEBUG] [CODEGEN] Generating intrinsic call: __munmap__[0m
[0;36m[2025-10-18 17:58:33.411] [DEBUG] [CODEGEN] Visiting LiteralNode, kind: 104, value: null[0m
[0;36m[2025-10-18 17:58:33.411] [DEBUG] [CODEGEN] Visiting LiteralNode, kind: 103, value: false[0m
[0;36m[2025-10-18 17:58:33.411] [DEBUG] [CODEGEN] Delegating intrinsic call to Intrinsics module: __printf__[0m
[0;36m[2025-10-18 17:58:33.411] [DEBUG] [CODEGEN] Visiting LiteralNode, kind: 9, value: "[DEBUG::RUNTIME] {HeapManager::shutdown} Heap shutdown complete\n"[0m
[0;36m[2025-10-18 17:58:33.411] [DEBUG] [CODEGEN] Generating intrinsic call: __printf__[0m
[0;36m[2025-10-18 17:58:33.411] [DEBUG] [CODEGEN] IF-STATEMENT: After then body generation, current block: if.then[0m
[0;36m[2025-10-18 17:58:33.411] [DEBUG] [CODEGEN] IF-STATEMENT: then_block is empty: 0[0m
[0;36m[2025-10-18 17:58:33.412] [DEBUG] [CODEGEN] IF-STATEMENT: then_block has terminator: 1[0m
[0;36m[2025-10-18 17:58:33.412] [DEBUG] [CODEGEN] IF-STATEMENT: Checking terminator for block: if.then, has terminator: 1[0m
[0;36m[2025-10-18 17:58:33.412] [DEBUG] [CODEGEN] IF-STATEMENT CLEANUP: then_block=if.then, has_term=1, is_empty=0[0m
[0;36m[2025-10-18 17:58:33.412] [DEBUG] [CODEGEN] IF-STATEMENT ENTRY: Current block before anything: if.end[0m
[0;36m[2025-10-18 17:58:33.412] [DEBUG] [CODEGEN] Generating member access[0m
[0;36m[2025-10-18 17:58:33.412] [DEBUG] [CODEGEN] Looking for variable: this[0m
[0;36m[2025-10-18 17:58:33.412] [DEBUG] [CODEGEN] get_alloca result: found[0m
[0;36m[2025-10-18 17:58:33.412] [DEBUG] [CODEGEN] Accessing member: heap_base[0m
[0;36m[2025-10-18 17:58:33.412] [DEBUG] [CODEGEN] Trying direct type resolution from LLVM type[0m
[0;36m[2025-10-18 17:58:33.412] [DEBUG] [CODEGEN] Member access allocated_type: valid[0m
[0;36m[2025-10-18 17:58:33.412] [DEBUG] [CODEGEN] Member access: this is a pointer type, searching for matching struct[0m
[0;36m[2025-10-18 17:58:33.412] [DEBUG] [CODEGEN] Found matching struct type: HeapManager, field index: 0[0m
[0;36m[2025-10-18 17:58:33.412] [DEBUG] [CODEGEN] Member access resolution successful: type_name='HeapManager', member_name='heap_base', field_index=0[0m
[0;36m[2025-10-18 17:58:33.412] [DEBUG] [CODEGEN] Loaded struct pointer for member access[0m
[0;36m[2025-10-18 17:58:33.412] [DEBUG] [CODEGEN] About to access field index 0 in struct with 4 fields[0m
[0;36m[2025-10-18 17:58:33.412] [DEBUG] [CODEGEN] Created GEP for field access[0m
[0;36m[2025-10-18 17:58:33.412] [DEBUG] [CODEGEN] Successfully generated field access for: heap_base[0m
[0;36m[2025-10-18 17:58:33.412] [DEBUG] [CODEGEN] Visiting LiteralNode, kind: 104, value: null[0m
[0;36m[2025-10-18 17:58:33.412] [DEBUG] [CODEGEN] IF-STATEMENT: About to create branch from block: if.end (ptr=0x5bbf0ef84460), has terminator before branch: 0[0m
[0;36m[2025-10-18 17:58:33.412] [DEBUG] [CODEGEN] IF-STATEMENT: After creating branch, block if.end (ptr=0x5bbf0ef84460) has terminator: 1[0m
[0;36m[2025-10-18 17:58:33.412] [DEBUG] [CODEGEN] IF-STATEMENT: Branch target: then_block=if.then14 (ptr=0x5bbf0ef85490)[0m
[0;36m[2025-10-18 17:58:33.412] [DEBUG] [CODEGEN] IF-STATEMENT: Generating then block, insert point: if.then14[0m
[0;36m[2025-10-18 17:58:33.412] [DEBUG] [CODEGEN] IF-STATEMENT: then_block is empty: 1[0m
[0;36m[2025-10-18 17:58:33.412] [DEBUG] [CODEGEN] enter_scope: this=0x5bbf0eee2750, _value_context=0x5bbf0eee2a80[0m
[0;36m[2025-10-18 17:58:33.412] [DEBUG] [CODEGEN] Delegating intrinsic call to Intrinsics module: __printf__[0m
[0;36m[2025-10-18 17:58:33.412] [DEBUG] [CODEGEN] Visiting LiteralNode, kind: 9, value: "[DEBUG::RUNTIME] {HeapManager::shutdown} Heap base is null, cannot shutdown\n"[0m
[0;36m[2025-10-18 17:58:33.412] [DEBUG] [CODEGEN] Generating intrinsic call: __printf__[0m
[0;36m[2025-10-18 17:58:33.412] [DEBUG] [CODEGEN] IF-STATEMENT: After then body generation, current block: if.then14[0m
[0;36m[2025-10-18 17:58:33.412] [DEBUG] [CODEGEN] IF-STATEMENT: then_block is empty: 0[0m
[0;36m[2025-10-18 17:58:33.412] [DEBUG] [CODEGEN] IF-STATEMENT: then_block has terminator: 1[0m
[0;36m[2025-10-18 17:58:33.412] [DEBUG] [CODEGEN] IF-STATEMENT: Checking terminator for block: if.then14, has terminator: 1[0m
[0;36m[2025-10-18 17:58:33.412] [DEBUG] [CODEGEN] IF-STATEMENT CLEANUP: then_block=if.then14, has_term=1, is_empty=0[0m
[0;36m[2025-10-18 17:58:33.412] [DEBUG] [CODEGEN] IF-STATEMENT ENTRY: Current block before anything: if.end15[0m
[0;36m[2025-10-18 17:58:33.412] [DEBUG] [CODEGEN] Generating member access[0m
[0;36m[2025-10-18 17:58:33.412] [DEBUG] [CODEGEN] Looking for variable: this[0m
[0;36m[2025-10-18 17:58:33.412] [DEBUG] [CODEGEN] get_alloca result: found[0m
[0;36m[2025-10-18 17:58:33.412] [DEBUG] [CODEGEN] Accessing member: is_initialized[0m
[0;36m[2025-10-18 17:58:33.412] [DEBUG] [CODEGEN] Trying direct type resolution from LLVM type[0m
[0;36m[2025-10-18 17:58:33.412] [DEBUG] [CODEGEN] Member access allocated_type: valid[0m
[0;36m[2025-10-18 17:58:33.412] [DEBUG] [CODEGEN] Member access: this is a pointer type, searching for matching struct[0m
[0;36m[2025-10-18 17:58:33.412] [DEBUG] [CODEGEN] Found matching struct type: HeapManager, field index: 3[0m
[0;36m[2025-10-18 17:58:33.412] [DEBUG] [CODEGEN] Member access resolution successful: type_name='HeapManager', member_name='is_initialized', field_index=3[0m
[0;36m[2025-10-18 17:58:33.412] [DEBUG] [CODEGEN] Loaded struct pointer for member access[0m
[0;36m[2025-10-18 17:58:33.412] [DEBUG] [CODEGEN] About to access field index 3 in struct with 4 fields[0m
[0;36m[2025-10-18 17:58:33.412] [DEBUG] [CODEGEN] Created GEP for field access[0m
[0;36m[2025-10-18 17:58:33.412] [DEBUG] [CODEGEN] Successfully generated field access for: is_initialized[0m
[0;36m[2025-10-18 17:58:33.412] [DEBUG] [CODEGEN] IF-STATEMENT: About to create branch from block: if.end15 (ptr=0x5bbf0ef85830), has terminator before branch: 0[0m
[0;36m[2025-10-18 17:58:33.412] [DEBUG] [CODEGEN] IF-STATEMENT: After creating branch, block if.end15 (ptr=0x5bbf0ef85830) has terminator: 1[0m
[0;36m[2025-10-18 17:58:33.412] [DEBUG] [CODEGEN] IF-STATEMENT: Branch target: then_block=if.then20 (ptr=0x5bbf0ef85a50)[0m
[0;36m[2025-10-18 17:58:33.412] [DEBUG] [CODEGEN] IF-STATEMENT: Generating then block, insert point: if.then20[0m
[0;36m[2025-10-18 17:58:33.412] [DEBUG] [CODEGEN] IF-STATEMENT: then_block is empty: 1[0m
[0;36m[2025-10-18 17:58:33.412] [DEBUG] [CODEGEN] enter_scope: this=0x5bbf0eee2750, _value_context=0x5bbf0eee2a80[0m
[0;36m[2025-10-18 17:58:33.412] [DEBUG] [CODEGEN] Delegating intrinsic call to Intrinsics module: __printf__[0m
[0;36m[2025-10-18 17:58:33.412] [DEBUG] [CODEGEN] Visiting LiteralNode, kind: 9, value: "[DEBUG::RUNTIME] {HeapManager::shutdown} Heap not initialized, nothing to shutdown\n"[0m
[0;36m[2025-10-18 17:58:33.412] [DEBUG] [CODEGEN] Generating intrinsic call: __printf__[0m
[0;36m[2025-10-18 17:58:33.412] [DEBUG] [CODEGEN] IF-STATEMENT: After then body generation, current block: if.then20[0m
[0;36m[2025-10-18 17:58:33.412] [DEBUG] [CODEGEN] IF-STATEMENT: then_block is empty: 0[0m
[0;36m[2025-10-18 17:58:33.412] [DEBUG] [CODEGEN] IF-STATEMENT: then_block has terminator: 1[0m
[0;36m[2025-10-18 17:58:33.412] [DEBUG] [CODEGEN] IF-STATEMENT: Checking terminator for block: if.then20, has terminator: 1[0m
[0;36m[2025-10-18 17:58:33.412] [DEBUG] [CODEGEN] IF-STATEMENT CLEANUP: then_block=if.then20, has_term=1, is_empty=0[0m
[0;36m[2025-10-18 17:58:33.412] [DEBUG] [CODEGEN] Delegating intrinsic call to Intrinsics module: __printf__[0m
[0;36m[2025-10-18 17:58:33.412] [DEBUG] [CODEGEN] Visiting LiteralNode, kind: 9, value: "[DEBUG::RUNTIME] {HeapManager::shutdown} Heap not initialized or already shutdown\n"[0m
[0;36m[2025-10-18 17:58:33.413] [DEBUG] [CODEGEN] Generating intrinsic call: __printf__[0m
[0;36m[2025-10-18 17:58:33.413] [DEBUG] [CODEGEN] Generating method body: std::Runtime::HeapManager::align_size[0m
[0;36m[2025-10-18 17:58:33.413] [DEBUG] [CODEGEN] enter_scope: this=0x5bbf0eee2750, _value_context=0x5bbf0eee2a80[0m
[0;36m[2025-10-18 17:58:33.413] [DEBUG] [CODEGEN] Setting up 'this' parameter for class method[0m
[0;36m[2025-10-18 17:58:33.413] [DEBUG] [AST] TypeContext::get_class_type() called with name='HeapManager'[0m
[0;36m[2025-10-18 17:58:33.413] [DEBUG] [CODEGEN] Stored 'this' parameter for class 'HeapManager' with class type[0m
[0;36m[2025-10-18 17:58:33.413] [DEBUG] [CODEGEN] 'this' parameter set up successfully for class method[0m
[0;36m[2025-10-18 17:58:33.413] [DEBUG] [CODEGEN] TypeMapper::map_type() - successfully got kind: Integer (2)[0m
[0;36m[2025-10-18 17:58:33.413] [DEBUG] [CODEGEN] Stored parameter 'size' with type: u64[0m
[0;36m[2025-10-18 17:58:33.413] [DEBUG] [CODEGEN] TypeMapper::map_type() - successfully got kind: Integer (2)[0m
[0;36m[2025-10-18 17:58:33.413] [DEBUG] [CODEGEN] Stored parameter 'alignment' with type: u64[0m
[0;36m[2025-10-18 17:58:33.413] [DEBUG] [CODEGEN] IF-STATEMENT ENTRY: Current block before anything: entry[0m
[0;36m[2025-10-18 17:58:33.413] [DEBUG] [CODEGEN] Visiting LiteralNode, kind: 7, value: 0[0m
[0;36m[2025-10-18 17:58:33.413] [DEBUG] [CODEGEN] IF-STATEMENT: About to create branch from block: entry (ptr=0x5bbf0ef86150), has terminator before branch: 0[0m
[0;36m[2025-10-18 17:58:33.413] [DEBUG] [CODEGEN] IF-STATEMENT: After creating branch, block entry (ptr=0x5bbf0ef86150) has terminator: 1[0m
[0;36m[2025-10-18 17:58:33.413] [DEBUG] [CODEGEN] IF-STATEMENT: Branch target: then_block=if.then (ptr=0x5bbf0ef86370)[0m
[0;36m[2025-10-18 17:58:33.413] [DEBUG] [CODEGEN] IF-STATEMENT: Generating then block, insert point: if.then[0m
[0;36m[2025-10-18 17:58:33.413] [DEBUG] [CODEGEN] IF-STATEMENT: then_block is empty: 1[0m
[0;36m[2025-10-18 17:58:33.413] [DEBUG] [CODEGEN] enter_scope: this=0x5bbf0eee2750, _value_context=0x5bbf0eee2a80[0m
[0;36m[2025-10-18 17:58:33.413] [DEBUG] [CODEGEN] Delegating intrinsic call to Intrinsics module: __printf__[0m
[0;36m[2025-10-18 17:58:33.413] [DEBUG] [CODEGEN] Visiting LiteralNode, kind: 9, value: "[DEBUG::RUNTIME] {HeapManager::align_size} Invalid alignment: 0\n"[0m
[0;36m[2025-10-18 17:58:33.413] [DEBUG] [CODEGEN] Generating intrinsic call: __printf__[0m
[0;36m[2025-10-18 17:58:33.413] [DEBUG] [CODEGEN] Return statement: return_value = valid[0m
[0;36m[2025-10-18 17:58:33.413] [DEBUG] [CODEGEN] Return value type: 12[0m
[0;36m[2025-10-18 17:58:33.413] [DEBUG] [CODEGEN] Using direct return[0m
[0;36m[2025-10-18 17:58:33.413] [DEBUG] [CODEGEN] IF-STATEMENT: After then body generation, current block: if.then[0m
[0;36m[2025-10-18 17:58:33.413] [DEBUG] [CODEGEN] IF-STATEMENT: then_block is empty: 0[0m
[0;36m[2025-10-18 17:58:33.413] [DEBUG] [CODEGEN] IF-STATEMENT: then_block has terminator: 1[0m
[0;36m[2025-10-18 17:58:33.413] [DEBUG] [CODEGEN] IF-STATEMENT: Checking terminator for block: if.then, has terminator: 1[0m
[0;36m[2025-10-18 17:58:33.413] [DEBUG] [CODEGEN] IF-STATEMENT CLEANUP: then_block=if.then, has_term=1, is_empty=0[0m
[0;36m[2025-10-18 17:58:33.413] [DEBUG] [CODEGEN] Delegating intrinsic call to Intrinsics module: __printf__[0m
[0;36m[2025-10-18 17:58:33.413] [DEBUG] [CODEGEN] Visiting LiteralNode, kind: 9, value: "[DEBUG::RUNTIME] {HeapManager::align_size} Aligning size: original=%llu bytes, alignment=%llu bytes\n"[0m
[0;36m[2025-10-18 17:58:33.413] [DEBUG] [CODEGEN] Generating intrinsic call: __printf__[0m
[0;36m[2025-10-18 17:58:33.413] [DEBUG] [CODEGEN] VarDecl start: this=0x5bbf0eee2750, _value_context=0x5bbf0eee2a80[0m
[0;36m[2025-10-18 17:58:33.413] [DEBUG] [CODEGEN] Variable Declaration: name='size_plus_align', type='u64'[0m
[0;36m[2025-10-18 17:58:33.413] [DEBUG] [CODEGEN] TypeMapper::map_type() - successfully got kind: Integer (2)[0m
[0;36m[2025-10-18 17:58:33.413] [DEBUG] [CODEGEN] Creating local variable: size_plus_align[0m
[0;36m[2025-10-18 17:58:33.413] [DEBUG] [CODEGEN] VarDecl start: this=0x5bbf0eee2750, _value_context=0x5bbf0eee2a80[0m
[0;36m[2025-10-18 17:58:33.413] [DEBUG] [CODEGEN] Variable Declaration: name='size_plus_align_minus_1', type='u64'[0m
[0;36m[2025-10-18 17:58:33.413] [DEBUG] [CODEGEN] TypeMapper::map_type() - successfully got kind: Integer (2)[0m
[0;36m[2025-10-18 17:58:33.413] [DEBUG] [CODEGEN] Creating local variable: size_plus_align_minus_1[0m
[0;36m[2025-10-18 17:58:33.413] [DEBUG] [CODEGEN] Visiting LiteralNode, kind: 7, value: 1[0m
[0;36m[2025-10-18 17:58:33.413] [DEBUG] [AST] TypeContext::get_integer_type() called with kind=u64 is_signed=0[0m
[0;36m[2025-10-18 17:58:33.413] [DEBUG] [CODEGEN] TypeMapper::map_type() - successfully got kind: Integer (2)[0m
[0;36m[2025-10-18 17:58:33.413] [DEBUG] [CODEGEN] VarDecl start: this=0x5bbf0eee2750, _value_context=0x5bbf0eee2a80[0m
[0;36m[2025-10-18 17:58:33.413] [DEBUG] [CODEGEN] Variable Declaration: name='divided', type='u64'[0m
[0;36m[2025-10-18 17:58:33.413] [DEBUG] [CODEGEN] TypeMapper::map_type() - successfully got kind: Integer (2)[0m
[0;36m[2025-10-18 17:58:33.413] [DEBUG] [CODEGEN] Creating local variable: divided[0m
[0;36m[2025-10-18 17:58:33.413] [DEBUG] [CODEGEN] VarDecl start: this=0x5bbf0eee2750, _value_context=0x5bbf0eee2a80[0m
[0;36m[2025-10-18 17:58:33.413] [DEBUG] [CODEGEN] Variable Declaration: name='aligned', type='u64'[0m
[0;36m[2025-10-18 17:58:33.413] [DEBUG] [CODEGEN] TypeMapper::map_type() - successfully got kind: Integer (2)[0m
[0;36m[2025-10-18 17:58:33.413] [DEBUG] [CODEGEN] Creating local variable: aligned[0m
[0;36m[2025-10-18 17:58:33.413] [DEBUG] [CODEGEN] Return statement: return_value = valid[0m
[0;36m[2025-10-18 17:58:33.413] [DEBUG] [CODEGEN] Return value type: 12[0m
[0;36m[2025-10-18 17:58:33.413] [DEBUG] [CODEGEN] Using direct return[0m
[0;36m[2025-10-18 17:58:33.413] [DEBUG] [CODEGEN] Generating method body: std::Runtime::HeapManager::get_block_from_ptr[0m
[0;36m[2025-10-18 17:58:33.413] [DEBUG] [CODEGEN] enter_scope: this=0x5bbf0eee2750, _value_context=0x5bbf0eee2a80[0m
[0;36m[2025-10-18 17:58:33.413] [DEBUG] [CODEGEN] Setting up 'this' parameter for class method[0m
[0;36m[2025-10-18 17:58:33.413] [DEBUG] [AST] TypeContext::get_class_type() called with name='HeapManager'[0m
[0;36m[2025-10-18 17:58:33.413] [DEBUG] [CODEGEN] Stored 'this' parameter for class 'HeapManager' with class type[0m
[0;36m[2025-10-18 17:58:33.413] [DEBUG] [CODEGEN] 'this' parameter set up successfully for class method[0m
[0;36m[2025-10-18 17:58:33.413] [DEBUG] [CODEGEN] TypeMapper::map_type() - successfully got kind: Pointer (7)[0m
[0;36m[2025-10-18 17:58:33.413] [DEBUG] [CODEGEN] Stored parameter 'ptr' with type: void*[0m
[0;36m[2025-10-18 17:58:33.413] [DEBUG] [CODEGEN] Delegating intrinsic call to Intrinsics module: __printf__[0m
[0;36m[2025-10-18 17:58:33.413] [DEBUG] [CODEGEN] Visiting LiteralNode, kind: 9, value: "[DEBUG::RUNTIME] {HeapManager::get_block_from_ptr} Getting block header from pointer: ptr=%p\n"[0m
[0;36m[2025-10-18 17:58:33.413] [DEBUG] [CODEGEN] Generating intrinsic call: __printf__[0m
[0;36m[2025-10-18 17:58:33.413] [DEBUG] [CODEGEN] VarDecl start: this=0x5bbf0eee2750, _value_context=0x5bbf0eee2a80[0m
[0;36m[2025-10-18 17:58:33.413] [DEBUG] [CODEGEN] Variable Declaration: name='header_size', type='u64'[0m
[0;36m[2025-10-18 17:58:33.413] [DEBUG] [CODEGEN] TypeMapper::map_type() - successfully got kind: Integer (2)[0m
[0;36m[2025-10-18 17:58:33.414] [DEBUG] [CODEGEN] Creating local variable: header_size[0m
[0;36m[2025-10-18 17:58:33.414] [DEBUG] [CODEGEN] Generating sizeof expression[0m
[0;36m[2025-10-18 17:58:33.414] [DEBUG] [CODEGEN] Delegating intrinsic call to Intrinsics module: __ptr_sub__[0m
[0;36m[2025-10-18 17:58:33.414] [DEBUG] [CODEGEN] Generating intrinsic call: __ptr_sub__[0m
[0;36m[2025-10-18 17:58:33.414] [DEBUG] [CODEGEN] Return statement: return_value = valid[0m
[0;36m[2025-10-18 17:58:33.414] [DEBUG] [CODEGEN] Return value type: 14[0m
[0;36m[2025-10-18 17:58:33.414] [DEBUG] [CODEGEN] Using direct return[0m
[0;36m[2025-10-18 17:58:33.414] [DEBUG] [CODEGEN] Generating method body: std::Runtime::HeapManager::coalesce_block[0m
[0;36m[2025-10-18 17:58:33.414] [DEBUG] [CODEGEN] enter_scope: this=0x5bbf0eee2750, _value_context=0x5bbf0eee2a80[0m
[0;36m[2025-10-18 17:58:33.414] [DEBUG] [CODEGEN] Setting up 'this' parameter for class method[0m
[0;36m[2025-10-18 17:58:33.414] [DEBUG] [AST] TypeContext::get_class_type() called with name='HeapManager'[0m
[0;36m[2025-10-18 17:58:33.414] [DEBUG] [CODEGEN] Stored 'this' parameter for class 'HeapManager' with class type[0m
[0;36m[2025-10-18 17:58:33.414] [DEBUG] [CODEGEN] 'this' parameter set up successfully for class method[0m
[0;36m[2025-10-18 17:58:33.414] [DEBUG] [CODEGEN] TypeMapper::map_type() - successfully got kind: Pointer (7)[0m
[0;36m[2025-10-18 17:58:33.414] [DEBUG] [CODEGEN] Stored parameter 'block' with type: HeapBlock*[0m
[0;36m[2025-10-18 17:58:33.414] [DEBUG] [CODEGEN] Delegating intrinsic call to Intrinsics module: __printf__[0m
[0;36m[2025-10-18 17:58:33.414] [DEBUG] [CODEGEN] Visiting LiteralNode, kind: 9, value: "[DEBUG::RUNTIME] {HeapManager::coalesce_block} Coalescing block: ptr=%p\n"[0m
[0;36m[2025-10-18 17:58:33.414] [DEBUG] [CODEGEN] Checking member access object type for method: get_user_data_ptr[0m
[0;36m[2025-10-18 17:58:33.414] [DEBUG] [CODEGEN]   Object is IdentifierNode[0m
[0;36m[2025-10-18 17:58:33.414] [DEBUG] [CODEGEN] Member access with object identifier: 'block'[0m
[0;36m[2025-10-18 17:58:33.414] [DEBUG] [CODEGEN] Object value found, proceeding with struct method call[0m
[0;36m[2025-10-18 17:58:33.414] [DEBUG] [CODEGEN] Using type name 'HeapBlock*' for method lookup[0m
[0;36m[2025-10-18 17:58:33.414] [DEBUG] [CODEGEN] About to build method name with type: 'HeapBlock*', member: 'get_user_data_ptr'[0m
[0;36m[2025-10-18 17:58:33.414] [DEBUG] [CODEGEN] Stripped pointer asterisk: 'HeapBlock*' -> 'HeapBlock'[0m
[0;36m[2025-10-18 17:58:33.414] [DEBUG] [CODEGEN] Built method name: 'std::Runtime::HeapBlock::get_user_data_ptr'[0m
[0;36m[2025-10-18 17:58:33.414] [DEBUG] [CODEGEN] Found method: std::Runtime::HeapBlock::get_user_data_ptr[0m
[0;36m[2025-10-18 17:58:33.414] [DEBUG] [CODEGEN] Method function type: 1 params[0m
[0;36m[2025-10-18 17:58:33.414] [DEBUG] [CODEGEN] Loaded pointer for struct method call[0m
[0;36m[2025-10-18 17:58:33.414] [DEBUG] [CODEGEN] Calling method with 1 arguments[0m
[0;36m[2025-10-18 17:58:33.414] [DEBUG] [CODEGEN] Generating intrinsic call: __printf__[0m
[0;36m[2025-10-18 17:58:33.414] [DEBUG] [CODEGEN] Delegating intrinsic call to Intrinsics module: __printf__[0m
[0;36m[2025-10-18 17:58:33.414] [DEBUG] [CODEGEN] Visiting LiteralNode, kind: 9, value: "[DEBUG::RUNTIME] {HeapManager::coalesce_block} Block details: next=%p, prev=%p\n"[0m
[0;36m[2025-10-18 17:58:33.414] [DEBUG] [CODEGEN] Generating member access[0m
[0;36m[2025-10-18 17:58:33.414] [DEBUG] [CODEGEN] Looking for variable: block[0m
[0;36m[2025-10-18 17:58:33.414] [DEBUG] [CODEGEN] get_alloca result: found[0m
[0;36m[2025-10-18 17:58:33.414] [DEBUG] [CODEGEN] Accessing member: next[0m
[0;36m[2025-10-18 17:58:33.414] [DEBUG] [CODEGEN] TypeMapper::map_type() - successfully got kind: Struct (10)[0m
[0;36m[2025-10-18 17:58:33.414] [DEBUG] [CODEGEN] Member access using Cryo type tracking: var='block' type='HeapBlock' field_index=2[0m
[0;36m[2025-10-18 17:58:33.414] [DEBUG] [CODEGEN] Member access resolution successful: type_name='HeapBlock', member_name='next', field_index=2[0m
[0;36m[2025-10-18 17:58:33.414] [DEBUG] [CODEGEN] Loaded struct pointer for member access[0m
[0;36m[2025-10-18 17:58:33.414] [DEBUG] [CODEGEN] About to access field index 2 in struct with 4 fields[0m
[0;36m[2025-10-18 17:58:33.414] [DEBUG] [CODEGEN] Created GEP for field access[0m
[0;36m[2025-10-18 17:58:33.414] [DEBUG] [CODEGEN] Successfully generated field access for: next[0m
[0;36m[2025-10-18 17:58:33.414] [DEBUG] [CODEGEN] Generating member access[0m
[0;36m[2025-10-18 17:58:33.414] [DEBUG] [CODEGEN] Looking for variable: block[0m
[0;36m[2025-10-18 17:58:33.414] [DEBUG] [CODEGEN] get_alloca result: found[0m
[0;36m[2025-10-18 17:58:33.414] [DEBUG] [CODEGEN] Accessing member: prev[0m
[0;36m[2025-10-18 17:58:33.414] [DEBUG] [CODEGEN] TypeMapper::map_type() - successfully got kind: Struct (10)[0m
[0;36m[2025-10-18 17:58:33.414] [DEBUG] [CODEGEN] Member access using Cryo type tracking: var='block' type='HeapBlock' field_index=3[0m
[0;36m[2025-10-18 17:58:33.414] [DEBUG] [CODEGEN] Member access resolution successful: type_name='HeapBlock', member_name='prev', field_index=3[0m
[0;36m[2025-10-18 17:58:33.414] [DEBUG] [CODEGEN] Loaded struct pointer for member access[0m
[0;36m[2025-10-18 17:58:33.414] [DEBUG] [CODEGEN] About to access field index 3 in struct with 4 fields[0m
[0;36m[2025-10-18 17:58:33.414] [DEBUG] [CODEGEN] Created GEP for field access[0m
[0;36m[2025-10-18 17:58:33.414] [DEBUG] [CODEGEN] Successfully generated field access for: prev[0m
[0;36m[2025-10-18 17:58:33.414] [DEBUG] [CODEGEN] Generating intrinsic call: __printf__[0m
[0;36m[2025-10-18 17:58:33.414] [DEBUG] [CODEGEN] IF-STATEMENT ENTRY: Current block before anything: entry[0m
[0;36m[2025-10-18 17:58:33.414] [DEBUG] [CODEGEN] Generating member access[0m
[0;36m[2025-10-18 17:58:33.414] [DEBUG] [CODEGEN] Looking for variable: block[0m
[0;36m[2025-10-18 17:58:33.414] [DEBUG] [CODEGEN] get_alloca result: found[0m
[0;36m[2025-10-18 17:58:33.414] [DEBUG] [CODEGEN] Accessing member: next[0m
[0;36m[2025-10-18 17:58:33.414] [DEBUG] [CODEGEN] TypeMapper::map_type() - successfully got kind: Struct (10)[0m
[0;36m[2025-10-18 17:58:33.414] [DEBUG] [CODEGEN] Member access using Cryo type tracking: var='block' type='HeapBlock' field_index=2[0m
[0;36m[2025-10-18 17:58:33.414] [DEBUG] [CODEGEN] Member access resolution successful: type_name='HeapBlock', member_name='next', field_index=2[0m
[0;36m[2025-10-18 17:58:33.414] [DEBUG] [CODEGEN] Loaded struct pointer for member access[0m
[0;36m[2025-10-18 17:58:33.414] [DEBUG] [CODEGEN] About to access field index 2 in struct with 4 fields[0m
[0;36m[2025-10-18 17:58:33.414] [DEBUG] [CODEGEN] Created GEP for field access[0m
[0;36m[2025-10-18 17:58:33.414] [DEBUG] [CODEGEN] Successfully generated field access for: next[0m
[0;36m[2025-10-18 17:58:33.414] [DEBUG] [CODEGEN] Visiting LiteralNode, kind: 104, value: null[0m
[0;36m[2025-10-18 17:58:33.414] [DEBUG] [CODEGEN] IF-STATEMENT: About to create branch from block: entry (ptr=0x5bbf0ef71380), has terminator before branch: 0[0m
[0;36m[2025-10-18 17:58:33.414] [DEBUG] [CODEGEN] IF-STATEMENT: After creating branch, block entry (ptr=0x5bbf0ef71380) has terminator: 1[0m
[0;36m[2025-10-18 17:58:33.414] [DEBUG] [CODEGEN] IF-STATEMENT: Branch target: then_block=if.then (ptr=0x5bbf0ef71e40)[0m
[0;36m[2025-10-18 17:58:33.415] [DEBUG] [CODEGEN] IF-STATEMENT: Generating then block, insert point: if.then[0m
[0;36m[2025-10-18 17:58:33.415] [DEBUG] [CODEGEN] IF-STATEMENT: then_block is empty: 1[0m
[0;36m[2025-10-18 17:58:33.415] [DEBUG] [CODEGEN] enter_scope: this=0x5bbf0eee2750, _value_context=0x5bbf0eee2a80[0m
[0;36m[2025-10-18 17:58:33.415] [DEBUG] [CODEGEN] Delegating intrinsic call to Intrinsics module: __printf__[0m
[0;36m[2025-10-18 17:58:33.415] [DEBUG] [CODEGEN] Visiting LiteralNode, kind: 9, value: "[DEBUG::RUNTIME] {HeapManager::coalesce_block} Checking next block: ptr=%p\n"[0m
[0;36m[2025-10-18 17:58:33.415] [DEBUG] [CODEGEN] Generating member access[0m
[0;36m[2025-10-18 17:58:33.415] [DEBUG] [CODEGEN] Looking for variable: block[0m
[0;36m[2025-10-18 17:58:33.415] [DEBUG] [CODEGEN] get_alloca result: found[0m
[0;36m[2025-10-18 17:58:33.415] [DEBUG] [CODEGEN] Accessing member: next[0m
[0;36m[2025-10-18 17:58:33.415] [DEBUG] [CODEGEN] TypeMapper::map_type() - successfully got kind: Struct (10)[0m
[0;36m[2025-10-18 17:58:33.415] [DEBUG] [CODEGEN] Member access using Cryo type tracking: var='block' type='HeapBlock' field_index=2[0m
[0;36m[2025-10-18 17:58:33.415] [DEBUG] [CODEGEN] Member access resolution successful: type_name='HeapBlock', member_name='next', field_index=2[0m
[0;36m[2025-10-18 17:58:33.415] [DEBUG] [CODEGEN] Loaded struct pointer for member access[0m
[0;36m[2025-10-18 17:58:33.415] [DEBUG] [CODEGEN] About to access field index 2 in struct with 4 fields[0m
[0;36m[2025-10-18 17:58:33.415] [DEBUG] [CODEGEN] Created GEP for field access[0m
[0;36m[2025-10-18 17:58:33.415] [DEBUG] [CODEGEN] Successfully generated field access for: next[0m
[0;36m[2025-10-18 17:58:33.415] [DEBUG] [CODEGEN] Generating intrinsic call: __printf__[0m
[0;36m[2025-10-18 17:58:33.415] [DEBUG] [CODEGEN] IF-STATEMENT ENTRY: Current block before anything: if.then[0m
[0;36m[2025-10-18 17:58:33.415] [DEBUG] [CODEGEN] Checking member access object type for method: is_free[0m
[0;36m[2025-10-18 17:58:33.415] [DEBUG] [CODEGEN]   Object is MemberAccessNode (NESTED ACCESS)[0m
[0;36m[2025-10-18 17:58:33.415] [DEBUG] [CODEGEN] Found nested member access: object is also a MemberAccessNode[0m
[0;36m[2025-10-18 17:58:33.415] [DEBUG] [CODEGEN] Nested member access resolved type from TypeChecker: HeapBlock*[0m
[0;36m[2025-10-18 17:58:33.415] [DEBUG] [CODEGEN] Nested object type: 'HeapBlock*'[0m
[0;36m[2025-10-18 17:58:33.415] [DEBUG] [CODEGEN] Looking up nested method: 'std::Runtime::HeapBlock::is_free'[0m
[0;36m[2025-10-18 17:58:33.415] [DEBUG] [CODEGEN] Found nested method: std::Runtime::HeapBlock::is_free[0m
[0;36m[2025-10-18 17:58:33.415] [DEBUG] [CODEGEN] Generating member access[0m
[0;36m[2025-10-18 17:58:33.415] [DEBUG] [CODEGEN] Looking for variable: block[0m
[0;36m[2025-10-18 17:58:33.415] [DEBUG] [CODEGEN] get_alloca result: found[0m
[0;36m[2025-10-18 17:58:33.415] [DEBUG] [CODEGEN] Accessing member: next[0m
[0;36m[2025-10-18 17:58:33.415] [DEBUG] [CODEGEN] TypeMapper::map_type() - successfully got kind: Struct (10)[0m
[0;36m[2025-10-18 17:58:33.415] [DEBUG] [CODEGEN] Member access using Cryo type tracking: var='block' type='HeapBlock' field_index=2[0m
[0;36m[2025-10-18 17:58:33.415] [DEBUG] [CODEGEN] Member access resolution successful: type_name='HeapBlock', member_name='next', field_index=2[0m
[0;36m[2025-10-18 17:58:33.415] [DEBUG] [CODEGEN] Loaded struct pointer for member access[0m
[0;36m[2025-10-18 17:58:33.415] [DEBUG] [CODEGEN] About to access field index 2 in struct with 4 fields[0m
[0;36m[2025-10-18 17:58:33.415] [DEBUG] [CODEGEN] Created GEP for field access[0m
[0;36m[2025-10-18 17:58:33.415] [DEBUG] [CODEGEN] Successfully generated field access for: next[0m
[0;36m[2025-10-18 17:58:33.415] [DEBUG] [CODEGEN] Using field pointer for nested object method call[0m
[0;36m[2025-10-18 17:58:33.415] [DEBUG] [CODEGEN] Generated nested object pointer: SUCCESS[0m
[0;36m[2025-10-18 17:58:33.415] [DEBUG] [CODEGEN] Calling nested method with 1 arguments[0m
[0;36m[2025-10-18 17:58:33.415] [DEBUG] [CODEGEN] IF-STATEMENT: About to create branch from block: if.then (ptr=0x5bbf0ef71e40), has terminator before branch: 0[0m
[0;36m[2025-10-18 17:58:33.415] [DEBUG] [CODEGEN] IF-STATEMENT: After creating branch, block if.then (ptr=0x5bbf0ef71e40) has terminator: 1[0m
[0;36m[2025-10-18 17:58:33.415] [DEBUG] [CODEGEN] IF-STATEMENT: Branch target: then_block=if.then16 (ptr=0x5bbf0ef8bc80)[0m
[0;36m[2025-10-18 17:58:33.415] [DEBUG] [CODEGEN] IF-STATEMENT: Generating then block, insert point: if.then16[0m
[0;36m[2025-10-18 17:58:33.415] [DEBUG] [CODEGEN] IF-STATEMENT: then_block is empty: 1[0m
[0;36m[2025-10-18 17:58:33.415] [DEBUG] [CODEGEN] enter_scope: this=0x5bbf0eee2750, _value_context=0x5bbf0eee2a80[0m
[0;36m[2025-10-18 17:58:33.415] [DEBUG] [CODEGEN] Delegating intrinsic call to Intrinsics module: __printf__[0m
[0;36m[2025-10-18 17:58:33.415] [DEBUG] [CODEGEN] Visiting LiteralNode, kind: 9, value: "[DEBUG::RUNTIME] {HeapManager::coalesce_block} Coalescing with next block: ptr=%p\n"[0m
[0;36m[2025-10-18 17:58:33.415] [DEBUG] [CODEGEN] Checking member access object type for method: get_user_data_ptr[0m
[0;36m[2025-10-18 17:58:33.415] [DEBUG] [CODEGEN]   Object is MemberAccessNode (NESTED ACCESS)[0m
[0;36m[2025-10-18 17:58:33.415] [DEBUG] [CODEGEN] Found nested member access: object is also a MemberAccessNode[0m
[0;36m[2025-10-18 17:58:33.415] [DEBUG] [CODEGEN] Nested member access resolved type from TypeChecker: HeapBlock*[0m
[0;36m[2025-10-18 17:58:33.415] [DEBUG] [CODEGEN] Nested object type: 'HeapBlock*'[0m
[0;36m[2025-10-18 17:58:33.415] [DEBUG] [CODEGEN] Looking up nested method: 'std::Runtime::HeapBlock::get_user_data_ptr'[0m
[0;36m[2025-10-18 17:58:33.415] [DEBUG] [CODEGEN] Found nested method: std::Runtime::HeapBlock::get_user_data_ptr[0m
[0;36m[2025-10-18 17:58:33.415] [DEBUG] [CODEGEN] Generating member access[0m
[0;36m[2025-10-18 17:58:33.415] [DEBUG] [CODEGEN] Looking for variable: block[0m
[0;36m[2025-10-18 17:58:33.416] [DEBUG] [CODEGEN] get_alloca result: found[0m
[0;36m[2025-10-18 17:58:33.416] [DEBUG] [CODEGEN] Accessing member: next[0m
[0;36m[2025-10-18 17:58:33.416] [DEBUG] [CODEGEN] TypeMapper::map_type() - successfully got kind: Struct (10)[0m
[0;36m[2025-10-18 17:58:33.416] [DEBUG] [CODEGEN] Member access using Cryo type tracking: var='block' type='HeapBlock' field_index=2[0m
[0;36m[2025-10-18 17:58:33.416] [DEBUG] [CODEGEN] Member access resolution successful: type_name='HeapBlock', member_name='next', field_index=2[0m
[0;36m[2025-10-18 17:58:33.416] [DEBUG] [CODEGEN] Loaded struct pointer for member access[0m
[0;36m[2025-10-18 17:58:33.416] [DEBUG] [CODEGEN] About to access field index 2 in struct with 4 fields[0m
[0;36m[2025-10-18 17:58:33.416] [DEBUG] [CODEGEN] Created GEP for field access[0m
[0;36m[2025-10-18 17:58:33.416] [DEBUG] [CODEGEN] Successfully generated field access for: next[0m
[0;36m[2025-10-18 17:58:33.416] [DEBUG] [CODEGEN] Using field pointer for nested object method call[0m
[0;36m[2025-10-18 17:58:33.416] [DEBUG] [CODEGEN] Generated nested object pointer: SUCCESS[0m
[0;36m[2025-10-18 17:58:33.416] [DEBUG] [CODEGEN] Calling nested method with 1 arguments[0m
[0;36m[2025-10-18 17:58:33.416] [DEBUG] [CODEGEN] Generating intrinsic call: __printf__[0m
[0;36m[2025-10-18 17:58:33.416] [DEBUG] [CODEGEN] Checking member access object type for method: remove_block[0m
[0;36m[2025-10-18 17:58:33.416] [DEBUG] [CODEGEN]   Object is MemberAccessNode (NESTED ACCESS)[0m
[0;36m[2025-10-18 17:58:33.416] [DEBUG] [CODEGEN] Found nested member access: object is also a MemberAccessNode[0m
[0;36m[2025-10-18 17:58:33.416] [DEBUG] [CODEGEN] Nested member access resolved type from TypeChecker: FreeListManager[0m
[0;36m[2025-10-18 17:58:33.416] [DEBUG] [CODEGEN] Nested object type: 'FreeListManager'[0m
[0;36m[2025-10-18 17:58:33.416] [DEBUG] [CODEGEN] Looking up nested method: 'std::Runtime::FreeListManager::remove_block'[0m
[0;36m[2025-10-18 17:58:33.416] [DEBUG] [CODEGEN] Found nested method: std::Runtime::FreeListManager::remove_block[0m
[0;36m[2025-10-18 17:58:33.416] [DEBUG] [CODEGEN] Generating member access[0m
[0;36m[2025-10-18 17:58:33.416] [DEBUG] [CODEGEN] Looking for variable: this[0m
[0;36m[2025-10-18 17:58:33.416] [DEBUG] [CODEGEN] get_alloca result: found[0m
[0;36m[2025-10-18 17:58:33.416] [DEBUG] [CODEGEN] Accessing member: free_list[0m
[0;36m[2025-10-18 17:58:33.416] [DEBUG] [CODEGEN] Trying direct type resolution from LLVM type[0m
[0;36m[2025-10-18 17:58:33.416] [DEBUG] [CODEGEN] Member access allocated_type: valid[0m
[0;36m[2025-10-18 17:58:33.416] [DEBUG] [CODEGEN] Member access: this is a pointer type, searching for matching struct[0m
[0;36m[2025-10-18 17:58:33.416] [DEBUG] [CODEGEN] Found matching struct type: HeapManager, field index: 2[0m
[0;36m[2025-10-18 17:58:33.416] [DEBUG] [CODEGEN] Member access resolution successful: type_name='HeapManager', member_name='free_list', field_index=2[0m
[0;36m[2025-10-18 17:58:33.416] [DEBUG] [CODEGEN] Loaded struct pointer for member access[0m
[0;36m[2025-10-18 17:58:33.416] [DEBUG] [CODEGEN] About to access field index 2 in struct with 4 fields[0m
[0;36m[2025-10-18 17:58:33.416] [DEBUG] [CODEGEN] Created GEP for field access[0m
[0;36m[2025-10-18 17:58:33.416] [DEBUG] [CODEGEN] Successfully generated field access for: free_list[0m
[0;36m[2025-10-18 17:58:33.416] [DEBUG] [CODEGEN] Using field pointer for nested object method call[0m
[0;36m[2025-10-18 17:58:33.416] [DEBUG] [CODEGEN] Generated nested object pointer: SUCCESS[0m
[0;36m[2025-10-18 17:58:33.416] [DEBUG] [CODEGEN] Generating member access[0m
[0;36m[2025-10-18 17:58:33.416] [DEBUG] [CODEGEN] Looking for variable: block[0m
[0;36m[2025-10-18 17:58:33.416] [DEBUG] [CODEGEN] get_alloca result: found[0m
[0;36m[2025-10-18 17:58:33.416] [DEBUG] [CODEGEN] Accessing member: next[0m
[0;36m[2025-10-18 17:58:33.416] [DEBUG] [CODEGEN] TypeMapper::map_type() - successfully got kind: Struct (10)[0m
[0;36m[2025-10-18 17:58:33.416] [DEBUG] [CODEGEN] Member access using Cryo type tracking: var='block' type='HeapBlock' field_index=2[0m
[0;36m[2025-10-18 17:58:33.416] [DEBUG] [CODEGEN] Member access resolution successful: type_name='HeapBlock', member_name='next', field_index=2[0m
[0;36m[2025-10-18 17:58:33.416] [DEBUG] [CODEGEN] Loaded struct pointer for member access[0m
[0;36m[2025-10-18 17:58:33.416] [DEBUG] [CODEGEN] About to access field index 2 in struct with 4 fields[0m
[0;36m[2025-10-18 17:58:33.416] [DEBUG] [CODEGEN] Created GEP for field access[0m
[0;36m[2025-10-18 17:58:33.416] [DEBUG] [CODEGEN] Successfully generated field access for: next[0m
[0;36m[2025-10-18 17:58:33.416] [DEBUG] [CODEGEN] Calling nested method with 2 arguments[0m
[0;36m[2025-10-18 17:58:33.416] [DEBUG] [CODEGEN] TypeMapper::map_type() - successfully got kind: Struct (10)[0m
[0;36m[2025-10-18 17:58:33.416] [DEBUG] [CODEGEN] Member assignment using Cryo type tracking: var='block' type='HeapBlock'[0m
[0;36m[2025-10-18 17:58:33.416] [DEBUG] [CODEGEN] Generating member access[0m
[0;36m[2025-10-18 17:58:33.416] [DEBUG] [CODEGEN] Looking for variable: block[0m
[0;36m[2025-10-18 17:58:33.416] [DEBUG] [CODEGEN] get_alloca result: found[0m
[0;36m[2025-10-18 17:58:33.416] [DEBUG] [CODEGEN] Accessing member: size[0m
[0;36m[2025-10-18 17:58:33.416] [DEBUG] [CODEGEN] TypeMapper::map_type() - successfully got kind: Struct (10)[0m
[0;36m[2025-10-18 17:58:33.416] [DEBUG] [CODEGEN] Member access using Cryo type tracking: var='block' type='HeapBlock' field_index=0[0m
[0;36m[2025-10-18 17:58:33.416] [DEBUG] [CODEGEN] Member access resolution successful: type_name='HeapBlock', member_name='size', field_index=0[0m
[0;36m[2025-10-18 17:58:33.416] [DEBUG] [CODEGEN] Loaded struct pointer for member access[0m
[0;36m[2025-10-18 17:58:33.416] [DEBUG] [CODEGEN] About to access field index 0 in struct with 4 fields[0m
[0;36m[2025-10-18 17:58:33.417] [DEBUG] [CODEGEN] Created GEP for field access[0m
[0;36m[2025-10-18 17:58:33.417] [DEBUG] [CODEGEN] Successfully generated field access for: size[0m
[0;36m[2025-10-18 17:58:33.417] [DEBUG] [CODEGEN] Generating sizeof expression[0m
[0;36m[2025-10-18 17:58:33.417] [DEBUG] [CODEGEN] Generating member access[0m
[0;36m[2025-10-18 17:58:33.417] [DEBUG] [CODEGEN] Generating member access[0m
[0;36m[2025-10-18 17:58:33.417] [DEBUG] [CODEGEN] Looking for variable: block[0m
[0;36m[2025-10-18 17:58:33.417] [DEBUG] [CODEGEN] get_alloca result: found[0m
[0;36m[2025-10-18 17:58:33.417] [DEBUG] [CODEGEN] Accessing member: next[0m
[0;36m[2025-10-18 17:58:33.417] [DEBUG] [CODEGEN] TypeMapper::map_type() - successfully got kind: Struct (10)[0m
[0;36m[2025-10-18 17:58:33.417] [DEBUG] [CODEGEN] Member access using Cryo type tracking: var='block' type='HeapBlock' field_index=2[0m
[0;36m[2025-10-18 17:58:33.417] [DEBUG] [CODEGEN] Member access resolution successful: type_name='HeapBlock', member_name='next', field_index=2[0m
[0;36m[2025-10-18 17:58:33.417] [DEBUG] [CODEGEN] Loaded struct pointer for member access[0m
[0;36m[2025-10-18 17:58:33.417] [DEBUG] [CODEGEN] About to access field index 2 in struct with 4 fields[0m
[0;36m[2025-10-18 17:58:33.417] [DEBUG] [CODEGEN] Created GEP for field access[0m
[0;36m[2025-10-18 17:58:33.417] [DEBUG] [CODEGEN] Successfully generated field access for: next[0m
[0;36m[2025-10-18 17:58:33.417] [DEBUG] [CODEGEN] Accessing member: size[0m
[0;36m[2025-10-18 17:58:33.417] [DEBUG] [CODEGEN] Trying direct type resolution from LLVM type[0m
[0;36m[2025-10-18 17:58:33.417] [DEBUG] [CODEGEN] Trying global variable type lookup[0m
[0;36m[2025-10-18 17:58:33.417] [DEBUG] [CODEGEN] Trying fallback pattern matching for specialized generic structs[0m
[0;36m[2025-10-18 17:58:33.417] [DEBUG] [CODEGEN] Member access resolution failed: struct_type=null, field_index=-1, type_name='', member_name='size', current_struct_type=''[0m
[0;36m[2025-10-18 17:58:33.417] [DEBUG] [CODEGEN] TypeMapper::map_type() - successfully got kind: Struct (10)[0m
[0;36m[2025-10-18 17:58:33.417] [DEBUG] [CODEGEN] Member assignment using Cryo type tracking: var='block' type='HeapBlock'[0m
[0;36m[2025-10-18 17:58:33.417] [DEBUG] [CODEGEN] Generating member access[0m
[0;36m[2025-10-18 17:58:33.417] [DEBUG] [CODEGEN] Generating member access[0m
[0;36m[2025-10-18 17:58:33.417] [DEBUG] [CODEGEN] Looking for variable: block[0m
[0;36m[2025-10-18 17:58:33.417] [DEBUG] [CODEGEN] get_alloca result: found[0m
[0;36m[2025-10-18 17:58:33.417] [DEBUG] [CODEGEN] Accessing member: next[0m
[0;36m[2025-10-18 17:58:33.417] [DEBUG] [CODEGEN] TypeMapper::map_type() - successfully got kind: Struct (10)[0m
[0;36m[2025-10-18 17:58:33.417] [DEBUG] [CODEGEN] Member access using Cryo type tracking: var='block' type='HeapBlock' field_index=2[0m
[0;36m[2025-10-18 17:58:33.417] [DEBUG] [CODEGEN] Member access resolution successful: type_name='HeapBlock', member_name='next', field_index=2[0m
[0;36m[2025-10-18 17:58:33.417] [DEBUG] [CODEGEN] Loaded struct pointer for member access[0m
[0;36m[2025-10-18 17:58:33.417] [DEBUG] [CODEGEN] About to access field index 2 in struct with 4 fields[0m
[0;36m[2025-10-18 17:58:33.417] [DEBUG] [CODEGEN] Created GEP for field access[0m
[0;36m[2025-10-18 17:58:33.417] [DEBUG] [CODEGEN] Successfully generated field access for: next[0m
[0;36m[2025-10-18 17:58:33.417] [DEBUG] [CODEGEN] Accessing member: next[0m
[0;36m[2025-10-18 17:58:33.417] [DEBUG] [CODEGEN] Trying direct type resolution from LLVM type[0m
[0;36m[2025-10-18 17:58:33.417] [DEBUG] [CODEGEN] Trying global variable type lookup[0m
[0;36m[2025-10-18 17:58:33.417] [DEBUG] [CODEGEN] Trying fallback pattern matching for specialized generic structs[0m
[0;36m[2025-10-18 17:58:33.417] [DEBUG] [CODEGEN] Member access resolution failed: struct_type=null, field_index=-1, type_name='', member_name='next', current_struct_type=''[0m
[0;36m[2025-10-18 17:58:33.417] [DEBUG] [CODEGEN] IF-STATEMENT ENTRY: Current block before anything: if.then16[0m
[0;36m[2025-10-18 17:58:33.417] [DEBUG] [CODEGEN] Generating member access[0m
[0;36m[2025-10-18 17:58:33.417] [DEBUG] [CODEGEN] Looking for variable: block[0m
[0;36m[2025-10-18 17:58:33.417] [DEBUG] [CODEGEN] get_alloca result: found[0m
[0;36m[2025-10-18 17:58:33.417] [DEBUG] [CODEGEN] Accessing member: next[0m
[0;36m[2025-10-18 17:58:33.417] [DEBUG] [CODEGEN] TypeMapper::map_type() - successfully got kind: Struct (10)[0m
[0;36m[2025-10-18 17:58:33.417] [DEBUG] [CODEGEN] Member access using Cryo type tracking: var='block' type='HeapBlock' field_index=2[0m
[0;36m[2025-10-18 17:58:33.417] [DEBUG] [CODEGEN] Member access resolution successful: type_name='HeapBlock', member_name='next', field_index=2[0m
[0;36m[2025-10-18 17:58:33.417] [DEBUG] [CODEGEN] Loaded struct pointer for member access[0m
[0;36m[2025-10-18 17:58:33.417] [DEBUG] [CODEGEN] About to access field index 2 in struct with 4 fields[0m
[0;36m[2025-10-18 17:58:33.417] [DEBUG] [CODEGEN] Created GEP for field access[0m
[0;36m[2025-10-18 17:58:33.417] [DEBUG] [CODEGEN] Successfully generated field access for: next[0m
[0;36m[2025-10-18 17:58:33.417] [DEBUG] [CODEGEN] Visiting LiteralNode, kind: 104, value: null[0m
[0;36m[2025-10-18 17:58:33.417] [DEBUG] [CODEGEN] IF-STATEMENT: About to create branch from block: if.then16 (ptr=0x5bbf0ef8bc80), has terminator before branch: 0[0m
[0;36m[2025-10-18 17:58:33.417] [DEBUG] [CODEGEN] IF-STATEMENT: After creating branch, block if.then16 (ptr=0x5bbf0ef8bc80) has terminator: 1[0m
[0;36m[2025-10-18 17:58:33.417] [DEBUG] [CODEGEN] IF-STATEMENT: Branch target: then_block=if.then42 (ptr=0x5bbf0ef8c910)[0m
[0;36m[2025-10-18 17:58:33.417] [DEBUG] [CODEGEN] IF-STATEMENT: Generating then block, insert point: if.then42[0m
[0;36m[2025-10-18 17:58:33.417] [DEBUG] [CODEGEN] IF-STATEMENT: then_block is empty: 1[0m
[0;36m[2025-10-18 17:58:33.417] [DEBUG] [CODEGEN] enter_scope: this=0x5bbf0eee2750, _value_context=0x5bbf0eee2a80[0m
[0;36m[2025-10-18 17:58:33.417] [DEBUG] [CODEGEN] Delegating intrinsic call to Intrinsics module: __printf__[0m
[0;36m[2025-10-18 17:58:33.417] [DEBUG] [CODEGEN] Visiting LiteralNode, kind: 9, value: "[DEBUG::RUNTIME] {HeapManager::coalesce_block} Updating next block's previous pointer: ptr=%p\n"[0m
[0;36m[2025-10-18 17:58:33.417] [DEBUG] [CODEGEN] Checking member access object type for method: get_user_data_ptr[0m
[0;36m[2025-10-18 17:58:33.417] [DEBUG] [CODEGEN]   Object is MemberAccessNode (NESTED ACCESS)[0m
[0;36m[2025-10-18 17:58:33.417] [DEBUG] [CODEGEN] Found nested member access: object is also a MemberAccessNode[0m
[0;36m[2025-10-18 17:58:33.417] [DEBUG] [CODEGEN] Nested member access resolved type from TypeChecker: HeapBlock*[0m
[0;36m[2025-10-18 17:58:33.417] [DEBUG] [CODEGEN] Nested object type: 'HeapBlock*'[0m
[0;36m[2025-10-18 17:58:33.417] [DEBUG] [CODEGEN] Looking up nested method: 'std::Runtime::HeapBlock::get_user_data_ptr'[0m
[0;36m[2025-10-18 17:58:33.417] [DEBUG] [CODEGEN] Found nested method: std::Runtime::HeapBlock::get_user_data_ptr[0m
[0;36m[2025-10-18 17:58:33.417] [DEBUG] [CODEGEN] Generating member access[0m
[0;36m[2025-10-18 17:58:33.417] [DEBUG] [CODEGEN] Looking for variable: block[0m
[0;36m[2025-10-18 17:58:33.417] [DEBUG] [CODEGEN] get_alloca result: found[0m
[0;36m[2025-10-18 17:58:33.417] [DEBUG] [CODEGEN] Accessing member: next[0m
[0;36m[2025-10-18 17:58:33.417] [DEBUG] [CODEGEN] TypeMapper::map_type() - successfully got kind: Struct (10)[0m
[0;36m[2025-10-18 17:58:33.417] [DEBUG] [CODEGEN] Member access using Cryo type tracking: var='block' type='HeapBlock' field_index=2[0m
[0;36m[2025-10-18 17:58:33.417] [DEBUG] [CODEGEN] Member access resolution successful: type_name='HeapBlock', member_name='next', field_index=2[0m
[0;36m[2025-10-18 17:58:33.418] [DEBUG] [CODEGEN] Loaded struct pointer for member access[0m
[0;36m[2025-10-18 17:58:33.418] [DEBUG] [CODEGEN] About to access field index 2 in struct with 4 fields[0m
[0;36m[2025-10-18 17:58:33.418] [DEBUG] [CODEGEN] Created GEP for field access[0m
[0;36m[2025-10-18 17:58:33.418] [DEBUG] [CODEGEN] Successfully generated field access for: next[0m
[0;36m[2025-10-18 17:58:33.418] [DEBUG] [CODEGEN] Using field pointer for nested object method call[0m
[0;36m[2025-10-18 17:58:33.418] [DEBUG] [CODEGEN] Generated nested object pointer: SUCCESS[0m
[0;36m[2025-10-18 17:58:33.418] [DEBUG] [CODEGEN] Calling nested method with 1 arguments[0m
[0;36m[2025-10-18 17:58:33.418] [DEBUG] [CODEGEN] Generating intrinsic call: __printf__[0m
[0;36m[2025-10-18 17:58:33.418] [DEBUG] [CODEGEN] Generating member access[0m
[0;36m[2025-10-18 17:58:33.418] [DEBUG] [CODEGEN] Looking for variable: block[0m
[0;36m[2025-10-18 17:58:33.418] [DEBUG] [CODEGEN] get_alloca result: found[0m
[0;36m[2025-10-18 17:58:33.418] [DEBUG] [CODEGEN] Accessing member: next[0m
[0;36m[2025-10-18 17:58:33.418] [DEBUG] [CODEGEN] TypeMapper::map_type() - successfully got kind: Struct (10)[0m
[0;36m[2025-10-18 17:58:33.418] [DEBUG] [CODEGEN] Member access using Cryo type tracking: var='block' type='HeapBlock' field_index=2[0m
[0;36m[2025-10-18 17:58:33.418] [DEBUG] [CODEGEN] Member access resolution successful: type_name='HeapBlock', member_name='next', field_index=2[0m
[0;36m[2025-10-18 17:58:33.418] [DEBUG] [CODEGEN] Loaded struct pointer for member access[0m
[0;36m[2025-10-18 17:58:33.418] [DEBUG] [CODEGEN] About to access field index 2 in struct with 4 fields[0m
[0;36m[2025-10-18 17:58:33.418] [DEBUG] [CODEGEN] Created GEP for field access[0m
[0;36m[2025-10-18 17:58:33.418] [DEBUG] [CODEGEN] Successfully generated field access for: next[0m
[0;36m[2025-10-18 17:58:33.418] [DEBUG] [CODEGEN] Chained member assignment detected block.next.* pattern, using HeapBlock type[0m
[0;36m[2025-10-18 17:58:33.418] [DEBUG] [CODEGEN] IF-STATEMENT: After then body generation, current block: if.then42[0m
[0;36m[2025-10-18 17:58:33.418] [DEBUG] [CODEGEN] IF-STATEMENT: then_block is empty: 0[0m
[0;36m[2025-10-18 17:58:33.418] [DEBUG] [CODEGEN] IF-STATEMENT: then_block has terminator: 0[0m
[0;36m[2025-10-18 17:58:33.418] [DEBUG] [CODEGEN] IF-STATEMENT: Checking terminator for block: if.then42, has terminator: 0[0m
[0;36m[2025-10-18 17:58:33.418] [DEBUG] [CODEGEN] IF-STATEMENT: Adding branch to merge block from current block[0m
[0;36m[2025-10-18 17:58:33.418] [DEBUG] [CODEGEN] IF-STATEMENT CLEANUP: then_block=if.then42, has_term=1, is_empty=0[0m
[0;36m[2025-10-18 17:58:33.418] [DEBUG] [CODEGEN] IF-STATEMENT: After then body generation, current block: if.end43[0m
[0;36m[2025-10-18 17:58:33.418] [DEBUG] [CODEGEN] IF-STATEMENT: then_block is empty: 0[0m
[0;36m[2025-10-18 17:58:33.418] [DEBUG] [CODEGEN] IF-STATEMENT: then_block has terminator: 1[0m
[0;36m[2025-10-18 17:58:33.418] [DEBUG] [CODEGEN] IF-STATEMENT: Checking terminator for block: if.end43, has terminator: 0[0m
[0;36m[2025-10-18 17:58:33.418] [DEBUG] [CODEGEN] IF-STATEMENT: Adding branch to merge block from current block[0m
[0;36m[2025-10-18 17:58:33.418] [DEBUG] [CODEGEN] enter_scope: this=0x5bbf0eee2750, _value_context=0x5bbf0eee2a80[0m
[0;36m[2025-10-18 17:58:33.418] [DEBUG] [CODEGEN] Delegating intrinsic call to Intrinsics module: __printf__[0m
[0;36m[2025-10-18 17:58:33.418] [DEBUG] [CODEGEN] Visiting LiteralNode, kind: 9, value: "[DEBUG::RUNTIME] {HeapManager::coalesce_block} Next block is not free\n"[0m
[0;36m[2025-10-18 17:58:33.418] [DEBUG] [CODEGEN] Generating intrinsic call: __printf__[0m
[0;36m[2025-10-18 17:58:33.418] [DEBUG] [CODEGEN] IF-STATEMENT CLEANUP: then_block=if.then16, has_term=1, is_empty=0[0m
[0;36m[2025-10-18 17:58:33.418] [DEBUG] [CODEGEN] IF-STATEMENT: After then body generation, current block: if.end17[0m
[0;36m[2025-10-18 17:58:33.418] [DEBUG] [CODEGEN] IF-STATEMENT: then_block is empty: 0[0m
[0;36m[2025-10-18 17:58:33.418] [DEBUG] [CODEGEN] IF-STATEMENT: then_block has terminator: 1[0m
[0;36m[2025-10-18 17:58:33.418] [DEBUG] [CODEGEN] IF-STATEMENT: Checking terminator for block: if.end17, has terminator: 0[0m
[0;36m[2025-10-18 17:58:33.418] [DEBUG] [CODEGEN] IF-STATEMENT: Adding branch to merge block from current block[0m
[0;36m[2025-10-18 17:58:33.418] [DEBUG] [CODEGEN] enter_scope: this=0x5bbf0eee2750, _value_context=0x5bbf0eee2a80[0m
[0;36m[2025-10-18 17:58:33.418] [DEBUG] [CODEGEN] Delegating intrinsic call to Intrinsics module: __printf__[0m
[0;36m[2025-10-18 17:58:33.418] [DEBUG] [CODEGEN] Visiting LiteralNode, kind: 9, value: "[DEBUG::RUNTIME] {HeapManager::coalesce_block} No next block to coalesce\n"[0m
[0;36m[2025-10-18 17:58:33.418] [DEBUG] [CODEGEN] Generating intrinsic call: __printf__[0m
[0;36m[2025-10-18 17:58:33.418] [DEBUG] [CODEGEN] IF-STATEMENT CLEANUP: then_block=if.then, has_term=1, is_empty=0[0m
[0;36m[2025-10-18 17:58:33.418] [DEBUG] [CODEGEN] IF-STATEMENT ENTRY: Current block before anything: if.end[0m
[0;36m[2025-10-18 17:58:33.418] [DEBUG] [CODEGEN] Generating member access[0m
[0;36m[2025-10-18 17:58:33.418] [DEBUG] [CODEGEN] Looking for variable: block[0m
[0;36m[2025-10-18 17:58:33.418] [DEBUG] [CODEGEN] get_alloca result: found[0m
[0;36m[2025-10-18 17:58:33.418] [DEBUG] [CODEGEN] Accessing member: prev[0m
[0;36m[2025-10-18 17:58:33.418] [DEBUG] [CODEGEN] TypeMapper::map_type() - successfully got kind: Struct (10)[0m
[0;36m[2025-10-18 17:58:33.418] [DEBUG] [CODEGEN] Member access using Cryo type tracking: var='block' type='HeapBlock' field_index=3[0m
[0;36m[2025-10-18 17:58:33.418] [DEBUG] [CODEGEN] Member access resolution successful: type_name='HeapBlock', member_name='prev', field_index=3[0m
[0;36m[2025-10-18 17:58:33.418] [DEBUG] [CODEGEN] Loaded struct pointer for member access[0m
[0;36m[2025-10-18 17:58:33.418] [DEBUG] [CODEGEN] About to access field index 3 in struct with 4 fields[0m
[0;36m[2025-10-18 17:58:33.418] [DEBUG] [CODEGEN] Created GEP for field access[0m
[0;36m[2025-10-18 17:58:33.418] [DEBUG] [CODEGEN] Successfully generated field access for: prev[0m
[0;36m[2025-10-18 17:58:33.418] [DEBUG] [CODEGEN] Visiting LiteralNode, kind: 104, value: null[0m
[0;36m[2025-10-18 17:58:33.418] [DEBUG] [CODEGEN] IF-STATEMENT: About to create branch from block: if.end (ptr=0x5bbf0ef72090), has terminator before branch: 0[0m
[0;36m[2025-10-18 17:58:33.418] [DEBUG] [CODEGEN] IF-STATEMENT: After creating branch, block if.end (ptr=0x5bbf0ef72090) has terminator: 1[0m
[0;36m[2025-10-18 17:58:33.418] [DEBUG] [CODEGEN] IF-STATEMENT: Branch target: then_block=if.then58 (ptr=0x5bbf0ef6c560)[0m
[0;36m[2025-10-18 17:58:33.418] [DEBUG] [CODEGEN] IF-STATEMENT: Generating then block, insert point: if.then58[0m
[0;36m[2025-10-18 17:58:33.418] [DEBUG] [CODEGEN] IF-STATEMENT: then_block is empty: 1[0m
[0;36m[2025-10-18 17:58:33.418] [DEBUG] [CODEGEN] enter_scope: this=0x5bbf0eee2750, _value_context=0x5bbf0eee2a80[0m
[0;36m[2025-10-18 17:58:33.418] [DEBUG] [CODEGEN] Delegating intrinsic call to Intrinsics module: __printf__[0m
[0;36m[2025-10-18 17:58:33.418] [DEBUG] [CODEGEN] Visiting LiteralNode, kind: 9, value: "[DEBUG::RUNTIME] {HeapManager::coalesce_block} Checking previous block: ptr=%p\n"[0m
[0;36m[2025-10-18 17:58:33.418] [DEBUG] [CODEGEN] Generating member access[0m
[0;36m[2025-10-18 17:58:33.418] [DEBUG] [CODEGEN] Looking for variable: block[0m
[0;36m[2025-10-18 17:58:33.418] [DEBUG] [CODEGEN] get_alloca result: found[0m
[0;36m[2025-10-18 17:58:33.418] [DEBUG] [CODEGEN] Accessing member: prev[0m
[0;36m[2025-10-18 17:58:33.418] [DEBUG] [CODEGEN] TypeMapper::map_type() - successfully got kind: Struct (10)[0m
[0;36m[2025-10-18 17:58:33.418] [DEBUG] [CODEGEN] Member access using Cryo type tracking: var='block' type='HeapBlock' field_index=3[0m
[0;36m[2025-10-18 17:58:33.418] [DEBUG] [CODEGEN] Member access resolution successful: type_name='HeapBlock', member_name='prev', field_index=3[0m
[0;36m[2025-10-18 17:58:33.418] [DEBUG] [CODEGEN] Loaded struct pointer for member access[0m
[0;36m[2025-10-18 17:58:33.418] [DEBUG] [CODEGEN] About to access field index 3 in struct with 4 fields[0m
[0;36m[2025-10-18 17:58:33.418] [DEBUG] [CODEGEN] Created GEP for field access[0m
[0;36m[2025-10-18 17:58:33.418] [DEBUG] [CODEGEN] Successfully generated field access for: prev[0m
[0;36m[2025-10-18 17:58:33.418] [DEBUG] [CODEGEN] Generating intrinsic call: __printf__[0m
[0;36m[2025-10-18 17:58:33.418] [DEBUG] [CODEGEN] IF-STATEMENT ENTRY: Current block before anything: if.then58[0m
[0;36m[2025-10-18 17:58:33.418] [DEBUG] [CODEGEN] Checking member access object type for method: is_free[0m
[0;36m[2025-10-18 17:58:33.418] [DEBUG] [CODEGEN]   Object is MemberAccessNode (NESTED ACCESS)[0m
[0;36m[2025-10-18 17:58:33.418] [DEBUG] [CODEGEN] Found nested member access: object is also a MemberAccessNode[0m
[0;36m[2025-10-18 17:58:33.419] [DEBUG] [CODEGEN] Nested member access resolved type from TypeChecker: HeapBlock*[0m
[0;36m[2025-10-18 17:58:33.419] [DEBUG] [CODEGEN] Nested object type: 'HeapBlock*'[0m
[0;36m[2025-10-18 17:58:33.419] [DEBUG] [CODEGEN] Looking up nested method: 'std::Runtime::HeapBlock::is_free'[0m
[0;36m[2025-10-18 17:58:33.419] [DEBUG] [CODEGEN] Found nested method: std::Runtime::HeapBlock::is_free[0m
[0;36m[2025-10-18 17:58:33.419] [DEBUG] [CODEGEN] Generating member access[0m
[0;36m[2025-10-18 17:58:33.419] [DEBUG] [CODEGEN] Looking for variable: block[0m
[0;36m[2025-10-18 17:58:33.419] [DEBUG] [CODEGEN] get_alloca result: found[0m
[0;36m[2025-10-18 17:58:33.419] [DEBUG] [CODEGEN] Accessing member: prev[0m
[0;36m[2025-10-18 17:58:33.419] [DEBUG] [CODEGEN] TypeMapper::map_type() - successfully got kind: Struct (10)[0m
[0;36m[2025-10-18 17:58:33.419] [DEBUG] [CODEGEN] Member access using Cryo type tracking: var='block' type='HeapBlock' field_index=3[0m
[0;36m[2025-10-18 17:58:33.419] [DEBUG] [CODEGEN] Member access resolution successful: type_name='HeapBlock', member_name='prev', field_index=3[0m
[0;36m[2025-10-18 17:58:33.419] [DEBUG] [CODEGEN] Loaded struct pointer for member access[0m
[0;36m[2025-10-18 17:58:33.419] [DEBUG] [CODEGEN] About to access field index 3 in struct with 4 fields[0m
[0;36m[2025-10-18 17:58:33.419] [DEBUG] [CODEGEN] Created GEP for field access[0m
[0;36m[2025-10-18 17:58:33.419] [DEBUG] [CODEGEN] Successfully generated field access for: prev[0m
[0;36m[2025-10-18 17:58:33.419] [DEBUG] [CODEGEN] Using field pointer for nested object method call[0m
[0;36m[2025-10-18 17:58:33.419] [DEBUG] [CODEGEN] Generated nested object pointer: SUCCESS[0m
[0;36m[2025-10-18 17:58:33.419] [DEBUG] [CODEGEN] Calling nested method with 1 arguments[0m
[0;36m[2025-10-18 17:58:33.419] [DEBUG] [CODEGEN] IF-STATEMENT: About to create branch from block: if.then58 (ptr=0x5bbf0ef6c560), has terminator before branch: 0[0m
[0;36m[2025-10-18 17:58:33.419] [DEBUG] [CODEGEN] IF-STATEMENT: After creating branch, block if.then58 (ptr=0x5bbf0ef6c560) has terminator: 1[0m
[0;36m[2025-10-18 17:58:33.419] [DEBUG] [CODEGEN] IF-STATEMENT: Branch target: then_block=if.then68 (ptr=0x5bbf0ef6d650)[0m
[0;36m[2025-10-18 17:58:33.419] [DEBUG] [CODEGEN] IF-STATEMENT: Generating then block, insert point: if.then68[0m
[0;36m[2025-10-18 17:58:33.419] [DEBUG] [CODEGEN] IF-STATEMENT: then_block is empty: 1[0m
[0;36m[2025-10-18 17:58:33.419] [DEBUG] [CODEGEN] enter_scope: this=0x5bbf0eee2750, _value_context=0x5bbf0eee2a80[0m
[0;36m[2025-10-18 17:58:33.419] [DEBUG] [CODEGEN] Delegating intrinsic call to Intrinsics module: __printf__[0m
[0;36m[2025-10-18 17:58:33.419] [DEBUG] [CODEGEN] Visiting LiteralNode, kind: 9, value: "[DEBUG::RUNTIME] {HeapManager::coalesce_block} Coalescing with previous block: ptr=%p\n"[0m
[0;36m[2025-10-18 17:58:33.419] [DEBUG] [CODEGEN] Checking member access object type for method: get_user_data_ptr[0m
[0;36m[2025-10-18 17:58:33.419] [DEBUG] [CODEGEN]   Object is MemberAccessNode (NESTED ACCESS)[0m
[0;36m[2025-10-18 17:58:33.419] [DEBUG] [CODEGEN] Found nested member access: object is also a MemberAccessNode[0m
[0;36m[2025-10-18 17:58:33.419] [DEBUG] [CODEGEN] Nested member access resolved type from TypeChecker: HeapBlock*[0m
[0;36m[2025-10-18 17:58:33.419] [DEBUG] [CODEGEN] Nested object type: 'HeapBlock*'[0m
[0;36m[2025-10-18 17:58:33.419] [DEBUG] [CODEGEN] Looking up nested method: 'std::Runtime::HeapBlock::get_user_data_ptr'[0m
[0;36m[2025-10-18 17:58:33.419] [DEBUG] [CODEGEN] Found nested method: std::Runtime::HeapBlock::get_user_data_ptr[0m
[0;36m[2025-10-18 17:58:33.419] [DEBUG] [CODEGEN] Generating member access[0m
[0;36m[2025-10-18 17:58:33.419] [DEBUG] [CODEGEN] Looking for variable: block[0m
[0;36m[2025-10-18 17:58:33.419] [DEBUG] [CODEGEN] get_alloca result: found[0m
[0;36m[2025-10-18 17:58:33.419] [DEBUG] [CODEGEN] Accessing member: prev[0m
[0;36m[2025-10-18 17:58:33.419] [DEBUG] [CODEGEN] TypeMapper::map_type() - successfully got kind: Struct (10)[0m
[0;36m[2025-10-18 17:58:33.419] [DEBUG] [CODEGEN] Member access using Cryo type tracking: var='block' type='HeapBlock' field_index=3[0m
[0;36m[2025-10-18 17:58:33.419] [DEBUG] [CODEGEN] Member access resolution successful: type_name='HeapBlock', member_name='prev', field_index=3[0m
[0;36m[2025-10-18 17:58:33.419] [DEBUG] [CODEGEN] Loaded struct pointer for member access[0m
[0;36m[2025-10-18 17:58:33.419] [DEBUG] [CODEGEN] About to access field index 3 in struct with 4 fields[0m
[0;36m[2025-10-18 17:58:33.419] [DEBUG] [CODEGEN] Created GEP for field access[0m
[0;36m[2025-10-18 17:58:33.419] [DEBUG] [CODEGEN] Successfully generated field access for: prev[0m
[0;36m[2025-10-18 17:58:33.419] [DEBUG] [CODEGEN] Using field pointer for nested object method call[0m
[0;36m[2025-10-18 17:58:33.419] [DEBUG] [CODEGEN] Generated nested object pointer: SUCCESS[0m
[0;36m[2025-10-18 17:58:33.419] [DEBUG] [CODEGEN] Calling nested method with 1 arguments[0m
[0;36m[2025-10-18 17:58:33.419] [DEBUG] [CODEGEN] Generating intrinsic call: __printf__[0m
[0;36m[2025-10-18 17:58:33.419] [DEBUG] [CODEGEN] Checking member access object type for method: remove_block[0m
[0;36m[2025-10-18 17:58:33.419] [DEBUG] [CODEGEN]   Object is MemberAccessNode (NESTED ACCESS)[0m
[0;36m[2025-10-18 17:58:33.419] [DEBUG] [CODEGEN] Found nested member access: object is also a MemberAccessNode[0m
[0;36m[2025-10-18 17:58:33.419] [DEBUG] [CODEGEN] Nested member access resolved type from TypeChecker: FreeListManager[0m
[0;36m[2025-10-18 17:58:33.419] [DEBUG] [CODEGEN] Nested object type: 'FreeListManager'[0m
[0;36m[2025-10-18 17:58:33.419] [DEBUG] [CODEGEN] Looking up nested method: 'std::Runtime::FreeListManager::remove_block'[0m
[0;36m[2025-10-18 17:58:33.419] [DEBUG] [CODEGEN] Found nested method: std::Runtime::FreeListManager::remove_block[0m
[0;36m[2025-10-18 17:58:33.419] [DEBUG] [CODEGEN] Generating member access[0m
[0;36m[2025-10-18 17:58:33.419] [DEBUG] [CODEGEN] Looking for variable: this[0m
[0;36m[2025-10-18 17:58:33.420] [DEBUG] [CODEGEN] get_alloca result: found[0m
[0;36m[2025-10-18 17:58:33.420] [DEBUG] [CODEGEN] Accessing member: free_list[0m
[0;36m[2025-10-18 17:58:33.420] [DEBUG] [CODEGEN] Trying direct type resolution from LLVM type[0m
[0;36m[2025-10-18 17:58:33.420] [DEBUG] [CODEGEN] Member access allocated_type: valid[0m
[0;36m[2025-10-18 17:58:33.420] [DEBUG] [CODEGEN] Member access: this is a pointer type, searching for matching struct[0m
[0;36m[2025-10-18 17:58:33.420] [DEBUG] [CODEGEN] Found matching struct type: HeapManager, field index: 2[0m
[0;36m[2025-10-18 17:58:33.420] [DEBUG] [CODEGEN] Member access resolution successful: type_name='HeapManager', member_name='free_list', field_index=2[0m
[0;36m[2025-10-18 17:58:33.420] [DEBUG] [CODEGEN] Loaded struct pointer for member access[0m
[0;36m[2025-10-18 17:58:33.420] [DEBUG] [CODEGEN] About to access field index 2 in struct with 4 fields[0m
[0;36m[2025-10-18 17:58:33.420] [DEBUG] [CODEGEN] Created GEP for field access[0m
[0;36m[2025-10-18 17:58:33.420] [DEBUG] [CODEGEN] Successfully generated field access for: free_list[0m
[0;36m[2025-10-18 17:58:33.420] [DEBUG] [CODEGEN] Using field pointer for nested object method call[0m
[0;36m[2025-10-18 17:58:33.420] [DEBUG] [CODEGEN] Generated nested object pointer: SUCCESS[0m
[0;36m[2025-10-18 17:58:33.420] [DEBUG] [CODEGEN] Calling nested method with 2 arguments[0m
[0;36m[2025-10-18 17:58:33.420] [DEBUG] [CODEGEN] Generating member access[0m
[0;36m[2025-10-18 17:58:33.420] [DEBUG] [CODEGEN] Looking for variable: block[0m
[0;36m[2025-10-18 17:58:33.420] [DEBUG] [CODEGEN] get_alloca result: found[0m
[0;36m[2025-10-18 17:58:33.420] [DEBUG] [CODEGEN] Accessing member: prev[0m
[0;36m[2025-10-18 17:58:33.420] [DEBUG] [CODEGEN] TypeMapper::map_type() - successfully got kind: Struct (10)[0m
[0;36m[2025-10-18 17:58:33.420] [DEBUG] [CODEGEN] Member access using Cryo type tracking: var='block' type='HeapBlock' field_index=3[0m
[0;36m[2025-10-18 17:58:33.420] [DEBUG] [CODEGEN] Member access resolution successful: type_name='HeapBlock', member_name='prev', field_index=3[0m
[0;36m[2025-10-18 17:58:33.420] [DEBUG] [CODEGEN] Loaded struct pointer for member access[0m
[0;36m[2025-10-18 17:58:33.420] [DEBUG] [CODEGEN] About to access field index 3 in struct with 4 fields[0m
[0;36m[2025-10-18 17:58:33.420] [DEBUG] [CODEGEN] Created GEP for field access[0m
[0;36m[2025-10-18 17:58:33.420] [DEBUG] [CODEGEN] Successfully generated field access for: prev[0m
[0;36m[2025-10-18 17:58:33.420] [DEBUG] [CODEGEN] Chained member assignment detected block.prev.* pattern, using HeapBlock type[0m
[0;36m[2025-10-18 17:58:33.420] [DEBUG] [CODEGEN] Generating member access[0m
[0;36m[2025-10-18 17:58:33.420] [DEBUG] [CODEGEN] Generating member access[0m
[0;36m[2025-10-18 17:58:33.420] [DEBUG] [CODEGEN] Looking for variable: block[0m
[0;36m[2025-10-18 17:58:33.420] [DEBUG] [CODEGEN] get_alloca result: found[0m
[0;36m[2025-10-18 17:58:33.420] [DEBUG] [CODEGEN] Accessing member: prev[0m
[0;36m[2025-10-18 17:58:33.420] [DEBUG] [CODEGEN] TypeMapper::map_type() - successfully got kind: Struct (10)[0m
[0;36m[2025-10-18 17:58:33.420] [DEBUG] [CODEGEN] Member access using Cryo type tracking: var='block' type='HeapBlock' field_index=3[0m
[0;36m[2025-10-18 17:58:33.420] [DEBUG] [CODEGEN] Member access resolution successful: type_name='HeapBlock', member_name='prev', field_index=3[0m
[0;36m[2025-10-18 17:58:33.420] [DEBUG] [CODEGEN] Loaded struct pointer for member access[0m
[0;36m[2025-10-18 17:58:33.420] [DEBUG] [CODEGEN] About to access field index 3 in struct with 4 fields[0m
[0;36m[2025-10-18 17:58:33.420] [DEBUG] [CODEGEN] Created GEP for field access[0m
[0;36m[2025-10-18 17:58:33.420] [DEBUG] [CODEGEN] Successfully generated field access for: prev[0m
[0;36m[2025-10-18 17:58:33.420] [DEBUG] [CODEGEN] Accessing member: size[0m
[0;36m[2025-10-18 17:58:33.420] [DEBUG] [CODEGEN] Trying direct type resolution from LLVM type[0m
[0;36m[2025-10-18 17:58:33.420] [DEBUG] [CODEGEN] Trying global variable type lookup[0m
[0;36m[2025-10-18 17:58:33.420] [DEBUG] [CODEGEN] Trying fallback pattern matching for specialized generic structs[0m
[0;36m[2025-10-18 17:58:33.420] [DEBUG] [CODEGEN] Member access resolution failed: struct_type=null, field_index=-1, type_name='', member_name='size', current_struct_type=''[0m
[0;36m[2025-10-18 17:58:33.420] [DEBUG] [CODEGEN] Generating sizeof expression[0m
[0;36m[2025-10-18 17:58:33.420] [DEBUG] [CODEGEN] Generating member access[0m
[0;36m[2025-10-18 17:58:33.420] [DEBUG] [CODEGEN] Looking for variable: block[0m
[0;36m[2025-10-18 17:58:33.420] [DEBUG] [CODEGEN] get_alloca result: found[0m
[0;36m[2025-10-18 17:58:33.420] [DEBUG] [CODEGEN] Accessing member: size[0m
[0;36m[2025-10-18 17:58:33.420] [DEBUG] [CODEGEN] TypeMapper::map_type() - successfully got kind: Struct (10)[0m
[0;36m[2025-10-18 17:58:33.420] [DEBUG] [CODEGEN] Member access using Cryo type tracking: var='block' type='HeapBlock' field_index=0[0m
[0;36m[2025-10-18 17:58:33.420] [DEBUG] [CODEGEN] Member access resolution successful: type_name='HeapBlock', member_name='size', field_index=0[0m
[0;36m[2025-10-18 17:58:33.421] [DEBUG] [CODEGEN] Loaded struct pointer for member access[0m
[0;36m[2025-10-18 17:58:33.421] [DEBUG] [CODEGEN] About to access field index 0 in struct with 4 fields[0m
[0;36m[2025-10-18 17:58:33.421] [DEBUG] [CODEGEN] Created GEP for field access[0m
[0;36m[2025-10-18 17:58:33.421] [DEBUG] [CODEGEN] Successfully generated field access for: size[0m
[0;36m[2025-10-18 17:58:33.421] [DEBUG] [CODEGEN] Generating member access[0m
[0;36m[2025-10-18 17:58:33.421] [DEBUG] [CODEGEN] Looking for variable: block[0m
[0;36m[2025-10-18 17:58:33.421] [DEBUG] [CODEGEN] get_alloca result: found[0m
[0;36m[2025-10-18 17:58:33.421] [DEBUG] [CODEGEN] Accessing member: prev[0m
[0;36m[2025-10-18 17:58:33.421] [DEBUG] [CODEGEN] TypeMapper::map_type() - successfully got kind: Struct (10)[0m
[0;36m[2025-10-18 17:58:33.421] [DEBUG] [CODEGEN] Member access using Cryo type tracking: var='block' type='HeapBlock' field_index=3[0m
[0;36m[2025-10-18 17:58:33.421] [DEBUG] [CODEGEN] Member access resolution successful: type_name='HeapBlock', member_name='prev', field_index=3[0m
[0;36m[2025-10-18 17:58:33.421] [DEBUG] [CODEGEN] Loaded struct pointer for member access[0m
[0;36m[2025-10-18 17:58:33.421] [DEBUG] [CODEGEN] About to access field index 3 in struct with 4 fields[0m
[0;36m[2025-10-18 17:58:33.421] [DEBUG] [CODEGEN] Created GEP for field access[0m
[0;36m[2025-10-18 17:58:33.421] [DEBUG] [CODEGEN] Successfully generated field access for: prev[0m
[0;36m[2025-10-18 17:58:33.421] [DEBUG] [CODEGEN] Chained member assignment detected block.prev.* pattern, using HeapBlock type[0m
[0;36m[2025-10-18 17:58:33.421] [DEBUG] [CODEGEN] Generating member access[0m
[0;36m[2025-10-18 17:58:33.421] [DEBUG] [CODEGEN] Looking for variable: block[0m
[0;36m[2025-10-18 17:58:33.421] [DEBUG] [CODEGEN] get_alloca result: found[0m
[0;36m[2025-10-18 17:58:33.421] [DEBUG] [CODEGEN] Accessing member: next[0m
[0;36m[2025-10-18 17:58:33.421] [DEBUG] [CODEGEN] TypeMapper::map_type() - successfully got kind: Struct (10)[0m
[0;36m[2025-10-18 17:58:33.421] [DEBUG] [CODEGEN] Member access using Cryo type tracking: var='block' type='HeapBlock' field_index=2[0m
[0;36m[2025-10-18 17:58:33.421] [DEBUG] [CODEGEN] Member access resolution successful: type_name='HeapBlock', member_name='next', field_index=2[0m
[0;36m[2025-10-18 17:58:33.421] [DEBUG] [CODEGEN] Loaded struct pointer for member access[0m
[0;36m[2025-10-18 17:58:33.421] [DEBUG] [CODEGEN] About to access field index 2 in struct with 4 fields[0m
[0;36m[2025-10-18 17:58:33.421] [DEBUG] [CODEGEN] Created GEP for field access[0m
[0;36m[2025-10-18 17:58:33.421] [DEBUG] [CODEGEN] Successfully generated field access for: next[0m
[0;36m[2025-10-18 17:58:33.421] [DEBUG] [CODEGEN] IF-STATEMENT ENTRY: Current block before anything: if.then68[0m
[0;36m[2025-10-18 17:58:33.421] [DEBUG] [CODEGEN] Generating member access[0m
[0;36m[2025-10-18 17:58:33.421] [DEBUG] [CODEGEN] Looking for variable: block[0m
[0;36m[2025-10-18 17:58:33.421] [DEBUG] [CODEGEN] get_alloca result: found[0m
[0;36m[2025-10-18 17:58:33.421] [DEBUG] [CODEGEN] Accessing member: next[0m
[0;36m[2025-10-18 17:58:33.421] [DEBUG] [CODEGEN] TypeMapper::map_type() - successfully got kind: Struct (10)[0m
[0;36m[2025-10-18 17:58:33.421] [DEBUG] [CODEGEN] Member access using Cryo type tracking: var='block' type='HeapBlock' field_index=2[0m
[0;36m[2025-10-18 17:58:33.421] [DEBUG] [CODEGEN] Member access resolution successful: type_name='HeapBlock', member_name='next', field_index=2[0m
[0;36m[2025-10-18 17:58:33.421] [DEBUG] [CODEGEN] Loaded struct pointer for member access[0m
[0;36m[2025-10-18 17:58:33.421] [DEBUG] [CODEGEN] About to access field index 2 in struct with 4 fields[0m
[0;36m[2025-10-18 17:58:33.421] [DEBUG] [CODEGEN] Created GEP for field access[0m
[0;36m[2025-10-18 17:58:33.421] [DEBUG] [CODEGEN] Successfully generated field access for: next[0m
[0;36m[2025-10-18 17:58:33.421] [DEBUG] [CODEGEN] Visiting LiteralNode, kind: 104, value: null[0m
[0;36m[2025-10-18 17:58:33.421] [DEBUG] [CODEGEN] IF-STATEMENT: About to create branch from block: if.then68 (ptr=0x5bbf0ef6d650), has terminator before branch: 0[0m
[0;36m[2025-10-18 17:58:33.421] [DEBUG] [CODEGEN] IF-STATEMENT: After creating branch, block if.then68 (ptr=0x5bbf0ef6d650) has terminator: 1[0m
[0;36m[2025-10-18 17:58:33.421] [DEBUG] [CODEGEN] IF-STATEMENT: Branch target: then_block=if.then101 (ptr=0x5bbf0ef6e2f0)[0m
[0;36m[2025-10-18 17:58:33.421] [DEBUG] [CODEGEN] IF-STATEMENT: Generating then block, insert point: if.then101[0m
[0;36m[2025-10-18 17:58:33.421] [DEBUG] [CODEGEN] IF-STATEMENT: then_block is empty: 1[0m
[0;36m[2025-10-18 17:58:33.421] [DEBUG] [CODEGEN] enter_scope: this=0x5bbf0eee2750, _value_context=0x5bbf0eee2a80[0m
[0;36m[2025-10-18 17:58:33.421] [DEBUG] [CODEGEN] Delegating intrinsic call to Intrinsics module: __printf__[0m
[0;36m[2025-10-18 17:58:33.421] [DEBUG] [CODEGEN] Visiting LiteralNode, kind: 9, value: "[DEBUG::RUNTIME] {HeapManager::coalesce_block} Updating next block's previous pointer: ptr=%p\n"[0m
[0;36m[2025-10-18 17:58:33.421] [DEBUG] [CODEGEN] Checking member access object type for method: get_user_data_ptr[0m
[0;36m[2025-10-18 17:58:33.421] [DEBUG] [CODEGEN]   Object is MemberAccessNode (NESTED ACCESS)[0m
[0;36m[2025-10-18 17:58:33.421] [DEBUG] [CODEGEN] Found nested member access: object is also a MemberAccessNode[0m
[0;36m[2025-10-18 17:58:33.421] [DEBUG] [CODEGEN] Nested member access resolved type from TypeChecker: HeapBlock*[0m
[0;36m[2025-10-18 17:58:33.422] [DEBUG] [CODEGEN] Nested object type: 'HeapBlock*'[0m
[0;36m[2025-10-18 17:58:33.422] [DEBUG] [CODEGEN] Looking up nested method: 'std::Runtime::HeapBlock::get_user_data_ptr'[0m
[0;36m[2025-10-18 17:58:33.422] [DEBUG] [CODEGEN] Found nested method: std::Runtime::HeapBlock::get_user_data_ptr[0m
[0;36m[2025-10-18 17:58:33.422] [DEBUG] [CODEGEN] Generating member access[0m
[0;36m[2025-10-18 17:58:33.422] [DEBUG] [CODEGEN] Looking for variable: block[0m
[0;36m[2025-10-18 17:58:33.422] [DEBUG] [CODEGEN] get_alloca result: found[0m
[0;36m[2025-10-18 17:58:33.422] [DEBUG] [CODEGEN] Accessing member: next[0m
[0;36m[2025-10-18 17:58:33.422] [DEBUG] [CODEGEN] TypeMapper::map_type() - successfully got kind: Struct (10)[0m
[0;36m[2025-10-18 17:58:33.422] [DEBUG] [CODEGEN] Member access using Cryo type tracking: var='block' type='HeapBlock' field_index=2[0m
[0;36m[2025-10-18 17:58:33.422] [DEBUG] [CODEGEN] Member access resolution successful: type_name='HeapBlock', member_name='next', field_index=2[0m
[0;36m[2025-10-18 17:58:33.422] [DEBUG] [CODEGEN] Loaded struct pointer for member access[0m
[0;36m[2025-10-18 17:58:33.422] [DEBUG] [CODEGEN] About to access field index 2 in struct with 4 fields[0m
[0;36m[2025-10-18 17:58:33.422] [DEBUG] [CODEGEN] Created GEP for field access[0m
[0;36m[2025-10-18 17:58:33.422] [DEBUG] [CODEGEN] Successfully generated field access for: next[0m
[0;36m[2025-10-18 17:58:33.422] [DEBUG] [CODEGEN] Using field pointer for nested object method call[0m
[0;36m[2025-10-18 17:58:33.422] [DEBUG] [CODEGEN] Generated nested object pointer: SUCCESS[0m
[0;36m[2025-10-18 17:58:33.422] [DEBUG] [CODEGEN] Calling nested method with 1 arguments[0m
[0;36m[2025-10-18 17:58:33.422] [DEBUG] [CODEGEN] Generating intrinsic call: __printf__[0m
[0;36m[2025-10-18 17:58:33.422] [DEBUG] [CODEGEN] Generating member access[0m
[0;36m[2025-10-18 17:58:33.422] [DEBUG] [CODEGEN] Looking for variable: block[0m
[0;36m[2025-10-18 17:58:33.422] [DEBUG] [CODEGEN] get_alloca result: found[0m
[0;36m[2025-10-18 17:58:33.422] [DEBUG] [CODEGEN] Accessing member: next[0m
[0;36m[2025-10-18 17:58:33.422] [DEBUG] [CODEGEN] TypeMapper::map_type() - successfully got kind: Struct (10)[0m
[0;36m[2025-10-18 17:58:33.422] [DEBUG] [CODEGEN] Member access using Cryo type tracking: var='block' type='HeapBlock' field_index=2[0m
[0;36m[2025-10-18 17:58:33.422] [DEBUG] [CODEGEN] Member access resolution successful: type_name='HeapBlock', member_name='next', field_index=2[0m
[0;36m[2025-10-18 17:58:33.422] [DEBUG] [CODEGEN] Loaded struct pointer for member access[0m
[0;36m[2025-10-18 17:58:33.422] [DEBUG] [CODEGEN] About to access field index 2 in struct with 4 fields[0m
[0;36m[2025-10-18 17:58:33.422] [DEBUG] [CODEGEN] Created GEP for field access[0m
[0;36m[2025-10-18 17:58:33.422] [DEBUG] [CODEGEN] Successfully generated field access for: next[0m
[0;36m[2025-10-18 17:58:33.422] [DEBUG] [CODEGEN] Chained member assignment detected block.next.* pattern, using HeapBlock type[0m
[0;36m[2025-10-18 17:58:33.422] [DEBUG] [CODEGEN] Generating member access[0m
[0;36m[2025-10-18 17:58:33.422] [DEBUG] [CODEGEN] Looking for variable: block[0m
[0;36m[2025-10-18 17:58:33.422] [DEBUG] [CODEGEN] get_alloca result: found[0m
[0;36m[2025-10-18 17:58:33.422] [DEBUG] [CODEGEN] Accessing member: prev[0m
[0;36m[2025-10-18 17:58:33.422] [DEBUG] [CODEGEN] TypeMapper::map_type() - successfully got kind: Struct (10)[0m
[0;36m[2025-10-18 17:58:33.422] [DEBUG] [CODEGEN] Member access using Cryo type tracking: var='block' type='HeapBlock' field_index=3[0m
[0;36m[2025-10-18 17:58:33.422] [DEBUG] [CODEGEN] Member access resolution successful: type_name='HeapBlock', member_name='prev', field_index=3[0m
[0;36m[2025-10-18 17:58:33.422] [DEBUG] [CODEGEN] Loaded struct pointer for member access[0m
[0;36m[2025-10-18 17:58:33.422] [DEBUG] [CODEGEN] About to access field index 3 in struct with 4 fields[0m
[0;36m[2025-10-18 17:58:33.422] [DEBUG] [CODEGEN] Created GEP for field access[0m
[0;36m[2025-10-18 17:58:33.422] [DEBUG] [CODEGEN] Successfully generated field access for: prev[0m
[0;36m[2025-10-18 17:58:33.422] [DEBUG] [CODEGEN] IF-STATEMENT: After then body generation, current block: if.then101[0m
[0;36m[2025-10-18 17:58:33.422] [DEBUG] [CODEGEN] IF-STATEMENT: then_block is empty: 0[0m
[0;36m[2025-10-18 17:58:33.422] [DEBUG] [CODEGEN] IF-STATEMENT: then_block has terminator: 0[0m
[0;36m[2025-10-18 17:58:33.422] [DEBUG] [CODEGEN] IF-STATEMENT: Checking terminator for block: if.then101, has terminator: 0[0m
[0;36m[2025-10-18 17:58:33.422] [DEBUG] [CODEGEN] IF-STATEMENT: Adding branch to merge block from current block[0m
[0;36m[2025-10-18 17:58:33.422] [DEBUG] [CODEGEN] IF-STATEMENT CLEANUP: then_block=if.then101, has_term=1, is_empty=0[0m
[0;36m[2025-10-18 17:58:33.422] [DEBUG] [CODEGEN] IF-STATEMENT: After then body generation, current block: if.end102[0m
[0;36m[2025-10-18 17:58:33.422] [DEBUG] [CODEGEN] IF-STATEMENT: then_block is empty: 0[0m
[0;36m[2025-10-18 17:58:33.422] [DEBUG] [CODEGEN] IF-STATEMENT: then_block has terminator: 1[0m
[0;36m[2025-10-18 17:58:33.422] [DEBUG] [CODEGEN] IF-STATEMENT: Checking terminator for block: if.end102, has terminator: 0[0m
[0;36m[2025-10-18 17:58:33.422] [DEBUG] [CODEGEN] IF-STATEMENT: Adding branch to merge block from current block[0m
[0;36m[2025-10-18 17:58:33.422] [DEBUG] [CODEGEN] enter_scope: this=0x5bbf0eee2750, _value_context=0x5bbf0eee2a80[0m
[0;36m[2025-10-18 17:58:33.422] [DEBUG] [CODEGEN] Delegating intrinsic call to Intrinsics module: __printf__[0m
[0;36m[2025-10-18 17:58:33.422] [DEBUG] [CODEGEN] Visiting LiteralNode, kind: 9, value: "[DEBUG::RUNTIME] {HeapManager::coalesce_block} Previous block is not free\n"[0m
[0;36m[2025-10-18 17:58:33.422] [DEBUG] [CODEGEN] Generating intrinsic call: __printf__[0m
[0;36m[2025-10-18 17:58:33.422] [DEBUG] [CODEGEN] IF-STATEMENT CLEANUP: then_block=if.then68, has_term=1, is_empty=0[0m
[0;36m[2025-10-18 17:58:33.423] [DEBUG] [CODEGEN] IF-STATEMENT: After then body generation, current block: if.end69[0m
[0;36m[2025-10-18 17:58:33.423] [DEBUG] [CODEGEN] IF-STATEMENT: then_block is empty: 0[0m
[0;36m[2025-10-18 17:58:33.423] [DEBUG] [CODEGEN] IF-STATEMENT: then_block has terminator: 1[0m
[0;36m[2025-10-18 17:58:33.423] [DEBUG] [CODEGEN] IF-STATEMENT: Checking terminator for block: if.end69, has terminator: 0[0m
[0;36m[2025-10-18 17:58:33.423] [DEBUG] [CODEGEN] IF-STATEMENT: Adding branch to merge block from current block[0m
[0;36m[2025-10-18 17:58:33.423] [DEBUG] [CODEGEN] enter_scope: this=0x5bbf0eee2750, _value_context=0x5bbf0eee2a80[0m
[0;36m[2025-10-18 17:58:33.423] [DEBUG] [CODEGEN] Delegating intrinsic call to Intrinsics module: __printf__[0m
[0;36m[2025-10-18 17:58:33.423] [DEBUG] [CODEGEN] Visiting LiteralNode, kind: 9, value: "[DEBUG::RUNTIME] {HeapManager::coalesce_block} No previous block to coalesce\n"[0m
[0;36m[2025-10-18 17:58:33.423] [DEBUG] [CODEGEN] Generating intrinsic call: __printf__[0m
[0;36m[2025-10-18 17:58:33.423] [DEBUG] [CODEGEN] IF-STATEMENT CLEANUP: then_block=if.then58, has_term=1, is_empty=0[0m
[0;36m[2025-10-18 17:58:33.423] [DEBUG] [CODEGEN] Delegating intrinsic call to Intrinsics module: __printf__[0m
[0;36m[2025-10-18 17:58:33.423] [DEBUG] [CODEGEN] Visiting LiteralNode, kind: 9, value: "[DEBUG::RUNTIME] {HeapManager::coalesce_block} Coalescing complete for block: ptr=%p\n"[0m
[0;36m[2025-10-18 17:58:33.423] [DEBUG] [CODEGEN] Checking member access object type for method: get_user_data_ptr[0m
[0;36m[2025-10-18 17:58:33.423] [DEBUG] [CODEGEN]   Object is IdentifierNode[0m
[0;36m[2025-10-18 17:58:33.423] [DEBUG] [CODEGEN] Member access with object identifier: 'block'[0m
[0;36m[2025-10-18 17:58:33.423] [DEBUG] [CODEGEN] Object value found, proceeding with struct method call[0m
[0;36m[2025-10-18 17:58:33.423] [DEBUG] [CODEGEN] Using type name 'HeapBlock*' for method lookup[0m
[0;36m[2025-10-18 17:58:33.423] [DEBUG] [CODEGEN] About to build method name with type: 'HeapBlock*', member: 'get_user_data_ptr'[0m
[0;36m[2025-10-18 17:58:33.423] [DEBUG] [CODEGEN] Stripped pointer asterisk: 'HeapBlock*' -> 'HeapBlock'[0m
[0;36m[2025-10-18 17:58:33.423] [DEBUG] [CODEGEN] Built method name: 'std::Runtime::HeapBlock::get_user_data_ptr'[0m
[0;36m[2025-10-18 17:58:33.423] [DEBUG] [CODEGEN] Found method: std::Runtime::HeapBlock::get_user_data_ptr[0m
[0;36m[2025-10-18 17:58:33.423] [DEBUG] [CODEGEN] Method function type: 1 params[0m
[0;36m[2025-10-18 17:58:33.423] [DEBUG] [CODEGEN] Loaded pointer for struct method call[0m
[0;36m[2025-10-18 17:58:33.423] [DEBUG] [CODEGEN] Calling method with 1 arguments[0m
[0;36m[2025-10-18 17:58:33.423] [DEBUG] [CODEGEN] Generating intrinsic call: __printf__[0m
[0;36m[2025-10-18 17:58:33.423] [DEBUG] [CODEGEN] Completed struct/class declaration 14[0m
[0;36m[2025-10-18 17:58:33.423] [DEBUG] [CODEGEN] Processing struct/class declaration 15/26[0m
[0;36m[2025-10-18 17:58:33.423] [DEBUG] [CODEGEN] Visiting ClassDeclarationNode: StatisticsManager[0m
[0;36m[2025-10-18 17:58:33.423] [DEBUG] [CODEGEN] Registered AST node for class: StatisticsManager[0m
[0;36m[2025-10-18 17:58:33.423] [DEBUG] [AST] TypeContext::get_class_type() called with name='StatisticsManager'[0m
[0;36m[2025-10-18 17:58:33.423] [DEBUG] [CODEGEN] Created LLVM class type for StatisticsManager[0m
[0;36m[2025-10-18 17:58:33.423] [DEBUG] [CODEGEN] Pass 1: Creating function declarations for all methods in StatisticsManager[0m
[0;36m[2025-10-18 17:58:33.423] [DEBUG] [CODEGEN] Generating method declaration: StatisticsManager::StatisticsManager[0m
[0;36m[2025-10-18 17:58:33.423] [DEBUG] [CODEGEN] Full qualified method name: std::Runtime::StatisticsManager::StatisticsManager[0m
[0;36m[2025-10-18 17:58:33.423] [DEBUG] [CODEGEN] Method StatisticsManager cryo_return_type=non-null kind=0[0m
[0;36m[2025-10-18 17:58:33.423] [DEBUG] [CODEGEN] Stored function 'std::Runtime::StatisticsManager::StatisticsManager' in module: std::Runtime[0m
[0;36m[2025-10-18 17:58:33.423] [DEBUG] [CODEGEN] Function name at store time: std::Runtime::StatisticsManager::StatisticsManager[0m
[0;36m[2025-10-18 17:58:33.423] [DEBUG] [CODEGEN] Function has parent module: YES[0m
[0;36m[2025-10-18 17:58:33.423] [DEBUG] [CODEGEN] Generating method declaration: StatisticsManager::record_allocation[0m
[0;36m[2025-10-18 17:58:33.423] [DEBUG] [CODEGEN] Full qualified method name: std::Runtime::StatisticsManager::record_allocation[0m
[0;36m[2025-10-18 17:58:33.423] [DEBUG] [CODEGEN] TypeMapper::map_type() - successfully got kind: Integer (2)[0m
[0;36m[2025-10-18 17:58:33.423] [DEBUG] [CODEGEN] Method record_allocation cryo_return_type=non-null kind=0[0m
[0;36m[2025-10-18 17:58:33.423] [DEBUG] [CODEGEN] Stored function 'std::Runtime::StatisticsManager::record_allocation' in module: std::Runtime[0m
[0;36m[2025-10-18 17:58:33.423] [DEBUG] [CODEGEN] Function name at store time: std::Runtime::StatisticsManager::record_allocation[0m
[0;36m[2025-10-18 17:58:33.423] [DEBUG] [CODEGEN] Function has parent module: YES[0m
[0;36m[2025-10-18 17:58:33.423] [DEBUG] [CODEGEN] Generating method declaration: StatisticsManager::record_deallocation[0m
[0;36m[2025-10-18 17:58:33.423] [DEBUG] [CODEGEN] Full qualified method name: std::Runtime::StatisticsManager::record_deallocation[0m
[0;36m[2025-10-18 17:58:33.423] [DEBUG] [CODEGEN] TypeMapper::map_type() - successfully got kind: Integer (2)[0m
[0;36m[2025-10-18 17:58:33.423] [DEBUG] [CODEGEN] Method record_deallocation cryo_return_type=non-null kind=0[0m
[0;36m[2025-10-18 17:58:33.423] [DEBUG] [CODEGEN] Stored function 'std::Runtime::StatisticsManager::record_deallocation' in module: std::Runtime[0m
[0;36m[2025-10-18 17:58:33.423] [DEBUG] [CODEGEN] Function name at store time: std::Runtime::StatisticsManager::record_deallocation[0m
[0;36m[2025-10-18 17:58:33.423] [DEBUG] [CODEGEN] Function has parent module: YES[0m
[0;36m[2025-10-18 17:58:33.423] [DEBUG] [CODEGEN] Generating method declaration: StatisticsManager::print_stats[0m
[0;36m[2025-10-18 17:58:33.423] [DEBUG] [CODEGEN] Full qualified method name: std::Runtime::StatisticsManager::print_stats[0m
[0;36m[2025-10-18 17:58:33.423] [DEBUG] [CODEGEN] Method print_stats cryo_return_type=non-null kind=0[0m
[0;36m[2025-10-18 17:58:33.423] [DEBUG] [CODEGEN] Stored function 'std::Runtime::StatisticsManager::print_stats' in module: std::Runtime[0m
[0;36m[2025-10-18 17:58:33.423] [DEBUG] [CODEGEN] Function name at store time: std::Runtime::StatisticsManager::print_stats[0m
[0;36m[2025-10-18 17:58:33.423] [DEBUG] [CODEGEN] Function has parent module: YES[0m
[0;36m[2025-10-18 17:58:33.423] [DEBUG] [CODEGEN] Pass 2: Generating function bodies for all methods in StatisticsManager[0m
[0;36m[2025-10-18 17:58:33.423] [DEBUG] [CODEGEN] Generating method body: std::Runtime::StatisticsManager::StatisticsManager[0m
[0;36m[2025-10-18 17:58:33.423] [DEBUG] [CODEGEN] enter_scope: this=0x5bbf0eee2750, _value_context=0x5bbf0eee2a80[0m
[0;36m[2025-10-18 17:58:33.423] [DEBUG] [CODEGEN] Setting up 'this' parameter for class method[0m
[0;36m[2025-10-18 17:58:33.423] [DEBUG] [AST] TypeContext::get_class_type() called with name='StatisticsManager'[0m
[0;36m[2025-10-18 17:58:33.423] [DEBUG] [CODEGEN] Stored 'this' parameter for class 'StatisticsManager' with class type[0m
[0;36m[2025-10-18 17:58:33.423] [DEBUG] [CODEGEN] 'this' parameter set up successfully for class method[0m
[0;36m[2025-10-18 17:58:33.423] [DEBUG] [CODEGEN] Delegating intrinsic call to Intrinsics module: __printf__[0m
[0;36m[2025-10-18 17:58:33.423] [DEBUG] [CODEGEN] Visiting LiteralNode, kind: 9, value: "[DEBUG::RUNTIME] {StatisticsManager::StatisticsManager} Initializing StatisticsManager\n"[0m
[0;36m[2025-10-18 17:58:33.424] [DEBUG] [CODEGEN] Generating intrinsic call: __printf__[0m
[0;36m[2025-10-18 17:58:33.424] [DEBUG] [CODEGEN] Visiting LiteralNode, kind: 7, value: 0[0m
[0;36m[2025-10-18 17:58:33.424] [DEBUG] [AST] TypeContext::get_integer_type() called with kind=u64 is_signed=0[0m
[0;36m[2025-10-18 17:58:33.424] [DEBUG] [CODEGEN] TypeMapper::map_type() - successfully got kind: Integer (2)[0m
[0;36m[2025-10-18 17:58:33.424] [DEBUG] [CODEGEN] Visiting LiteralNode, kind: 7, value: 0[0m
[0;36m[2025-10-18 17:58:33.424] [DEBUG] [AST] TypeContext::get_integer_type() called with kind=u64 is_signed=0[0m
[0;36m[2025-10-18 17:58:33.424] [DEBUG] [CODEGEN] TypeMapper::map_type() - successfully got kind: Integer (2)[0m
[0;36m[2025-10-18 17:58:33.424] [DEBUG] [CODEGEN] Visiting LiteralNode, kind: 7, value: 0[0m
[0;36m[2025-10-18 17:58:33.424] [DEBUG] [AST] TypeContext::get_integer_type() called with kind=u64 is_signed=0[0m
[0;36m[2025-10-18 17:58:33.424] [DEBUG] [CODEGEN] TypeMapper::map_type() - successfully got kind: Integer (2)[0m
[0;36m[2025-10-18 17:58:33.424] [DEBUG] [CODEGEN] Visiting LiteralNode, kind: 7, value: 0[0m
[0;36m[2025-10-18 17:58:33.424] [DEBUG] [AST] TypeContext::get_integer_type() called with kind=u64 is_signed=0[0m
[0;36m[2025-10-18 17:58:33.424] [DEBUG] [CODEGEN] TypeMapper::map_type() - successfully got kind: Integer (2)[0m
[0;36m[2025-10-18 17:58:33.424] [DEBUG] [CODEGEN] Visiting LiteralNode, kind: 7, value: 0[0m
[0;36m[2025-10-18 17:58:33.424] [DEBUG] [AST] TypeContext::get_integer_type() called with kind=u64 is_signed=0[0m
[0;36m[2025-10-18 17:58:33.424] [DEBUG] [CODEGEN] TypeMapper::map_type() - successfully got kind: Integer (2)[0m
[0;36m[2025-10-18 17:58:33.424] [DEBUG] [CODEGEN] Visiting LiteralNode, kind: 7, value: 0[0m
[0;36m[2025-10-18 17:58:33.424] [DEBUG] [AST] TypeContext::get_integer_type() called with kind=u64 is_signed=0[0m
[0;36m[2025-10-18 17:58:33.424] [DEBUG] [CODEGEN] TypeMapper::map_type() - successfully got kind: Integer (2)[0m
[0;36m[2025-10-18 17:58:33.424] [DEBUG] [CODEGEN] Visiting LiteralNode, kind: 7, value: 0.0[0m
[0;36m[2025-10-18 17:58:33.424] [DEBUG] [CODEGEN] Visiting LiteralNode, kind: 7, value: 0[0m
[0;36m[2025-10-18 17:58:33.424] [DEBUG] [AST] TypeContext::get_integer_type() called with kind=u64 is_signed=0[0m
[0;36m[2025-10-18 17:58:33.424] [DEBUG] [CODEGEN] TypeMapper::map_type() - successfully got kind: Integer (2)[0m
[0;36m[2025-10-18 17:58:33.424] [DEBUG] [CODEGEN] Visiting LiteralNode, kind: 7, value: 0[0m
[0;36m[2025-10-18 17:58:33.424] [DEBUG] [AST] TypeContext::get_integer_type() called with kind=u64 is_signed=0[0m
[0;36m[2025-10-18 17:58:33.424] [DEBUG] [CODEGEN] TypeMapper::map_type() - successfully got kind: Integer (2)[0m
[0;36m[2025-10-18 17:58:33.424] [DEBUG] [CODEGEN] Visiting LiteralNode, kind: 7, value: 0[0m
[0;36m[2025-10-18 17:58:33.424] [DEBUG] [AST] TypeContext::get_integer_type() called with kind=u64 is_signed=0[0m
[0;36m[2025-10-18 17:58:33.424] [DEBUG] [CODEGEN] TypeMapper::map_type() - successfully got kind: Integer (2)[0m
[0;36m[2025-10-18 17:58:33.424] [DEBUG] [CODEGEN] Visiting LiteralNode, kind: 7, value: 0[0m
[0;36m[2025-10-18 17:58:33.424] [DEBUG] [AST] TypeContext::get_integer_type() called with kind=u64 is_signed=0[0m
[0;36m[2025-10-18 17:58:33.424] [DEBUG] [CODEGEN] TypeMapper::map_type() - successfully got kind: Integer (2)[0m
[0;36m[2025-10-18 17:58:33.424] [DEBUG] [CODEGEN] Generating method body: std::Runtime::StatisticsManager::record_allocation[0m
[0;36m[2025-10-18 17:58:33.424] [DEBUG] [CODEGEN] enter_scope: this=0x5bbf0eee2750, _value_context=0x5bbf0eee2a80[0m
[0;36m[2025-10-18 17:58:33.424] [DEBUG] [CODEGEN] Setting up 'this' parameter for class method[0m
[0;36m[2025-10-18 17:58:33.424] [DEBUG] [AST] TypeContext::get_class_type() called with name='StatisticsManager'[0m
[0;36m[2025-10-18 17:58:33.424] [DEBUG] [CODEGEN] Stored 'this' parameter for class 'StatisticsManager' with class type[0m
[0;36m[2025-10-18 17:58:33.424] [DEBUG] [CODEGEN] 'this' parameter set up successfully for class method[0m
[0;36m[2025-10-18 17:58:33.424] [DEBUG] [CODEGEN] TypeMapper::map_type() - successfully got kind: Integer (2)[0m
[0;36m[2025-10-18 17:58:33.424] [DEBUG] [CODEGEN] Stored parameter 'size' with type: u64[0m
[0;36m[2025-10-18 17:58:33.424] [DEBUG] [CODEGEN] Delegating intrinsic call to Intrinsics module: __printf__[0m
[0;36m[2025-10-18 17:58:33.424] [DEBUG] [CODEGEN] Visiting LiteralNode, kind: 9, value: "[DEBUG::RUNTIME] {StatisticsManager::record_allocation} Recording allocation: size=%llu bytes\n"[0m
[0;36m[2025-10-18 17:58:33.424] [DEBUG] [CODEGEN] Generating intrinsic call: __printf__[0m
[0;36m[2025-10-18 17:58:33.424] [DEBUG] [CODEGEN] Generating member access[0m
[0;36m[2025-10-18 17:58:33.424] [DEBUG] [CODEGEN] Looking for variable: this[0m
[0;36m[2025-10-18 17:58:33.424] [DEBUG] [CODEGEN] get_alloca result: found[0m
[0;36m[2025-10-18 17:58:33.424] [DEBUG] [CODEGEN] Accessing member: total_allocations[0m
[0;36m[2025-10-18 17:58:33.424] [DEBUG] [CODEGEN] Trying direct type resolution from LLVM type[0m
[0;36m[2025-10-18 17:58:33.424] [DEBUG] [CODEGEN] Member access allocated_type: valid[0m
[0;36m[2025-10-18 17:58:33.425] [DEBUG] [CODEGEN] Member access: this is a pointer type, searching for matching struct[0m
[0;36m[2025-10-18 17:58:33.425] [DEBUG] [CODEGEN] Found matching struct type: StatisticsManager, field index: 0[0m
[0;36m[2025-10-18 17:58:33.425] [DEBUG] [CODEGEN] Member access resolution successful: type_name='StatisticsManager', member_name='total_allocations', field_index=0[0m
[0;36m[2025-10-18 17:58:33.425] [DEBUG] [CODEGEN] Loaded struct pointer for member access[0m
[0;36m[2025-10-18 17:58:33.425] [DEBUG] [CODEGEN] About to access field index 0 in struct with 11 fields[0m
[0;36m[2025-10-18 17:58:33.425] [DEBUG] [CODEGEN] Created GEP for field access[0m
[0;36m[2025-10-18 17:58:33.425] [DEBUG] [CODEGEN] Successfully generated field access for: total_allocations[0m
[0;36m[2025-10-18 17:58:33.425] [DEBUG] [CODEGEN] Visiting LiteralNode, kind: 7, value: 1[0m
[0;36m[2025-10-18 17:58:33.425] [DEBUG] [AST] TypeContext::get_integer_type() called with kind=u64 is_signed=0[0m
[0;36m[2025-10-18 17:58:33.425] [DEBUG] [CODEGEN] TypeMapper::map_type() - successfully got kind: Integer (2)[0m
[0;36m[2025-10-18 17:58:33.425] [DEBUG] [CODEGEN] Generating member access[0m
[0;36m[2025-10-18 17:58:33.425] [DEBUG] [CODEGEN] Looking for variable: this[0m
[0;36m[2025-10-18 17:58:33.425] [DEBUG] [CODEGEN] get_alloca result: found[0m
[0;36m[2025-10-18 17:58:33.425] [DEBUG] [CODEGEN] Accessing member: bytes_allocated[0m
[0;36m[2025-10-18 17:58:33.425] [DEBUG] [CODEGEN] Trying direct type resolution from LLVM type[0m
[0;36m[2025-10-18 17:58:33.425] [DEBUG] [CODEGEN] Member access allocated_type: valid[0m
[0;36m[2025-10-18 17:58:33.425] [DEBUG] [CODEGEN] Member access: this is a pointer type, searching for matching struct[0m
[0;36m[2025-10-18 17:58:33.425] [DEBUG] [CODEGEN] Found matching struct type: StatisticsManager, field index: 2[0m
[0;36m[2025-10-18 17:58:33.425] [DEBUG] [CODEGEN] Member access resolution successful: type_name='StatisticsManager', member_name='bytes_allocated', field_index=2[0m
[0;36m[2025-10-18 17:58:33.425] [DEBUG] [CODEGEN] Loaded struct pointer for member access[0m
[0;36m[2025-10-18 17:58:33.425] [DEBUG] [CODEGEN] About to access field index 2 in struct with 11 fields[0m
[0;36m[2025-10-18 17:58:33.425] [DEBUG] [CODEGEN] Created GEP for field access[0m
[0;36m[2025-10-18 17:58:33.425] [DEBUG] [CODEGEN] Successfully generated field access for: bytes_allocated[0m
[0;36m[2025-10-18 17:58:33.425] [DEBUG] [CODEGEN] IF-STATEMENT ENTRY: Current block before anything: entry[0m
[0;36m[2025-10-18 17:58:33.425] [DEBUG] [CODEGEN] Generating member access[0m
[0;36m[2025-10-18 17:58:33.425] [DEBUG] [CODEGEN] Looking for variable: this[0m
[0;36m[2025-10-18 17:58:33.425] [DEBUG] [CODEGEN] get_alloca result: found[0m
[0;36m[2025-10-18 17:58:33.425] [DEBUG] [CODEGEN] Accessing member: bytes_allocated[0m
[0;36m[2025-10-18 17:58:33.425] [DEBUG] [CODEGEN] Trying direct type resolution from LLVM type[0m
[0;36m[2025-10-18 17:58:33.425] [DEBUG] [CODEGEN] Member access allocated_type: valid[0m
[0;36m[2025-10-18 17:58:33.425] [DEBUG] [CODEGEN] Member access: this is a pointer type, searching for matching struct[0m
[0;36m[2025-10-18 17:58:33.425] [DEBUG] [CODEGEN] Found matching struct type: StatisticsManager, field index: 2[0m
[0;36m[2025-10-18 17:58:33.425] [DEBUG] [CODEGEN] Member access resolution successful: type_name='StatisticsManager', member_name='bytes_allocated', field_index=2[0m
[0;36m[2025-10-18 17:58:33.425] [DEBUG] [CODEGEN] Loaded struct pointer for member access[0m
[0;36m[2025-10-18 17:58:33.425] [DEBUG] [CODEGEN] About to access field index 2 in struct with 11 fields[0m
[0;36m[2025-10-18 17:58:33.425] [DEBUG] [CODEGEN] Created GEP for field access[0m
[0;36m[2025-10-18 17:58:33.425] [DEBUG] [CODEGEN] Successfully generated field access for: bytes_allocated[0m
[0;36m[2025-10-18 17:58:33.425] [DEBUG] [CODEGEN] Generating member access[0m
[0;36m[2025-10-18 17:58:33.425] [DEBUG] [CODEGEN] Looking for variable: this[0m
[0;36m[2025-10-18 17:58:33.425] [DEBUG] [CODEGEN] get_alloca result: found[0m
[0;36m[2025-10-18 17:58:33.425] [DEBUG] [CODEGEN] Accessing member: peak_allocation[0m
[0;36m[2025-10-18 17:58:33.425] [DEBUG] [CODEGEN] Trying direct type resolution from LLVM type[0m
[0;36m[2025-10-18 17:58:33.425] [DEBUG] [CODEGEN] Member access allocated_type: valid[0m
[0;36m[2025-10-18 17:58:33.425] [DEBUG] [CODEGEN] Member access: this is a pointer type, searching for matching struct[0m
[0;36m[2025-10-18 17:58:33.425] [DEBUG] [CODEGEN] Found matching struct type: StatisticsManager, field index: 3[0m
[0;36m[2025-10-18 17:58:33.425] [DEBUG] [CODEGEN] Member access resolution successful: type_name='StatisticsManager', member_name='peak_allocation', field_index=3[0m
[0;36m[2025-10-18 17:58:33.425] [DEBUG] [CODEGEN] Loaded struct pointer for member access[0m
[0;36m[2025-10-18 17:58:33.425] [DEBUG] [CODEGEN] About to access field index 3 in struct with 11 fields[0m
[0;36m[2025-10-18 17:58:33.425] [DEBUG] [CODEGEN] Created GEP for field access[0m
[0;36m[2025-10-18 17:58:33.425] [DEBUG] [CODEGEN] Successfully generated field access for: peak_allocation[0m
[0;36m[2025-10-18 17:58:33.426] [DEBUG] [CODEGEN] IF-STATEMENT: About to create branch from block: entry (ptr=0x5bbf0ef9d1a0), has terminator before branch: 0[0m
[0;36m[2025-10-18 17:58:33.426] [DEBUG] [CODEGEN] IF-STATEMENT: After creating branch, block entry (ptr=0x5bbf0ef9d1a0) has terminator: 1[0m
[0;36m[2025-10-18 17:58:33.426] [DEBUG] [CODEGEN] IF-STATEMENT: Branch target: then_block=if.then (ptr=0x5bbf0ef9fbe0)[0m
[0;36m[2025-10-18 17:58:33.426] [DEBUG] [CODEGEN] IF-STATEMENT: Generating then block, insert point: if.then[0m
[0;36m[2025-10-18 17:58:33.426] [DEBUG] [CODEGEN] IF-STATEMENT: then_block is empty: 1[0m
[0;36m[2025-10-18 17:58:33.426] [DEBUG] [CODEGEN] enter_scope: this=0x5bbf0eee2750, _value_context=0x5bbf0eee2a80[0m
[0;36m[2025-10-18 17:58:33.426] [DEBUG] [CODEGEN] Generating member access[0m
[0;36m[2025-10-18 17:58:33.426] [DEBUG] [CODEGEN] Looking for variable: this[0m
[0;36m[2025-10-18 17:58:33.426] [DEBUG] [CODEGEN] get_alloca result: found[0m
[0;36m[2025-10-18 17:58:33.426] [DEBUG] [CODEGEN] Accessing member: bytes_allocated[0m
[0;36m[2025-10-18 17:58:33.426] [DEBUG] [CODEGEN] Trying direct type resolution from LLVM type[0m
[0;36m[2025-10-18 17:58:33.426] [DEBUG] [CODEGEN] Member access allocated_type: valid[0m
[0;36m[2025-10-18 17:58:33.426] [DEBUG] [CODEGEN] Member access: this is a pointer type, searching for matching struct[0m
[0;36m[2025-10-18 17:58:33.426] [DEBUG] [CODEGEN] Found matching struct type: StatisticsManager, field index: 2[0m
[0;36m[2025-10-18 17:58:33.426] [DEBUG] [CODEGEN] Member access resolution successful: type_name='StatisticsManager', member_name='bytes_allocated', field_index=2[0m
[0;36m[2025-10-18 17:58:33.426] [DEBUG] [CODEGEN] Loaded struct pointer for member access[0m
[0;36m[2025-10-18 17:58:33.426] [DEBUG] [CODEGEN] About to access field index 2 in struct with 11 fields[0m
[0;36m[2025-10-18 17:58:33.426] [DEBUG] [CODEGEN] Created GEP for field access[0m
[0;36m[2025-10-18 17:58:33.426] [DEBUG] [CODEGEN] Successfully generated field access for: bytes_allocated[0m
[0;36m[2025-10-18 17:58:33.426] [DEBUG] [CODEGEN] Delegating intrinsic call to Intrinsics module: __printf__[0m
[0;36m[2025-10-18 17:58:33.426] [DEBUG] [CODEGEN] Visiting LiteralNode, kind: 9, value: "[DEBUG::RUNTIME] {StatisticsManager::record_allocation} New peak allocation: %llu bytes\n"[0m
[0;36m[2025-10-18 17:58:33.426] [DEBUG] [CODEGEN] Generating member access[0m
[0;36m[2025-10-18 17:58:33.426] [DEBUG] [CODEGEN] Looking for variable: this[0m
[0;36m[2025-10-18 17:58:33.426] [DEBUG] [CODEGEN] get_alloca result: found[0m
[0;36m[2025-10-18 17:58:33.426] [DEBUG] [CODEGEN] Accessing member: peak_allocation[0m
[0;36m[2025-10-18 17:58:33.426] [DEBUG] [CODEGEN] Trying direct type resolution from LLVM type[0m
[0;36m[2025-10-18 17:58:33.426] [DEBUG] [CODEGEN] Member access allocated_type: valid[0m
[0;36m[2025-10-18 17:58:33.426] [DEBUG] [CODEGEN] Member access: this is a pointer type, searching for matching struct[0m
[0;36m[2025-10-18 17:58:33.426] [DEBUG] [CODEGEN] Found matching struct type: StatisticsManager, field index: 3[0m
[0;36m[2025-10-18 17:58:33.426] [DEBUG] [CODEGEN] Member access resolution successful: type_name='StatisticsManager', member_name='peak_allocation', field_index=3[0m
[0;36m[2025-10-18 17:58:33.426] [DEBUG] [CODEGEN] Loaded struct pointer for member access[0m
[0;36m[2025-10-18 17:58:33.426] [DEBUG] [CODEGEN] About to access field index 3 in struct with 11 fields[0m
[0;36m[2025-10-18 17:58:33.426] [DEBUG] [CODEGEN] Created GEP for field access[0m
[0;36m[2025-10-18 17:58:33.426] [DEBUG] [CODEGEN] Successfully generated field access for: peak_allocation[0m
[0;36m[2025-10-18 17:58:33.426] [DEBUG] [CODEGEN] Generating intrinsic call: __printf__[0m
[0;36m[2025-10-18 17:58:33.426] [DEBUG] [CODEGEN] IF-STATEMENT: After then body generation, current block: if.then[0m
[0;36m[2025-10-18 17:58:33.426] [DEBUG] [CODEGEN] IF-STATEMENT: then_block is empty: 0[0m
[0;36m[2025-10-18 17:58:33.426] [DEBUG] [CODEGEN] IF-STATEMENT: then_block has terminator: 0[0m
[0;36m[2025-10-18 17:58:33.426] [DEBUG] [CODEGEN] IF-STATEMENT: Checking terminator for block: if.then, has terminator: 0[0m
[0;36m[2025-10-18 17:58:33.426] [DEBUG] [CODEGEN] IF-STATEMENT: Adding branch to merge block from current block[0m
[0;36m[2025-10-18 17:58:33.426] [DEBUG] [CODEGEN] IF-STATEMENT CLEANUP: then_block=if.then, has_term=1, is_empty=0[0m
[0;36m[2025-10-18 17:58:33.426] [DEBUG] [CODEGEN] Generating method body: std::Runtime::StatisticsManager::record_deallocation[0m
[0;36m[2025-10-18 17:58:33.426] [DEBUG] [CODEGEN] enter_scope: this=0x5bbf0eee2750, _value_context=0x5bbf0eee2a80[0m
[0;36m[2025-10-18 17:58:33.426] [DEBUG] [CODEGEN] Setting up 'this' parameter for class method[0m
[0;36m[2025-10-18 17:58:33.426] [DEBUG] [AST] TypeContext::get_class_type() called with name='StatisticsManager'[0m
[0;36m[2025-10-18 17:58:33.426] [DEBUG] [CODEGEN] Stored 'this' parameter for class 'StatisticsManager' with class type[0m
[0;36m[2025-10-18 17:58:33.426] [DEBUG] [CODEGEN] 'this' parameter set up successfully for class method[0m
[0;36m[2025-10-18 17:58:33.426] [DEBUG] [CODEGEN] TypeMapper::map_type() - successfully got kind: Integer (2)[0m
[0;36m[2025-10-18 17:58:33.426] [DEBUG] [CODEGEN] Stored parameter 'size' with type: u64[0m
[0;36m[2025-10-18 17:58:33.426] [DEBUG] [CODEGEN] Delegating intrinsic call to Intrinsics module: __printf__[0m
[0;36m[2025-10-18 17:58:33.427] [DEBUG] [CODEGEN] Visiting LiteralNode, kind: 9, value: "[DEBUG::RUNTIME] {StatisticsManager::record_deallocation} Recording deallocation: size=%llu bytes\n"[0m
[0;36m[2025-10-18 17:58:33.427] [DEBUG] [CODEGEN] Generating intrinsic call: __printf__[0m
[0;36m[2025-10-18 17:58:33.427] [DEBUG] [CODEGEN] Generating member access[0m
[0;36m[2025-10-18 17:58:33.427] [DEBUG] [CODEGEN] Looking for variable: this[0m
[0;36m[2025-10-18 17:58:33.427] [DEBUG] [CODEGEN] get_alloca result: found[0m
[0;36m[2025-10-18 17:58:33.427] [DEBUG] [CODEGEN] Accessing member: total_deallocations[0m
[0;36m[2025-10-18 17:58:33.427] [DEBUG] [CODEGEN] Trying direct type resolution from LLVM type[0m
[0;36m[2025-10-18 17:58:33.427] [DEBUG] [CODEGEN] Member access allocated_type: valid[0m
[0;36m[2025-10-18 17:58:33.427] [DEBUG] [CODEGEN] Member access: this is a pointer type, searching for matching struct[0m
[0;36m[2025-10-18 17:58:33.427] [DEBUG] [CODEGEN] Found matching struct type: StatisticsManager, field index: 1[0m
[0;36m[2025-10-18 17:58:33.427] [DEBUG] [CODEGEN] Member access resolution successful: type_name='StatisticsManager', member_name='total_deallocations', field_index=1[0m
[0;36m[2025-10-18 17:58:33.427] [DEBUG] [CODEGEN] Loaded struct pointer for member access[0m
[0;36m[2025-10-18 17:58:33.427] [DEBUG] [CODEGEN] About to access field index 1 in struct with 11 fields[0m
[0;36m[2025-10-18 17:58:33.427] [DEBUG] [CODEGEN] Created GEP for field access[0m
[0;36m[2025-10-18 17:58:33.427] [DEBUG] [CODEGEN] Successfully generated field access for: total_deallocations[0m
[0;36m[2025-10-18 17:58:33.427] [DEBUG] [CODEGEN] Visiting LiteralNode, kind: 7, value: 1[0m
[0;36m[2025-10-18 17:58:33.427] [DEBUG] [AST] TypeContext::get_integer_type() called with kind=u64 is_signed=0[0m
[0;36m[2025-10-18 17:58:33.427] [DEBUG] [CODEGEN] TypeMapper::map_type() - successfully got kind: Integer (2)[0m
[0;36m[2025-10-18 17:58:33.427] [DEBUG] [CODEGEN] Generating member access[0m
[0;36m[2025-10-18 17:58:33.427] [DEBUG] [CODEGEN] Looking for variable: this[0m
[0;36m[2025-10-18 17:58:33.427] [DEBUG] [CODEGEN] get_alloca result: found[0m
[0;36m[2025-10-18 17:58:33.427] [DEBUG] [CODEGEN] Accessing member: bytes_allocated[0m
[0;36m[2025-10-18 17:58:33.427] [DEBUG] [CODEGEN] Trying direct type resolution from LLVM type[0m
[0;36m[2025-10-18 17:58:33.427] [DEBUG] [CODEGEN] Member access allocated_type: valid[0m
[0;36m[2025-10-18 17:58:33.427] [DEBUG] [CODEGEN] Member access: this is a pointer type, searching for matching struct[0m
[0;36m[2025-10-18 17:58:33.427] [DEBUG] [CODEGEN] Found matching struct type: StatisticsManager, field index: 2[0m
[0;36m[2025-10-18 17:58:33.427] [DEBUG] [CODEGEN] Member access resolution successful: type_name='StatisticsManager', member_name='bytes_allocated', field_index=2[0m
[0;36m[2025-10-18 17:58:33.427] [DEBUG] [CODEGEN] Loaded struct pointer for member access[0m
[0;36m[2025-10-18 17:58:33.427] [DEBUG] [CODEGEN] About to access field index 2 in struct with 11 fields[0m
[0;36m[2025-10-18 17:58:33.427] [DEBUG] [CODEGEN] Created GEP for field access[0m
[0;36m[2025-10-18 17:58:33.427] [DEBUG] [CODEGEN] Successfully generated field access for: bytes_allocated[0m
[0;36m[2025-10-18 17:58:33.427] [DEBUG] [CODEGEN] Generating method body: std::Runtime::StatisticsManager::print_stats[0m
[0;36m[2025-10-18 17:58:33.427] [DEBUG] [CODEGEN] enter_scope: this=0x5bbf0eee2750, _value_context=0x5bbf0eee2a80[0m
[0;36m[2025-10-18 17:58:33.427] [DEBUG] [CODEGEN] Setting up 'this' parameter for class method[0m
[0;36m[2025-10-18 17:58:33.427] [DEBUG] [AST] TypeContext::get_class_type() called with name='StatisticsManager'[0m
[0;36m[2025-10-18 17:58:33.427] [DEBUG] [CODEGEN] Stored 'this' parameter for class 'StatisticsManager' with class type[0m
[0;36m[2025-10-18 17:58:33.427] [DEBUG] [CODEGEN] 'this' parameter set up successfully for class method[0m
[0;36m[2025-10-18 17:58:33.427] [DEBUG] [CODEGEN] Delegating intrinsic call to Intrinsics module: __printf__[0m
[0;36m[2025-10-18 17:58:33.427] [DEBUG] [CODEGEN] Visiting LiteralNode, kind: 9, value: "═══════════════════════════════════════════════════════════\n"[0m
[0;36m[2025-10-18 17:58:33.427] [DEBUG] [CODEGEN] Generating intrinsic call: __printf__[0m
[0;36m[2025-10-18 17:58:33.427] [DEBUG] [CODEGEN] Delegating intrinsic call to Intrinsics module: __printf__[0m
[0;36m[2025-10-18 17:58:33.427] [DEBUG] [CODEGEN] Visiting LiteralNode, kind: 9, value: "                RUNTIME STATISTICS                         \n"[0m
[0;36m[2025-10-18 17:58:33.427] [DEBUG] [CODEGEN] Generating intrinsic call: __printf__[0m
[0;36m[2025-10-18 17:58:33.427] [DEBUG] [CODEGEN] Delegating intrinsic call to Intrinsics module: __printf__[0m
[0;36m[2025-10-18 17:58:33.427] [DEBUG] [CODEGEN] Visiting LiteralNode, kind: 9, value: "═══════════════════════════════════════════════════════════\n"[0m
[0;36m[2025-10-18 17:58:33.427] [DEBUG] [CODEGEN] Generating intrinsic call: __printf__[0m
[0;36m[2025-10-18 17:58:33.427] [DEBUG] [CODEGEN] Delegating intrinsic call to Intrinsics module: __printf__[0m
[0;36m[2025-10-18 17:58:33.427] [DEBUG] [CODEGEN] Visiting LiteralNode, kind: 9, value: "Allocations:\n"[0m
[0;36m[2025-10-18 17:58:33.427] [DEBUG] [CODEGEN] Generating intrinsic call: __printf__[0m
[0;36m[2025-10-18 17:58:33.427] [DEBUG] [CODEGEN] Delegating intrinsic call to Intrinsics module: __printf__[0m
[0;36m[2025-10-18 17:58:33.427] [DEBUG] [CODEGEN] Visiting LiteralNode, kind: 9, value: "  Total allocations:   %10llu\n"[0m
[0;36m[2025-10-18 17:58:33.427] [DEBUG] [CODEGEN] Generating member access[0m
[0;36m[2025-10-18 17:58:33.427] [DEBUG] [CODEGEN] Looking for variable: this[0m
[0;36m[2025-10-18 17:58:33.427] [DEBUG] [CODEGEN] get_alloca result: found[0m
[0;36m[2025-10-18 17:58:33.427] [DEBUG] [CODEGEN] Accessing member: total_allocations[0m
[0;36m[2025-10-18 17:58:33.427] [DEBUG] [CODEGEN] Trying direct type resolution from LLVM type[0m
[0;36m[2025-10-18 17:58:33.427] [DEBUG] [CODEGEN] Member access allocated_type: valid[0m
[0;36m[2025-10-18 17:58:33.427] [DEBUG] [CODEGEN] Member access: this is a pointer type, searching for matching struct[0m
[0;36m[2025-10-18 17:58:33.427] [DEBUG] [CODEGEN] Found matching struct type: StatisticsManager, field index: 0[0m
[0;36m[2025-10-18 17:58:33.427] [DEBUG] [CODEGEN] Member access resolution successful: type_name='StatisticsManager', member_name='total_allocations', field_index=0[0m
[0;36m[2025-10-18 17:58:33.427] [DEBUG] [CODEGEN] Loaded struct pointer for member access[0m
[0;36m[2025-10-18 17:58:33.427] [DEBUG] [CODEGEN] About to access field index 0 in struct with 11 fields[0m
[0;36m[2025-10-18 17:58:33.427] [DEBUG] [CODEGEN] Created GEP for field access[0m
[0;36m[2025-10-18 17:58:33.427] [DEBUG] [CODEGEN] Successfully generated field access for: total_allocations[0m
[0;36m[2025-10-18 17:58:33.427] [DEBUG] [CODEGEN] Generating intrinsic call: __printf__[0m
[0;36m[2025-10-18 17:58:33.428] [DEBUG] [CODEGEN] Delegating intrinsic call to Intrinsics module: __printf__[0m
[0;36m[2025-10-18 17:58:33.428] [DEBUG] [CODEGEN] Visiting LiteralNode, kind: 9, value: "  Total deallocations: %10llu\n"[0m
[0;36m[2025-10-18 17:58:33.428] [DEBUG] [CODEGEN] Generating member access[0m
[0;36m[2025-10-18 17:58:33.428] [DEBUG] [CODEGEN] Looking for variable: this[0m
[0;36m[2025-10-18 17:58:33.428] [DEBUG] [CODEGEN] get_alloca result: found[0m
[0;36m[2025-10-18 17:58:33.428] [DEBUG] [CODEGEN] Accessing member: total_deallocations[0m
[0;36m[2025-10-18 17:58:33.428] [DEBUG] [CODEGEN] Trying direct type resolution from LLVM type[0m
[0;36m[2025-10-18 17:58:33.428] [DEBUG] [CODEGEN] Member access allocated_type: valid[0m
[0;36m[2025-10-18 17:58:33.428] [DEBUG] [CODEGEN] Member access: this is a pointer type, searching for matching struct[0m
[0;36m[2025-10-18 17:58:33.428] [DEBUG] [CODEGEN] Found matching struct type: StatisticsManager, field index: 1[0m
[0;36m[2025-10-18 17:58:33.428] [DEBUG] [CODEGEN] Member access resolution successful: type_name='StatisticsManager', member_name='total_deallocations', field_index=1[0m
[0;36m[2025-10-18 17:58:33.428] [DEBUG] [CODEGEN] Loaded struct pointer for member access[0m
[0;36m[2025-10-18 17:58:33.428] [DEBUG] [CODEGEN] About to access field index 1 in struct with 11 fields[0m
[0;36m[2025-10-18 17:58:33.428] [DEBUG] [CODEGEN] Created GEP for field access[0m
[0;36m[2025-10-18 17:58:33.428] [DEBUG] [CODEGEN] Successfully generated field access for: total_deallocations[0m
[0;36m[2025-10-18 17:58:33.428] [DEBUG] [CODEGEN] Generating intrinsic call: __printf__[0m
[0;36m[2025-10-18 17:58:33.428] [DEBUG] [CODEGEN] Delegating intrinsic call to Intrinsics module: __printf__[0m
[0;36m[2025-10-18 17:58:33.428] [DEBUG] [CODEGEN] Visiting LiteralNode, kind: 9, value: "  Current allocations: %10llu\n"[0m
[0;36m[2025-10-18 17:58:33.428] [DEBUG] [CODEGEN] Generating member access[0m
[0;36m[2025-10-18 17:58:33.428] [DEBUG] [CODEGEN] Looking for variable: this[0m
[0;36m[2025-10-18 17:58:33.428] [DEBUG] [CODEGEN] get_alloca result: found[0m
[0;36m[2025-10-18 17:58:33.428] [DEBUG] [CODEGEN] Accessing member: current_allocations[0m
[0;36m[2025-10-18 17:58:33.428] [DEBUG] [CODEGEN] Trying direct type resolution from LLVM type[0m
[0;36m[2025-10-18 17:58:33.428] [DEBUG] [CODEGEN] Member access allocated_type: valid[0m
[0;36m[2025-10-18 17:58:33.428] [DEBUG] [CODEGEN] Member access: this is a pointer type, searching for matching struct[0m
[0;36m[2025-10-18 17:58:33.428] [DEBUG] [CODEGEN] Found matching struct type: StatisticsManager, field index: 4[0m
[0;36m[2025-10-18 17:58:33.428] [DEBUG] [CODEGEN] Member access resolution successful: type_name='StatisticsManager', member_name='current_allocations', field_index=4[0m
[0;36m[2025-10-18 17:58:33.428] [DEBUG] [CODEGEN] Loaded struct pointer for member access[0m
[0;36m[2025-10-18 17:58:33.428] [DEBUG] [CODEGEN] About to access field index 4 in struct with 11 fields[0m
[0;36m[2025-10-18 17:58:33.428] [DEBUG] [CODEGEN] Created GEP for field access[0m
[0;36m[2025-10-18 17:58:33.428] [DEBUG] [CODEGEN] Successfully generated field access for: current_allocations[0m
[0;36m[2025-10-18 17:58:33.428] [DEBUG] [CODEGEN] Generating intrinsic call: __printf__[0m
[0;36m[2025-10-18 17:58:33.428] [DEBUG] [CODEGEN] Delegating intrinsic call to Intrinsics module: __printf__[0m
[0;36m[2025-10-18 17:58:33.428] [DEBUG] [CODEGEN] Visiting LiteralNode, kind: 9, value: "  Failed allocations:  %10llu\n"[0m
[0;36m[2025-10-18 17:58:33.428] [DEBUG] [CODEGEN] Generating member access[0m
[0;36m[2025-10-18 17:58:33.428] [DEBUG] [CODEGEN] Looking for variable: this[0m
[0;36m[2025-10-18 17:58:33.428] [DEBUG] [CODEGEN] get_alloca result: found[0m
[0;36m[2025-10-18 17:58:33.428] [DEBUG] [CODEGEN] Accessing member: failed_allocations[0m
[0;36m[2025-10-18 17:58:33.428] [DEBUG] [CODEGEN] Trying direct type resolution from LLVM type[0m
[0;36m[2025-10-18 17:58:33.428] [DEBUG] [CODEGEN] Member access allocated_type: valid[0m
[0;36m[2025-10-18 17:58:33.428] [DEBUG] [CODEGEN] Member access: this is a pointer type, searching for matching struct[0m
[0;36m[2025-10-18 17:58:33.428] [DEBUG] [CODEGEN] Found matching struct type: StatisticsManager, field index: 5[0m
[0;36m[2025-10-18 17:58:33.428] [DEBUG] [CODEGEN] Member access resolution successful: type_name='StatisticsManager', member_name='failed_allocations', field_index=5[0m
[0;36m[2025-10-18 17:58:33.428] [DEBUG] [CODEGEN] Loaded struct pointer for member access[0m
[0;36m[2025-10-18 17:58:33.428] [DEBUG] [CODEGEN] About to access field index 5 in struct with 11 fields[0m
[0;36m[2025-10-18 17:58:33.428] [DEBUG] [CODEGEN] Created GEP for field access[0m
[0;36m[2025-10-18 17:58:33.428] [DEBUG] [CODEGEN] Successfully generated field access for: failed_allocations[0m
[0;36m[2025-10-18 17:58:33.428] [DEBUG] [CODEGEN] Generating intrinsic call: __printf__[0m
[0;36m[2025-10-18 17:58:33.428] [DEBUG] [CODEGEN] Delegating intrinsic call to Intrinsics module: __printf__[0m
[0;36m[2025-10-18 17:58:33.428] [DEBUG] [CODEGEN] Visiting LiteralNode, kind: 9, value: "\n"[0m
[0;36m[2025-10-18 17:58:33.428] [DEBUG] [CODEGEN] Generating intrinsic call: __printf__[0m
[0;36m[2025-10-18 17:58:33.428] [DEBUG] [CODEGEN] Delegating intrinsic call to Intrinsics module: __printf__[0m
[0;36m[2025-10-18 17:58:33.428] [DEBUG] [CODEGEN] Visiting LiteralNode, kind: 9, value: "Memory Usage:\n"[0m
[0;36m[2025-10-18 17:58:33.429] [DEBUG] [CODEGEN] Generating intrinsic call: __printf__[0m
[0;36m[2025-10-18 17:58:33.429] [DEBUG] [CODEGEN] Delegating intrinsic call to Intrinsics module: __printf__[0m
[0;36m[2025-10-18 17:58:33.429] [DEBUG] [CODEGEN] Visiting LiteralNode, kind: 9, value: "  Bytes allocated:     %10llu bytes\n"[0m
[0;36m[2025-10-18 17:58:33.429] [DEBUG] [CODEGEN] Generating member access[0m
[0;36m[2025-10-18 17:58:33.429] [DEBUG] [CODEGEN] Looking for variable: this[0m
[0;36m[2025-10-18 17:58:33.429] [DEBUG] [CODEGEN] get_alloca result: found[0m
[0;36m[2025-10-18 17:58:33.429] [DEBUG] [CODEGEN] Accessing member: bytes_allocated[0m
[0;36m[2025-10-18 17:58:33.429] [DEBUG] [CODEGEN] Trying direct type resolution from LLVM type[0m
[0;36m[2025-10-18 17:58:33.429] [DEBUG] [CODEGEN] Member access allocated_type: valid[0m
[0;36m[2025-10-18 17:58:33.429] [DEBUG] [CODEGEN] Member access: this is a pointer type, searching for matching struct[0m
[0;36m[2025-10-18 17:58:33.429] [DEBUG] [CODEGEN] Found matching struct type: StatisticsManager, field index: 2[0m
[0;36m[2025-10-18 17:58:33.429] [DEBUG] [CODEGEN] Member access resolution successful: type_name='StatisticsManager', member_name='bytes_allocated', field_index=2[0m
[0;36m[2025-10-18 17:58:33.429] [DEBUG] [CODEGEN] Loaded struct pointer for member access[0m
[0;36m[2025-10-18 17:58:33.429] [DEBUG] [CODEGEN] About to access field index 2 in struct with 11 fields[0m
[0;36m[2025-10-18 17:58:33.429] [DEBUG] [CODEGEN] Created GEP for field access[0m
[0;36m[2025-10-18 17:58:33.429] [DEBUG] [CODEGEN] Successfully generated field access for: bytes_allocated[0m
[0;36m[2025-10-18 17:58:33.429] [DEBUG] [CODEGEN] Generating intrinsic call: __printf__[0m
[0;36m[2025-10-18 17:58:33.429] [DEBUG] [CODEGEN] Delegating intrinsic call to Intrinsics module: __printf__[0m
[0;36m[2025-10-18 17:58:33.429] [DEBUG] [CODEGEN] Visiting LiteralNode, kind: 9, value: "  Peak allocation:     %10llu bytes\n"[0m
[0;36m[2025-10-18 17:58:33.429] [DEBUG] [CODEGEN] Generating member access[0m
[0;36m[2025-10-18 17:58:33.429] [DEBUG] [CODEGEN] Looking for variable: this[0m
[0;36m[2025-10-18 17:58:33.429] [DEBUG] [CODEGEN] get_alloca result: found[0m
[0;36m[2025-10-18 17:58:33.429] [DEBUG] [CODEGEN] Accessing member: peak_allocation[0m
[0;36m[2025-10-18 17:58:33.429] [DEBUG] [CODEGEN] Trying direct type resolution from LLVM type[0m
[0;36m[2025-10-18 17:58:33.429] [DEBUG] [CODEGEN] Member access allocated_type: valid[0m
[0;36m[2025-10-18 17:58:33.429] [DEBUG] [CODEGEN] Member access: this is a pointer type, searching for matching struct[0m
[0;36m[2025-10-18 17:58:33.429] [DEBUG] [CODEGEN] Found matching struct type: StatisticsManager, field index: 3[0m
[0;36m[2025-10-18 17:58:33.429] [DEBUG] [CODEGEN] Member access resolution successful: type_name='StatisticsManager', member_name='peak_allocation', field_index=3[0m
[0;36m[2025-10-18 17:58:33.429] [DEBUG] [CODEGEN] Loaded struct pointer for member access[0m
[0;36m[2025-10-18 17:58:33.429] [DEBUG] [CODEGEN] About to access field index 3 in struct with 11 fields[0m
[0;36m[2025-10-18 17:58:33.429] [DEBUG] [CODEGEN] Created GEP for field access[0m
[0;36m[2025-10-18 17:58:33.429] [DEBUG] [CODEGEN] Successfully generated field access for: peak_allocation[0m
[0;36m[2025-10-18 17:58:33.429] [DEBUG] [CODEGEN] Generating intrinsic call: __printf__[0m
[0;36m[2025-10-18 17:58:33.429] [DEBUG] [CODEGEN] Delegating intrinsic call to Intrinsics module: __printf__[0m
[0;36m[2025-10-18 17:58:33.429] [DEBUG] [CODEGEN] Visiting LiteralNode, kind: 9, value: "  Largest free block:  %10llu bytes\n"[0m
[0;36m[2025-10-18 17:58:33.429] [DEBUG] [CODEGEN] Generating member access[0m
[0;36m[2025-10-18 17:58:33.429] [DEBUG] [CODEGEN] Looking for variable: this[0m
[0;36m[2025-10-18 17:58:33.429] [DEBUG] [CODEGEN] get_alloca result: found[0m
[0;36m[2025-10-18 17:58:33.429] [DEBUG] [CODEGEN] Accessing member: largest_free_block[0m
[0;36m[2025-10-18 17:58:33.429] [DEBUG] [CODEGEN] Trying direct type resolution from LLVM type[0m
[0;36m[2025-10-18 17:58:33.429] [DEBUG] [CODEGEN] Member access allocated_type: valid[0m
[0;36m[2025-10-18 17:58:33.429] [DEBUG] [CODEGEN] Member access: this is a pointer type, searching for matching struct[0m
[0;36m[2025-10-18 17:58:33.429] [DEBUG] [CODEGEN] Found matching struct type: StatisticsManager, field index: 7[0m
[0;36m[2025-10-18 17:58:33.429] [DEBUG] [CODEGEN] Member access resolution successful: type_name='StatisticsManager', member_name='largest_free_block', field_index=7[0m
[0;36m[2025-10-18 17:58:33.429] [DEBUG] [CODEGEN] Loaded struct pointer for member access[0m
[0;36m[2025-10-18 17:58:33.429] [DEBUG] [CODEGEN] About to access field index 7 in struct with 11 fields[0m
[0;36m[2025-10-18 17:58:33.429] [DEBUG] [CODEGEN] Created GEP for field access[0m
[0;36m[2025-10-18 17:58:33.429] [DEBUG] [CODEGEN] Successfully generated field access for: largest_free_block[0m
[0;36m[2025-10-18 17:58:33.429] [DEBUG] [CODEGEN] Generating intrinsic call: __printf__[0m
[0;36m[2025-10-18 17:58:33.429] [DEBUG] [CODEGEN] Delegating intrinsic call to Intrinsics module: __printf__[0m
[0;36m[2025-10-18 17:58:33.429] [DEBUG] [CODEGEN] Visiting LiteralNode, kind: 9, value: "\n"[0m
[0;36m[2025-10-18 17:58:33.429] [DEBUG] [CODEGEN] Generating intrinsic call: __printf__[0m
[0;36m[2025-10-18 17:58:33.429] [DEBUG] [CODEGEN] Delegating intrinsic call to Intrinsics module: __printf__[0m
[0;36m[2025-10-18 17:58:33.429] [DEBUG] [CODEGEN] Visiting LiteralNode, kind: 9, value: "Allocation Sizes:\n"[0m
[0;36m[2025-10-18 17:58:33.430] [DEBUG] [CODEGEN] Generating intrinsic call: __printf__[0m
[0;36m[2025-10-18 17:58:33.430] [DEBUG] [CODEGEN] Delegating intrinsic call to Intrinsics module: __printf__[0m
[0;36m[2025-10-18 17:58:33.430] [DEBUG] [CODEGEN] Visiting LiteralNode, kind: 9, value: "  Small  (< 64B):      %10llu\n"[0m
[0;36m[2025-10-18 17:58:33.430] [DEBUG] [CODEGEN] Generating member access[0m
[0;36m[2025-10-18 17:58:33.430] [DEBUG] [CODEGEN] Looking for variable: this[0m
[0;36m[2025-10-18 17:58:33.430] [DEBUG] [CODEGEN] get_alloca result: found[0m
[0;36m[2025-10-18 17:58:33.430] [DEBUG] [CODEGEN] Accessing member: small_allocs[0m
[0;36m[2025-10-18 17:58:33.430] [DEBUG] [CODEGEN] Trying direct type resolution from LLVM type[0m
[0;36m[2025-10-18 17:58:33.430] [DEBUG] [CODEGEN] Member access allocated_type: valid[0m
[0;36m[2025-10-18 17:58:33.430] [DEBUG] [CODEGEN] Member access: this is a pointer type, searching for matching struct[0m
[0;36m[2025-10-18 17:58:33.430] [DEBUG] [CODEGEN] Found matching struct type: StatisticsManager, field index: 8[0m
[0;36m[2025-10-18 17:58:33.430] [DEBUG] [CODEGEN] Member access resolution successful: type_name='StatisticsManager', member_name='small_allocs', field_index=8[0m
[0;36m[2025-10-18 17:58:33.430] [DEBUG] [CODEGEN] Loaded struct pointer for member access[0m
[0;36m[2025-10-18 17:58:33.430] [DEBUG] [CODEGEN] About to access field index 8 in struct with 11 fields[0m
[0;36m[2025-10-18 17:58:33.430] [DEBUG] [CODEGEN] Created GEP for field access[0m
[0;36m[2025-10-18 17:58:33.430] [DEBUG] [CODEGEN] Successfully generated field access for: small_allocs[0m
[0;36m[2025-10-18 17:58:33.430] [DEBUG] [CODEGEN] Generating intrinsic call: __printf__[0m
[0;36m[2025-10-18 17:58:33.430] [DEBUG] [CODEGEN] Delegating intrinsic call to Intrinsics module: __printf__[0m
[0;36m[2025-10-18 17:58:33.430] [DEBUG] [CODEGEN] Visiting LiteralNode, kind: 9, value: "  Medium (64B-4KB):    %10llu\n"[0m
[0;36m[2025-10-18 17:58:33.430] [DEBUG] [CODEGEN] Generating member access[0m
[0;36m[2025-10-18 17:58:33.430] [DEBUG] [CODEGEN] Looking for variable: this[0m
[0;36m[2025-10-18 17:58:33.430] [DEBUG] [CODEGEN] get_alloca result: found[0m
[0;36m[2025-10-18 17:58:33.430] [DEBUG] [CODEGEN] Accessing member: medium_allocs[0m
[0;36m[2025-10-18 17:58:33.430] [DEBUG] [CODEGEN] Trying direct type resolution from LLVM type[0m
[0;36m[2025-10-18 17:58:33.430] [DEBUG] [CODEGEN] Member access allocated_type: valid[0m
[0;36m[2025-10-18 17:58:33.430] [DEBUG] [CODEGEN] Member access: this is a pointer type, searching for matching struct[0m
[0;36m[2025-10-18 17:58:33.430] [DEBUG] [CODEGEN] Found matching struct type: StatisticsManager, field index: 9[0m
[0;36m[2025-10-18 17:58:33.430] [DEBUG] [CODEGEN] Member access resolution successful: type_name='StatisticsManager', member_name='medium_allocs', field_index=9[0m
[0;36m[2025-10-18 17:58:33.430] [DEBUG] [CODEGEN] Loaded struct pointer for member access[0m
[0;36m[2025-10-18 17:58:33.430] [DEBUG] [CODEGEN] About to access field index 9 in struct with 11 fields[0m
[0;36m[2025-10-18 17:58:33.430] [DEBUG] [CODEGEN] Created GEP for field access[0m
[0;36m[2025-10-18 17:58:33.430] [DEBUG] [CODEGEN] Successfully generated field access for: medium_allocs[0m
[0;36m[2025-10-18 17:58:33.430] [DEBUG] [CODEGEN] Generating intrinsic call: __printf__[0m
[0;36m[2025-10-18 17:58:33.430] [DEBUG] [CODEGEN] Delegating intrinsic call to Intrinsics module: __printf__[0m
[0;36m[2025-10-18 17:58:33.430] [DEBUG] [CODEGEN] Visiting LiteralNode, kind: 9, value: "  Large  (> 4KB):      %10llu\n"[0m
[0;36m[2025-10-18 17:58:33.430] [DEBUG] [CODEGEN] Generating member access[0m
[0;36m[2025-10-18 17:58:33.430] [DEBUG] [CODEGEN] Looking for variable: this[0m
[0;36m[2025-10-18 17:58:33.430] [DEBUG] [CODEGEN] get_alloca result: found[0m
[0;36m[2025-10-18 17:58:33.430] [DEBUG] [CODEGEN] Accessing member: large_allocs[0m
[0;36m[2025-10-18 17:58:33.430] [DEBUG] [CODEGEN] Trying direct type resolution from LLVM type[0m
[0;36m[2025-10-18 17:58:33.430] [DEBUG] [CODEGEN] Member access allocated_type: valid[0m
[0;36m[2025-10-18 17:58:33.430] [DEBUG] [CODEGEN] Member access: this is a pointer type, searching for matching struct[0m
[0;36m[2025-10-18 17:58:33.430] [DEBUG] [CODEGEN] Found matching struct type: StatisticsManager, field index: 10[0m
[0;36m[2025-10-18 17:58:33.430] [DEBUG] [CODEGEN] Member access resolution successful: type_name='StatisticsManager', member_name='large_allocs', field_index=10[0m
[0;36m[2025-10-18 17:58:33.430] [DEBUG] [CODEGEN] Loaded struct pointer for member access[0m
[0;36m[2025-10-18 17:58:33.430] [DEBUG] [CODEGEN] About to access field index 10 in struct with 11 fields[0m
[0;36m[2025-10-18 17:58:33.430] [DEBUG] [CODEGEN] Created GEP for field access[0m
[0;36m[2025-10-18 17:58:33.430] [DEBUG] [CODEGEN] Successfully generated field access for: large_allocs[0m
[0;36m[2025-10-18 17:58:33.430] [DEBUG] [CODEGEN] Generating intrinsic call: __printf__[0m
[0;36m[2025-10-18 17:58:33.430] [DEBUG] [CODEGEN] Delegating intrinsic call to Intrinsics module: __printf__[0m
[0;36m[2025-10-18 17:58:33.430] [DEBUG] [CODEGEN] Visiting LiteralNode, kind: 9, value: "═══════════════════════════════════════════════════════════\n"[0m
[0;36m[2025-10-18 17:58:33.430] [DEBUG] [CODEGEN] Generating intrinsic call: __printf__[0m
[0;36m[2025-10-18 17:58:33.430] [DEBUG] [CODEGEN] IF-STATEMENT ENTRY: Current block before anything: entry[0m
[0;36m[2025-10-18 17:58:33.430] [DEBUG] [CODEGEN] Generating member access[0m
[0;36m[2025-10-18 17:58:33.430] [DEBUG] [CODEGEN] Looking for variable: this[0m
[0;36m[2025-10-18 17:58:33.430] [DEBUG] [CODEGEN] get_alloca result: found[0m
[0;36m[2025-10-18 17:58:33.430] [DEBUG] [CODEGEN] Accessing member: current_allocations[0m
[0;36m[2025-10-18 17:58:33.431] [DEBUG] [CODEGEN] Trying direct type resolution from LLVM type[0m
[0;36m[2025-10-18 17:58:33.431] [DEBUG] [CODEGEN] Member access allocated_type: valid[0m
[0;36m[2025-10-18 17:58:33.431] [DEBUG] [CODEGEN] Member access: this is a pointer type, searching for matching struct[0m
[0;36m[2025-10-18 17:58:33.431] [DEBUG] [CODEGEN] Found matching struct type: StatisticsManager, field index: 4[0m
[0;36m[2025-10-18 17:58:33.431] [DEBUG] [CODEGEN] Member access resolution successful: type_name='StatisticsManager', member_name='current_allocations', field_index=4[0m
[0;36m[2025-10-18 17:58:33.431] [DEBUG] [CODEGEN] Loaded struct pointer for member access[0m
[0;36m[2025-10-18 17:58:33.431] [DEBUG] [CODEGEN] About to access field index 4 in struct with 11 fields[0m
[0;36m[2025-10-18 17:58:33.431] [DEBUG] [CODEGEN] Created GEP for field access[0m
[0;36m[2025-10-18 17:58:33.431] [DEBUG] [CODEGEN] Successfully generated field access for: current_allocations[0m
[0;36m[2025-10-18 17:58:33.431] [DEBUG] [CODEGEN] Visiting LiteralNode, kind: 7, value: 0[0m
[0;36m[2025-10-18 17:58:33.431] [DEBUG] [CODEGEN] IF-STATEMENT: About to create branch from block: entry (ptr=0x5bbf0efa1780), has terminator before branch: 0[0m
[0;36m[2025-10-18 17:58:33.431] [DEBUG] [CODEGEN] IF-STATEMENT: After creating branch, block entry (ptr=0x5bbf0efa1780) has terminator: 1[0m
[0;36m[2025-10-18 17:58:33.431] [DEBUG] [CODEGEN] IF-STATEMENT: Branch target: then_block=if.then (ptr=0x5bbf0efa3d90)[0m
[0;36m[2025-10-18 17:58:33.431] [DEBUG] [CODEGEN] IF-STATEMENT: Generating then block, insert point: if.then[0m
[0;36m[2025-10-18 17:58:33.431] [DEBUG] [CODEGEN] IF-STATEMENT: then_block is empty: 1[0m
[0;36m[2025-10-18 17:58:33.431] [DEBUG] [CODEGEN] enter_scope: this=0x5bbf0eee2750, _value_context=0x5bbf0eee2a80[0m
[0;36m[2025-10-18 17:58:33.431] [DEBUG] [CODEGEN] Delegating intrinsic call to Intrinsics module: __printf__[0m
[0;36m[2025-10-18 17:58:33.431] [DEBUG] [CODEGEN] Visiting LiteralNode, kind: 9, value: "\nWARNING: Memory leak detected!\n"[0m
[0;36m[2025-10-18 17:58:33.431] [DEBUG] [CODEGEN] Generating intrinsic call: __printf__[0m
[0;36m[2025-10-18 17:58:33.431] [DEBUG] [CODEGEN] Delegating intrinsic call to Intrinsics module: __printf__[0m
[0;36m[2025-10-18 17:58:33.431] [DEBUG] [CODEGEN] Visiting LiteralNode, kind: 9, value: "   %llu allocations not freed (%llu bytes)\n"[0m
[0;36m[2025-10-18 17:58:33.431] [DEBUG] [CODEGEN] Generating member access[0m
[0;36m[2025-10-18 17:58:33.431] [DEBUG] [CODEGEN] Looking for variable: this[0m
[0;36m[2025-10-18 17:58:33.431] [DEBUG] [CODEGEN] get_alloca result: found[0m
[0;36m[2025-10-18 17:58:33.431] [DEBUG] [CODEGEN] Accessing member: current_allocations[0m
[0;36m[2025-10-18 17:58:33.431] [DEBUG] [CODEGEN] Trying direct type resolution from LLVM type[0m
[0;36m[2025-10-18 17:58:33.431] [DEBUG] [CODEGEN] Member access allocated_type: valid[0m
[0;36m[2025-10-18 17:58:33.431] [DEBUG] [CODEGEN] Member access: this is a pointer type, searching for matching struct[0m
[0;36m[2025-10-18 17:58:33.431] [DEBUG] [CODEGEN] Found matching struct type: StatisticsManager, field index: 4[0m
[0;36m[2025-10-18 17:58:33.431] [DEBUG] [CODEGEN] Member access resolution successful: type_name='StatisticsManager', member_name='current_allocations', field_index=4[0m
[0;36m[2025-10-18 17:58:33.431] [DEBUG] [CODEGEN] Loaded struct pointer for member access[0m
[0;36m[2025-10-18 17:58:33.431] [DEBUG] [CODEGEN] About to access field index 4 in struct with 11 fields[0m
[0;36m[2025-10-18 17:58:33.431] [DEBUG] [CODEGEN] Created GEP for field access[0m
[0;36m[2025-10-18 17:58:33.431] [DEBUG] [CODEGEN] Successfully generated field access for: current_allocations[0m
[0;36m[2025-10-18 17:58:33.431] [DEBUG] [CODEGEN] Generating member access[0m
[0;36m[2025-10-18 17:58:33.431] [DEBUG] [CODEGEN] Looking for variable: this[0m
[0;36m[2025-10-18 17:58:33.431] [DEBUG] [CODEGEN] get_alloca result: found[0m
[0;36m[2025-10-18 17:58:33.431] [DEBUG] [CODEGEN] Accessing member: bytes_allocated[0m
[0;36m[2025-10-18 17:58:33.431] [DEBUG] [CODEGEN] Trying direct type resolution from LLVM type[0m
[0;36m[2025-10-18 17:58:33.431] [DEBUG] [CODEGEN] Member access allocated_type: valid[0m
[0;36m[2025-10-18 17:58:33.431] [DEBUG] [CODEGEN] Member access: this is a pointer type, searching for matching struct[0m
[0;36m[2025-10-18 17:58:33.431] [DEBUG] [CODEGEN] Found matching struct type: StatisticsManager, field index: 2[0m
[0;36m[2025-10-18 17:58:33.431] [DEBUG] [CODEGEN] Member access resolution successful: type_name='StatisticsManager', member_name='bytes_allocated', field_index=2[0m
[0;36m[2025-10-18 17:58:33.431] [DEBUG] [CODEGEN] Loaded struct pointer for member access[0m
[0;36m[2025-10-18 17:58:33.431] [DEBUG] [CODEGEN] About to access field index 2 in struct with 11 fields[0m
[0;36m[2025-10-18 17:58:33.431] [DEBUG] [CODEGEN] Created GEP for field access[0m
[0;36m[2025-10-18 17:58:33.431] [DEBUG] [CODEGEN] Successfully generated field access for: bytes_allocated[0m
[0;36m[2025-10-18 17:58:33.431] [DEBUG] [CODEGEN] Generating intrinsic call: __printf__[0m
[0;36m[2025-10-18 17:58:33.431] [DEBUG] [CODEGEN] IF-STATEMENT: After then body generation, current block: if.then[0m
[0;36m[2025-10-18 17:58:33.431] [DEBUG] [CODEGEN] IF-STATEMENT: then_block is empty: 0[0m
[0;36m[2025-10-18 17:58:33.431] [DEBUG] [CODEGEN] IF-STATEMENT: then_block has terminator: 0[0m
[0;36m[2025-10-18 17:58:33.431] [DEBUG] [CODEGEN] IF-STATEMENT: Checking terminator for block: if.then, has terminator: 0[0m
[0;36m[2025-10-18 17:58:33.431] [DEBUG] [CODEGEN] IF-STATEMENT: Adding branch to merge block from current block[0m
[0;36m[2025-10-18 17:58:33.431] [DEBUG] [CODEGEN] IF-STATEMENT CLEANUP: then_block=if.then, has_term=1, is_empty=0[0m
[0;36m[2025-10-18 17:58:33.431] [DEBUG] [CODEGEN] Completed struct/class declaration 15[0m
[0;36m[2025-10-18 17:58:33.431] [DEBUG] [CODEGEN] Processing struct/class declaration 16/26[0m
[0;36m[2025-10-18 17:58:33.431] [DEBUG] [CODEGEN] Visiting ClassDeclarationNode: ErrorManager[0m
[0;36m[2025-10-18 17:58:33.431] [DEBUG] [CODEGEN] Registered AST node for class: ErrorManager[0m
[0;36m[2025-10-18 17:58:33.431] [DEBUG] [AST] TypeContext::get_class_type() called with name='ErrorManager'[0m
[0;36m[2025-10-18 17:58:33.431] [DEBUG] [CODEGEN] Created LLVM class type for ErrorManager[0m
[0;36m[2025-10-18 17:58:33.431] [DEBUG] [CODEGEN] Pass 1: Creating function declarations for all methods in ErrorManager[0m
[0;36m[2025-10-18 17:58:33.431] [DEBUG] [CODEGEN] Generating method declaration: ErrorManager::ErrorManager[0m
[0;36m[2025-10-18 17:58:33.431] [DEBUG] [CODEGEN] Full qualified method name: std::Runtime::ErrorManager::ErrorManager[0m
[0;36m[2025-10-18 17:58:33.431] [DEBUG] [CODEGEN] Method ErrorManager cryo_return_type=non-null kind=0[0m
[0;36m[2025-10-18 17:58:33.431] [DEBUG] [CODEGEN] Stored function 'std::Runtime::ErrorManager::ErrorManager' in module: std::Runtime[0m
[0;36m[2025-10-18 17:58:33.431] [DEBUG] [CODEGEN] Function name at store time: std::Runtime::ErrorManager::ErrorManager[0m
[0;36m[2025-10-18 17:58:33.431] [DEBUG] [CODEGEN] Function has parent module: YES[0m
[0;36m[2025-10-18 17:58:33.431] [DEBUG] [CODEGEN] Generating method declaration: ErrorManager::set_error[0m
[0;36m[2025-10-18 17:58:33.431] [DEBUG] [CODEGEN] Full qualified method name: std::Runtime::ErrorManager::set_error[0m
[0;36m[2025-10-18 17:58:33.432] [DEBUG] [CODEGEN] TypeMapper::map_type() - successfully got kind: Enum (14)[0m
[0;36m[2025-10-18 17:58:33.432] [DEBUG] [CODEGEN] Method set_error cryo_return_type=non-null kind=0[0m
[0;36m[2025-10-18 17:58:33.432] [DEBUG] [CODEGEN] Stored function 'std::Runtime::ErrorManager::set_error' in module: std::Runtime[0m
[0;36m[2025-10-18 17:58:33.432] [DEBUG] [CODEGEN] Function name at store time: std::Runtime::ErrorManager::set_error[0m
[0;36m[2025-10-18 17:58:33.432] [DEBUG] [CODEGEN] Function has parent module: YES[0m
[0;36m[2025-10-18 17:58:33.432] [DEBUG] [CODEGEN] Generating method declaration: ErrorManager::get_error[0m
[0;36m[2025-10-18 17:58:33.432] [DEBUG] [CODEGEN] Full qualified method name: std::Runtime::ErrorManager::get_error[0m
[0;36m[2025-10-18 17:58:33.432] [DEBUG] [CODEGEN] Method get_error cryo_return_type=non-null kind=14[0m
[0;36m[2025-10-18 17:58:33.432] [DEBUG] [CODEGEN] TypeMapper::map_type() - successfully got kind: Enum (14)[0m
[0;36m[2025-10-18 17:58:33.432] [DEBUG] [CODEGEN] Stored function 'std::Runtime::ErrorManager::get_error' in module: std::Runtime[0m
[0;36m[2025-10-18 17:58:33.432] [DEBUG] [CODEGEN] Function name at store time: std::Runtime::ErrorManager::get_error[0m
[0;36m[2025-10-18 17:58:33.432] [DEBUG] [CODEGEN] Function has parent module: YES[0m
[0;36m[2025-10-18 17:58:33.432] [DEBUG] [CODEGEN] Generating method declaration: ErrorManager::panic[0m
[0;36m[2025-10-18 17:58:33.432] [DEBUG] [CODEGEN] Full qualified method name: std::Runtime::ErrorManager::panic[0m
[0;36m[2025-10-18 17:58:33.432] [DEBUG] [CODEGEN] TypeMapper::map_type() - successfully got kind: String (5)[0m
[0;36m[2025-10-18 17:58:33.432] [DEBUG] [CODEGEN] TypeMapper::map_type() - successfully got kind: String (5)[0m
[0;36m[2025-10-18 17:58:33.432] [DEBUG] [CODEGEN] TypeMapper::map_type() - successfully got kind: Integer (2)[0m
[0;36m[2025-10-18 17:58:33.432] [DEBUG] [CODEGEN] Method panic cryo_return_type=non-null kind=0[0m
[0;36m[2025-10-18 17:58:33.432] [DEBUG] [CODEGEN] Stored function 'std::Runtime::ErrorManager::panic' in module: std::Runtime[0m
[0;36m[2025-10-18 17:58:33.432] [DEBUG] [CODEGEN] Function name at store time: std::Runtime::ErrorManager::panic[0m
[0;36m[2025-10-18 17:58:33.432] [DEBUG] [CODEGEN] Function has parent module: YES[0m
[0;36m[2025-10-18 17:58:33.432] [DEBUG] [CODEGEN] Pass 2: Generating function bodies for all methods in ErrorManager[0m
[0;36m[2025-10-18 17:58:33.432] [DEBUG] [CODEGEN] Generating method body: std::Runtime::ErrorManager::ErrorManager[0m
[0;36m[2025-10-18 17:58:33.432] [DEBUG] [CODEGEN] enter_scope: this=0x5bbf0eee2750, _value_context=0x5bbf0eee2a80[0m
[0;36m[2025-10-18 17:58:33.432] [DEBUG] [CODEGEN] Setting up 'this' parameter for class method[0m
[0;36m[2025-10-18 17:58:33.432] [DEBUG] [AST] TypeContext::get_class_type() called with name='ErrorManager'[0m
[0;36m[2025-10-18 17:58:33.432] [DEBUG] [CODEGEN] Stored 'this' parameter for class 'ErrorManager' with class type[0m
[0;36m[2025-10-18 17:58:33.432] [DEBUG] [CODEGEN] 'this' parameter set up successfully for class method[0m
[0;36m[2025-10-18 17:58:33.432] [DEBUG] [CODEGEN] Delegating intrinsic call to Intrinsics module: __printf__[0m
[0;36m[2025-10-18 17:58:33.432] [DEBUG] [CODEGEN] Visiting LiteralNode, kind: 9, value: "[DEBUG::RUNTIME] {ErrorManager::ErrorManager} Initializing ErrorManager\n"[0m
[0;36m[2025-10-18 17:58:33.432] [DEBUG] [CODEGEN] Generating intrinsic call: __printf__[0m
[0;36m[2025-10-18 17:58:33.432] [DEBUG] [CODEGEN] Visiting LiteralNode, kind: 103, value: false[0m
[0;36m[2025-10-18 17:58:33.432] [DEBUG] [CODEGEN] Generating method body: std::Runtime::ErrorManager::set_error[0m
[0;36m[2025-10-18 17:58:33.432] [DEBUG] [CODEGEN] enter_scope: this=0x5bbf0eee2750, _value_context=0x5bbf0eee2a80[0m
[0;36m[2025-10-18 17:58:33.432] [DEBUG] [CODEGEN] Setting up 'this' parameter for class method[0m
[0;36m[2025-10-18 17:58:33.432] [DEBUG] [AST] TypeContext::get_class_type() called with name='ErrorManager'[0m
[0;36m[2025-10-18 17:58:33.432] [DEBUG] [CODEGEN] Stored 'this' parameter for class 'ErrorManager' with class type[0m
[0;36m[2025-10-18 17:58:33.432] [DEBUG] [CODEGEN] 'this' parameter set up successfully for class method[0m
[0;36m[2025-10-18 17:58:33.432] [DEBUG] [CODEGEN] TypeMapper::map_type() - successfully got kind: Enum (14)[0m
[0;36m[2025-10-18 17:58:33.432] [DEBUG] [CODEGEN] Stored parameter 'error' with type: RuntimeError[0m
[0;36m[2025-10-18 17:58:33.432] [DEBUG] [CODEGEN] Delegating intrinsic call to Intrinsics module: __printf__[0m
[0;36m[2025-10-18 17:58:33.432] [DEBUG] [CODEGEN] Visiting LiteralNode, kind: 9, value: "[DEBUG::RUNTIME] {ErrorManager::set_error} Setting error: %d\n"[0m
[0;36m[2025-10-18 17:58:33.432] [DEBUG] [CODEGEN] Generating intrinsic call: __printf__[0m
[0;36m[2025-10-18 17:58:33.432] [DEBUG] [CODEGEN] Generating method body: std::Runtime::ErrorManager::get_error[0m
[0;36m[2025-10-18 17:58:33.432] [DEBUG] [CODEGEN] enter_scope: this=0x5bbf0eee2750, _value_context=0x5bbf0eee2a80[0m
[0;36m[2025-10-18 17:58:33.432] [DEBUG] [CODEGEN] Setting up 'this' parameter for class method[0m
[0;36m[2025-10-18 17:58:33.432] [DEBUG] [AST] TypeContext::get_class_type() called with name='ErrorManager'[0m
[0;36m[2025-10-18 17:58:33.432] [DEBUG] [CODEGEN] Stored 'this' parameter for class 'ErrorManager' with class type[0m
[0;36m[2025-10-18 17:58:33.432] [DEBUG] [CODEGEN] 'this' parameter set up successfully for class method[0m
[0;36m[2025-10-18 17:58:33.432] [DEBUG] [CODEGEN] Delegating intrinsic call to Intrinsics module: __printf__[0m
[0;36m[2025-10-18 17:58:33.432] [DEBUG] [CODEGEN] Visiting LiteralNode, kind: 9, value: "[DEBUG::RUNTIME] {ErrorManager::get_error} Getting error: %d\n"[0m
[0;36m[2025-10-18 17:58:33.432] [DEBUG] [CODEGEN] Generating member access[0m
[0;36m[2025-10-18 17:58:33.432] [DEBUG] [CODEGEN] Looking for variable: this[0m
[0;36m[2025-10-18 17:58:33.432] [DEBUG] [CODEGEN] get_alloca result: found[0m
[0;36m[2025-10-18 17:58:33.432] [DEBUG] [CODEGEN] Accessing member: last_error[0m
[0;36m[2025-10-18 17:58:33.432] [DEBUG] [CODEGEN] Trying direct type resolution from LLVM type[0m
[0;36m[2025-10-18 17:58:33.432] [DEBUG] [CODEGEN] Member access allocated_type: valid[0m
[0;36m[2025-10-18 17:58:33.432] [DEBUG] [CODEGEN] Member access: this is a pointer type, searching for matching struct[0m
[0;36m[2025-10-18 17:58:33.432] [DEBUG] [CODEGEN] Found matching struct type: ErrorManager, field index: 0[0m
[0;36m[2025-10-18 17:58:33.433] [DEBUG] [CODEGEN] Member access resolution successful: type_name='ErrorManager', member_name='last_error', field_index=0[0m
[0;36m[2025-10-18 17:58:33.433] [DEBUG] [CODEGEN] Loaded struct pointer for member access[0m
[0;36m[2025-10-18 17:58:33.433] [DEBUG] [CODEGEN] About to access field index 0 in struct with 2 fields[0m
[0;36m[2025-10-18 17:58:33.433] [DEBUG] [CODEGEN] Created GEP for field access[0m
[0;36m[2025-10-18 17:58:33.433] [DEBUG] [CODEGEN] Successfully generated field access for: last_error[0m
[0;36m[2025-10-18 17:58:33.433] [DEBUG] [CODEGEN] Generating intrinsic call: __printf__[0m
[0;36m[2025-10-18 17:58:33.433] [DEBUG] [CODEGEN] Generating member access[0m
[0;36m[2025-10-18 17:58:33.433] [DEBUG] [CODEGEN] Looking for variable: this[0m
[0;36m[2025-10-18 17:58:33.433] [DEBUG] [CODEGEN] get_alloca result: found[0m
[0;36m[2025-10-18 17:58:33.433] [DEBUG] [CODEGEN] Accessing member: last_error[0m
[0;36m[2025-10-18 17:58:33.433] [DEBUG] [CODEGEN] Trying direct type resolution from LLVM type[0m
[0;36m[2025-10-18 17:58:33.433] [DEBUG] [CODEGEN] Member access allocated_type: valid[0m
[0;36m[2025-10-18 17:58:33.433] [DEBUG] [CODEGEN] Member access: this is a pointer type, searching for matching struct[0m
[0;36m[2025-10-18 17:58:33.433] [DEBUG] [CODEGEN] Found matching struct type: ErrorManager, field index: 0[0m
[0;36m[2025-10-18 17:58:33.433] [DEBUG] [CODEGEN] Member access resolution successful: type_name='ErrorManager', member_name='last_error', field_index=0[0m
[0;36m[2025-10-18 17:58:33.433] [DEBUG] [CODEGEN] Loaded struct pointer for member access[0m
[0;36m[2025-10-18 17:58:33.433] [DEBUG] [CODEGEN] About to access field index 0 in struct with 2 fields[0m
[0;36m[2025-10-18 17:58:33.433] [DEBUG] [CODEGEN] Created GEP for field access[0m
[0;36m[2025-10-18 17:58:33.433] [DEBUG] [CODEGEN] Successfully generated field access for: last_error[0m
[0;36m[2025-10-18 17:58:33.433] [DEBUG] [CODEGEN] Return statement: return_value = valid[0m
[0;36m[2025-10-18 17:58:33.433] [DEBUG] [CODEGEN] Return value type: 12[0m
[0;36m[2025-10-18 17:58:33.433] [DEBUG] [CODEGEN] Using direct return[0m
[0;36m[2025-10-18 17:58:33.433] [DEBUG] [CODEGEN] Generating method body: std::Runtime::ErrorManager::panic[0m
[0;36m[2025-10-18 17:58:33.433] [DEBUG] [CODEGEN] enter_scope: this=0x5bbf0eee2750, _value_context=0x5bbf0eee2a80[0m
[0;36m[2025-10-18 17:58:33.433] [DEBUG] [CODEGEN] Setting up 'this' parameter for class method[0m
[0;36m[2025-10-18 17:58:33.433] [DEBUG] [AST] TypeContext::get_class_type() called with name='ErrorManager'[0m
[0;36m[2025-10-18 17:58:33.433] [DEBUG] [CODEGEN] Stored 'this' parameter for class 'ErrorManager' with class type[0m
[0;36m[2025-10-18 17:58:33.433] [DEBUG] [CODEGEN] 'this' parameter set up successfully for class method[0m
[0;36m[2025-10-18 17:58:33.433] [DEBUG] [CODEGEN] TypeMapper::map_type() - successfully got kind: String (5)[0m
[0;36m[2025-10-18 17:58:33.433] [DEBUG] [CODEGEN] Stored parameter 'message' with type: string[0m
[0;36m[2025-10-18 17:58:33.433] [DEBUG] [CODEGEN] TypeMapper::map_type() - successfully got kind: String (5)[0m
[0;36m[2025-10-18 17:58:33.433] [DEBUG] [CODEGEN] Stored parameter 'file' with type: string[0m
[0;36m[2025-10-18 17:58:33.433] [DEBUG] [CODEGEN] TypeMapper::map_type() - successfully got kind: Integer (2)[0m
[0;36m[2025-10-18 17:58:33.433] [DEBUG] [CODEGEN] Stored parameter 'line' with type: i32[0m
[0;36m[2025-10-18 17:58:33.433] [DEBUG] [CODEGEN] Delegating intrinsic call to Intrinsics module: __printf__[0m
[0;36m[2025-10-18 17:58:33.433] [DEBUG] [CODEGEN] Visiting LiteralNode, kind: 9, value: "[DEBUG::RUNTIME] {ErrorManager::panic} Panic invoked: %s\n"[0m
[0;36m[2025-10-18 17:58:33.433] [DEBUG] [CODEGEN] Generating intrinsic call: __printf__[0m
[0;36m[2025-10-18 17:58:33.433] [DEBUG] [CODEGEN] IF-STATEMENT ENTRY: Current block before anything: entry[0m
[0;36m[2025-10-18 17:58:33.433] [DEBUG] [CODEGEN] Generating member access[0m
[0;36m[2025-10-18 17:58:33.433] [DEBUG] [CODEGEN] Looking for variable: this[0m
[0;36m[2025-10-18 17:58:33.433] [DEBUG] [CODEGEN] get_alloca result: found[0m
[0;36m[2025-10-18 17:58:33.433] [DEBUG] [CODEGEN] Accessing member: panic_in_progress[0m
[0;36m[2025-10-18 17:58:33.433] [DEBUG] [CODEGEN] Trying direct type resolution from LLVM type[0m
[0;36m[2025-10-18 17:58:33.433] [DEBUG] [CODEGEN] Member access allocated_type: valid[0m
[0;36m[2025-10-18 17:58:33.433] [DEBUG] [CODEGEN] Member access: this is a pointer type, searching for matching struct[0m
[0;36m[2025-10-18 17:58:33.433] [DEBUG] [CODEGEN] Found matching struct type: ErrorManager, field index: 1[0m
[0;36m[2025-10-18 17:58:33.433] [DEBUG] [CODEGEN] Member access resolution successful: type_name='ErrorManager', member_name='panic_in_progress', field_index=1[0m
[0;36m[2025-10-18 17:58:33.433] [DEBUG] [CODEGEN] Loaded struct pointer for member access[0m
[0;36m[2025-10-18 17:58:33.433] [DEBUG] [CODEGEN] About to access field index 1 in struct with 2 fields[0m
[0;36m[2025-10-18 17:58:33.433] [DEBUG] [CODEGEN] Created GEP for field access[0m
[0;36m[2025-10-18 17:58:33.433] [DEBUG] [CODEGEN] Successfully generated field access for: panic_in_progress[0m
[0;36m[2025-10-18 17:58:33.433] [DEBUG] [CODEGEN] IF-STATEMENT: About to create branch from block: entry (ptr=0x5bbf0efab010), has terminator before branch: 0[0m
[0;36m[2025-10-18 17:58:33.433] [DEBUG] [CODEGEN] IF-STATEMENT: After creating branch, block entry (ptr=0x5bbf0efab010) has terminator: 1[0m
[0;36m[2025-10-18 17:58:33.433] [DEBUG] [CODEGEN] IF-STATEMENT: Branch target: then_block=if.then (ptr=0x5bbf0ef815b0)[0m
[0;36m[2025-10-18 17:58:33.433] [DEBUG] [CODEGEN] IF-STATEMENT: Generating then block, insert point: if.then[0m
[0;36m[2025-10-18 17:58:33.433] [DEBUG] [CODEGEN] IF-STATEMENT: then_block is empty: 1[0m
[0;36m[2025-10-18 17:58:33.433] [DEBUG] [CODEGEN] enter_scope: this=0x5bbf0eee2750, _value_context=0x5bbf0eee2a80[0m
[0;36m[2025-10-18 17:58:33.433] [DEBUG] [CODEGEN] Delegating intrinsic call to Intrinsics module: __printf__[0m
[0;36m[2025-10-18 17:58:33.433] [DEBUG] [CODEGEN] Visiting LiteralNode, kind: 9, value: "[DEBUG::RUNTIME] {ErrorManager::panic} Recursive panic detected, forcing exit\n"[0m
[0;36m[2025-10-18 17:58:33.433] [DEBUG] [CODEGEN] Generating intrinsic call: __printf__[0m
[0;36m[2025-10-18 17:58:33.433] [DEBUG] [CODEGEN] Delegating intrinsic call to Intrinsics module: __syscall_exit__[0m
[0;36m[2025-10-18 17:58:33.433] [DEBUG] [CODEGEN] Visiting LiteralNode, kind: 7, value: 127[0m
[0;36m[2025-10-18 17:58:33.433] [DEBUG] [CODEGEN] Generating intrinsic call: __syscall_exit__[0m
[0;36m[2025-10-18 17:58:33.434] [DEBUG] [CODEGEN] IF-STATEMENT: After then body generation, current block: if.then[0m
[0;36m[2025-10-18 17:58:33.434] [DEBUG] [CODEGEN] IF-STATEMENT: then_block is empty: 0[0m
[0;36m[2025-10-18 17:58:33.434] [DEBUG] [CODEGEN] IF-STATEMENT: then_block has terminator: 1[0m
[0;36m[2025-10-18 17:58:33.434] [DEBUG] [CODEGEN] IF-STATEMENT: Checking terminator for block: if.then, has terminator: 1[0m
[0;36m[2025-10-18 17:58:33.434] [DEBUG] [CODEGEN] IF-STATEMENT CLEANUP: then_block=if.then, has_term=1, is_empty=0[0m
[0;36m[2025-10-18 17:58:33.434] [DEBUG] [CODEGEN] Visiting LiteralNode, kind: 102, value: true[0m
[0;36m[2025-10-18 17:58:33.434] [DEBUG] [CODEGEN] Delegating intrinsic call to Intrinsics module: __printf__[0m
[0;36m[2025-10-18 17:58:33.434] [DEBUG] [CODEGEN] Visiting LiteralNode, kind: 9, value: "RUNTIME PANIC: %s\n"[0m
[0;36m[2025-10-18 17:58:33.434] [DEBUG] [CODEGEN] Generating intrinsic call: __printf__[0m
[0;36m[2025-10-18 17:58:33.434] [DEBUG] [CODEGEN] IF-STATEMENT ENTRY: Current block before anything: if.end[0m
[0;36m[2025-10-18 17:58:33.434] [DEBUG] [CODEGEN] Visiting LiteralNode, kind: 9, value: ""[0m
[0;36m[2025-10-18 17:58:33.434] [DEBUG] [CODEGEN] SHORT-CIRCUIT: Entering short-circuit evaluation for operator: &&[0m
[0;36m[2025-10-18 17:58:33.434] [DEBUG] [CODEGEN] Short-circuit AND: About to evaluate right operand[0m
[0;36m[2025-10-18 17:58:33.434] [DEBUG] [CODEGEN] Visiting LiteralNode, kind: 7, value: 0[0m
[0;36m[2025-10-18 17:58:33.434] [DEBUG] [CODEGEN] Short-circuit AND: Right operand evaluated, right_val=non-null, builder now in block: land.rhs[0m
[0;36m[2025-10-18 17:58:33.434] [DEBUG] [CODEGEN] Short-circuit AND: right_val type: i1[0m
[0;36m[2025-10-18 17:58:33.434] [DEBUG] [CODEGEN] Short-circuit AND: right_val is already i1, no conversion needed[0m
[0;36m[2025-10-18 17:58:33.434] [DEBUG] [CODEGEN] Short-circuit AND: About to create branch to land_end[0m
[0;36m[2025-10-18 17:58:33.434] [DEBUG] [CODEGEN] Short-circuit AND: Branch created[0m
[0;36m[2025-10-18 17:58:33.434] [DEBUG] [CODEGEN] Short-circuit AND: land_lhs name=if.end, land_rhs name=land.rhs, land_end name=land.end[0m
[0;36m[2025-10-18 17:58:33.434] [DEBUG] [CODEGEN] Short-circuit AND: land_lhs terminator=1, land_rhs terminator=1, land_end terminator=0[0m
[0;36m[2025-10-18 17:58:33.434] [DEBUG] [CODEGEN] Short-circuit AND: Builder position after setting to land_end: land.end[0m
[0;36m[2025-10-18 17:58:33.434] [DEBUG] [CODEGEN] IF-STATEMENT: About to create branch from block: land.end (ptr=0x5bbf0efacd90), has terminator before branch: 0[0m
[0;36m[2025-10-18 17:58:33.434] [DEBUG] [CODEGEN] IF-STATEMENT: After creating branch, block land.end (ptr=0x5bbf0efacd90) has terminator: 1[0m
[0;36m[2025-10-18 17:58:33.434] [DEBUG] [CODEGEN] IF-STATEMENT: Branch target: then_block=if.then11 (ptr=0x5bbf0efae130)[0m
[0;36m[2025-10-18 17:58:33.434] [DEBUG] [CODEGEN] IF-STATEMENT: Generating then block, insert point: if.then11[0m
[0;36m[2025-10-18 17:58:33.434] [DEBUG] [CODEGEN] IF-STATEMENT: then_block is empty: 1[0m
[0;36m[2025-10-18 17:58:33.434] [DEBUG] [CODEGEN] enter_scope: this=0x5bbf0eee2750, _value_context=0x5bbf0eee2a80[0m
[0;36m[2025-10-18 17:58:33.434] [DEBUG] [CODEGEN] Delegating intrinsic call to Intrinsics module: __printf__[0m
[0;36m[2025-10-18 17:58:33.434] [DEBUG] [CODEGEN] Visiting LiteralNode, kind: 9, value: "Location: %s:%d\n"[0m
[0;36m[2025-10-18 17:58:33.434] [DEBUG] [CODEGEN] Generating intrinsic call: __printf__[0m
[0;36m[2025-10-18 17:58:33.434] [DEBUG] [CODEGEN] IF-STATEMENT: After then body generation, current block: if.then11[0m
[0;36m[2025-10-18 17:58:33.434] [DEBUG] [CODEGEN] IF-STATEMENT: then_block is empty: 0[0m
[0;36m[2025-10-18 17:58:33.434] [DEBUG] [CODEGEN] IF-STATEMENT: then_block has terminator: 0[0m
[0;36m[2025-10-18 17:58:33.434] [DEBUG] [CODEGEN] IF-STATEMENT: Checking terminator for block: if.then11, has terminator: 0[0m
[0;36m[2025-10-18 17:58:33.434] [DEBUG] [CODEGEN] IF-STATEMENT: Adding branch to merge block from current block[0m
[0;36m[2025-10-18 17:58:33.434] [DEBUG] [CODEGEN] IF-STATEMENT CLEANUP: then_block=if.then11, has_term=1, is_empty=0[0m
[0;36m[2025-10-18 17:58:33.434] [DEBUG] [CODEGEN] Delegating intrinsic call to Intrinsics module: __printf__[0m
[0;36m[2025-10-18 17:58:33.434] [DEBUG] [CODEGEN] Visiting LiteralNode, kind: 9, value: "[DEBUG::RUNTIME] {ErrorManager::panic} Panic shutdown complete\n"[0m
[0;36m[2025-10-18 17:58:33.434] [DEBUG] [CODEGEN] Generating intrinsic call: __printf__[0m
[0;36m[2025-10-18 17:58:33.434] [DEBUG] [CODEGEN] Delegating intrinsic call to Intrinsics module: __syscall_exit__[0m
[0;36m[2025-10-18 17:58:33.434] [DEBUG] [CODEGEN] Visiting LiteralNode, kind: 7, value: 1[0m
[0;36m[2025-10-18 17:58:33.434] [DEBUG] [CODEGEN] Generating intrinsic call: __syscall_exit__[0m
[0;36m[2025-10-18 17:58:33.434] [DEBUG] [CODEGEN] Completed struct/class declaration 16[0m
[0;36m[2025-10-18 17:58:33.434] [DEBUG] [CODEGEN] Processing struct/class declaration 17/26[0m
[0;36m[2025-10-18 17:58:33.434] [DEBUG] [CODEGEN] Visiting ClassDeclarationNode: RuntimeManager[0m
[0;36m[2025-10-18 17:58:33.434] [DEBUG] [CODEGEN] Registered AST node for class: RuntimeManager[0m
[0;36m[2025-10-18 17:58:33.434] [DEBUG] [AST] TypeContext::get_class_type() called with name='RuntimeManager'[0m
[0;36m[2025-10-18 17:58:33.434] [DEBUG] [CODEGEN] Created LLVM class type for RuntimeManager[0m
[0;36m[2025-10-18 17:58:33.434] [DEBUG] [CODEGEN] Pass 1: Creating function declarations for all methods in RuntimeManager[0m
[0;36m[2025-10-18 17:58:33.434] [DEBUG] [CODEGEN] Generating method declaration: RuntimeManager::RuntimeManager[0m
[0;36m[2025-10-18 17:58:33.434] [DEBUG] [CODEGEN] Full qualified method name: std::Runtime::RuntimeManager::RuntimeManager[0m
[0;36m[2025-10-18 17:58:33.434] [DEBUG] [CODEGEN] Method RuntimeManager cryo_return_type=non-null kind=0[0m
[0;36m[2025-10-18 17:58:33.434] [DEBUG] [CODEGEN] Stored function 'std::Runtime::RuntimeManager::RuntimeManager' in module: std::Runtime[0m
[0;36m[2025-10-18 17:58:33.434] [DEBUG] [CODEGEN] Function name at store time: std::Runtime::RuntimeManager::RuntimeManager[0m
[0;36m[2025-10-18 17:58:33.434] [DEBUG] [CODEGEN] Function has parent module: YES[0m
[0;36m[2025-10-18 17:58:33.434] [DEBUG] [CODEGEN] Generating method declaration: RuntimeManager::initialize[0m
[0;36m[2025-10-18 17:58:33.434] [DEBUG] [CODEGEN] Full qualified method name: std::Runtime::RuntimeManager::initialize[0m
[0;36m[2025-10-18 17:58:33.434] [DEBUG] [CODEGEN] Method initialize cryo_return_type=non-null kind=14[0m
[0;36m[2025-10-18 17:58:33.434] [DEBUG] [CODEGEN] TypeMapper::map_type() - successfully got kind: Enum (14)[0m
[0;36m[2025-10-18 17:58:33.434] [DEBUG] [CODEGEN] Stored function 'std::Runtime::RuntimeManager::initialize' in module: std::Runtime[0m
[0;36m[2025-10-18 17:58:33.434] [DEBUG] [CODEGEN] Function name at store time: std::Runtime::RuntimeManager::initialize[0m
[0;36m[2025-10-18 17:58:33.434] [DEBUG] [CODEGEN] Function has parent module: YES[0m
[0;36m[2025-10-18 17:58:33.434] [DEBUG] [CODEGEN] Generating method declaration: RuntimeManager::allocate[0m
[0;36m[2025-10-18 17:58:33.434] [DEBUG] [CODEGEN] Full qualified method name: std::Runtime::RuntimeManager::allocate[0m
[0;36m[2025-10-18 17:58:33.434] [DEBUG] [CODEGEN] TypeMapper::map_type() - successfully got kind: Integer (2)[0m
[0;36m[2025-10-18 17:58:33.434] [DEBUG] [CODEGEN] Method allocate cryo_return_type=non-null kind=7[0m
[0;36m[2025-10-18 17:58:33.434] [DEBUG] [CODEGEN] TypeMapper::map_type() - successfully got kind: Pointer (7)[0m
[0;36m[2025-10-18 17:58:33.435] [DEBUG] [CODEGEN] Stored function 'std::Runtime::RuntimeManager::allocate' in module: std::Runtime[0m
[0;36m[2025-10-18 17:58:33.435] [DEBUG] [CODEGEN] Function name at store time: std::Runtime::RuntimeManager::allocate[0m
[0;36m[2025-10-18 17:58:33.435] [DEBUG] [CODEGEN] Function has parent module: YES[0m
[0;36m[2025-10-18 17:58:33.435] [DEBUG] [CODEGEN] Generating method declaration: RuntimeManager::deallocate[0m
[0;36m[2025-10-18 17:58:33.435] [DEBUG] [CODEGEN] Full qualified method name: std::Runtime::RuntimeManager::deallocate[0m
[0;36m[2025-10-18 17:58:33.435] [DEBUG] [CODEGEN] TypeMapper::map_type() - successfully got kind: Pointer (7)[0m
[0;36m[2025-10-18 17:58:33.435] [DEBUG] [CODEGEN] Method deallocate cryo_return_type=non-null kind=0[0m
[0;36m[2025-10-18 17:58:33.435] [DEBUG] [CODEGEN] Stored function 'std::Runtime::RuntimeManager::deallocate' in module: std::Runtime[0m
[0;36m[2025-10-18 17:58:33.435] [DEBUG] [CODEGEN] Function name at store time: std::Runtime::RuntimeManager::deallocate[0m
[0;36m[2025-10-18 17:58:33.435] [DEBUG] [CODEGEN] Function has parent module: YES[0m
[0;36m[2025-10-18 17:58:33.435] [DEBUG] [CODEGEN] Generating method declaration: RuntimeManager::shutdown[0m
[0;36m[2025-10-18 17:58:33.435] [DEBUG] [CODEGEN] Full qualified method name: std::Runtime::RuntimeManager::shutdown[0m
[0;36m[2025-10-18 17:58:33.435] [DEBUG] [CODEGEN] Method shutdown cryo_return_type=non-null kind=0[0m
[0;36m[2025-10-18 17:58:33.435] [DEBUG] [CODEGEN] Stored function 'std::Runtime::RuntimeManager::shutdown' in module: std::Runtime[0m
[0;36m[2025-10-18 17:58:33.435] [DEBUG] [CODEGEN] Function name at store time: std::Runtime::RuntimeManager::shutdown[0m
[0;36m[2025-10-18 17:58:33.435] [DEBUG] [CODEGEN] Function has parent module: YES[0m
[0;36m[2025-10-18 17:58:33.435] [DEBUG] [CODEGEN] Generating method declaration: RuntimeManager::get_last_error[0m
[0;36m[2025-10-18 17:58:33.435] [DEBUG] [CODEGEN] Full qualified method name: std::Runtime::RuntimeManager::get_last_error[0m
[0;36m[2025-10-18 17:58:33.435] [DEBUG] [CODEGEN] Method get_last_error cryo_return_type=non-null kind=14[0m
[0;36m[2025-10-18 17:58:33.435] [DEBUG] [CODEGEN] TypeMapper::map_type() - successfully got kind: Enum (14)[0m
[0;36m[2025-10-18 17:58:33.435] [DEBUG] [CODEGEN] Stored function 'std::Runtime::RuntimeManager::get_last_error' in module: std::Runtime[0m
[0;36m[2025-10-18 17:58:33.435] [DEBUG] [CODEGEN] Function name at store time: std::Runtime::RuntimeManager::get_last_error[0m
[0;36m[2025-10-18 17:58:33.435] [DEBUG] [CODEGEN] Function has parent module: YES[0m
[0;36m[2025-10-18 17:58:33.435] [DEBUG] [CODEGEN] Generating method declaration: RuntimeManager::set_error[0m
[0;36m[2025-10-18 17:58:33.435] [DEBUG] [CODEGEN] Full qualified method name: std::Runtime::RuntimeManager::set_error[0m
[0;36m[2025-10-18 17:58:33.435] [DEBUG] [CODEGEN] TypeMapper::map_type() - successfully got kind: Enum (14)[0m
[0;36m[2025-10-18 17:58:33.435] [DEBUG] [CODEGEN] Method set_error cryo_return_type=non-null kind=0[0m
[0;36m[2025-10-18 17:58:33.435] [DEBUG] [CODEGEN] Stored function 'std::Runtime::RuntimeManager::set_error' in module: std::Runtime[0m
[0;36m[2025-10-18 17:58:33.435] [DEBUG] [CODEGEN] Function name at store time: std::Runtime::RuntimeManager::set_error[0m
[0;36m[2025-10-18 17:58:33.435] [DEBUG] [CODEGEN] Function has parent module: YES[0m
[0;36m[2025-10-18 17:58:33.435] [DEBUG] [CODEGEN] Generating method declaration: RuntimeManager::panic[0m
[0;36m[2025-10-18 17:58:33.435] [DEBUG] [CODEGEN] Full qualified method name: std::Runtime::RuntimeManager::panic[0m
[0;36m[2025-10-18 17:58:33.435] [DEBUG] [CODEGEN] TypeMapper::map_type() - successfully got kind: String (5)[0m
[0;36m[2025-10-18 17:58:33.435] [DEBUG] [CODEGEN] TypeMapper::map_type() - successfully got kind: String (5)[0m
[0;36m[2025-10-18 17:58:33.435] [DEBUG] [CODEGEN] TypeMapper::map_type() - successfully got kind: Integer (2)[0m
[0;36m[2025-10-18 17:58:33.435] [DEBUG] [CODEGEN] Method panic cryo_return_type=non-null kind=0[0m
[0;36m[2025-10-18 17:58:33.435] [DEBUG] [CODEGEN] Stored function 'std::Runtime::RuntimeManager::panic' in module: std::Runtime[0m
[0;36m[2025-10-18 17:58:33.435] [DEBUG] [CODEGEN] Function name at store time: std::Runtime::RuntimeManager::panic[0m
[0;36m[2025-10-18 17:58:33.435] [DEBUG] [CODEGEN] Function has parent module: YES[0m
[0;36m[2025-10-18 17:58:33.435] [DEBUG] [CODEGEN] Pass 2: Generating function bodies for all methods in RuntimeManager[0m
[0;36m[2025-10-18 17:58:33.435] [DEBUG] [CODEGEN] Generating method body: std::Runtime::RuntimeManager::RuntimeManager[0m
[0;36m[2025-10-18 17:58:33.435] [DEBUG] [CODEGEN] enter_scope: this=0x5bbf0eee2750, _value_context=0x5bbf0eee2a80[0m
[0;36m[2025-10-18 17:58:33.435] [DEBUG] [CODEGEN] Setting up 'this' parameter for class method[0m
[0;36m[2025-10-18 17:58:33.435] [DEBUG] [AST] TypeContext::get_class_type() called with name='RuntimeManager'[0m
[0;36m[2025-10-18 17:58:33.435] [DEBUG] [CODEGEN] Stored 'this' parameter for class 'RuntimeManager' with class type[0m
[0;36m[2025-10-18 17:58:33.435] [DEBUG] [CODEGEN] 'this' parameter set up successfully for class method[0m
[0;36m[2025-10-18 17:58:33.435] [DEBUG] [CODEGEN] Delegating intrinsic call to Intrinsics module: __printf__[0m
[0;36m[2025-10-18 17:58:33.435] [DEBUG] [CODEGEN] Visiting LiteralNode, kind: 9, value: "[DEBUG::RUNTIME] {RuntimeManager::RuntimeManager} Initializing RuntimeManager\n"[0m
[0;36m[2025-10-18 17:58:33.435] [DEBUG] [CODEGEN] Generating intrinsic call: __printf__[0m
[0;36m[2025-10-18 17:58:33.435] [DEBUG] [CODEGEN] Generating new expression[0m
[0;36m[2025-10-18 17:58:33.435] [DEBUG] [CODEGEN] Creating new instance of type: HeapManager[0m
[0;36m[2025-10-18 17:58:33.435] [DEBUG] [CODEGEN] Generating new expression[0m
[0;36m[2025-10-18 17:58:33.435] [DEBUG] [CODEGEN] Creating new instance of type: StatisticsManager[0m
[0;36m[2025-10-18 17:58:33.435] [DEBUG] [CODEGEN] Generating new expression[0m
[0;36m[2025-10-18 17:58:33.435] [DEBUG] [CODEGEN] Creating new instance of type: ErrorManager[0m
[0;36m[2025-10-18 17:58:33.435] [DEBUG] [CODEGEN] Generating method body: std::Runtime::RuntimeManager::initialize[0m
[0;36m[2025-10-18 17:58:33.435] [DEBUG] [CODEGEN] enter_scope: this=0x5bbf0eee2750, _value_context=0x5bbf0eee2a80[0m
[0;36m[2025-10-18 17:58:33.435] [DEBUG] [CODEGEN] Setting up 'this' parameter for class method[0m
[0;36m[2025-10-18 17:58:33.435] [DEBUG] [AST] TypeContext::get_class_type() called with name='RuntimeManager'[0m
[0;36m[2025-10-18 17:58:33.435] [DEBUG] [CODEGEN] Stored 'this' parameter for class 'RuntimeManager' with class type[0m
[0;36m[2025-10-18 17:58:33.435] [DEBUG] [CODEGEN] 'this' parameter set up successfully for class method[0m
[0;36m[2025-10-18 17:58:33.435] [DEBUG] [CODEGEN] Delegating intrinsic call to Intrinsics module: __printf__[0m
[0;36m[2025-10-18 17:58:33.436] [DEBUG] [CODEGEN] Visiting LiteralNode, kind: 9, value: "[DEBUG::RUNTIME] {RuntimeManager::initialize} Initializing runtime system...\n"[0m
[0;36m[2025-10-18 17:58:33.436] [DEBUG] [CODEGEN] Generating intrinsic call: __printf__[0m
[0;36m[2025-10-18 17:58:33.436] [DEBUG] [CODEGEN] IF-STATEMENT ENTRY: Current block before anything: entry[0m
[0;36m[2025-10-18 17:58:33.436] [DEBUG] [CODEGEN] Generating member access[0m
[0;36m[2025-10-18 17:58:33.436] [DEBUG] [CODEGEN] Looking for variable: this[0m
[0;36m[2025-10-18 17:58:33.436] [DEBUG] [CODEGEN] get_alloca result: found[0m
[0;36m[2025-10-18 17:58:33.436] [DEBUG] [CODEGEN] Accessing member: state[0m
[0;36m[2025-10-18 17:58:33.436] [DEBUG] [CODEGEN] Trying direct type resolution from LLVM type[0m
[0;36m[2025-10-18 17:58:33.436] [DEBUG] [CODEGEN] Member access allocated_type: valid[0m
[0;36m[2025-10-18 17:58:33.436] [DEBUG] [CODEGEN] Member access: this is a pointer type, searching for matching struct[0m
[0;36m[2025-10-18 17:58:33.436] [DEBUG] [CODEGEN] Found matching struct type: RuntimeManager, field index: 0[0m
[0;36m[2025-10-18 17:58:33.436] [DEBUG] [CODEGEN] Member access resolution successful: type_name='RuntimeManager', member_name='state', field_index=0[0m
[0;36m[2025-10-18 17:58:33.436] [DEBUG] [CODEGEN] Loaded struct pointer for member access[0m
[0;36m[2025-10-18 17:58:33.436] [DEBUG] [CODEGEN] About to access field index 0 in struct with 4 fields[0m
[0;36m[2025-10-18 17:58:33.436] [DEBUG] [CODEGEN] Created GEP for field access[0m
[0;36m[2025-10-18 17:58:33.436] [DEBUG] [CODEGEN] Successfully generated field access for: state[0m
[0;36m[2025-10-18 17:58:33.436] [DEBUG] [CODEGEN] IF-STATEMENT: About to create branch from block: entry (ptr=0x5bbf0efb0270), has terminator before branch: 0[0m
[0;36m[2025-10-18 17:58:33.436] [DEBUG] [CODEGEN] IF-STATEMENT: After creating branch, block entry (ptr=0x5bbf0efb0270) has terminator: 1[0m
[0;36m[2025-10-18 17:58:33.436] [DEBUG] [CODEGEN] IF-STATEMENT: Branch target: then_block=if.then (ptr=0x5bbf0efb1930)[0m
[0;36m[2025-10-18 17:58:33.436] [DEBUG] [CODEGEN] IF-STATEMENT: Generating then block, insert point: if.then[0m
[0;36m[2025-10-18 17:58:33.436] [DEBUG] [CODEGEN] IF-STATEMENT: then_block is empty: 1[0m
[0;36m[2025-10-18 17:58:33.436] [DEBUG] [CODEGEN] enter_scope: this=0x5bbf0eee2750, _value_context=0x5bbf0eee2a80[0m
[0;36m[2025-10-18 17:58:33.436] [DEBUG] [CODEGEN] Delegating intrinsic call to Intrinsics module: __printf__[0m
[0;36m[2025-10-18 17:58:33.436] [DEBUG] [CODEGEN] Visiting LiteralNode, kind: 9, value: "[DEBUG::RUNTIME] {RuntimeManager::initialize} Runtime already initialized\n"[0m
[0;36m[2025-10-18 17:58:33.436] [DEBUG] [CODEGEN] Generating intrinsic call: __printf__[0m
[0;36m[2025-10-18 17:58:33.436] [DEBUG] [CODEGEN] Return statement: return_value = valid[0m
[0;36m[2025-10-18 17:58:33.436] [DEBUG] [CODEGEN] Return value type: 12[0m
[0;36m[2025-10-18 17:58:33.436] [DEBUG] [CODEGEN] Using direct return[0m
[0;36m[2025-10-18 17:58:33.436] [DEBUG] [CODEGEN] IF-STATEMENT: After then body generation, current block: if.then[0m
[0;36m[2025-10-18 17:58:33.436] [DEBUG] [CODEGEN] IF-STATEMENT: then_block is empty: 0[0m
[0;36m[2025-10-18 17:58:33.436] [DEBUG] [CODEGEN] IF-STATEMENT: then_block has terminator: 1[0m
[0;36m[2025-10-18 17:58:33.436] [DEBUG] [CODEGEN] IF-STATEMENT: Checking terminator for block: if.then, has terminator: 1[0m
[0;36m[2025-10-18 17:58:33.436] [DEBUG] [CODEGEN] IF-STATEMENT CLEANUP: then_block=if.then, has_term=1, is_empty=0[0m
[0;36m[2025-10-18 17:58:33.436] [DEBUG] [CODEGEN] VarDecl start: this=0x5bbf0eee2750, _value_context=0x5bbf0eee2a80[0m
[0;36m[2025-10-18 17:58:33.436] [DEBUG] [CODEGEN] Variable Declaration: name='heap_result', type='RuntimeError'[0m
[0;36m[2025-10-18 17:58:33.436] [DEBUG] [CODEGEN] TypeMapper::map_type() - successfully got kind: Enum (14)[0m
[0;36m[2025-10-18 17:58:33.436] [DEBUG] [CODEGEN] Creating local variable: heap_result[0m
[0;36m[2025-10-18 17:58:33.436] [DEBUG] [CODEGEN] Checking member access object type for method: initialize[0m
[0;36m[2025-10-18 17:58:33.436] [DEBUG] [CODEGEN]   Object is MemberAccessNode (NESTED ACCESS)[0m
[0;36m[2025-10-18 17:58:33.436] [DEBUG] [CODEGEN] Found nested member access: object is also a MemberAccessNode[0m
[0;36m[2025-10-18 17:58:33.436] [DEBUG] [CODEGEN] Nested member access resolved type from TypeChecker: HeapManager[0m
[0;36m[2025-10-18 17:58:33.436] [DEBUG] [CODEGEN] Nested object type: 'HeapManager'[0m
[0;36m[2025-10-18 17:58:33.436] [DEBUG] [CODEGEN] Looking up nested method: 'std::Runtime::HeapManager::initialize'[0m
[0;36m[2025-10-18 17:58:33.436] [DEBUG] [CODEGEN] Found nested method: std::Runtime::HeapManager::initialize[0m
[0;36m[2025-10-18 17:58:33.436] [DEBUG] [CODEGEN] Generating member access[0m
[0;36m[2025-10-18 17:58:33.436] [DEBUG] [CODEGEN] Looking for variable: this[0m
[0;36m[2025-10-18 17:58:33.436] [DEBUG] [CODEGEN] get_alloca result: found[0m
[0;36m[2025-10-18 17:58:33.436] [DEBUG] [CODEGEN] Accessing member: heap[0m
[0;36m[2025-10-18 17:58:33.436] [DEBUG] [CODEGEN] Trying direct type resolution from LLVM type[0m
[0;36m[2025-10-18 17:58:33.436] [DEBUG] [CODEGEN] Member access allocated_type: valid[0m
[0;36m[2025-10-18 17:58:33.436] [DEBUG] [CODEGEN] Member access: this is a pointer type, searching for matching struct[0m
[0;36m[2025-10-18 17:58:33.436] [DEBUG] [CODEGEN] Found matching struct type: RuntimeManager, field index: 1[0m
[0;36m[2025-10-18 17:58:33.436] [DEBUG] [CODEGEN] Member access resolution successful: type_name='RuntimeManager', member_name='heap', field_index=1[0m
[0;36m[2025-10-18 17:58:33.436] [DEBUG] [CODEGEN] Loaded struct pointer for member access[0m
[0;36m[2025-10-18 17:58:33.436] [DEBUG] [CODEGEN] About to access field index 1 in struct with 4 fields[0m
[0;36m[2025-10-18 17:58:33.436] [DEBUG] [CODEGEN] Created GEP for field access[0m
[0;36m[2025-10-18 17:58:33.436] [DEBUG] [CODEGEN] Successfully generated field access for: heap[0m
[0;36m[2025-10-18 17:58:33.436] [DEBUG] [CODEGEN] Using field pointer for nested object method call[0m
[0;36m[2025-10-18 17:58:33.436] [DEBUG] [CODEGEN] Generated nested object pointer: SUCCESS[0m
[0;36m[2025-10-18 17:58:33.436] [DEBUG] [CODEGEN] Calling nested method with 2 arguments[0m
[0;36m[2025-10-18 17:58:33.436] [DEBUG] [CODEGEN] IF-STATEMENT ENTRY: Current block before anything: if.end[0m
[0;36m[2025-10-18 17:58:33.437] [DEBUG] [CODEGEN] IF-STATEMENT: About to create branch from block: if.end (ptr=0x5bbf0efb1990), has terminator before branch: 0[0m
[0;36m[2025-10-18 17:58:33.437] [DEBUG] [CODEGEN] IF-STATEMENT: After creating branch, block if.end (ptr=0x5bbf0efb1990) has terminator: 1[0m
[0;36m[2025-10-18 17:58:33.437] [DEBUG] [CODEGEN] IF-STATEMENT: Branch target: then_block=if.then7 (ptr=0x5bbf0efb2070)[0m
[0;36m[2025-10-18 17:58:33.437] [DEBUG] [CODEGEN] IF-STATEMENT: Generating then block, insert point: if.then7[0m
[0;36m[2025-10-18 17:58:33.437] [DEBUG] [CODEGEN] IF-STATEMENT: then_block is empty: 1[0m
[0;36m[2025-10-18 17:58:33.437] [DEBUG] [CODEGEN] enter_scope: this=0x5bbf0eee2750, _value_context=0x5bbf0eee2a80[0m
[0;36m[2025-10-18 17:58:33.437] [DEBUG] [CODEGEN] Delegating intrinsic call to Intrinsics module: __printf__[0m
[0;36m[2025-10-18 17:58:33.437] [DEBUG] [CODEGEN] Visiting LiteralNode, kind: 9, value: "[DEBUG::RUNTIME] {RuntimeManager::initialize} Heap initialization failed\n"[0m
[0;36m[2025-10-18 17:58:33.437] [DEBUG] [CODEGEN] Generating intrinsic call: __printf__[0m
[0;36m[2025-10-18 17:58:33.437] [DEBUG] [CODEGEN] Return statement: return_value = valid[0m
[0;36m[2025-10-18 17:58:33.437] [DEBUG] [CODEGEN] Return value type: 12[0m
[0;36m[2025-10-18 17:58:33.437] [DEBUG] [CODEGEN] Using direct return[0m
[0;36m[2025-10-18 17:58:33.437] [DEBUG] [CODEGEN] IF-STATEMENT: After then body generation, current block: if.then7[0m
[0;36m[2025-10-18 17:58:33.437] [DEBUG] [CODEGEN] IF-STATEMENT: then_block is empty: 0[0m
[0;36m[2025-10-18 17:58:33.437] [DEBUG] [CODEGEN] IF-STATEMENT: then_block has terminator: 1[0m
[0;36m[2025-10-18 17:58:33.437] [DEBUG] [CODEGEN] IF-STATEMENT: Checking terminator for block: if.then7, has terminator: 1[0m
[0;36m[2025-10-18 17:58:33.437] [DEBUG] [CODEGEN] IF-STATEMENT CLEANUP: then_block=if.then7, has_term=1, is_empty=0[0m
[0;36m[2025-10-18 17:58:33.437] [DEBUG] [CODEGEN] Delegating intrinsic call to Intrinsics module: __printf__[0m
[0;36m[2025-10-18 17:58:33.437] [DEBUG] [CODEGEN] Visiting LiteralNode, kind: 9, value: "[DEBUG::RUNTIME] {RuntimeManager::initialize} Runtime initialized successfully\n"[0m
[0;36m[2025-10-18 17:58:33.437] [DEBUG] [CODEGEN] Generating intrinsic call: __printf__[0m
[0;36m[2025-10-18 17:58:33.437] [DEBUG] [CODEGEN] Return statement: return_value = valid[0m
[0;36m[2025-10-18 17:58:33.437] [DEBUG] [CODEGEN] Return value type: 12[0m
[0;36m[2025-10-18 17:58:33.437] [DEBUG] [CODEGEN] Using direct return[0m
[0;36m[2025-10-18 17:58:33.437] [DEBUG] [CODEGEN] Generating method body: std::Runtime::RuntimeManager::allocate[0m
[0;36m[2025-10-18 17:58:33.437] [DEBUG] [CODEGEN] enter_scope: this=0x5bbf0eee2750, _value_context=0x5bbf0eee2a80[0m
[0;36m[2025-10-18 17:58:33.437] [DEBUG] [CODEGEN] Setting up 'this' parameter for class method[0m
[0;36m[2025-10-18 17:58:33.437] [DEBUG] [AST] TypeContext::get_class_type() called with name='RuntimeManager'[0m
[0;36m[2025-10-18 17:58:33.437] [DEBUG] [CODEGEN] Stored 'this' parameter for class 'RuntimeManager' with class type[0m
[0;36m[2025-10-18 17:58:33.437] [DEBUG] [CODEGEN] 'this' parameter set up successfully for class method[0m
[0;36m[2025-10-18 17:58:33.437] [DEBUG] [CODEGEN] TypeMapper::map_type() - successfully got kind: Integer (2)[0m
[0;36m[2025-10-18 17:58:33.437] [DEBUG] [CODEGEN] Stored parameter 'size' with type: u64[0m
[0;36m[2025-10-18 17:58:33.437] [DEBUG] [CODEGEN] VarDecl start: this=0x5bbf0eee2750, _value_context=0x5bbf0eee2a80[0m
[0;36m[2025-10-18 17:58:33.437] [DEBUG] [CODEGEN] Variable Declaration: name='ptr', type='void*'[0m
[0;36m[2025-10-18 17:58:33.437] [DEBUG] [CODEGEN] TypeMapper::map_type() - successfully got kind: Pointer (7)[0m
[0;36m[2025-10-18 17:58:33.437] [DEBUG] [CODEGEN] Creating local variable: ptr[0m
[0;36m[2025-10-18 17:58:33.437] [DEBUG] [CODEGEN] Pointer variable 'ptr' type 'void*'[0m
[0;36m[2025-10-18 17:58:33.437] [DEBUG] [CODEGEN] Pointer element type set to full pointer type[0m
[0;36m[2025-10-18 17:58:33.437] [DEBUG] [CODEGEN] Checking member access object type for method: allocate[0m
[0;36m[2025-10-18 17:58:33.437] [DEBUG] [CODEGEN]   Object is MemberAccessNode (NESTED ACCESS)[0m
[0;36m[2025-10-18 17:58:33.437] [DEBUG] [CODEGEN] Found nested member access: object is also a MemberAccessNode[0m
[0;36m[2025-10-18 17:58:33.437] [DEBUG] [CODEGEN] Nested member access resolved type from TypeChecker: HeapManager[0m
[0;36m[2025-10-18 17:58:33.437] [DEBUG] [CODEGEN] Nested object type: 'HeapManager'[0m
[0;36m[2025-10-18 17:58:33.437] [DEBUG] [CODEGEN] Looking up nested method: 'std::Runtime::HeapManager::allocate'[0m
[0;36m[2025-10-18 17:58:33.437] [DEBUG] [CODEGEN] Found nested method: std::Runtime::HeapManager::allocate[0m
[0;36m[2025-10-18 17:58:33.437] [DEBUG] [CODEGEN] Generating member access[0m
[0;36m[2025-10-18 17:58:33.437] [DEBUG] [CODEGEN] Looking for variable: this[0m
[0;36m[2025-10-18 17:58:33.437] [DEBUG] [CODEGEN] get_alloca result: found[0m
[0;36m[2025-10-18 17:58:33.437] [DEBUG] [CODEGEN] Accessing member: heap[0m
[0;36m[2025-10-18 17:58:33.437] [DEBUG] [CODEGEN] Trying direct type resolution from LLVM type[0m
[0;36m[2025-10-18 17:58:33.437] [DEBUG] [CODEGEN] Member access allocated_type: valid[0m
[0;36m[2025-10-18 17:58:33.437] [DEBUG] [CODEGEN] Member access: this is a pointer type, searching for matching struct[0m
[0;36m[2025-10-18 17:58:33.437] [DEBUG] [CODEGEN] Found matching struct type: RuntimeManager, field index: 1[0m
[0;36m[2025-10-18 17:58:33.437] [DEBUG] [CODEGEN] Member access resolution successful: type_name='RuntimeManager', member_name='heap', field_index=1[0m
[0;36m[2025-10-18 17:58:33.437] [DEBUG] [CODEGEN] Loaded struct pointer for member access[0m
[0;36m[2025-10-18 17:58:33.437] [DEBUG] [CODEGEN] About to access field index 1 in struct with 4 fields[0m
[0;36m[2025-10-18 17:58:33.437] [DEBUG] [CODEGEN] Created GEP for field access[0m
[0;36m[2025-10-18 17:58:33.437] [DEBUG] [CODEGEN] Successfully generated field access for: heap[0m
[0;36m[2025-10-18 17:58:33.437] [DEBUG] [CODEGEN] Using field pointer for nested object method call[0m
[0;36m[2025-10-18 17:58:33.437] [DEBUG] [CODEGEN] Generated nested object pointer: SUCCESS[0m
[0;36m[2025-10-18 17:58:33.437] [DEBUG] [CODEGEN] Calling nested method with 2 arguments[0m
[0;36m[2025-10-18 17:58:33.437] [DEBUG] [CODEGEN] IF-STATEMENT ENTRY: Current block before anything: entry[0m
[0;36m[2025-10-18 17:58:33.437] [DEBUG] [CODEGEN] Visiting LiteralNode, kind: 104, value: null[0m
[0;36m[2025-10-18 17:58:33.437] [DEBUG] [CODEGEN] IF-STATEMENT: About to create branch from block: entry (ptr=0x5bbf0efb30f0), has terminator before branch: 0[0m
[0;36m[2025-10-18 17:58:33.437] [DEBUG] [CODEGEN] IF-STATEMENT: After creating branch, block entry (ptr=0x5bbf0efb30f0) has terminator: 1[0m
[0;36m[2025-10-18 17:58:33.437] [DEBUG] [CODEGEN] IF-STATEMENT: Branch target: then_block=if.then (ptr=0x5bbf0efb3270)[0m
[0;36m[2025-10-18 17:58:33.438] [DEBUG] [CODEGEN] IF-STATEMENT: Generating then block, insert point: if.then[0m
[0;36m[2025-10-18 17:58:33.438] [DEBUG] [CODEGEN] IF-STATEMENT: then_block is empty: 1[0m
[0;36m[2025-10-18 17:58:33.438] [DEBUG] [CODEGEN] enter_scope: this=0x5bbf0eee2750, _value_context=0x5bbf0eee2a80[0m
[0;36m[2025-10-18 17:58:33.438] [DEBUG] [CODEGEN] Checking member access object type for method: record_allocation[0m
[0;36m[2025-10-18 17:58:33.438] [DEBUG] [CODEGEN]   Object is MemberAccessNode (NESTED ACCESS)[0m
[0;36m[2025-10-18 17:58:33.438] [DEBUG] [CODEGEN] Found nested member access: object is also a MemberAccessNode[0m
[0;36m[2025-10-18 17:58:33.438] [DEBUG] [CODEGEN] Nested member access resolved type from TypeChecker: StatisticsManager[0m
[0;36m[2025-10-18 17:58:33.438] [DEBUG] [CODEGEN] Nested object type: 'StatisticsManager'[0m
[0;36m[2025-10-18 17:58:33.438] [DEBUG] [CODEGEN] Looking up nested method: 'std::Runtime::StatisticsManager::record_allocation'[0m
[0;36m[2025-10-18 17:58:33.438] [DEBUG] [CODEGEN] Found nested method: std::Runtime::StatisticsManager::record_allocation[0m
[0;36m[2025-10-18 17:58:33.438] [DEBUG] [CODEGEN] Generating member access[0m
[0;36m[2025-10-18 17:58:33.438] [DEBUG] [CODEGEN] Looking for variable: this[0m
[0;36m[2025-10-18 17:58:33.438] [DEBUG] [CODEGEN] get_alloca result: found[0m
[0;36m[2025-10-18 17:58:33.438] [DEBUG] [CODEGEN] Accessing member: stats[0m
[0;36m[2025-10-18 17:58:33.438] [DEBUG] [CODEGEN] Trying direct type resolution from LLVM type[0m
[0;36m[2025-10-18 17:58:33.438] [DEBUG] [CODEGEN] Member access allocated_type: valid[0m
[0;36m[2025-10-18 17:58:33.438] [DEBUG] [CODEGEN] Member access: this is a pointer type, searching for matching struct[0m
[0;36m[2025-10-18 17:58:33.438] [DEBUG] [CODEGEN] Found matching struct type: RuntimeManager, field index: 2[0m
[0;36m[2025-10-18 17:58:33.438] [DEBUG] [CODEGEN] Member access resolution successful: type_name='RuntimeManager', member_name='stats', field_index=2[0m
[0;36m[2025-10-18 17:58:33.438] [DEBUG] [CODEGEN] Loaded struct pointer for member access[0m
[0;36m[2025-10-18 17:58:33.438] [DEBUG] [CODEGEN] About to access field index 2 in struct with 4 fields[0m
[0;36m[2025-10-18 17:58:33.438] [DEBUG] [CODEGEN] Created GEP for field access[0m
[0;36m[2025-10-18 17:58:33.438] [DEBUG] [CODEGEN] Successfully generated field access for: stats[0m
[0;36m[2025-10-18 17:58:33.438] [DEBUG] [CODEGEN] Using field pointer for nested object method call[0m
[0;36m[2025-10-18 17:58:33.438] [DEBUG] [CODEGEN] Generated nested object pointer: SUCCESS[0m
[0;36m[2025-10-18 17:58:33.438] [DEBUG] [CODEGEN] Calling nested method with 2 arguments[0m
[0;36m[2025-10-18 17:58:33.438] [DEBUG] [CODEGEN] IF-STATEMENT: After then body generation, current block: if.then[0m
[0;36m[2025-10-18 17:58:33.438] [DEBUG] [CODEGEN] IF-STATEMENT: then_block is empty: 0[0m
[0;36m[2025-10-18 17:58:33.438] [DEBUG] [CODEGEN] IF-STATEMENT: then_block has terminator: 0[0m
[0;36m[2025-10-18 17:58:33.438] [DEBUG] [CODEGEN] IF-STATEMENT: Checking terminator for block: if.then, has terminator: 0[0m
[0;36m[2025-10-18 17:58:33.438] [DEBUG] [CODEGEN] IF-STATEMENT: Adding branch to merge block from current block[0m
[0;36m[2025-10-18 17:58:33.438] [DEBUG] [CODEGEN] IF-STATEMENT CLEANUP: then_block=if.then, has_term=1, is_empty=0[0m
[0;36m[2025-10-18 17:58:33.438] [DEBUG] [CODEGEN] Return statement: return_value = valid[0m
[0;36m[2025-10-18 17:58:33.438] [DEBUG] [CODEGEN] Return value type: 14[0m
[0;36m[2025-10-18 17:58:33.438] [DEBUG] [CODEGEN] Using direct return[0m
[0;36m[2025-10-18 17:58:33.438] [DEBUG] [CODEGEN] Generating method body: std::Runtime::RuntimeManager::deallocate[0m
[0;36m[2025-10-18 17:58:33.438] [DEBUG] [CODEGEN] enter_scope: this=0x5bbf0eee2750, _value_context=0x5bbf0eee2a80[0m
[0;36m[2025-10-18 17:58:33.438] [DEBUG] [CODEGEN] Setting up 'this' parameter for class method[0m
[0;36m[2025-10-18 17:58:33.438] [DEBUG] [AST] TypeContext::get_class_type() called with name='RuntimeManager'[0m
[0;36m[2025-10-18 17:58:33.438] [DEBUG] [CODEGEN] Stored 'this' parameter for class 'RuntimeManager' with class type[0m
[0;36m[2025-10-18 17:58:33.438] [DEBUG] [CODEGEN] 'this' parameter set up successfully for class method[0m
[0;36m[2025-10-18 17:58:33.438] [DEBUG] [CODEGEN] TypeMapper::map_type() - successfully got kind: Pointer (7)[0m
[0;36m[2025-10-18 17:58:33.438] [DEBUG] [CODEGEN] Stored parameter 'ptr' with type: void*[0m
[0;36m[2025-10-18 17:58:33.438] [DEBUG] [CODEGEN] VarDecl start: this=0x5bbf0eee2750, _value_context=0x5bbf0eee2a80[0m
[0;36m[2025-10-18 17:58:33.438] [DEBUG] [CODEGEN] Variable Declaration: name='size', type='u64'[0m
[0;36m[2025-10-18 17:58:33.438] [DEBUG] [CODEGEN] TypeMapper::map_type() - successfully got kind: Integer (2)[0m
[0;36m[2025-10-18 17:58:33.438] [DEBUG] [CODEGEN] Creating local variable: size[0m
[0;36m[2025-10-18 17:58:33.438] [DEBUG] [CODEGEN] Checking member access object type for method: deallocate[0m
[0;36m[2025-10-18 17:58:33.438] [DEBUG] [CODEGEN]   Object is MemberAccessNode (NESTED ACCESS)[0m
[0;36m[2025-10-18 17:58:33.438] [DEBUG] [CODEGEN] Found nested member access: object is also a MemberAccessNode[0m
[0;36m[2025-10-18 17:58:33.438] [DEBUG] [CODEGEN] Nested member access resolved type from TypeChecker: HeapManager[0m
[0;36m[2025-10-18 17:58:33.438] [DEBUG] [CODEGEN] Nested object type: 'HeapManager'[0m
[0;36m[2025-10-18 17:58:33.438] [DEBUG] [CODEGEN] Looking up nested method: 'std::Runtime::HeapManager::deallocate'[0m
[0;36m[2025-10-18 17:58:33.438] [DEBUG] [CODEGEN] Found nested method: std::Runtime::HeapManager::deallocate[0m
[0;36m[2025-10-18 17:58:33.438] [DEBUG] [CODEGEN] Generating member access[0m
[0;36m[2025-10-18 17:58:33.438] [DEBUG] [CODEGEN] Looking for variable: this[0m
[0;36m[2025-10-18 17:58:33.438] [DEBUG] [CODEGEN] get_alloca result: found[0m
[0;36m[2025-10-18 17:58:33.438] [DEBUG] [CODEGEN] Accessing member: heap[0m
[0;36m[2025-10-18 17:58:33.438] [DEBUG] [CODEGEN] Trying direct type resolution from LLVM type[0m
[0;36m[2025-10-18 17:58:33.438] [DEBUG] [CODEGEN] Member access allocated_type: valid[0m
[0;36m[2025-10-18 17:58:33.438] [DEBUG] [CODEGEN] Member access: this is a pointer type, searching for matching struct[0m
[0;36m[2025-10-18 17:58:33.438] [DEBUG] [CODEGEN] Found matching struct type: RuntimeManager, field index: 1[0m
[0;36m[2025-10-18 17:58:33.438] [DEBUG] [CODEGEN] Member access resolution successful: type_name='RuntimeManager', member_name='heap', field_index=1[0m
[0;36m[2025-10-18 17:58:33.438] [DEBUG] [CODEGEN] Loaded struct pointer for member access[0m
[0;36m[2025-10-18 17:58:33.439] [DEBUG] [CODEGEN] About to access field index 1 in struct with 4 fields[0m
[0;36m[2025-10-18 17:58:33.439] [DEBUG] [CODEGEN] Created GEP for field access[0m
[0;36m[2025-10-18 17:58:33.439] [DEBUG] [CODEGEN] Successfully generated field access for: heap[0m
[0;36m[2025-10-18 17:58:33.439] [DEBUG] [CODEGEN] Using field pointer for nested object method call[0m
[0;36m[2025-10-18 17:58:33.439] [DEBUG] [CODEGEN] Generated nested object pointer: SUCCESS[0m
[0;36m[2025-10-18 17:58:33.439] [DEBUG] [CODEGEN] Calling nested method with 2 arguments[0m
[0;36m[2025-10-18 17:58:33.439] [DEBUG] [CODEGEN] IF-STATEMENT ENTRY: Current block before anything: entry[0m
[0;36m[2025-10-18 17:58:33.439] [DEBUG] [CODEGEN] Visiting LiteralNode, kind: 7, value: 0[0m
[0;36m[2025-10-18 17:58:33.439] [DEBUG] [CODEGEN] IF-STATEMENT: About to create branch from block: entry (ptr=0x5bbf0efaf030), has terminator before branch: 0[0m
[0;36m[2025-10-18 17:58:33.439] [DEBUG] [CODEGEN] IF-STATEMENT: After creating branch, block entry (ptr=0x5bbf0efaf030) has terminator: 1[0m
[0;36m[2025-10-18 17:58:33.439] [DEBUG] [CODEGEN] IF-STATEMENT: Branch target: then_block=if.then (ptr=0x5bbf0efb4bb0)[0m
[0;36m[2025-10-18 17:58:33.439] [DEBUG] [CODEGEN] IF-STATEMENT: Generating then block, insert point: if.then[0m
[0;36m[2025-10-18 17:58:33.439] [DEBUG] [CODEGEN] IF-STATEMENT: then_block is empty: 1[0m
[0;36m[2025-10-18 17:58:33.439] [DEBUG] [CODEGEN] enter_scope: this=0x5bbf0eee2750, _value_context=0x5bbf0eee2a80[0m
[0;36m[2025-10-18 17:58:33.439] [DEBUG] [CODEGEN] Checking member access object type for method: record_deallocation[0m
[0;36m[2025-10-18 17:58:33.439] [DEBUG] [CODEGEN]   Object is MemberAccessNode (NESTED ACCESS)[0m
[0;36m[2025-10-18 17:58:33.439] [DEBUG] [CODEGEN] Found nested member access: object is also a MemberAccessNode[0m
[0;36m[2025-10-18 17:58:33.439] [DEBUG] [CODEGEN] Nested member access resolved type from TypeChecker: StatisticsManager[0m
[0;36m[2025-10-18 17:58:33.439] [DEBUG] [CODEGEN] Nested object type: 'StatisticsManager'[0m
[0;36m[2025-10-18 17:58:33.439] [DEBUG] [CODEGEN] Looking up nested method: 'std::Runtime::StatisticsManager::record_deallocation'[0m
[0;36m[2025-10-18 17:58:33.439] [DEBUG] [CODEGEN] Found nested method: std::Runtime::StatisticsManager::record_deallocation[0m
[0;36m[2025-10-18 17:58:33.439] [DEBUG] [CODEGEN] Generating member access[0m
[0;36m[2025-10-18 17:58:33.439] [DEBUG] [CODEGEN] Looking for variable: this[0m
[0;36m[2025-10-18 17:58:33.439] [DEBUG] [CODEGEN] get_alloca result: found[0m
[0;36m[2025-10-18 17:58:33.439] [DEBUG] [CODEGEN] Accessing member: stats[0m
[0;36m[2025-10-18 17:58:33.439] [DEBUG] [CODEGEN] Trying direct type resolution from LLVM type[0m
[0;36m[2025-10-18 17:58:33.439] [DEBUG] [CODEGEN] Member access allocated_type: valid[0m
[0;36m[2025-10-18 17:58:33.439] [DEBUG] [CODEGEN] Member access: this is a pointer type, searching for matching struct[0m
[0;36m[2025-10-18 17:58:33.439] [DEBUG] [CODEGEN] Found matching struct type: RuntimeManager, field index: 2[0m
[0;36m[2025-10-18 17:58:33.439] [DEBUG] [CODEGEN] Member access resolution successful: type_name='RuntimeManager', member_name='stats', field_index=2[0m
[0;36m[2025-10-18 17:58:33.439] [DEBUG] [CODEGEN] Loaded struct pointer for member access[0m
[0;36m[2025-10-18 17:58:33.439] [DEBUG] [CODEGEN] About to access field index 2 in struct with 4 fields[0m
[0;36m[2025-10-18 17:58:33.439] [DEBUG] [CODEGEN] Created GEP for field access[0m
[0;36m[2025-10-18 17:58:33.439] [DEBUG] [CODEGEN] Successfully generated field access for: stats[0m
[0;36m[2025-10-18 17:58:33.439] [DEBUG] [CODEGEN] Using field pointer for nested object method call[0m
[0;36m[2025-10-18 17:58:33.439] [DEBUG] [CODEGEN] Generated nested object pointer: SUCCESS[0m
[0;36m[2025-10-18 17:58:33.439] [DEBUG] [CODEGEN] Calling nested method with 2 arguments[0m
[0;36m[2025-10-18 17:58:33.439] [DEBUG] [CODEGEN] IF-STATEMENT: After then body generation, current block: if.then[0m
[0;36m[2025-10-18 17:58:33.439] [DEBUG] [CODEGEN] IF-STATEMENT: then_block is empty: 0[0m
[0;36m[2025-10-18 17:58:33.439] [DEBUG] [CODEGEN] IF-STATEMENT: then_block has terminator: 0[0m
[0;36m[2025-10-18 17:58:33.439] [DEBUG] [CODEGEN] IF-STATEMENT: Checking terminator for block: if.then, has terminator: 0[0m
[0;36m[2025-10-18 17:58:33.439] [DEBUG] [CODEGEN] IF-STATEMENT: Adding branch to merge block from current block[0m
[0;36m[2025-10-18 17:58:33.439] [DEBUG] [CODEGEN] IF-STATEMENT CLEANUP: then_block=if.then, has_term=1, is_empty=0[0m
[0;36m[2025-10-18 17:58:33.439] [DEBUG] [CODEGEN] Generating method body: std::Runtime::RuntimeManager::shutdown[0m
[0;36m[2025-10-18 17:58:33.439] [DEBUG] [CODEGEN] enter_scope: this=0x5bbf0eee2750, _value_context=0x5bbf0eee2a80[0m
[0;36m[2025-10-18 17:58:33.439] [DEBUG] [CODEGEN] Setting up 'this' parameter for class method[0m
[0;36m[2025-10-18 17:58:33.439] [DEBUG] [AST] TypeContext::get_class_type() called with name='RuntimeManager'[0m
[0;36m[2025-10-18 17:58:33.439] [DEBUG] [CODEGEN] Stored 'this' parameter for class 'RuntimeManager' with class type[0m
[0;36m[2025-10-18 17:58:33.439] [DEBUG] [CODEGEN] 'this' parameter set up successfully for class method[0m
[0;36m[2025-10-18 17:58:33.439] [DEBUG] [CODEGEN] Delegating intrinsic call to Intrinsics module: __printf__[0m
[0;36m[2025-10-18 17:58:33.439] [DEBUG] [CODEGEN] Visiting LiteralNode, kind: 9, value: "[DEBUG::RUNTIME] {RuntimeManager::shutdown} Shutting down runtime system...\n"[0m
[0;36m[2025-10-18 17:58:33.439] [DEBUG] [CODEGEN] Generating intrinsic call: __printf__[0m
[0;36m[2025-10-18 17:58:33.439] [DEBUG] [CODEGEN] IF-STATEMENT ENTRY: Current block before anything: entry[0m
[0;36m[2025-10-18 17:58:33.439] [DEBUG] [CODEGEN] Generating member access[0m
[0;36m[2025-10-18 17:58:33.439] [DEBUG] [CODEGEN] Looking for variable: this[0m
[0;36m[2025-10-18 17:58:33.439] [DEBUG] [CODEGEN] get_alloca result: found[0m
[0;36m[2025-10-18 17:58:33.439] [DEBUG] [CODEGEN] Accessing member: state[0m
[0;36m[2025-10-18 17:58:33.439] [DEBUG] [CODEGEN] Trying direct type resolution from LLVM type[0m
[0;36m[2025-10-18 17:58:33.439] [DEBUG] [CODEGEN] Member access allocated_type: valid[0m
[0;36m[2025-10-18 17:58:33.439] [DEBUG] [CODEGEN] Member access: this is a pointer type, searching for matching struct[0m
[0;36m[2025-10-18 17:58:33.439] [DEBUG] [CODEGEN] Found matching struct type: RuntimeManager, field index: 0[0m
[0;36m[2025-10-18 17:58:33.439] [DEBUG] [CODEGEN] Member access resolution successful: type_name='RuntimeManager', member_name='state', field_index=0[0m
[0;36m[2025-10-18 17:58:33.439] [DEBUG] [CODEGEN] Loaded struct pointer for member access[0m
[0;36m[2025-10-18 17:58:33.439] [DEBUG] [CODEGEN] About to access field index 0 in struct with 4 fields[0m
[0;36m[2025-10-18 17:58:33.439] [DEBUG] [CODEGEN] Created GEP for field access[0m
[0;36m[2025-10-18 17:58:33.439] [DEBUG] [CODEGEN] Successfully generated field access for: state[0m
[0;36m[2025-10-18 17:58:33.439] [DEBUG] [CODEGEN] IF-STATEMENT: About to create branch from block: entry (ptr=0x5bbf0efaf2d0), has terminator before branch: 0[0m
[0;36m[2025-10-18 17:58:33.440] [DEBUG] [CODEGEN] IF-STATEMENT: After creating branch, block entry (ptr=0x5bbf0efaf2d0) has terminator: 1[0m
[0;36m[2025-10-18 17:58:33.440] [DEBUG] [CODEGEN] IF-STATEMENT: Branch target: then_block=if.then (ptr=0x5bbf0efb5ee0)[0m
[0;36m[2025-10-18 17:58:33.440] [DEBUG] [CODEGEN] IF-STATEMENT: Generating then block, insert point: if.then[0m
[0;36m[2025-10-18 17:58:33.440] [DEBUG] [CODEGEN] IF-STATEMENT: then_block is empty: 1[0m
[0;36m[2025-10-18 17:58:33.440] [DEBUG] [CODEGEN] enter_scope: this=0x5bbf0eee2750, _value_context=0x5bbf0eee2a80[0m
[0;36m[2025-10-18 17:58:33.440] [DEBUG] [CODEGEN] Delegating intrinsic call to Intrinsics module: __printf__[0m
[0;36m[2025-10-18 17:58:33.440] [DEBUG] [CODEGEN] Visiting LiteralNode, kind: 9, value: "[DEBUG::RUNTIME] {RuntimeManager::shutdown} Runtime already terminated\n"[0m
[0;36m[2025-10-18 17:58:33.440] [DEBUG] [CODEGEN] Generating intrinsic call: __printf__[0m
[0;36m[2025-10-18 17:58:33.440] [DEBUG] [CODEGEN] IF-STATEMENT: After then body generation, current block: if.then[0m
[0;36m[2025-10-18 17:58:33.440] [DEBUG] [CODEGEN] IF-STATEMENT: then_block is empty: 0[0m
[0;36m[2025-10-18 17:58:33.440] [DEBUG] [CODEGEN] IF-STATEMENT: then_block has terminator: 1[0m
[0;36m[2025-10-18 17:58:33.440] [DEBUG] [CODEGEN] IF-STATEMENT: Checking terminator for block: if.then, has terminator: 1[0m
[0;36m[2025-10-18 17:58:33.440] [DEBUG] [CODEGEN] IF-STATEMENT CLEANUP: then_block=if.then, has_term=1, is_empty=0[0m
[0;36m[2025-10-18 17:58:33.440] [DEBUG] [CODEGEN] Checking member access object type for method: print_stats[0m
[0;36m[2025-10-18 17:58:33.440] [DEBUG] [CODEGEN]   Object is MemberAccessNode (NESTED ACCESS)[0m
[0;36m[2025-10-18 17:58:33.440] [DEBUG] [CODEGEN] Found nested member access: object is also a MemberAccessNode[0m
[0;36m[2025-10-18 17:58:33.440] [DEBUG] [CODEGEN] Nested member access resolved type from TypeChecker: StatisticsManager[0m
[0;36m[2025-10-18 17:58:33.440] [DEBUG] [CODEGEN] Nested object type: 'StatisticsManager'[0m
[0;36m[2025-10-18 17:58:33.440] [DEBUG] [CODEGEN] Looking up nested method: 'std::Runtime::StatisticsManager::print_stats'[0m
[0;36m[2025-10-18 17:58:33.440] [DEBUG] [CODEGEN] Found nested method: std::Runtime::StatisticsManager::print_stats[0m
[0;36m[2025-10-18 17:58:33.440] [DEBUG] [CODEGEN] Generating member access[0m
[0;36m[2025-10-18 17:58:33.440] [DEBUG] [CODEGEN] Looking for variable: this[0m
[0;36m[2025-10-18 17:58:33.440] [DEBUG] [CODEGEN] get_alloca result: found[0m
[0;36m[2025-10-18 17:58:33.440] [DEBUG] [CODEGEN] Accessing member: stats[0m
[0;36m[2025-10-18 17:58:33.440] [DEBUG] [CODEGEN] Trying direct type resolution from LLVM type[0m
[0;36m[2025-10-18 17:58:33.440] [DEBUG] [CODEGEN] Member access allocated_type: valid[0m
[0;36m[2025-10-18 17:58:33.440] [DEBUG] [CODEGEN] Member access: this is a pointer type, searching for matching struct[0m
[0;36m[2025-10-18 17:58:33.440] [DEBUG] [CODEGEN] Found matching struct type: RuntimeManager, field index: 2[0m
[0;36m[2025-10-18 17:58:33.440] [DEBUG] [CODEGEN] Member access resolution successful: type_name='RuntimeManager', member_name='stats', field_index=2[0m
[0;36m[2025-10-18 17:58:33.440] [DEBUG] [CODEGEN] Loaded struct pointer for member access[0m
[0;36m[2025-10-18 17:58:33.440] [DEBUG] [CODEGEN] About to access field index 2 in struct with 4 fields[0m
[0;36m[2025-10-18 17:58:33.440] [DEBUG] [CODEGEN] Created GEP for field access[0m
[0;36m[2025-10-18 17:58:33.440] [DEBUG] [CODEGEN] Successfully generated field access for: stats[0m
[0;36m[2025-10-18 17:58:33.440] [DEBUG] [CODEGEN] Using field pointer for nested object method call[0m
[0;36m[2025-10-18 17:58:33.440] [DEBUG] [CODEGEN] Generated nested object pointer: SUCCESS[0m
[0;36m[2025-10-18 17:58:33.440] [DEBUG] [CODEGEN] Calling nested method with 1 arguments[0m
[0;36m[2025-10-18 17:58:33.440] [DEBUG] [CODEGEN] Checking member access object type for method: shutdown[0m
[0;36m[2025-10-18 17:58:33.440] [DEBUG] [CODEGEN]   Object is MemberAccessNode (NESTED ACCESS)[0m
[0;36m[2025-10-18 17:58:33.440] [DEBUG] [CODEGEN] Found nested member access: object is also a MemberAccessNode[0m
[0;36m[2025-10-18 17:58:33.440] [DEBUG] [CODEGEN] Nested member access resolved type from TypeChecker: HeapManager[0m
[0;36m[2025-10-18 17:58:33.440] [DEBUG] [CODEGEN] Nested object type: 'HeapManager'[0m
[0;36m[2025-10-18 17:58:33.440] [DEBUG] [CODEGEN] Looking up nested method: 'std::Runtime::HeapManager::shutdown'[0m
[0;36m[2025-10-18 17:58:33.440] [DEBUG] [CODEGEN] Found nested method: std::Runtime::HeapManager::shutdown[0m
[0;36m[2025-10-18 17:58:33.440] [DEBUG] [CODEGEN] Generating member access[0m
[0;36m[2025-10-18 17:58:33.440] [DEBUG] [CODEGEN] Looking for variable: this[0m
[0;36m[2025-10-18 17:58:33.440] [DEBUG] [CODEGEN] get_alloca result: found[0m
[0;36m[2025-10-18 17:58:33.440] [DEBUG] [CODEGEN] Accessing member: heap[0m
[0;36m[2025-10-18 17:58:33.440] [DEBUG] [CODEGEN] Trying direct type resolution from LLVM type[0m
[0;36m[2025-10-18 17:58:33.440] [DEBUG] [CODEGEN] Member access allocated_type: valid[0m
[0;36m[2025-10-18 17:58:33.440] [DEBUG] [CODEGEN] Member access: this is a pointer type, searching for matching struct[0m
[0;36m[2025-10-18 17:58:33.440] [DEBUG] [CODEGEN] Found matching struct type: RuntimeManager, field index: 1[0m
[0;36m[2025-10-18 17:58:33.440] [DEBUG] [CODEGEN] Member access resolution successful: type_name='RuntimeManager', member_name='heap', field_index=1[0m
[0;36m[2025-10-18 17:58:33.440] [DEBUG] [CODEGEN] Loaded struct pointer for member access[0m
[0;36m[2025-10-18 17:58:33.440] [DEBUG] [CODEGEN] About to access field index 1 in struct with 4 fields[0m
[0;36m[2025-10-18 17:58:33.440] [DEBUG] [CODEGEN] Created GEP for field access[0m
[0;36m[2025-10-18 17:58:33.440] [DEBUG] [CODEGEN] Successfully generated field access for: heap[0m
[0;36m[2025-10-18 17:58:33.440] [DEBUG] [CODEGEN] Using field pointer for nested object method call[0m
[0;36m[2025-10-18 17:58:33.440] [DEBUG] [CODEGEN] Generated nested object pointer: SUCCESS[0m
[0;36m[2025-10-18 17:58:33.440] [DEBUG] [CODEGEN] Calling nested method with 1 arguments[0m
[0;36m[2025-10-18 17:58:33.440] [DEBUG] [CODEGEN] Delegating intrinsic call to Intrinsics module: __printf__[0m
[0;36m[2025-10-18 17:58:33.440] [DEBUG] [CODEGEN] Visiting LiteralNode, kind: 9, value: "[DEBUG::RUNTIME] {RuntimeManager::shutdown} Runtime shutdown complete\n"[0m
[0;36m[2025-10-18 17:58:33.441] [DEBUG] [CODEGEN] Generating intrinsic call: __printf__[0m
[0;36m[2025-10-18 17:58:33.441] [DEBUG] [CODEGEN] Generating method body: std::Runtime::RuntimeManager::get_last_error[0m
[0;36m[2025-10-18 17:58:33.441] [DEBUG] [CODEGEN] enter_scope: this=0x5bbf0eee2750, _value_context=0x5bbf0eee2a80[0m
[0;36m[2025-10-18 17:58:33.441] [DEBUG] [CODEGEN] Setting up 'this' parameter for class method[0m
[0;36m[2025-10-18 17:58:33.441] [DEBUG] [AST] TypeContext::get_class_type() called with name='RuntimeManager'[0m
[0;36m[2025-10-18 17:58:33.441] [DEBUG] [CODEGEN] Stored 'this' parameter for class 'RuntimeManager' with class type[0m
[0;36m[2025-10-18 17:58:33.441] [DEBUG] [CODEGEN] 'this' parameter set up successfully for class method[0m
[0;36m[2025-10-18 17:58:33.441] [DEBUG] [CODEGEN] Delegating intrinsic call to Intrinsics module: __printf__[0m
[0;36m[2025-10-18 17:58:33.441] [DEBUG] [CODEGEN] Visiting LiteralNode, kind: 9, value: "[DEBUG::RUNTIME] {RuntimeManager::get_last_error} Getting last runtime error\n"[0m
[0;36m[2025-10-18 17:58:33.441] [DEBUG] [CODEGEN] Generating intrinsic call: __printf__[0m
[0;36m[2025-10-18 17:58:33.441] [DEBUG] [CODEGEN] Return statement: return_value = valid[0m
[0;36m[2025-10-18 17:58:33.441] [DEBUG] [CODEGEN] Return value type: 12[0m
[0;36m[2025-10-18 17:58:33.441] [DEBUG] [CODEGEN] Using direct return[0m
[0;36m[2025-10-18 17:58:33.441] [DEBUG] [CODEGEN] Generating method body: std::Runtime::RuntimeManager::set_error[0m
[0;36m[2025-10-18 17:58:33.441] [DEBUG] [CODEGEN] enter_scope: this=0x5bbf0eee2750, _value_context=0x5bbf0eee2a80[0m
[0;36m[2025-10-18 17:58:33.441] [DEBUG] [CODEGEN] Setting up 'this' parameter for class method[0m
[0;36m[2025-10-18 17:58:33.441] [DEBUG] [AST] TypeContext::get_class_type() called with name='RuntimeManager'[0m
[0;36m[2025-10-18 17:58:33.441] [DEBUG] [CODEGEN] Stored 'this' parameter for class 'RuntimeManager' with class type[0m
[0;36m[2025-10-18 17:58:33.441] [DEBUG] [CODEGEN] 'this' parameter set up successfully for class method[0m
[0;36m[2025-10-18 17:58:33.441] [DEBUG] [CODEGEN] TypeMapper::map_type() - successfully got kind: Enum (14)[0m
[0;36m[2025-10-18 17:58:33.441] [DEBUG] [CODEGEN] Stored parameter 'error' with type: RuntimeError[0m
[0;36m[2025-10-18 17:58:33.441] [DEBUG] [CODEGEN] Delegating intrinsic call to Intrinsics module: __printf__[0m
[0;36m[2025-10-18 17:58:33.441] [DEBUG] [CODEGEN] Visiting LiteralNode, kind: 9, value: "[DEBUG::RUNTIME] {RuntimeManager::set_error} Setting runtime error: %d\n"[0m
[0;36m[2025-10-18 17:58:33.441] [DEBUG] [CODEGEN] Generating intrinsic call: __printf__[0m
[0;36m[2025-10-18 17:58:33.441] [DEBUG] [CODEGEN] Checking member access object type for method: set_error[0m
[0;36m[2025-10-18 17:58:33.441] [DEBUG] [CODEGEN]   Object is MemberAccessNode (NESTED ACCESS)[0m
[0;36m[2025-10-18 17:58:33.441] [DEBUG] [CODEGEN] Found nested member access: object is also a MemberAccessNode[0m
[0;36m[2025-10-18 17:58:33.441] [DEBUG] [CODEGEN] Nested member access resolved type from TypeChecker: ErrorManager[0m
[0;36m[2025-10-18 17:58:33.441] [DEBUG] [CODEGEN] Nested object type: 'ErrorManager'[0m
[0;36m[2025-10-18 17:58:33.441] [DEBUG] [CODEGEN] Looking up nested method: 'std::Runtime::ErrorManager::set_error'[0m
[0;36m[2025-10-18 17:58:33.441] [DEBUG] [CODEGEN] Found nested method: std::Runtime::ErrorManager::set_error[0m
[0;36m[2025-10-18 17:58:33.441] [DEBUG] [CODEGEN] Generating member access[0m
[0;36m[2025-10-18 17:58:33.441] [DEBUG] [CODEGEN] Looking for variable: this[0m
[0;36m[2025-10-18 17:58:33.441] [DEBUG] [CODEGEN] get_alloca result: found[0m
[0;36m[2025-10-18 17:58:33.441] [DEBUG] [CODEGEN] Accessing member: error[0m
[0;36m[2025-10-18 17:58:33.441] [DEBUG] [CODEGEN] Trying direct type resolution from LLVM type[0m
[0;36m[2025-10-18 17:58:33.441] [DEBUG] [CODEGEN] Member access allocated_type: valid[0m
[0;36m[2025-10-18 17:58:33.441] [DEBUG] [CODEGEN] Member access: this is a pointer type, searching for matching struct[0m
[0;36m[2025-10-18 17:58:33.441] [DEBUG] [CODEGEN] Found matching struct type: RuntimeManager, field index: 3[0m
[0;36m[2025-10-18 17:58:33.441] [DEBUG] [CODEGEN] Member access resolution successful: type_name='RuntimeManager', member_name='error', field_index=3[0m
[0;36m[2025-10-18 17:58:33.441] [DEBUG] [CODEGEN] Loaded struct pointer for member access[0m
[0;36m[2025-10-18 17:58:33.441] [DEBUG] [CODEGEN] About to access field index 3 in struct with 4 fields[0m
[0;36m[2025-10-18 17:58:33.441] [DEBUG] [CODEGEN] Created GEP for field access[0m
[0;36m[2025-10-18 17:58:33.441] [DEBUG] [CODEGEN] Successfully generated field access for: error[0m
[0;36m[2025-10-18 17:58:33.441] [DEBUG] [CODEGEN] Using field pointer for nested object method call[0m
[0;36m[2025-10-18 17:58:33.441] [DEBUG] [CODEGEN] Generated nested object pointer: SUCCESS[0m
[0;36m[2025-10-18 17:58:33.441] [DEBUG] [CODEGEN] Calling nested method with 2 arguments[0m
[0;36m[2025-10-18 17:58:33.441] [DEBUG] [CODEGEN] Generating method body: std::Runtime::RuntimeManager::panic[0m
[0;36m[2025-10-18 17:58:33.441] [DEBUG] [CODEGEN] enter_scope: this=0x5bbf0eee2750, _value_context=0x5bbf0eee2a80[0m
[0;36m[2025-10-18 17:58:33.441] [DEBUG] [CODEGEN] Setting up 'this' parameter for class method[0m
[0;36m[2025-10-18 17:58:33.441] [DEBUG] [AST] TypeContext::get_class_type() called with name='RuntimeManager'[0m
[0;36m[2025-10-18 17:58:33.441] [DEBUG] [CODEGEN] Stored 'this' parameter for class 'RuntimeManager' with class type[0m
[0;36m[2025-10-18 17:58:33.441] [DEBUG] [CODEGEN] 'this' parameter set up successfully for class method[0m
[0;36m[2025-10-18 17:58:33.441] [DEBUG] [CODEGEN] TypeMapper::map_type() - successfully got kind: String (5)[0m
[0;36m[2025-10-18 17:58:33.441] [DEBUG] [CODEGEN] Stored parameter 'message' with type: string[0m
[0;36m[2025-10-18 17:58:33.441] [DEBUG] [CODEGEN] TypeMapper::map_type() - successfully got kind: String (5)[0m
[0;36m[2025-10-18 17:58:33.441] [DEBUG] [CODEGEN] Stored parameter 'file' with type: string[0m
[0;36m[2025-10-18 17:58:33.441] [DEBUG] [CODEGEN] TypeMapper::map_type() - successfully got kind: Integer (2)[0m
[0;36m[2025-10-18 17:58:33.441] [DEBUG] [CODEGEN] Stored parameter 'line' with type: i32[0m
[0;36m[2025-10-18 17:58:33.441] [DEBUG] [CODEGEN] Delegating intrinsic call to Intrinsics module: __printf__[0m
[0;36m[2025-10-18 17:58:33.441] [DEBUG] [CODEGEN] Visiting LiteralNode, kind: 9, value: "[DEBUG::RUNTIME] {RuntimeManager::panic} Invoking panic\n"[0m
[0;36m[2025-10-18 17:58:33.442] [DEBUG] [CODEGEN] Generating intrinsic call: __printf__[0m
[0;36m[2025-10-18 17:58:33.442] [DEBUG] [CODEGEN] Checking member access object type for method: panic[0m
[0;36m[2025-10-18 17:58:33.442] [DEBUG] [CODEGEN]   Object is MemberAccessNode (NESTED ACCESS)[0m
[0;36m[2025-10-18 17:58:33.442] [DEBUG] [CODEGEN] Found nested member access: object is also a MemberAccessNode[0m
[0;36m[2025-10-18 17:58:33.442] [DEBUG] [CODEGEN] Nested member access resolved type from TypeChecker: ErrorManager[0m
[0;36m[2025-10-18 17:58:33.442] [DEBUG] [CODEGEN] Nested object type: 'ErrorManager'[0m
[0;36m[2025-10-18 17:58:33.442] [DEBUG] [CODEGEN] Looking up nested method: 'std::Runtime::ErrorManager::panic'[0m
[0;36m[2025-10-18 17:58:33.442] [DEBUG] [CODEGEN] Found nested method: std::Runtime::ErrorManager::panic[0m
[0;36m[2025-10-18 17:58:33.442] [DEBUG] [CODEGEN] Generating member access[0m
[0;36m[2025-10-18 17:58:33.442] [DEBUG] [CODEGEN] Looking for variable: this[0m
[0;36m[2025-10-18 17:58:33.442] [DEBUG] [CODEGEN] get_alloca result: found[0m
[0;36m[2025-10-18 17:58:33.442] [DEBUG] [CODEGEN] Accessing member: error[0m
[0;36m[2025-10-18 17:58:33.442] [DEBUG] [CODEGEN] Trying direct type resolution from LLVM type[0m
[0;36m[2025-10-18 17:58:33.442] [DEBUG] [CODEGEN] Member access allocated_type: valid[0m
[0;36m[2025-10-18 17:58:33.442] [DEBUG] [CODEGEN] Member access: this is a pointer type, searching for matching struct[0m
[0;36m[2025-10-18 17:58:33.442] [DEBUG] [CODEGEN] Found matching struct type: RuntimeManager, field index: 3[0m
[0;36m[2025-10-18 17:58:33.442] [DEBUG] [CODEGEN] Member access resolution successful: type_name='RuntimeManager', member_name='error', field_index=3[0m
[0;36m[2025-10-18 17:58:33.442] [DEBUG] [CODEGEN] Loaded struct pointer for member access[0m
[0;36m[2025-10-18 17:58:33.442] [DEBUG] [CODEGEN] About to access field index 3 in struct with 4 fields[0m
[0;36m[2025-10-18 17:58:33.442] [DEBUG] [CODEGEN] Created GEP for field access[0m
[0;36m[2025-10-18 17:58:33.442] [DEBUG] [CODEGEN] Successfully generated field access for: error[0m
[0;36m[2025-10-18 17:58:33.442] [DEBUG] [CODEGEN] Using field pointer for nested object method call[0m
[0;36m[2025-10-18 17:58:33.442] [DEBUG] [CODEGEN] Generated nested object pointer: SUCCESS[0m
[0;36m[2025-10-18 17:58:33.442] [DEBUG] [CODEGEN] Calling nested method with 4 arguments[0m
[0;36m[2025-10-18 17:58:33.442] [DEBUG] [CODEGEN] Delegating intrinsic call to Intrinsics module: __syscall_exit__[0m
[0;36m[2025-10-18 17:58:33.442] [DEBUG] [CODEGEN] Visiting LiteralNode, kind: 7, value: 1[0m
[0;36m[2025-10-18 17:58:33.442] [DEBUG] [CODEGEN] Generating intrinsic call: __syscall_exit__[0m
[0;36m[2025-10-18 17:58:33.442] [DEBUG] [CODEGEN] Completed struct/class declaration 17[0m
[0;36m[2025-10-18 17:58:33.442] [DEBUG] [CODEGEN] Pass 4: Processing other statements[0m
[0;36m[2025-10-18 17:58:33.442] [DEBUG] [CODEGEN] Processing statement 1/26[0m
[0;36m[2025-10-18 17:58:33.442] [DEBUG] [CODEGEN] Skipping import declaration during codegen: core/intrinsics[0m
[0;36m[2025-10-18 17:58:33.442] [DEBUG] [CODEGEN] Completed statement 1[0m
[0;36m[2025-10-18 17:58:33.442] [DEBUG] [CODEGEN] Processing statement 2/26[0m
[0;36m[2025-10-18 17:58:33.442] [DEBUG] [CODEGEN] Skipping import declaration during codegen: core/types[0m
[0;36m[2025-10-18 17:58:33.442] [DEBUG] [CODEGEN] Completed statement 2[0m
[0;36m[2025-10-18 17:58:33.442] [DEBUG] [CODEGEN] Skipping already processed declaration 3[0m
[0;36m[2025-10-18 17:58:33.442] [DEBUG] [CODEGEN] Skipping already processed declaration 4[0m
[0;36m[2025-10-18 17:58:33.442] [DEBUG] [CODEGEN] Skipping already processed declaration 5[0m
[0;36m[2025-10-18 17:58:33.442] [DEBUG] [CODEGEN] Skipping already processed declaration 6[0m
[0;36m[2025-10-18 17:58:33.442] [DEBUG] [CODEGEN] Skipping already processed declaration 7[0m
[0;36m[2025-10-18 17:58:33.442] [DEBUG] [CODEGEN] Skipping already processed declaration 8[0m
[0;36m[2025-10-18 17:58:33.442] [DEBUG] [CODEGEN] Skipping already processed declaration 9[0m
[0;36m[2025-10-18 17:58:33.442] [DEBUG] [CODEGEN] Skipping already processed declaration 10[0m
[0;36m[2025-10-18 17:58:33.442] [DEBUG] [CODEGEN] Skipping already processed declaration 11[0m
[0;36m[2025-10-18 17:58:33.442] [DEBUG] [CODEGEN] Skipping already processed declaration 12[0m
[0;36m[2025-10-18 17:58:33.442] [DEBUG] [CODEGEN] Skipping already processed declaration 13[0m
[0;36m[2025-10-18 17:58:33.442] [DEBUG] [CODEGEN] Skipping already processed declaration 14[0m
[0;36m[2025-10-18 17:58:33.442] [DEBUG] [CODEGEN] Skipping already processed declaration 15[0m
[0;36m[2025-10-18 17:58:33.442] [DEBUG] [CODEGEN] Skipping already processed declaration 16[0m
[0;36m[2025-10-18 17:58:33.442] [DEBUG] [CODEGEN] Skipping already processed declaration 17[0m
[0;36m[2025-10-18 17:58:33.442] [DEBUG] [CODEGEN] Skipping already processed declaration 18[0m
[0;36m[2025-10-18 17:58:33.442] [DEBUG] [CODEGEN] Processing statement 19/26[0m
[0;36m[2025-10-18 17:58:33.442] [DEBUG] [CODEGEN] Visiting FunctionDeclarationNode: cryo_assert[0m
[0;36m[2025-10-18 17:58:33.442] [DEBUG] [CODEGEN] TypeMapper::map_type() - successfully got kind: Boolean (1)[0m
[0;36m[2025-10-18 17:58:33.442] [DEBUG] [CODEGEN] TypeMapper::map_type() - successfully got kind: String (5)[0m
[0;36m[2025-10-18 17:58:33.442] [DEBUG] [CODEGEN] Function name generation - using simple IR name: cryo_assert (namespace: 'std::Runtime')[0m
[0;36m[2025-10-18 17:58:33.442] [DEBUG] [CODEGEN] Function cryo_assert already exists in module, reusing pre-registered declaration[0m
[0;36m[2025-10-18 17:58:33.442] [DEBUG] [CODEGEN] Registered function with qualified name: std::Runtime::cryo_assert[0m
[0;36m[2025-10-18 17:58:33.442] [DEBUG] [CODEGEN] Generating function body for: cryo_assert[0m
[0;36m[2025-10-18 17:58:33.442] [DEBUG] [CODEGEN] Before enter_scope: this=0x5bbf0eee2750, _value_context=0x5bbf0eee2a80[0m
[0;36m[2025-10-18 17:58:33.442] [DEBUG] [CODEGEN] enter_scope: this=0x5bbf0eee2750, _value_context=0x5bbf0eee2a80[0m
[0;36m[2025-10-18 17:58:33.442] [DEBUG] [CODEGEN] Processing parameter: condition with type annotation: 'boolean'[0m
[0;36m[2025-10-18 17:58:33.442] [DEBUG] [CODEGEN] About to parse and map parameter type: boolean[0m
[0;36m[2025-10-18 17:58:33.443] [DEBUG] [CODEGEN] Successfully parsed parameter type, now mapping to LLVM type[0m
[0;36m[2025-10-18 17:58:33.443] [DEBUG] [CODEGEN] TypeMapper::map_type() - successfully got kind: Boolean (1)[0m
[0;36m[2025-10-18 17:58:33.443] [DEBUG] [CODEGEN] Processing parameter: message with type annotation: 'string'[0m
[0;36m[2025-10-18 17:58:33.443] [DEBUG] [CODEGEN] About to parse and map parameter type: string[0m
[0;36m[2025-10-18 17:58:33.443] [DEBUG] [CODEGEN] Successfully parsed parameter type, now mapping to LLVM type[0m
[0;36m[2025-10-18 17:58:33.443] [DEBUG] [CODEGEN] TypeMapper::map_type() - successfully got kind: String (5)[0m
[0;36m[2025-10-18 17:58:33.443] [DEBUG] [CODEGEN] IF-STATEMENT ENTRY: Current block before anything: entry[0m
[0;36m[2025-10-18 17:58:33.443] [DEBUG] [CODEGEN] IF-STATEMENT: About to create branch from block: entry (ptr=0x5bbf0efba540), has terminator before branch: 0[0m
[0;36m[2025-10-18 17:58:33.443] [DEBUG] [CODEGEN] IF-STATEMENT: After creating branch, block entry (ptr=0x5bbf0efba540) has terminator: 1[0m
[0;36m[2025-10-18 17:58:33.443] [DEBUG] [CODEGEN] IF-STATEMENT: Branch target: then_block=if.then (ptr=0x5bbf0efba6e0)[0m
[0;36m[2025-10-18 17:58:33.443] [DEBUG] [CODEGEN] IF-STATEMENT: Generating then block, insert point: if.then[0m
[0;36m[2025-10-18 17:58:33.443] [DEBUG] [CODEGEN] IF-STATEMENT: then_block is empty: 1[0m
[0;36m[2025-10-18 17:58:33.443] [DEBUG] [CODEGEN] enter_scope: this=0x5bbf0eee2750, _value_context=0x5bbf0eee2a80[0m
[0;36m[2025-10-18 17:58:33.443] [DEBUG] [CODEGEN] Checking member access object type for method: panic[0m
[0;36m[2025-10-18 17:58:33.443] [DEBUG] [CODEGEN]   Object is IdentifierNode[0m
[0;36m[2025-10-18 17:58:33.443] [DEBUG] [CODEGEN] Member access with object identifier: 'g_runtime_manager'[0m
[0;36m[2025-10-18 17:58:33.443] [DEBUG] [CODEGEN] Object value not found or not a pointer, object_name: 'g_runtime_manager'[0m
[0;36m[2025-10-18 17:58:33.443] [DEBUG] [CODEGEN] object_value = null[0m
[0;36m[2025-10-18 17:58:33.443] [DEBUG] [CODEGEN] Found global variable: 'g_runtime_manager'[0m
[0;36m[2025-10-18 17:58:33.443] [DEBUG] [CODEGEN] Global variable type: 'RuntimeManager'[0m
[0;36m[2025-10-18 17:58:33.443] [DEBUG] [CODEGEN] Looking up global variable method: 'std::Runtime::RuntimeManager::panic'[0m
[0;36m[2025-10-18 17:58:33.443] [DEBUG] [CODEGEN] Available functions with prefix 'RuntimeManager':[0m
[0;36m[2025-10-18 17:58:33.443] [DEBUG] [CODEGEN] Found method for global variable: std::Runtime::RuntimeManager::panic[0m
[0;36m[2025-10-18 17:58:33.443] [DEBUG] [CODEGEN] Method function type: 4 params[0m
[0;36m[2025-10-18 17:58:33.443] [DEBUG] [CODEGEN] Method has 4 parameters[0m
[0;36m[2025-10-18 17:58:33.443] [DEBUG] [CODEGEN] Visiting LiteralNode, kind: 9, value: "assertion"[0m
[0;36m[2025-10-18 17:58:33.443] [DEBUG] [CODEGEN] Visiting LiteralNode, kind: 7, value: 0[0m
[0;36m[2025-10-18 17:58:33.443] [DEBUG] [CODEGEN] Calling global variable method with 4 arguments[0m
[0;36m[2025-10-18 17:58:33.443] [DEBUG] [CODEGEN] IF-STATEMENT: After then body generation, current block: if.then[0m
[0;36m[2025-10-18 17:58:33.443] [DEBUG] [CODEGEN] IF-STATEMENT: then_block is empty: 0[0m
[0;36m[2025-10-18 17:58:33.443] [DEBUG] [CODEGEN] IF-STATEMENT: then_block has terminator: 0[0m
[0;36m[2025-10-18 17:58:33.443] [DEBUG] [CODEGEN] IF-STATEMENT: Checking terminator for block: if.then, has terminator: 0[0m
[0;36m[2025-10-18 17:58:33.443] [DEBUG] [CODEGEN] IF-STATEMENT: Adding branch to merge block from current block[0m
[0;36m[2025-10-18 17:58:33.443] [DEBUG] [CODEGEN] IF-STATEMENT CLEANUP: then_block=if.then, has_term=1, is_empty=0[0m
[0;36m[2025-10-18 17:58:33.443] [DEBUG] [CODEGEN] Completed FunctionDeclarationNode: cryo_assert[0m
[0;36m[2025-10-18 17:58:33.443] [DEBUG] [CODEGEN] Completed statement 19[0m
[0;36m[2025-10-18 17:58:33.443] [DEBUG] [CODEGEN] Processing statement 20/26[0m
[0;36m[2025-10-18 17:58:33.443] [DEBUG] [CODEGEN] Visiting FunctionDeclarationNode: cryo_alloc[0m
[0;36m[2025-10-18 17:58:33.443] [DEBUG] [CODEGEN] TypeMapper::map_type() - successfully got kind: Pointer (7)[0m
[0;36m[2025-10-18 17:58:33.443] [DEBUG] [CODEGEN] TypeMapper::map_type() - successfully got kind: Integer (2)[0m
[0;36m[2025-10-18 17:58:33.443] [DEBUG] [CODEGEN] Function name generation - using simple IR name: cryo_alloc (namespace: 'std::Runtime')[0m
[0;36m[2025-10-18 17:58:33.443] [DEBUG] [CODEGEN] Function cryo_alloc already exists in module, reusing pre-registered declaration[0m
[0;36m[2025-10-18 17:58:33.443] [DEBUG] [CODEGEN] Registered function with qualified name: std::Runtime::cryo_alloc[0m
[0;36m[2025-10-18 17:58:33.443] [DEBUG] [CODEGEN] Generating function body for: cryo_alloc[0m
[0;36m[2025-10-18 17:58:33.443] [DEBUG] [CODEGEN] TypeMapper::map_type() - successfully got kind: Pointer (7)[0m
[0;36m[2025-10-18 17:58:33.443] [DEBUG] [CODEGEN] Before enter_scope: this=0x5bbf0eee2750, _value_context=0x5bbf0eee2a80[0m
[0;36m[2025-10-18 17:58:33.443] [DEBUG] [CODEGEN] enter_scope: this=0x5bbf0eee2750, _value_context=0x5bbf0eee2a80[0m
[0;36m[2025-10-18 17:58:33.443] [DEBUG] [CODEGEN] Processing parameter: size with type annotation: 'u64'[0m
[0;36m[2025-10-18 17:58:33.443] [DEBUG] [CODEGEN] About to parse and map parameter type: u64[0m
[0;36m[2025-10-18 17:58:33.443] [DEBUG] [CODEGEN] Successfully parsed parameter type, now mapping to LLVM type[0m
[0;36m[2025-10-18 17:58:33.443] [DEBUG] [CODEGEN] TypeMapper::map_type() - successfully got kind: Integer (2)[0m
[0;36m[2025-10-18 17:58:33.443] [DEBUG] [CODEGEN] Delegating intrinsic call to Intrinsics module: __printf__[0m
[0;36m[2025-10-18 17:58:33.443] [DEBUG] [CODEGEN] Visiting LiteralNode, kind: 9, value: "[DEBUG::RUNTIME] {cryo_alloc} Allocating memory: size=%llu bytes\n"[0m
[0;36m[2025-10-18 17:58:33.443] [DEBUG] [CODEGEN] Generating intrinsic call: __printf__[0m
[0;36m[2025-10-18 17:58:33.443] [DEBUG] [CODEGEN] VarDecl start: this=0x5bbf0eee2750, _value_context=0x5bbf0eee2a80[0m
[0;36m[2025-10-18 17:58:33.443] [DEBUG] [CODEGEN] Variable Declaration: name='ptr', type='void*'[0m
[0;36m[2025-10-18 17:58:33.443] [DEBUG] [CODEGEN] TypeMapper::map_type() - successfully got kind: Pointer (7)[0m
[0;36m[2025-10-18 17:58:33.443] [DEBUG] [CODEGEN] Creating local variable: ptr[0m
[0;36m[2025-10-18 17:58:33.444] [DEBUG] [CODEGEN] Pointer variable 'ptr' type 'void*'[0m
[0;36m[2025-10-18 17:58:33.444] [DEBUG] [CODEGEN] Pointer element type set to full pointer type[0m
[0;36m[2025-10-18 17:58:33.444] [DEBUG] [CODEGEN] Checking member access object type for method: allocate[0m
[0;36m[2025-10-18 17:58:33.444] [DEBUG] [CODEGEN]   Object is IdentifierNode[0m
[0;36m[2025-10-18 17:58:33.444] [DEBUG] [CODEGEN] Member access with object identifier: 'g_runtime_manager'[0m
[0;36m[2025-10-18 17:58:33.444] [DEBUG] [CODEGEN] Object value not found or not a pointer, object_name: 'g_runtime_manager'[0m
[0;36m[2025-10-18 17:58:33.444] [DEBUG] [CODEGEN] object_value = null[0m
[0;36m[2025-10-18 17:58:33.444] [DEBUG] [CODEGEN] Found global variable: 'g_runtime_manager'[0m
[0;36m[2025-10-18 17:58:33.444] [DEBUG] [CODEGEN] Global variable type: 'RuntimeManager'[0m
[0;36m[2025-10-18 17:58:33.444] [DEBUG] [CODEGEN] Looking up global variable method: 'std::Runtime::RuntimeManager::allocate'[0m
[0;36m[2025-10-18 17:58:33.444] [DEBUG] [CODEGEN] Available functions with prefix 'RuntimeManager':[0m
[0;36m[2025-10-18 17:58:33.444] [DEBUG] [CODEGEN] Found method for global variable: std::Runtime::RuntimeManager::allocate[0m
[0;36m[2025-10-18 17:58:33.444] [DEBUG] [CODEGEN] Method function type: 2 params[0m
[0;36m[2025-10-18 17:58:33.444] [DEBUG] [CODEGEN] Method has 2 parameters[0m
[0;36m[2025-10-18 17:58:33.444] [DEBUG] [CODEGEN] Calling global variable method with 2 arguments[0m
[0;36m[2025-10-18 17:58:33.444] [DEBUG] [CODEGEN] Return statement: return_value = valid[0m
[0;36m[2025-10-18 17:58:33.444] [DEBUG] [CODEGEN] Return value type: 14[0m
[0;36m[2025-10-18 17:58:33.444] [DEBUG] [CODEGEN] Using structured return pattern[0m
[0;36m[2025-10-18 17:58:33.444] [DEBUG] [CODEGEN] TypeMapper::map_type() - successfully got kind: Pointer (7)[0m
[0;36m[2025-10-18 17:58:33.444] [DEBUG] [CODEGEN] Completed FunctionDeclarationNode: cryo_alloc[0m
[0;36m[2025-10-18 17:58:33.444] [DEBUG] [CODEGEN] Completed statement 20[0m
[0;36m[2025-10-18 17:58:33.444] [DEBUG] [CODEGEN] Processing statement 21/26[0m
[0;36m[2025-10-18 17:58:33.444] [DEBUG] [CODEGEN] Visiting FunctionDeclarationNode: cryo_realloc[0m
[0;36m[2025-10-18 17:58:33.444] [DEBUG] [CODEGEN] TypeMapper::map_type() - successfully got kind: Pointer (7)[0m
[0;36m[2025-10-18 17:58:33.444] [DEBUG] [CODEGEN] TypeMapper::map_type() - successfully got kind: Pointer (7)[0m
[0;36m[2025-10-18 17:58:33.444] [DEBUG] [CODEGEN] TypeMapper::map_type() - successfully got kind: Integer (2)[0m
[0;36m[2025-10-18 17:58:33.444] [DEBUG] [CODEGEN] Function name generation - using simple IR name: cryo_realloc (namespace: 'std::Runtime')[0m
[0;36m[2025-10-18 17:58:33.444] [DEBUG] [CODEGEN] Function cryo_realloc already exists in module, reusing pre-registered declaration[0m
[0;36m[2025-10-18 17:58:33.444] [DEBUG] [CODEGEN] Registered function with qualified name: std::Runtime::cryo_realloc[0m
[0;36m[2025-10-18 17:58:33.444] [DEBUG] [CODEGEN] Generating function body for: cryo_realloc[0m
[0;36m[2025-10-18 17:58:33.444] [DEBUG] [CODEGEN] TypeMapper::map_type() - successfully got kind: Pointer (7)[0m
[0;36m[2025-10-18 17:58:33.444] [DEBUG] [CODEGEN] Before enter_scope: this=0x5bbf0eee2750, _value_context=0x5bbf0eee2a80[0m
[0;36m[2025-10-18 17:58:33.444] [DEBUG] [CODEGEN] enter_scope: this=0x5bbf0eee2750, _value_context=0x5bbf0eee2a80[0m
[0;36m[2025-10-18 17:58:33.444] [DEBUG] [CODEGEN] Processing parameter: ptr with type annotation: 'void*'[0m
[0;36m[2025-10-18 17:58:33.444] [DEBUG] [CODEGEN] About to parse and map parameter type: void*[0m
[0;36m[2025-10-18 17:58:33.444] [DEBUG] [CODEGEN] Successfully parsed parameter type, now mapping to LLVM type[0m
[0;36m[2025-10-18 17:58:33.444] [DEBUG] [CODEGEN] TypeMapper::map_type() - successfully got kind: Pointer (7)[0m
[0;36m[2025-10-18 17:58:33.444] [DEBUG] [CODEGEN] Processing parameter: new_size with type annotation: 'u64'[0m
[0;36m[2025-10-18 17:58:33.444] [DEBUG] [CODEGEN] About to parse and map parameter type: u64[0m
[0;36m[2025-10-18 17:58:33.444] [DEBUG] [CODEGEN] Successfully parsed parameter type, now mapping to LLVM type[0m
[0;36m[2025-10-18 17:58:33.444] [DEBUG] [CODEGEN] TypeMapper::map_type() - successfully got kind: Integer (2)[0m
[0;36m[2025-10-18 17:58:33.444] [DEBUG] [CODEGEN] Checking member access object type for method: reallocate[0m
[0;36m[2025-10-18 17:58:33.444] [DEBUG] [CODEGEN]   Object is MemberAccessNode (NESTED ACCESS)[0m
[0;36m[2025-10-18 17:58:33.444] [DEBUG] [CODEGEN] Found nested member access: object is also a MemberAccessNode[0m
[0;36m[2025-10-18 17:58:33.444] [DEBUG] [CODEGEN] Nested member access resolved type from TypeChecker: HeapManager[0m
[0;36m[2025-10-18 17:58:33.444] [DEBUG] [CODEGEN] Nested object type: 'HeapManager'[0m
[0;36m[2025-10-18 17:58:33.444] [DEBUG] [CODEGEN] Looking up nested method: 'std::Runtime::HeapManager::reallocate'[0m
[0;36m[2025-10-18 17:58:33.444] [DEBUG] [CODEGEN] Found nested method: std::Runtime::HeapManager::reallocate[0m
[0;36m[2025-10-18 17:58:33.444] [DEBUG] [CODEGEN] Generating member access[0m
[0;36m[2025-10-18 17:58:33.444] [DEBUG] [CODEGEN] Looking for variable: g_runtime_manager[0m
[0;36m[2025-10-18 17:58:33.444] [DEBUG] [CODEGEN] get_alloca result: not found[0m
[0;36m[2025-10-18 17:58:33.444] [DEBUG] [CODEGEN] get_value result: not found[0m
[0;36m[2025-10-18 17:58:33.444] [DEBUG] [CODEGEN] Found global variable for member access: g_runtime_manager[0m
[0;36m[2025-10-18 17:58:33.444] [DEBUG] [CODEGEN] Accessing member: heap[0m
[0;36m[2025-10-18 17:58:33.444] [DEBUG] [CODEGEN] TypeMapper::map_type() - successfully got kind: Struct (10)[0m
[0;36m[2025-10-18 17:58:33.444] [DEBUG] [CODEGEN] Member access using Cryo type tracking: var='g_runtime_manager' type='RuntimeManager' field_index=1[0m
[0;36m[2025-10-18 17:58:33.444] [DEBUG] [CODEGEN] Member access resolution successful: type_name='RuntimeManager', member_name='heap', field_index=1[0m
[0;36m[2025-10-18 17:58:33.444] [DEBUG] [CODEGEN] About to access field index 1 in struct with 4 fields[0m
[0;36m[2025-10-18 17:58:33.444] [DEBUG] [CODEGEN] Created GEP for field access[0m
[0;36m[2025-10-18 17:58:33.444] [DEBUG] [CODEGEN] Successfully generated field access for: heap[0m
[0;36m[2025-10-18 17:58:33.445] [DEBUG] [CODEGEN] Using field pointer for nested object method call[0m
[0;36m[2025-10-18 17:58:33.445] [DEBUG] [CODEGEN] Generated nested object pointer: SUCCESS[0m
[0;36m[2025-10-18 17:58:33.445] [DEBUG] [CODEGEN] Calling nested method with 3 arguments[0m
[0;36m[2025-10-18 17:58:33.445] [DEBUG] [CODEGEN] Return statement: return_value = valid[0m
[0;36m[2025-10-18 17:58:33.445] [DEBUG] [CODEGEN] Return value type: 14[0m
[0;36m[2025-10-18 17:58:33.445] [DEBUG] [CODEGEN] Using structured return pattern[0m
[0;36m[2025-10-18 17:58:33.445] [DEBUG] [CODEGEN] TypeMapper::map_type() - successfully got kind: Pointer (7)[0m
[0;36m[2025-10-18 17:58:33.445] [DEBUG] [CODEGEN] Completed FunctionDeclarationNode: cryo_realloc[0m
[0;36m[2025-10-18 17:58:33.445] [DEBUG] [CODEGEN] Completed statement 21[0m
[0;36m[2025-10-18 17:58:33.445] [DEBUG] [CODEGEN] Processing statement 22/26[0m
[0;36m[2025-10-18 17:58:33.445] [DEBUG] [CODEGEN] Visiting FunctionDeclarationNode: cryo_memcpy[0m
[0;36m[2025-10-18 17:58:33.445] [DEBUG] [CODEGEN] TypeMapper::map_type() - successfully got kind: Pointer (7)[0m
[0;36m[2025-10-18 17:58:33.445] [DEBUG] [CODEGEN] TypeMapper::map_type() - successfully got kind: Pointer (7)[0m
[0;36m[2025-10-18 17:58:33.445] [DEBUG] [CODEGEN] TypeMapper::map_type() - successfully got kind: Pointer (7)[0m
[0;36m[2025-10-18 17:58:33.445] [DEBUG] [CODEGEN] TypeMapper::map_type() - successfully got kind: Integer (2)[0m
[0;36m[2025-10-18 17:58:33.445] [DEBUG] [CODEGEN] Function name generation - using simple IR name: cryo_memcpy (namespace: 'std::Runtime')[0m
[0;36m[2025-10-18 17:58:33.445] [DEBUG] [CODEGEN] Function cryo_memcpy already exists in module, reusing pre-registered declaration[0m
[0;36m[2025-10-18 17:58:33.445] [DEBUG] [CODEGEN] Registered function with qualified name: std::Runtime::cryo_memcpy[0m
[0;36m[2025-10-18 17:58:33.445] [DEBUG] [CODEGEN] Generating function body for: cryo_memcpy[0m
[0;36m[2025-10-18 17:58:33.445] [DEBUG] [CODEGEN] TypeMapper::map_type() - successfully got kind: Pointer (7)[0m
[0;36m[2025-10-18 17:58:33.445] [DEBUG] [CODEGEN] Before enter_scope: this=0x5bbf0eee2750, _value_context=0x5bbf0eee2a80[0m
[0;36m[2025-10-18 17:58:33.445] [DEBUG] [CODEGEN] enter_scope: this=0x5bbf0eee2750, _value_context=0x5bbf0eee2a80[0m
[0;36m[2025-10-18 17:58:33.445] [DEBUG] [CODEGEN] Processing parameter: dest with type annotation: 'void*'[0m
[0;36m[2025-10-18 17:58:33.445] [DEBUG] [CODEGEN] About to parse and map parameter type: void*[0m
[0;36m[2025-10-18 17:58:33.445] [DEBUG] [CODEGEN] Successfully parsed parameter type, now mapping to LLVM type[0m
[0;36m[2025-10-18 17:58:33.445] [DEBUG] [CODEGEN] TypeMapper::map_type() - successfully got kind: Pointer (7)[0m
[0;36m[2025-10-18 17:58:33.445] [DEBUG] [CODEGEN] Processing parameter: src with type annotation: 'void*'[0m
[0;36m[2025-10-18 17:58:33.445] [DEBUG] [CODEGEN] About to parse and map parameter type: void*[0m
[0;36m[2025-10-18 17:58:33.445] [DEBUG] [CODEGEN] Successfully parsed parameter type, now mapping to LLVM type[0m
[0;36m[2025-10-18 17:58:33.445] [DEBUG] [CODEGEN] TypeMapper::map_type() - successfully got kind: Pointer (7)[0m
[0;36m[2025-10-18 17:58:33.445] [DEBUG] [CODEGEN] Processing parameter: size with type annotation: 'u64'[0m
[0;36m[2025-10-18 17:58:33.445] [DEBUG] [CODEGEN] About to parse and map parameter type: u64[0m
[0;36m[2025-10-18 17:58:33.445] [DEBUG] [CODEGEN] Successfully parsed parameter type, now mapping to LLVM type[0m
[0;36m[2025-10-18 17:58:33.445] [DEBUG] [CODEGEN] TypeMapper::map_type() - successfully got kind: Integer (2)[0m
[0;36m[2025-10-18 17:58:33.445] [DEBUG] [CODEGEN] Processing function call: cryo_assert[0m
[0;36m[2025-10-18 17:58:33.445] [DEBUG] [CODEGEN] About to check template enum constructor for: cryo_assert[0m
[0;36m[2025-10-18 17:58:33.445] [DEBUG] [CODEGEN] Found function in symbol table: cryo_assert -> cryo_assert[0m
[0;36m[2025-10-18 17:58:33.445] [DEBUG] [CODEGEN] Visiting LiteralNode, kind: 104, value: null[0m
[0;36m[2025-10-18 17:58:33.445] [DEBUG] [CODEGEN] Visiting LiteralNode, kind: 9, value: "memcpy: destination is null"[0m
[0;36m[2025-10-18 17:58:33.445] [DEBUG] [CODEGEN] Processing function call: cryo_assert[0m
[0;36m[2025-10-18 17:58:33.445] [DEBUG] [CODEGEN] About to check template enum constructor for: cryo_assert[0m
[0;36m[2025-10-18 17:58:33.445] [DEBUG] [CODEGEN] Found function in symbol table: cryo_assert -> cryo_assert[0m
[0;36m[2025-10-18 17:58:33.445] [DEBUG] [CODEGEN] Visiting LiteralNode, kind: 104, value: null[0m
[0;36m[2025-10-18 17:58:33.445] [DEBUG] [CODEGEN] Visiting LiteralNode, kind: 9, value: "memcpy: source is null"[0m
[0;36m[2025-10-18 17:58:33.445] [DEBUG] [CODEGEN] Delegating intrinsic call to Intrinsics module: __memcpy__[0m
[0;36m[2025-10-18 17:58:33.445] [DEBUG] [CODEGEN] Generating intrinsic call: __memcpy__[0m
[0;36m[2025-10-18 17:58:33.445] [DEBUG] [CODEGEN] Return statement: return_value = valid[0m
[0;36m[2025-10-18 17:58:33.445] [DEBUG] [CODEGEN] Return value type: 14[0m
[0;36m[2025-10-18 17:58:33.445] [DEBUG] [CODEGEN] Using structured return pattern[0m
[0;36m[2025-10-18 17:58:33.445] [DEBUG] [CODEGEN] TypeMapper::map_type() - successfully got kind: Pointer (7)[0m
[0;36m[2025-10-18 17:58:33.445] [DEBUG] [CODEGEN] Completed FunctionDeclarationNode: cryo_memcpy[0m
[0;36m[2025-10-18 17:58:33.445] [DEBUG] [CODEGEN] Completed statement 22[0m
[0;36m[2025-10-18 17:58:33.445] [DEBUG] [CODEGEN] Processing statement 23/26[0m
[0;36m[2025-10-18 17:58:33.445] [DEBUG] [CODEGEN] Visiting FunctionDeclarationNode: cryo_free[0m
[0;36m[2025-10-18 17:58:33.445] [DEBUG] [CODEGEN] TypeMapper::map_type() - successfully got kind: Pointer (7)[0m
[0;36m[2025-10-18 17:58:33.445] [DEBUG] [CODEGEN] Function name generation - using simple IR name: cryo_free (namespace: 'std::Runtime')[0m
[0;36m[2025-10-18 17:58:33.446] [DEBUG] [CODEGEN] Function cryo_free already exists in module, reusing pre-registered declaration[0m
[0;36m[2025-10-18 17:58:33.446] [DEBUG] [CODEGEN] Registered function with qualified name: std::Runtime::cryo_free[0m
[0;36m[2025-10-18 17:58:33.446] [DEBUG] [CODEGEN] Generating function body for: cryo_free[0m
[0;36m[2025-10-18 17:58:33.446] [DEBUG] [CODEGEN] Before enter_scope: this=0x5bbf0eee2750, _value_context=0x5bbf0eee2a80[0m
[0;36m[2025-10-18 17:58:33.446] [DEBUG] [CODEGEN] enter_scope: this=0x5bbf0eee2750, _value_context=0x5bbf0eee2a80[0m
[0;36m[2025-10-18 17:58:33.446] [DEBUG] [CODEGEN] Processing parameter: ptr with type annotation: 'void*'[0m
[0;36m[2025-10-18 17:58:33.446] [DEBUG] [CODEGEN] About to parse and map parameter type: void*[0m
[0;36m[2025-10-18 17:58:33.446] [DEBUG] [CODEGEN] Successfully parsed parameter type, now mapping to LLVM type[0m
[0;36m[2025-10-18 17:58:33.446] [DEBUG] [CODEGEN] TypeMapper::map_type() - successfully got kind: Pointer (7)[0m
[0;36m[2025-10-18 17:58:33.446] [DEBUG] [CODEGEN] Delegating intrinsic call to Intrinsics module: __printf__[0m
[0;36m[2025-10-18 17:58:33.446] [DEBUG] [CODEGEN] Visiting LiteralNode, kind: 9, value: "[DEBUG::RUNTIME] {cryo_free} Freeing memory: ptr=%p\n"[0m
[0;36m[2025-10-18 17:58:33.446] [DEBUG] [CODEGEN] Generating intrinsic call: __printf__[0m
[0;36m[2025-10-18 17:58:33.446] [DEBUG] [CODEGEN] Checking member access object type for method: deallocate[0m
[0;36m[2025-10-18 17:58:33.446] [DEBUG] [CODEGEN]   Object is IdentifierNode[0m
[0;36m[2025-10-18 17:58:33.446] [DEBUG] [CODEGEN] Member access with object identifier: 'g_runtime_manager'[0m
[0;36m[2025-10-18 17:58:33.446] [DEBUG] [CODEGEN] Object value not found or not a pointer, object_name: 'g_runtime_manager'[0m
[0;36m[2025-10-18 17:58:33.446] [DEBUG] [CODEGEN] object_value = null[0m
[0;36m[2025-10-18 17:58:33.446] [DEBUG] [CODEGEN] Found global variable: 'g_runtime_manager'[0m
[0;36m[2025-10-18 17:58:33.446] [DEBUG] [CODEGEN] Global variable type: 'RuntimeManager'[0m
[0;36m[2025-10-18 17:58:33.446] [DEBUG] [CODEGEN] Looking up global variable method: 'std::Runtime::RuntimeManager::deallocate'[0m
[0;36m[2025-10-18 17:58:33.446] [DEBUG] [CODEGEN] Available functions with prefix 'RuntimeManager':[0m
[0;36m[2025-10-18 17:58:33.446] [DEBUG] [CODEGEN] Found method for global variable: std::Runtime::RuntimeManager::deallocate[0m
[0;36m[2025-10-18 17:58:33.446] [DEBUG] [CODEGEN] Method function type: 2 params[0m
[0;36m[2025-10-18 17:58:33.446] [DEBUG] [CODEGEN] Method has 2 parameters[0m
[0;36m[2025-10-18 17:58:33.446] [DEBUG] [CODEGEN] Calling global variable method with 2 arguments[0m
[0;36m[2025-10-18 17:58:33.446] [DEBUG] [CODEGEN] Completed FunctionDeclarationNode: cryo_free[0m
[0;36m[2025-10-18 17:58:33.446] [DEBUG] [CODEGEN] Completed statement 23[0m
[0;36m[2025-10-18 17:58:33.446] [DEBUG] [CODEGEN] Processing statement 24/26[0m
[0;36m[2025-10-18 17:58:33.446] [DEBUG] [CODEGEN] Visiting FunctionDeclarationNode: cryo_panic[0m
[0;36m[2025-10-18 17:58:33.446] [DEBUG] [CODEGEN] TypeMapper::map_type() - successfully got kind: String (5)[0m
[0;36m[2025-10-18 17:58:33.446] [DEBUG] [CODEGEN] TypeMapper::map_type() - successfully got kind: String (5)[0m
[0;36m[2025-10-18 17:58:33.446] [DEBUG] [CODEGEN] TypeMapper::map_type() - successfully got kind: Integer (2)[0m
[0;36m[2025-10-18 17:58:33.446] [DEBUG] [CODEGEN] Function name generation - using simple IR name: cryo_panic (namespace: 'std::Runtime')[0m
[0;36m[2025-10-18 17:58:33.446] [DEBUG] [CODEGEN] Function cryo_panic already exists in module, reusing pre-registered declaration[0m
[0;36m[2025-10-18 17:58:33.446] [DEBUG] [CODEGEN] Registered function with qualified name: std::Runtime::cryo_panic[0m
[0;36m[2025-10-18 17:58:33.446] [DEBUG] [CODEGEN] Generating function body for: cryo_panic[0m
[0;36m[2025-10-18 17:58:33.446] [DEBUG] [CODEGEN] Before enter_scope: this=0x5bbf0eee2750, _value_context=0x5bbf0eee2a80[0m
[0;36m[2025-10-18 17:58:33.446] [DEBUG] [CODEGEN] enter_scope: this=0x5bbf0eee2750, _value_context=0x5bbf0eee2a80[0m
[0;36m[2025-10-18 17:58:33.446] [DEBUG] [CODEGEN] Processing parameter: message with type annotation: 'string'[0m
[0;36m[2025-10-18 17:58:33.446] [DEBUG] [CODEGEN] About to parse and map parameter type: string[0m
[0;36m[2025-10-18 17:58:33.446] [DEBUG] [CODEGEN] Successfully parsed parameter type, now mapping to LLVM type[0m
[0;36m[2025-10-18 17:58:33.446] [DEBUG] [CODEGEN] TypeMapper::map_type() - successfully got kind: String (5)[0m
[0;36m[2025-10-18 17:58:33.446] [DEBUG] [CODEGEN] Processing parameter: file with type annotation: 'string'[0m
[0;36m[2025-10-18 17:58:33.446] [DEBUG] [CODEGEN] About to parse and map parameter type: string[0m
[0;36m[2025-10-18 17:58:33.446] [DEBUG] [CODEGEN] Successfully parsed parameter type, now mapping to LLVM type[0m
[0;36m[2025-10-18 17:58:33.446] [DEBUG] [CODEGEN] TypeMapper::map_type() - successfully got kind: String (5)[0m
[0;36m[2025-10-18 17:58:33.446] [DEBUG] [CODEGEN] Processing parameter: line with type annotation: 'i32'[0m
[0;36m[2025-10-18 17:58:33.446] [DEBUG] [CODEGEN] About to parse and map parameter type: i32[0m
[0;36m[2025-10-18 17:58:33.446] [DEBUG] [CODEGEN] Successfully parsed parameter type, now mapping to LLVM type[0m
[0;36m[2025-10-18 17:58:33.446] [DEBUG] [CODEGEN] TypeMapper::map_type() - successfully got kind: Integer (2)[0m
[0;36m[2025-10-18 17:58:33.446] [DEBUG] [CODEGEN] Checking member access object type for method: panic[0m
[0;36m[2025-10-18 17:58:33.446] [DEBUG] [CODEGEN]   Object is IdentifierNode[0m
[0;36m[2025-10-18 17:58:33.446] [DEBUG] [CODEGEN] Member access with object identifier: 'g_runtime_manager'[0m
[0;36m[2025-10-18 17:58:33.446] [DEBUG] [CODEGEN] Object value not found or not a pointer, object_name: 'g_runtime_manager'[0m
[0;36m[2025-10-18 17:58:33.446] [DEBUG] [CODEGEN] object_value = null[0m
[0;36m[2025-10-18 17:58:33.446] [DEBUG] [CODEGEN] Found global variable: 'g_runtime_manager'[0m
[0;36m[2025-10-18 17:58:33.446] [DEBUG] [CODEGEN] Global variable type: 'RuntimeManager'[0m
[0;36m[2025-10-18 17:58:33.446] [DEBUG] [CODEGEN] Looking up global variable method: 'std::Runtime::RuntimeManager::panic'[0m
[0;36m[2025-10-18 17:58:33.446] [DEBUG] [CODEGEN] Available functions with prefix 'RuntimeManager':[0m
[0;36m[2025-10-18 17:58:33.446] [DEBUG] [CODEGEN] Found method for global variable: std::Runtime::RuntimeManager::panic[0m
[0;36m[2025-10-18 17:58:33.446] [DEBUG] [CODEGEN] Method function type: 4 params[0m
[0;36m[2025-10-18 17:58:33.446] [DEBUG] [CODEGEN] Method has 4 parameters[0m
[0;36m[2025-10-18 17:58:33.446] [DEBUG] [CODEGEN] Calling global variable method with 4 arguments[0m
[0;36m[2025-10-18 17:58:33.446] [DEBUG] [CODEGEN] Completed FunctionDeclarationNode: cryo_panic[0m
[0;36m[2025-10-18 17:58:33.446] [DEBUG] [CODEGEN] Completed statement 24[0m
[0;36m[2025-10-18 17:58:33.446] [DEBUG] [CODEGEN] Processing statement 25/26[0m
[0;36m[2025-10-18 17:58:33.446] [DEBUG] [CODEGEN] Visiting FunctionDeclarationNode: _user_main_[0m
[0;36m[2025-10-18 17:58:33.446] [DEBUG] [CODEGEN] TypeMapper::map_type() - successfully got kind: Integer (2)[0m
[0;36m[2025-10-18 17:58:33.446] [DEBUG] [CODEGEN] Function name generation - using simple IR name: _user_main_ (namespace: 'std::Runtime')[0m
[0;36m[2025-10-18 17:58:33.447] [DEBUG] [CODEGEN] Function _user_main_ already exists in module, reusing pre-registered declaration[0m
[0;36m[2025-10-18 17:58:33.447] [DEBUG] [CODEGEN] Registered function with qualified name: std::Runtime::_user_main_[0m
[0;36m[2025-10-18 17:58:33.447] [DEBUG] [CODEGEN] No function body to generate for: _user_main_[0m
[0;36m[2025-10-18 17:58:33.447] [DEBUG] [CODEGEN] Completed FunctionDeclarationNode: _user_main_[0m
[0;36m[2025-10-18 17:58:33.447] [DEBUG] [CODEGEN] Completed statement 25[0m
[0;36m[2025-10-18 17:58:33.447] [DEBUG] [CODEGEN] Processing statement 26/26[0m
[0;36m[2025-10-18 17:58:33.447] [DEBUG] [CODEGEN] Visiting FunctionDeclarationNode: main[0m
[0;36m[2025-10-18 17:58:33.447] [DEBUG] [CODEGEN] TypeMapper::map_type() - successfully got kind: Integer (2)[0m
[0;36m[2025-10-18 17:58:33.447] [DEBUG] [CODEGEN] Function name generation - using simple IR name: main (namespace: 'std::Runtime')[0m
[0;36m[2025-10-18 17:58:33.447] [DEBUG] [CODEGEN] Function main already exists in module, reusing pre-registered declaration[0m
[0;36m[2025-10-18 17:58:33.447] [DEBUG] [CODEGEN] Registered function with qualified name: std::Runtime::main[0m
[0;36m[2025-10-18 17:58:33.447] [DEBUG] [CODEGEN] Generating function body for: main[0m
[0;36m[2025-10-18 17:58:33.447] [DEBUG] [CODEGEN] TypeMapper::map_type() - successfully got kind: Integer (2)[0m
[0;36m[2025-10-18 17:58:33.447] [DEBUG] [CODEGEN] Before enter_scope: this=0x5bbf0eee2750, _value_context=0x5bbf0eee2a80[0m
[0;36m[2025-10-18 17:58:33.447] [DEBUG] [CODEGEN] enter_scope: this=0x5bbf0eee2750, _value_context=0x5bbf0eee2a80[0m
[0;36m[2025-10-18 17:58:33.447] [DEBUG] [CODEGEN] Delegating intrinsic call to Intrinsics module: __printf__[0m
[0;36m[2025-10-18 17:58:33.447] [DEBUG] [CODEGEN] Visiting LiteralNode, kind: 9, value: "[DEBUG::RUNTIME] {main} Starting CryoLang Runtime System\n"[0m
[0;36m[2025-10-18 17:58:33.447] [DEBUG] [CODEGEN] Generating intrinsic call: __printf__[0m
[0;36m[2025-10-18 17:58:33.447] [DEBUG] [CODEGEN] Found global variable for assignment: g_runtime_manager[0m
[0;36m[2025-10-18 17:58:33.447] [DEBUG] [CODEGEN] Generating new expression[0m
[0;36m[2025-10-18 17:58:33.447] [DEBUG] [CODEGEN] Creating new instance of type: RuntimeManager[0m
[0;36m[2025-10-18 17:58:33.447] [DEBUG] [CODEGEN] VarDecl start: this=0x5bbf0eee2750, _value_context=0x5bbf0eee2a80[0m
[0;36m[2025-10-18 17:58:33.447] [DEBUG] [CODEGEN] Variable Declaration: name='init_result', type='RuntimeError'[0m
[0;36m[2025-10-18 17:58:33.447] [DEBUG] [CODEGEN] TypeMapper::map_type() - successfully got kind: Enum (14)[0m
[0;36m[2025-10-18 17:58:33.447] [DEBUG] [CODEGEN] Creating local variable: init_result[0m
[0;36m[2025-10-18 17:58:33.447] [DEBUG] [CODEGEN] Checking member access object type for method: initialize[0m
[0;36m[2025-10-18 17:58:33.447] [DEBUG] [CODEGEN]   Object is IdentifierNode[0m
[0;36m[2025-10-18 17:58:33.447] [DEBUG] [CODEGEN] Member access with object identifier: 'g_runtime_manager'[0m
[0;36m[2025-10-18 17:58:33.447] [DEBUG] [CODEGEN] Object value not found or not a pointer, object_name: 'g_runtime_manager'[0m
[0;36m[2025-10-18 17:58:33.447] [DEBUG] [CODEGEN] object_value = null[0m
[0;36m[2025-10-18 17:58:33.447] [DEBUG] [CODEGEN] Found global variable: 'g_runtime_manager'[0m
[0;36m[2025-10-18 17:58:33.447] [DEBUG] [CODEGEN] Global variable type: 'RuntimeManager'[0m
[0;36m[2025-10-18 17:58:33.447] [DEBUG] [CODEGEN] Looking up global variable method: 'std::Runtime::RuntimeManager::initialize'[0m
[0;36m[2025-10-18 17:58:33.447] [DEBUG] [CODEGEN] Available functions with prefix 'RuntimeManager':[0m
[0;36m[2025-10-18 17:58:33.447] [DEBUG] [CODEGEN] Found method for global variable: std::Runtime::RuntimeManager::initialize[0m
[0;36m[2025-10-18 17:58:33.447] [DEBUG] [CODEGEN] Method function type: 1 params[0m
[0;36m[2025-10-18 17:58:33.447] [DEBUG] [CODEGEN] Method has 1 parameters[0m
[0;36m[2025-10-18 17:58:33.447] [DEBUG] [CODEGEN] Calling global variable method with 1 arguments[0m
[0;36m[2025-10-18 17:58:33.447] [DEBUG] [CODEGEN] IF-STATEMENT ENTRY: Current block before anything: entry[0m
[0;36m[2025-10-18 17:58:33.447] [DEBUG] [CODEGEN] IF-STATEMENT: About to create branch from block: entry (ptr=0x5bbf0efbf9f0), has terminator before branch: 0[0m
[0;36m[2025-10-18 17:58:33.447] [DEBUG] [CODEGEN] IF-STATEMENT: After creating branch, block entry (ptr=0x5bbf0efbf9f0) has terminator: 1[0m
[0;36m[2025-10-18 17:58:33.447] [DEBUG] [CODEGEN] IF-STATEMENT: Branch target: then_block=if.then (ptr=0x5bbf0efc0c90)[0m
[0;36m[2025-10-18 17:58:33.447] [DEBUG] [CODEGEN] IF-STATEMENT: Generating then block, insert point: if.then[0m
[0;36m[2025-10-18 17:58:33.447] [DEBUG] [CODEGEN] IF-STATEMENT: then_block is empty: 1[0m
[0;36m[2025-10-18 17:58:33.447] [DEBUG] [CODEGEN] enter_scope: this=0x5bbf0eee2750, _value_context=0x5bbf0eee2a80[0m
[0;36m[2025-10-18 17:58:33.447] [DEBUG] [CODEGEN] Delegating intrinsic call to Intrinsics module: __printf__[0m
[0;36m[2025-10-18 17:58:33.447] [DEBUG] [CODEGEN] Visiting LiteralNode, kind: 9, value: "[DEBUG::RUNTIME] Runtime initialization failed: %d\n"[0m
[0;36m[2025-10-18 17:58:33.447] [DEBUG] [CODEGEN] Generating intrinsic call: __printf__[0m
[0;36m[2025-10-18 17:58:33.447] [DEBUG] [CODEGEN] Visiting LiteralNode, kind: 7, value: 1[0m
[0;36m[2025-10-18 17:58:33.447] [DEBUG] [CODEGEN] Return statement: return_value = valid[0m
[0;36m[2025-10-18 17:58:33.447] [DEBUG] [CODEGEN] Return value type: 12[0m
[0;36m[2025-10-18 17:58:33.447] [DEBUG] [CODEGEN] Using structured return pattern[0m
[0;36m[2025-10-18 17:58:33.447] [DEBUG] [CODEGEN] IF-STATEMENT: After then body generation, current block: if.then[0m
[0;36m[2025-10-18 17:58:33.447] [DEBUG] [CODEGEN] IF-STATEMENT: then_block is empty: 0[0m
[0;36m[2025-10-18 17:58:33.447] [DEBUG] [CODEGEN] IF-STATEMENT: then_block has terminator: 1[0m
[0;36m[2025-10-18 17:58:33.447] [DEBUG] [CODEGEN] IF-STATEMENT: Checking terminator for block: if.then, has terminator: 1[0m
[0;36m[2025-10-18 17:58:33.447] [DEBUG] [CODEGEN] IF-STATEMENT CLEANUP: then_block=if.then, has_term=1, is_empty=0[0m
[0;36m[2025-10-18 17:58:33.447] [DEBUG] [CODEGEN] Delegating intrinsic call to Intrinsics module: __printf__[0m
[0;36m[2025-10-18 17:58:33.447] [DEBUG] [CODEGEN] Visiting LiteralNode, kind: 9, value: "[DEBUG::RUNTIME] {main} Runtime initialized, calling user main\n"[0m
[0;36m[2025-10-18 17:58:33.447] [DEBUG] [CODEGEN] Generating intrinsic call: __printf__[0m
[0;36m[2025-10-18 17:58:33.448] [DEBUG] [CODEGEN] VarDecl start: this=0x5bbf0eee2750, _value_context=0x5bbf0eee2a80[0m
[0;36m[2025-10-18 17:58:33.448] [DEBUG] [CODEGEN] Variable Declaration: name='user_result', type='int'[0m
[0;36m[2025-10-18 17:58:33.448] [DEBUG] [CODEGEN] TypeMapper::map_type() - successfully got kind: Integer (2)[0m
[0;36m[2025-10-18 17:58:33.448] [DEBUG] [CODEGEN] Creating local variable: user_result[0m
[0;36m[2025-10-18 17:58:33.448] [DEBUG] [CODEGEN] Visiting LiteralNode, kind: 7, value: 0[0m
[0;36m[2025-10-18 17:58:33.448] [DEBUG] [CODEGEN] Found local variable for assignment: user_result[0m
[0;36m[2025-10-18 17:58:33.448] [DEBUG] [CODEGEN] Processing function call: _user_main_[0m
[0;36m[2025-10-18 17:58:33.448] [DEBUG] [CODEGEN] About to check template enum constructor for: _user_main_[0m
[0;36m[2025-10-18 17:58:33.448] [DEBUG] [CODEGEN] Found function in symbol table: _user_main_ -> _user_main_[0m
[0;36m[2025-10-18 17:58:33.448] [DEBUG] [CODEGEN] Delegating intrinsic call to Intrinsics module: __printf__[0m
[0;36m[2025-10-18 17:58:33.448] [DEBUG] [CODEGEN] Visiting LiteralNode, kind: 9, value: "[DEBUG::RUNTIME] {main} User main returned: %d\n"[0m
[0;36m[2025-10-18 17:58:33.448] [DEBUG] [CODEGEN] Generating intrinsic call: __printf__[0m
[0;36m[2025-10-18 17:58:33.448] [DEBUG] [CODEGEN] Checking member access object type for method: shutdown[0m
[0;36m[2025-10-18 17:58:33.448] [DEBUG] [CODEGEN]   Object is IdentifierNode[0m
[0;36m[2025-10-18 17:58:33.448] [DEBUG] [CODEGEN] Member access with object identifier: 'g_runtime_manager'[0m
[0;36m[2025-10-18 17:58:33.448] [DEBUG] [CODEGEN] Object value not found or not a pointer, object_name: 'g_runtime_manager'[0m
[0;36m[2025-10-18 17:58:33.448] [DEBUG] [CODEGEN] object_value = null[0m
[0;36m[2025-10-18 17:58:33.448] [DEBUG] [CODEGEN] Found global variable: 'g_runtime_manager'[0m
[0;36m[2025-10-18 17:58:33.448] [DEBUG] [CODEGEN] Global variable type: 'RuntimeManager'[0m
[0;36m[2025-10-18 17:58:33.448] [DEBUG] [CODEGEN] Looking up global variable method: 'std::Runtime::RuntimeManager::shutdown'[0m
[0;36m[2025-10-18 17:58:33.448] [DEBUG] [CODEGEN] Available functions with prefix 'RuntimeManager':[0m
[0;36m[2025-10-18 17:58:33.448] [DEBUG] [CODEGEN] Found method for global variable: std::Runtime::RuntimeManager::shutdown[0m
[0;36m[2025-10-18 17:58:33.448] [DEBUG] [CODEGEN] Method function type: 1 params[0m
[0;36m[2025-10-18 17:58:33.448] [DEBUG] [CODEGEN] Method has 1 parameters[0m
[0;36m[2025-10-18 17:58:33.448] [DEBUG] [CODEGEN] Calling global variable method with 1 arguments[0m
[0;36m[2025-10-18 17:58:33.448] [DEBUG] [CODEGEN] Delegating intrinsic call to Intrinsics module: __printf__[0m
[0;36m[2025-10-18 17:58:33.448] [DEBUG] [CODEGEN] Visiting LiteralNode, kind: 9, value: "[DEBUG::RUNTIME] {main} Runtime shutdown complete\n"[0m
[0;36m[2025-10-18 17:58:33.448] [DEBUG] [CODEGEN] Generating intrinsic call: __printf__[0m
[0;36m[2025-10-18 17:58:33.448] [DEBUG] [CODEGEN] Return statement: return_value = valid[0m
[0;36m[2025-10-18 17:58:33.448] [DEBUG] [CODEGEN] Return value type: 12[0m
[0;36m[2025-10-18 17:58:33.448] [DEBUG] [CODEGEN] Using structured return pattern[0m
[0;36m[2025-10-18 17:58:33.448] [DEBUG] [CODEGEN] TypeMapper::map_type() - successfully got kind: Integer (2)[0m
[0;36m[2025-10-18 17:58:33.448] [DEBUG] [CODEGEN] Completed FunctionDeclarationNode: main[0m
[0;36m[2025-10-18 17:58:33.448] [DEBUG] [CODEGEN] Completed statement 26[0m
[0;36m[2025-10-18 17:58:33.448] [DEBUG] [CODEGEN] Completed processing main program[0m
[0;36m[2025-10-18 17:58:33.448] [DEBUG] [GENERAL] IR generation completed with result: success[0m
[0;36m[2025-10-18 17:58:33.448] [DEBUG] [GENERAL] === Compilation Completed ===[0m

Compilation successful!

Emitting LLVM bitcode to: /workspaces/CryoLang/bin/stdlib/runtime/runtime.bc
✓ LLVM bitcode emitted successfully: /workspaces/CryoLang/bin/stdlib/runtime/runtime.bc
Creating runtime library: ./bin/stdlib/runtime.a
Runtime library created successfully: ./bin/stdlib/runtime.a
make[1]: Leaving directory '/workspaces/CryoLang'
